nohup: ignoring input
17:37:10 [INFO] 加载模型：/public/home/lyh_npu/models/Qwen2.5-VL-7B-Instruct
17:37:55 [INFO] 加载本地模型：/public/home/lyh_npu/models/Qwen2.5-VL-7B-Instruct（device=cuda）
The `use_fast` parameter is deprecated and will be removed in a future version. Use `backend="torchvision"` instead of `use_fast=True`, or `backend="pil"` instead of `use_fast=False`.
Loading weights:   0%|          | 0/729 [00:00<?, ?it/s]Loading weights:   0%|          | 1/729 [00:00<11:21,  1.07it/s]Loading weights:   1%|          | 6/729 [00:01<02:28,  4.88it/s]Loading weights:   1%|          | 7/729 [00:01<02:13,  5.42it/s]Loading weights:   2%|▏         | 13/729 [00:01<01:03, 11.31it/s]Loading weights:   2%|▏         | 16/729 [00:02<01:35,  7.45it/s]Loading weights:   3%|▎         | 20/729 [00:02<01:07, 10.47it/s]Loading weights:   4%|▍         | 28/729 [00:03<00:53, 13.13it/s]Loading weights:   5%|▍         | 34/729 [00:03<00:42, 16.52it/s]Loading weights:   5%|▌         | 37/729 [00:03<00:40, 16.88it/s]Loading weights:   5%|▌         | 40/729 [00:03<00:44, 15.58it/s]Loading weights:   6%|▌         | 42/729 [00:04<01:23,  8.26it/s]Loading weights:   7%|▋         | 52/729 [00:04<00:57, 11.87it/s]Loading weights:   9%|▉         | 64/729 [00:05<00:36, 18.22it/s]Loading weights:   9%|▉         | 67/729 [00:05<00:45, 14.61it/s]Loading weights:  10%|█         | 76/729 [00:06<00:47, 13.83it/s]Loading weights:  11%|█         | 78/729 [00:06<00:47, 13.65it/s]Loading weights:  12%|█▏        | 88/729 [00:07<00:40, 16.02it/s]Loading weights:  12%|█▏        | 90/729 [00:07<00:41, 15.35it/s]Loading weights:  14%|█▎        | 100/729 [00:07<00:34, 18.48it/s]Loading weights:  14%|█▍        | 102/729 [00:07<00:40, 15.61it/s]Loading weights:  15%|█▌        | 112/729 [00:08<00:44, 13.78it/s]Loading weights:  16%|█▌        | 118/729 [00:08<00:35, 17.36it/s]Loading weights:  17%|█▋        | 121/729 [00:09<00:40, 15.13it/s]Loading weights:  17%|█▋        | 124/729 [00:09<00:45, 13.26it/s]Loading weights:  17%|█▋        | 126/729 [00:09<00:45, 13.32it/s]Loading weights:  19%|█▊        | 136/729 [00:10<00:36, 16.14it/s]Loading weights:  20%|█▉        | 144/729 [00:10<00:35, 16.33it/s]Loading weights:  20%|██        | 148/729 [00:10<00:34, 16.62it/s]Loading weights:  21%|██        | 150/729 [00:11<00:48, 12.01it/s]Loading weights:  22%|██▏       | 160/729 [00:11<00:28, 20.21it/s]Loading weights:  22%|██▏       | 164/729 [00:12<00:41, 13.73it/s]Loading weights:  24%|██▎       | 172/729 [00:12<00:41, 13.32it/s]Loading weights:  24%|██▍       | 175/729 [00:12<00:40, 13.55it/s]Loading weights:  25%|██▌       | 184/729 [00:13<00:37, 14.56it/s]Loading weights:  26%|██▌       | 190/729 [00:13<00:29, 18.01it/s]Loading weights:  26%|██▋       | 193/729 [00:13<00:30, 17.38it/s]Loading weights:  27%|██▋       | 196/729 [00:14<00:57,  9.27it/s]Loading weights:  27%|██▋       | 198/729 [00:15<00:58,  9.13it/s]Loading weights:  29%|██▊       | 208/729 [00:16<01:09,  7.50it/s]Loading weights:  29%|██▉       | 215/729 [00:16<00:50, 10.13it/s]Loading weights:  30%|██▉       | 217/729 [00:17<01:00,  8.50it/s]Loading weights:  30%|███       | 220/729 [00:17<00:55,  9.14it/s]Loading weights:  30%|███       | 222/729 [00:17<00:57,  8.89it/s]Loading weights:  32%|███▏      | 232/729 [00:18<00:35, 13.97it/s]Loading weights:  32%|███▏      | 234/729 [00:18<00:35, 13.88it/s]Loading weights:  33%|███▎      | 240/729 [00:18<00:27, 17.79it/s]Loading weights:  33%|███▎      | 244/729 [00:19<00:40, 11.87it/s]Loading weights:  34%|███▎      | 246/729 [00:19<00:39, 12.16it/s]Loading weights:  35%|███▌      | 256/729 [00:19<00:26, 17.63it/s]Loading weights:  36%|███▌      | 262/729 [00:19<00:22, 20.40it/s]Loading weights:  37%|███▋      | 268/729 [00:20<00:27, 16.59it/s]Loading weights:  37%|███▋      | 270/729 [00:20<00:36, 12.65it/s]Loading weights:  38%|███▊      | 280/729 [00:21<00:33, 13.28it/s]Loading weights:  39%|███▊      | 282/729 [00:21<00:34, 13.01it/s]Loading weights:  40%|████      | 292/729 [00:22<00:29, 14.75it/s]Loading weights:  40%|████      | 294/729 [00:22<00:33, 13.16it/s]Loading weights:  41%|████      | 300/729 [00:22<00:25, 16.92it/s]Loading weights:  42%|████▏     | 304/729 [00:23<00:38, 10.97it/s]Loading weights:  43%|████▎     | 310/729 [00:23<00:32, 12.83it/s]Loading weights:  43%|████▎     | 316/729 [00:23<00:27, 14.92it/s]Loading weights:  44%|████▎     | 318/729 [00:24<00:31, 13.01it/s]Loading weights:  45%|████▍     | 328/729 [00:25<00:32, 12.43it/s]Loading weights:  46%|████▌     | 334/729 [00:25<00:26, 14.85it/s]Loading weights:  47%|████▋     | 341/729 [00:25<00:19, 20.03it/s]Loading weights:  48%|████▊     | 349/729 [00:25<00:15, 24.55it/s]Loading weights:  50%|█████     | 365/729 [00:25<00:10, 36.09it/s]Loading weights:  52%|█████▏    | 377/729 [00:26<00:09, 38.80it/s]Loading weights:  52%|█████▏    | 382/729 [00:26<00:08, 39.17it/s]Loading weights:  54%|█████▍    | 397/729 [00:26<00:07, 46.12it/s]Loading weights:  57%|█████▋    | 419/729 [00:26<00:04, 71.50it/s]Loading weights:  59%|█████▉    | 429/729 [00:26<00:04, 72.60it/s]Loading weights:  60%|██████    | 439/729 [00:26<00:03, 75.24it/s]Loading weights:  62%|██████▏   | 451/729 [00:27<00:05, 53.90it/s]Loading weights:  64%|██████▍   | 465/729 [00:27<00:04, 62.59it/s]Loading weights:  65%|██████▌   | 477/729 [00:27<00:03, 72.09it/s]Loading weights:  67%|██████▋   | 487/729 [00:27<00:03, 75.12it/s]Loading weights:  68%|██████▊   | 499/729 [00:27<00:02, 82.72it/s]Loading weights:  70%|██████▉   | 509/729 [00:28<00:04, 47.05it/s]Loading weights:  73%|███████▎  | 533/729 [00:28<00:03, 65.15it/s]Loading weights:  75%|███████▌  | 547/729 [00:28<00:02, 73.14it/s]Loading weights:  76%|███████▋  | 557/729 [00:28<00:03, 52.51it/s]Loading weights:  79%|███████▉  | 577/729 [00:29<00:02, 65.53it/s]Loading weights:  80%|████████  | 586/729 [00:29<00:02, 68.79it/s]Loading weights:  82%|████████▏ | 595/729 [00:29<00:01, 69.84it/s]Loading weights:  83%|████████▎ | 604/729 [00:29<00:01, 62.73it/s]Loading weights:  85%|████████▍ | 619/729 [00:29<00:02, 52.60it/s]Loading weights:  87%|████████▋ | 635/729 [00:29<00:01, 68.14it/s]Loading weights:  89%|████████▉ | 647/729 [00:30<00:01, 51.92it/s]Loading weights:  92%|█████████▏| 669/729 [00:30<00:00, 66.62it/s]Loading weights:  93%|█████████▎| 679/729 [00:30<00:00, 62.71it/s]Loading weights:  95%|█████████▌| 695/729 [00:31<00:00, 60.77it/s]Loading weights:  96%|█████████▋| 703/729 [00:31<00:00, 45.73it/s]Loading weights: 100%|█████████▉| 726/729 [00:31<00:00, 64.14it/s]Loading weights: 100%|██████████| 729/729 [00:31<00:00, 23.04it/s]
17:38:33 [INFO] 模型加载完成
17:38:33 [INFO] 多序列模式：共 35 个序列
17:38:33 [INFO] [1/35] 处理序列 dancetrack0003
17:39:09 [INFO] 加载轨迹 23 条
17:39:09 [INFO] ========================================
17:39:09 [INFO] [dancetrack0003] 阶段一：VLM 轨迹巡检
17:39:09 [INFO] ========================================
17:39:10 [INFO] 正在分析轨迹 370（长度 220 帧）...
The following generation flags are not valid and may be ignored: ['temperature']. Set `TRANSFORMERS_VERBOSITY=info` for more details.
17:39:32 [INFO] [可疑] 轨迹 370 — drift 置信度 0.80：最大位移75.53，且在198帧出现异常跳变。
17:39:32 [INFO] 正在分析轨迹 371（长度 1025 帧）...
17:39:34 [INFO] [可疑] 轨迹 371 — drift 置信度 0.80：最大位移达到60.11，表明存在显著位置跳变。
17:39:34 [INFO] 正在分析轨迹 372（长度 1197 帧）...
17:39:35 [INFO] [可疑] 轨迹 372 — miss 置信度 0.90：目标在第1174帧后中断，未检测到目标。
17:39:35 [INFO] 正在分析轨迹 373（长度 1197 帧）...
17:39:37 [INFO] [可疑] 轨迹 373 — drift 置信度 0.90：最大位移点处目标位置异常跳变
17:39:37 [INFO] 正在分析轨迹 374（长度 1155 帧）...
17:39:38 [INFO] [可疑] 轨迹 374 — drift 置信度 0.90：最大位移帧为427，位置异常跳变。
17:39:38 [INFO] 正在分析轨迹 375（长度 1100 帧）...
17:39:40 [INFO] [可疑] 轨迹 375 — miss 置信度 0.90：轨迹在最后两帧中断，目标消失。
17:39:40 [INFO] 正在分析轨迹 376（长度 954 帧）...
17:39:41 [INFO] [可疑] 轨迹 376 — drift 置信度 0.80：最大位移较大，存在异常跳变。
17:39:41 [INFO] 正在分析轨迹 377（长度 1173 帧）...
17:39:42 [INFO] [可疑] 轨迹 377 — drift 置信度 0.80：最大位移91.44帧内有异常跳变
17:39:42 [INFO] 正在分析轨迹 378（长度 490 帧）...
17:39:50 [INFO] [可疑] 轨迹 378 — drift 置信度 0.80：最大位移较大，存在异常跳变。
17:39:50 [INFO] 正在分析轨迹 379（长度 1195 帧）...
17:39:51 [INFO] [可疑] 轨迹 379 — drift 置信度 0.90：最大位移发生在第332帧，位置异常跳变。
17:39:51 [INFO] 正在分析轨迹 380（长度 1167 帧）...
17:39:52 [INFO] [可疑] 轨迹 380 — drift 置信度 0.80：最大位移155.78帧内出现异常跳变
17:39:52 [INFO] 正在分析轨迹 381（长度 107 帧）...
17:39:54 [INFO] [可疑] 轨迹 381 — drift 置信度 0.80：目标在310帧和329帧间位置异常跳变，不符合运动规律。
17:39:54 [INFO] 正在分析轨迹 382（长度 323 帧）...
17:39:55 [INFO] [可疑] 轨迹 382 — miss 置信度 0.80：目标在第495帧到第509帧间中断
17:39:55 [INFO] 正在分析轨迹 383（长度 104 帧）...
17:39:57 [INFO] [可疑] 轨迹 383 — drift 置信度 0.90：最大位移达到45.28，超出正常范围，表明目标位置异常跳变。
17:39:57 [INFO] 正在分析轨迹 384（长度 382 帧）...
17:39:58 [INFO] [可疑] 轨迹 384 — miss 置信度 0.80：轨迹在901帧后中断，持续6帧。
17:39:58 [INFO] 正在分析轨迹 386（长度 155 帧）...
17:40:00 [INFO] [可疑] 轨迹 386 — miss 置信度 0.80：目标在第665帧至第675帧间中断，消失超过5帧。
17:40:00 [INFO] 正在分析轨迹 387（长度 31 帧）...
17:40:01 [INFO] [可疑] 轨迹 387 — miss 置信度 0.90：轨迹在841帧后中断，目标消失超过5帧。
17:40:01 [INFO] 正在分析轨迹 388（长度 308 帧）...
17:40:03 [INFO] [可疑] 轨迹 388 — drift 置信度 0.80：最大位移达到53.98，表明存在异常跳变。
17:40:03 [INFO] 正在分析轨迹 389（长度 253 帧）...
17:40:04 [INFO] [可疑] 轨迹 389 — drift 置信度 0.80：最大位移较大，存在异常跳变。
17:40:04 [INFO] 正在分析轨迹 390（长度 198 帧）...
17:40:05 [INFO] [可疑] 轨迹 390 — drift 置信度 0.90：最大位移81.79帧内出现异常跳变
17:40:05 [INFO] 正在分析轨迹 391（长度 190 帧）...
17:40:07 [INFO] [可疑] 轨迹 391 — drift 置信度 0.70：最大位移较大，存在异常跳变。
17:40:07 [INFO] 正在分析轨迹 392（长度 29 帧）...
17:40:08 [INFO] [可疑] 轨迹 392 — miss 置信度 0.90：目标在1143帧至1150帧间中断，消失超过5帧。
17:40:08 [INFO] [dancetrack0003] 阶段一完成：22 条可疑轨迹，已保存至 /public/home/lyh_npu/code/PostMOT/pipeline_report_batch_seq_reports/dancetrack0003_stage1.json
17:40:08 [INFO] ========================================
17:40:08 [INFO] [dancetrack0003] 阶段二：LLM 工具调用调查
17:40:08 [INFO] ========================================
17:40:08 [INFO] [1/22] 调查轨迹 370
17:40:08 [INFO] 开始调查轨迹 370（drift）
17:40:09 [INFO]   步骤 1：调用 replay_segment({'start_frame': 198, 'end_frame': 210})
17:40:09 [INFO]   工具结果：轨迹 370 帧 198-210，原始 2 帧，展示 2 帧（步长 1）
17:40:10 [INFO]   步骤 2：调用 check_nearby_tracks({'track_id': 370, 'frame_range': [198, 210]})
17:40:10 [INFO]   工具结果：帧 204 轨迹 370 附近（150px）：发现 11 个附近轨迹：ID 371（距离96.6px），ID 373（距离112.3px），ID 377（距离51.0px），ID 378（距离45.6
17:40:12 [INFO]   步骤 3：调用 compare_appearances({'track_id': 370, 'frame_range': [198, 210]})
17:40:12 [INFO]   工具结果：轨迹 370：帧204 vs 帧210，外观基本一致，非 ID 切换
17:40:13 [INFO]   步骤 4：调用 replay_segment({'start_frame': 198, 'end_frame': 210})
17:40:13 [INFO]   工具结果：轨迹 370 帧 198-210，原始 2 帧，展示 2 帧（步长 1）
17:40:14 [INFO]   步骤 5：调用 check_nearby_tracks({'track_id': 370, 'frame_range': [198, 210]})
17:40:14 [INFO]   工具结果：帧 204 轨迹 370 附近（150px）：发现 11 个附近轨迹：ID 371（距离96.6px），ID 373（距离112.3px），ID 377（距离51.0px），ID 378（距离45.6
17:40:15 [INFO]   步骤 6：调用 compare_appearances({'track_id': 370, 'frame_range': [198, 210]})
17:40:15 [INFO]   工具结果：轨迹 370：帧204 vs 帧210，外观基本一致，非 ID 切换
17:40:15 [WARNING] 轨迹 370 达到最大调查步数，使用初始判断
17:40:15 [INFO]   → 确认：调查步数耗尽，沿用阶段一结论：最大位移75.53，且在198帧出现异常跳变。
17:40:15 [INFO] [2/22] 调查轨迹 371
17:40:15 [INFO] 开始调查轨迹 371（drift）
17:40:16 [INFO]   步骤 1：调用 replay_segment({'start_frame': 177, 'end_frame': 188})
17:40:16 [INFO]   工具结果：轨迹 371 帧 177-188，原始 2 帧，展示 2 帧（步长 1）
17:40:17 [INFO]   步骤 2：调用 check_nearby_tracks({'track_id': 371, 'frame_ids': [177, 188]})
17:40:17 [INFO]   工具结果：帧 177 轨迹 371 附近（150px）：发现 11 个附近轨迹：ID 370（距离38.7px），ID 373（距离123.2px），ID 377（距离10.2px），ID 378（距离48.4
17:40:18 [INFO]   步骤 3：调用 compare_appearances({'track_id': 371, 'frame_ids': [177, 188]})
17:40:18 [INFO]   工具结果：轨迹 371：帧177 vs 帧188，外观基本一致，非 ID 切换
17:40:18 [INFO]   步骤 4：调用 replay_segment({'start_frame': 177, 'end_frame': 188})
17:40:18 [INFO]   工具结果：轨迹 371 帧 177-188，原始 2 帧，展示 2 帧（步长 1）
17:40:20 [INFO]   步骤 5：调用 check_nearby_tracks({'track_id': 371, 'frame_ids': [177, 188]})
17:40:20 [INFO]   工具结果：帧 177 轨迹 371 附近（150px）：发现 11 个附近轨迹：ID 370（距离38.7px），ID 373（距离123.2px），ID 377（距离10.2px），ID 378（距离48.4
17:40:21 [INFO]   步骤 6：调用 compare_appearances({'track_id': 371, 'frame_ids': [177, 188]})
17:40:21 [INFO]   工具结果：轨迹 371：帧177 vs 帧188，外观基本一致，非 ID 切换
17:40:21 [WARNING] 轨迹 371 达到最大调查步数，使用初始判断
17:40:21 [INFO]   → 确认：调查步数耗尽，沿用阶段一结论：最大位移达到60.11，表明存在显著位置跳变。
17:40:21 [INFO] [3/22] 调查轨迹 372
17:40:21 [INFO] 开始调查轨迹 372（miss）
17:40:21 [INFO]   步骤 1：调用 replay_segment({'start_frame': 1174, 'end_frame': 1181})
17:40:21 [INFO]   工具结果：轨迹 372 帧 1174-1181，原始 2 帧，展示 2 帧（步长 1）
17:40:22 [INFO]   步骤 2：调用 check_nearby_tracks({'track_id': 372, 'frame_range': [1174, 1181]})
17:40:22 [INFO]   工具结果：帧 1177 轨迹 372 附近（150px）：发现 3 个附近轨迹：ID 379（距离42.9px），ID 384（距离41.3px），ID 389（距离148.9px）
17:40:23 [INFO]   步骤 3：调用 replay_segment({'start_frame': 1174, 'end_frame': 1181})
17:40:23 [INFO]   工具结果：轨迹 372 帧 1174-1181，原始 2 帧，展示 2 帧（步长 1）
17:40:25 [INFO]   步骤 4：调用 compare_appearances({'frame1': 1174, 'frame2': 1181})
17:40:25 [INFO]   工具结果：缺少 frame_id_a/frame_id_b
17:40:26 [INFO]   步骤 5：调用 replay_segment({'start_frame': 1174, 'end_frame': 1181})
17:40:26 [INFO]   工具结果：轨迹 372 帧 1174-1181，原始 2 帧，展示 2 帧（步长 1）
17:40:26 [INFO]   步骤 6：调用 compare_appearances({'frame1': 1174, 'frame2': 1181})
17:40:26 [INFO]   工具结果：缺少 frame_id_a/frame_id_b
17:40:26 [WARNING] 轨迹 372 达到最大调查步数，使用初始判断
17:40:26 [INFO]   → 确认：调查步数耗尽，沿用阶段一结论：目标在第1174帧后中断，未检测到目标。
17:40:26 [INFO] [4/22] 调查轨迹 373
17:40:26 [INFO] 开始调查轨迹 373（drift）
17:40:27 [INFO]   步骤 1：调用 replay_segment({'start_frame': 622, 'end_frame': 624})
17:40:27 [INFO]   工具结果：轨迹 373 帧 622-624，原始 3 帧，展示 3 帧（步长 1）
17:40:28 [INFO]   步骤 2：调用 check_nearby_tracks({'track_id': 373, 'frame_ids': [622, 623, 624]})
17:40:28 [INFO]   工具结果：帧 622 轨迹 373 附近（150px）：发现 4 个附近轨迹：ID 374（距离120.0px），ID 375（距离86.0px），ID 377（距离118.8px），ID 391（距离82.7
17:40:29 [INFO]   步骤 3：调用 compare_appearances({'frame_id': 622, 'track_id': 373, 'nearby_track_id': 374})
17:40:29 [INFO]   工具结果：轨迹 373：帧622 vs 帧623，外观基本一致，非 ID 切换
17:40:30 [INFO]   步骤 4：调用 compare_appearances({'frame_id': 623, 'track_id': 373, 'nearby_track_id': 375})
17:40:30 [INFO]   工具结果：轨迹 373：帧623 vs 帧624，外观基本一致，非 ID 切换
17:40:31 [INFO]   步骤 5：调用 compare_appearances({'frame_id': 624, 'track_id': 373, 'nearby_track_id': 377})
17:40:31 [INFO]   工具结果：轨迹 373：帧624 vs 帧625，外观基本一致，非 ID 切换
17:40:32 [INFO]   步骤 6：调用 compare_appearances({'frame_id': 625, 'track_id': 373, 'nearby_track_id': 391})
17:40:32 [INFO]   工具结果：轨迹 373：帧625 vs 帧626，外观基本一致，非 ID 切换
17:40:32 [WARNING] 轨迹 373 达到最大调查步数，使用初始判断
17:40:32 [INFO]   → 确认：调查步数耗尽，沿用阶段一结论：最大位移点处目标位置异常跳变
17:40:32 [INFO] [5/22] 调查轨迹 374
17:40:32 [INFO] 开始调查轨迹 374（drift）
17:40:33 [INFO]   步骤 1：调用 replay_segment({'start_frame': 427, 'end_frame': 427})
17:40:33 [INFO]   工具结果：轨迹 374 帧 427-427，原始 1 帧，展示 1 帧（步长 1）
17:40:34 [INFO]   步骤 2：调用 zoom_region({'frame_id': 427, 'region': [100, 100, 100, 100]})
17:40:34 [INFO]   工具结果：轨迹 374 第 427 帧放大 3.0x，已锐化
17:40:35 [INFO]   步骤 3：调用 check_nearby_tracks({'frame_id': 427, 'radius': 50})
17:40:35 [INFO]   工具结果：帧 427 轨迹 374 附近（50px）：发现 2 个附近轨迹：ID 373（距离37.7px），ID 391（距离20.9px）
17:40:37 [INFO]   步骤 4：调用 compare_appearances({'frame_id': 426, 'target_id': 374, 'compare_id': 373})
17:40:37 [INFO]   工具结果：轨迹 374：帧426 vs 帧427，外观基本一致，非 ID 切换
17:40:38 [INFO]   步骤 5：调用 compare_appearances({'frame_id': 426, 'target_id': 374, 'compare_id': 391})
17:40:38 [INFO]   工具结果：轨迹 374：帧426 vs 帧427，外观基本一致，非 ID 切换
17:40:40 [INFO]   步骤 6：调用 compare_appearances({'frame_id': 426, 'target_id': 374, 'compare_id': 391})
17:40:40 [INFO]   工具结果：轨迹 374：帧426 vs 帧427，外观基本一致，非 ID 切换
17:40:40 [WARNING] 轨迹 374 达到最大调查步数，使用初始判断
17:40:40 [INFO]   → 确认：调查步数耗尽，沿用阶段一结论：最大位移帧为427，位置异常跳变。
17:40:40 [INFO] [6/22] 调查轨迹 375
17:40:40 [INFO] 开始调查轨迹 375（miss）
17:40:40 [INFO]   步骤 1：调用 replay_segment({'start_frame': 1194, 'end_frame': 1202})
17:40:40 [INFO]   工具结果：轨迹 375 帧 1194-1202，原始 2 帧，展示 2 帧（步长 1）
17:40:41 [INFO]   步骤 2：调用 check_nearby_tracks({'track_id': 375, 'frame_range': [1194, 1202]})
17:40:41 [INFO]   工具结果：帧 1198 轨迹 375 附近（150px）：发现 13 个附近轨迹：ID 370（距离42.3px），ID 371（距离23.7px），ID 373（距离133.3px），ID 377（距离124
17:40:43 [INFO]   步骤 3：调用 compare_appearances({'frame_id': 1194, 'target_id': 375, 'compare_id': 375, 'frame_id_2': 1202})
17:40:43 [INFO]   工具结果：轨迹 375：帧1194 vs 帧1202，外观基本一致，非 ID 切换
17:40:43 [INFO]   步骤 4：调用 replay_segment({'start_frame': 1194, 'end_frame': 1202})
17:40:43 [INFO]   工具结果：轨迹 375 帧 1194-1202，原始 2 帧，展示 2 帧（步长 1）
17:40:44 [INFO]   步骤 5：调用 check_nearby_tracks({'track_id': 375, 'frame_range': [1194, 1202]})
17:40:44 [INFO]   工具结果：帧 1198 轨迹 375 附近（150px）：发现 13 个附近轨迹：ID 370（距离42.3px），ID 371（距离23.7px），ID 373（距离133.3px），ID 377（距离124
17:40:46 [INFO]   步骤 6：调用 replay_segment({'start_frame': 1194, 'end_frame': 1202})
17:40:46 [INFO]   工具结果：轨迹 375 帧 1194-1202，原始 2 帧，展示 2 帧（步长 1）
17:40:46 [WARNING] 轨迹 375 达到最大调查步数，使用初始判断
17:40:46 [INFO]   → 确认：调查步数耗尽，沿用阶段一结论：轨迹在最后两帧中断，目标消失。
17:40:46 [INFO] [7/22] 调查轨迹 376
17:40:46 [INFO] 开始调查轨迹 376（drift）
17:40:46 [INFO]   步骤 1：调用 replay_segment({'start_frame': 1, 'end_frame': 957})
17:40:46 [INFO]   工具结果：轨迹 376 帧 1-957，原始 48 帧，展示 32 帧（步长 20）
17:40:54 [INFO]   步骤 2：调用 check_nearby_tracks({'track_id': 376, 'frame_ids': [1, 957]})
17:40:54 [INFO]   工具结果：帧 1 轨迹 376 附近（150px）：发现 5 个附近轨迹：ID 374（距离94.7px），ID 375（距离44.2px），ID 377（距离92.2px），ID 378（距离136.0px）
17:40:55 [INFO]   步骤 3：调用 replay_segment({'start_frame': 1, 'end_frame': 957})
17:40:55 [INFO]   工具结果：轨迹 376 帧 1-957，原始 48 帧，展示 32 帧（步长 20）
17:40:56 [INFO]   步骤 4：调用 compare_appearances({'frame_ids': [1, 957]})
17:40:56 [INFO]   工具结果：轨迹 376：帧1 vs 帧957，外观基本一致，非 ID 切换
17:40:57 [INFO]   步骤 5：调用 replay_segment({'start_frame': 1, 'end_frame': 957})
17:40:57 [INFO]   工具结果：轨迹 376 帧 1-957，原始 48 帧，展示 32 帧（步长 20）
17:40:59 [INFO]   步骤 6：调用 check_nearby_tracks({'track_id': 376, 'frame_ids': [1, 957]})
17:40:59 [INFO]   工具结果：帧 1 轨迹 376 附近（150px）：发现 5 个附近轨迹：ID 374（距离94.7px），ID 375（距离44.2px），ID 377（距离92.2px），ID 378（距离136.0px）
17:40:59 [WARNING] 轨迹 376 达到最大调查步数，使用初始判断
17:40:59 [INFO]   → 确认：调查步数耗尽，沿用阶段一结论：最大位移较大，存在异常跳变。
17:40:59 [INFO] [8/22] 调查轨迹 377
17:40:59 [INFO] 开始调查轨迹 377（drift）
17:40:59 [INFO]   步骤 1：调用 replay_segment({'start_frame': 479, 'end_frame': 491})
17:40:59 [INFO]   工具结果：轨迹 377 帧 479-491，原始 2 帧，展示 2 帧（步长 1）
17:41:00 [INFO]   步骤 2：调用 check_nearby_tracks({'track_id': 377, 'frame_ids': [479, 491]})
17:41:00 [INFO]   工具结果：帧 479 轨迹 377 附近（150px）：发现 4 个附近轨迹：ID 373（距离70.2px），ID 374（距离32.3px），ID 375（距离36.4px），ID 391（距离60.5px
17:41:01 [INFO]   步骤 3：调用 compare_appearances({'track_id': 377, 'frame_ids': [479, 491]})
17:41:01 [INFO]   工具结果：轨迹 377：帧479 vs 帧491，外观基本一致，非 ID 切换
17:41:02 [INFO]   步骤 4：调用 replay_segment({'start_frame': 479, 'end_frame': 491})
17:41:02 [INFO]   工具结果：轨迹 377 帧 479-491，原始 2 帧，展示 2 帧（步长 1）
17:41:03 [INFO]   步骤 5：调用 check_nearby_tracks({'track_id': 377, 'frame_ids': [479, 491]})
17:41:03 [INFO]   工具结果：帧 479 轨迹 377 附近（150px）：发现 4 个附近轨迹：ID 373（距离70.2px），ID 374（距离32.3px），ID 375（距离36.4px），ID 391（距离60.5px
17:41:04 [INFO]   步骤 6：调用 compare_appearances({'track_id': 377, 'frame_ids': [479, 491]})
17:41:04 [INFO]   工具结果：轨迹 377：帧479 vs 帧491，外观基本一致，非 ID 切换
17:41:04 [WARNING] 轨迹 377 达到最大调查步数，使用初始判断
17:41:04 [INFO]   → 确认：调查步数耗尽，沿用阶段一结论：最大位移91.44帧内有异常跳变
17:41:04 [INFO] [9/22] 调查轨迹 378
17:41:04 [INFO] 开始调查轨迹 378（drift）
17:41:05 [INFO]   步骤 1：调用 replay_segment({'track_id': 378, 'start_frame': 1, 'end_frame': 499})
17:41:05 [INFO]   工具结果：轨迹 378 帧 1-499，原始 45 帧，展示 32 帧（步长 11）
17:41:09 [INFO]   步骤 2：调用 check_nearby_tracks({'track_id': 378, 'frame_ids': [1, 12, 23, 45, 56, 78, 89, 100, 122, 133, 155, 166, 188, 199, 210, 232, 243, 265, 276, 287, 309, 320, 348, 359, 381, 392, 403, 425, 439, 461, 472, 494]})
17:41:09 [INFO]   工具结果：帧 1 轨迹 378 附近（150px）：发现 13 个附近轨迹：ID 371（距离77.1px），ID 373（距离144.1px），ID 374（距离68.5px），ID 375（距离96.2px
17:41:13 [INFO]   步骤 3：调用 compare_appearances({'track_id': 378, 'frame_ids': [1, 12, 23, 45, 56, 78, 89, 100, 122, 133, 155, 166, 188, 199, 210, 232, 243, 265, 276, 287, 309, 320, 348, 359, 381, 392, 403, 425, 439, 461, 472, 494]})
17:41:13 [INFO]   工具结果：轨迹 378：帧1 vs 帧494，外观基本一致，非 ID 切换
17:41:15 [INFO]   步骤 4：调用 replay_segment({'track_id': 378, 'start_frame': 1, 'end_frame': 499})
17:41:15 [INFO]   工具结果：轨迹 378 帧 1-499，原始 45 帧，展示 32 帧（步长 11）
17:41:19 [INFO]   步骤 5：调用 check_nearby_tracks({'track_id': 378, 'frame_ids': [1, 12, 23, 45, 56, 78, 89, 100, 122, 133, 155, 166, 188, 199, 210, 232, 243, 265, 276, 287, 309, 320, 348, 359, 381, 392, 403, 425, 439, 461, 472, 494]})
17:41:19 [INFO]   工具结果：帧 1 轨迹 378 附近（150px）：发现 13 个附近轨迹：ID 371（距离77.1px），ID 373（距离144.1px），ID 374（距离68.5px），ID 375（距离96.2px
17:41:24 [INFO]   步骤 6：调用 compare_appearances({'track_id': 378, 'frame_ids': [1, 12, 23, 45, 56, 78, 89, 100, 122, 133, 155, 166, 188, 199, 210, 232, 243, 265, 276, 287, 309, 320, 348, 359, 381, 392, 403, 425, 439, 461, 472, 494]})
17:41:24 [INFO]   工具结果：轨迹 378：帧1 vs 帧494，外观基本一致，非 ID 切换
17:41:24 [WARNING] 轨迹 378 达到最大调查步数，使用初始判断
17:41:24 [INFO]   → 确认：调查步数耗尽，沿用阶段一结论：最大位移较大，存在异常跳变。
17:41:24 [INFO] [10/22] 调查轨迹 379
17:41:24 [INFO] 开始调查轨迹 379（drift）
17:41:25 [INFO]   步骤 1：调用 replay_segment({'start_frame': 331, 'end_frame': 333})
17:41:25 [INFO]   工具结果：轨迹 379 帧 331-333，原始 3 帧，展示 3 帧（步长 1）
17:41:26 [INFO]   步骤 2：调用 check_nearby_tracks({'track_id': 379, 'frame_ids': [331, 332, 333]})
17:41:26 [INFO]   工具结果：帧 331 轨迹 379 附近（150px）：发现 7 个附近轨迹：ID 380（距离98.7px），ID 382（距离60.4px），ID 384（距离147.4px），ID 387（距离13.3p
17:41:27 [INFO]   步骤 3：调用 compare_appearances({'frame_id': 332, 'track_id': 379, 'reference_frame_id': 331})
17:41:27 [INFO]   工具结果：轨迹 379：帧331 vs 帧332，外观基本一致，非 ID 切换
17:41:28 [INFO]   步骤 4：调用 replay_segment({'start_frame': 331, 'end_frame': 333})
17:41:28 [INFO]   工具结果：轨迹 379 帧 331-333，原始 3 帧，展示 3 帧（步长 1）
17:41:29 [INFO]   步骤 5：调用 check_nearby_tracks({'track_id': 379, 'frame_ids': [331, 332, 333]})
17:41:29 [INFO]   工具结果：帧 331 轨迹 379 附近（150px）：发现 7 个附近轨迹：ID 380（距离98.7px），ID 382（距离60.4px），ID 384（距离147.4px），ID 387（距离13.3p
17:41:31 [INFO]   步骤 6：调用 compare_appearances({'frame_id': 332, 'track_id': 379, 'reference_frame_id': 331})
17:41:31 [INFO]   工具结果：轨迹 379：帧331 vs 帧332，外观基本一致，非 ID 切换
17:41:31 [WARNING] 轨迹 379 达到最大调查步数，使用初始判断
17:41:31 [INFO]   → 确认：调查步数耗尽，沿用阶段一结论：最大位移发生在第332帧，位置异常跳变。
17:41:31 [INFO] [11/22] 调查轨迹 380
17:41:31 [INFO] 开始调查轨迹 380（drift）
17:41:31 [INFO]   步骤 1：调用 replay_segment({'start_frame': 136, 'end_frame': 148})
17:41:31 [INFO]   工具结果：轨迹 380 帧 136-148，原始 4 帧，展示 4 帧（步长 1）
17:41:32 [INFO]   步骤 2：调用 check_nearby_tracks({'track_id': 380, 'frame_range': [136, 148]})
17:41:32 [INFO]   工具结果：帧 142 轨迹 380 附近（150px）：发现 7 个附近轨迹：ID 370（距离89.9px），ID 372（距离106.5px），ID 373（距离33.5px），ID 384（距离116.8
17:41:33 [INFO]   步骤 3：调用 compare_appearances({'frame_id': 142, 'track_id': 380})
17:41:33 [INFO]   工具结果：轨迹 380：帧142 vs 帧143，外观基本一致，非 ID 切换
17:41:34 [INFO]   步骤 4：调用 replay_segment({'start_frame': 142, 'end_frame': 148})
17:41:34 [INFO]   工具结果：轨迹 380 帧 142-148，原始 3 帧，展示 3 帧（步长 1）
17:41:35 [INFO]   步骤 5：调用 check_nearby_tracks({'track_id': 380, 'frame_range': [142, 148]})
17:41:35 [INFO]   工具结果：帧 145 轨迹 380 附近（150px）：发现 6 个附近轨迹：ID 370（距离92.5px），ID 372（距离102.6px），ID 373（距离28.5px），ID 384（距离112.3
17:41:36 [INFO]   步骤 6：调用 compare_appearances({'frame_id': 145, 'track_id': 380})
17:41:36 [INFO]   工具结果：轨迹 380：帧145 vs 帧146，外观基本一致，非 ID 切换
17:41:36 [WARNING] 轨迹 380 达到最大调查步数，使用初始判断
17:41:36 [INFO]   → 确认：调查步数耗尽，沿用阶段一结论：最大位移155.78帧内出现异常跳变
17:41:36 [INFO] [12/22] 调查轨迹 381
17:41:36 [INFO] 开始调查轨迹 381（drift）
17:41:37 [INFO]   步骤 1：调用 replay_segment({'start_frame': 310, 'end_frame': 329})
17:41:37 [INFO]   工具结果：轨迹 381 帧 310-329，原始 17 帧，展示 17 帧（步长 1）
17:41:38 [INFO]   步骤 2：调用 check_nearby_tracks({'track_id': 381, 'frame_range': [310, 329]})
17:41:38 [INFO]   工具结果：帧 319 轨迹 381 附近（150px）：发现 10 个附近轨迹：ID 370（距离34.3px），ID 373（距离146.5px），ID 377（距离49.2px），ID 378（距离129.
17:41:39 [INFO]   步骤 3：调用 compare_appearances({'frame_id': 319, 'track_id': 381})
17:41:39 [INFO]   工具结果：轨迹 381：帧319 vs 帧320，外观基本一致，非 ID 切换
17:41:40 [INFO]   步骤 4：调用 replay_segment({'start_frame': 310, 'end_frame': 329})
17:41:40 [INFO]   工具结果：轨迹 381 帧 310-329，原始 17 帧，展示 17 帧（步长 1）
17:41:41 [INFO]   步骤 5：调用 check_nearby_tracks({'track_id': 381, 'frame_range': [310, 329]})
17:41:41 [INFO]   工具结果：帧 319 轨迹 381 附近（150px）：发现 10 个附近轨迹：ID 370（距离34.3px），ID 373（距离146.5px），ID 377（距离49.2px），ID 378（距离129.
17:41:43 [INFO]   步骤 6：调用 compare_appearances({'frame_id': 319, 'track_id': 381})
17:41:43 [INFO]   工具结果：轨迹 381：帧319 vs 帧320，外观基本一致，非 ID 切换
17:41:43 [WARNING] 轨迹 381 达到最大调查步数，使用初始判断
17:41:43 [INFO]   → 确认：调查步数耗尽，沿用阶段一结论：目标在310帧和329帧间位置异常跳变，不符合运动规律。
17:41:43 [INFO] [13/22] 调查轨迹 382
17:41:43 [INFO] 开始调查轨迹 382（miss）
17:41:44 [INFO]   步骤 1：调用 replay_segment({'start_frame': 495, 'end_frame': 509})
17:41:44 [INFO]   工具结果：轨迹 382 帧 495-509，原始 2 帧，展示 2 帧（步长 1）
17:41:45 [INFO]   步骤 2：调用 check_nearby_tracks({'track_id': 382, 'frame_range': [495, 509]})
17:41:45 [INFO]   工具结果：帧 502 轨迹 382 附近（150px）：发现 11 个附近轨迹：ID 370（距离144.5px），ID 371（距离13.3px），ID 379（距离111.7px），ID 380（距离110
17:41:45 [INFO]   步骤 3：调用 replay_segment({'start_frame': 500, 'end_frame': 510})
17:41:45 [INFO]   工具结果：轨迹 382 帧 500-510，原始 2 帧，展示 2 帧（步长 1）
17:41:46 [INFO]   步骤 4：调用 check_nearby_tracks({'track_id': 382, 'frame_range': [500, 510]})
17:41:46 [INFO]   工具结果：帧 505 轨迹 382 附近（150px）：发现 13 个附近轨迹：ID 370（距离133.0px），ID 371（距离10.3px），ID 378（距离137.7px），ID 379（距离109
17:41:47 [INFO]   步骤 5：调用 replay_segment({'start_frame': 505, 'end_frame': 510})
17:41:47 [INFO]   工具结果：轨迹 382 帧 505-510，原始 2 帧，展示 2 帧（步长 1）
17:41:49 [INFO]   步骤 6：调用 check_nearby_tracks({'track_id': 382, 'frame_range': [505, 510]})
17:41:49 [INFO]   工具结果：帧 507 轨迹 382 附近（150px）：发现 13 个附近轨迹：ID 370（距离133.0px），ID 371（距离14.8px），ID 378（距离137.7px），ID 379（距离121
17:41:49 [WARNING] 轨迹 382 达到最大调查步数，使用初始判断
17:41:49 [INFO]   → 确认：调查步数耗尽，沿用阶段一结论：目标在第495帧到第509帧间中断
17:41:49 [INFO] [14/22] 调查轨迹 383
17:41:49 [INFO] 开始调查轨迹 383（drift）
17:41:55 [INFO]   步骤 1：调用 replay_segment({'start_frame': 438, 'end_frame': 497})
17:41:55 [INFO]   工具结果：轨迹 383 帧 438-497，原始 30 帧，展示 30 帧（步长 2）
17:41:56 [INFO]   步骤 2：调用 check_nearby_tracks({'frame_ids': [438, 497]})
17:41:56 [INFO]   工具结果：帧 438 轨迹 383 附近（150px）：发现 10 个附近轨迹：ID 370（距离36.2px），ID 378（距离75.8px），ID 379（距离56.3px），ID 381（距离44.4p
17:41:57 [INFO]   步骤 3：调用 compare_appearances({'frame_id': 438, 'target_track_id': 383, 'reference_track_id': 381})
17:41:57 [INFO]   工具结果：轨迹 383：帧438 vs 帧439，外观基本一致，非 ID 切换
17:41:59 [INFO]   步骤 4：调用 compare_appearances({'frame_id': 497, 'target_track_id': 383, 'reference_track_id': 381})
17:41:59 [INFO]   工具结果：轨迹 383：帧497 vs 帧498，外观基本一致，非 ID 切换
17:42:00 [INFO]   步骤 5：调用 replay_segment({'start_frame': 438, 'end_frame': 497})
17:42:00 [INFO]   工具结果：轨迹 383 帧 438-497，原始 30 帧，展示 30 帧（步长 2）
17:42:01 [INFO]   步骤 6：调用 check_nearby_tracks({'frame_ids': [438, 497]})
17:42:01 [INFO]   工具结果：帧 438 轨迹 383 附近（150px）：发现 10 个附近轨迹：ID 370（距离36.2px），ID 378（距离75.8px），ID 379（距离56.3px），ID 381（距离44.4p
17:42:01 [WARNING] 轨迹 383 达到最大调查步数，使用初始判断
17:42:01 [INFO]   → 确认：调查步数耗尽，沿用阶段一结论：最大位移达到45.28，超出正常范围，表明目标位置异常跳变。
17:42:01 [INFO] [15/22] 调查轨迹 384
17:42:01 [INFO] 开始调查轨迹 384（miss）
17:42:02 [INFO]   步骤 1：调用 replay_segment({'start_frame': 901, 'end_frame': 920})
17:42:02 [INFO]   工具结果：轨迹 384 帧 901-920，原始 4 帧，展示 4 帧（步长 1）
17:42:03 [INFO]   步骤 2：调用 check_nearby_tracks({'track_id': 384, 'frame_range': [901, 920]})
17:42:03 [INFO]   工具结果：帧 910 轨迹 384 附近（150px）：发现 2 个附近轨迹：ID 379（距离9.1px），ID 389（距离17.1px）
17:42:03 [INFO]   步骤 3：调用 replay_segment({'start_frame': 901, 'end_frame': 920})
17:42:03 [INFO]   工具结果：轨迹 384 帧 901-920，原始 4 帧，展示 4 帧（步长 1）
17:42:04 [INFO]   步骤 4：调用 check_nearby_tracks({'track_id': 384, 'frame_range': [901, 920]})
17:42:04 [INFO]   工具结果：帧 910 轨迹 384 附近（150px）：发现 2 个附近轨迹：ID 379（距离9.1px），ID 389（距离17.1px）
17:42:05 [INFO]   步骤 5：调用 replay_segment({'start_frame': 901, 'end_frame': 920})
17:42:05 [INFO]   工具结果：轨迹 384 帧 901-920，原始 4 帧，展示 4 帧（步长 1）
17:42:07 [INFO]   步骤 6：调用 check_nearby_tracks({'track_id': 384, 'frame_range': [901, 920]})
17:42:07 [INFO]   工具结果：帧 910 轨迹 384 附近（150px）：发现 2 个附近轨迹：ID 379（距离9.1px），ID 389（距离17.1px）
17:42:07 [WARNING] 轨迹 384 达到最大调查步数，使用初始判断
17:42:07 [INFO]   → 确认：调查步数耗尽，沿用阶段一结论：轨迹在901帧后中断，持续6帧。
17:42:07 [INFO] [16/22] 调查轨迹 386
17:42:07 [INFO] 开始调查轨迹 386（miss）
17:42:07 [INFO]   步骤 1：调用 replay_segment({'start_frame': 665, 'end_frame': 675})
17:42:07 [INFO]   工具结果：轨迹 386 帧 665-675，原始 2 帧，展示 2 帧（步长 1）
17:42:08 [INFO]   步骤 2：调用 check_nearby_tracks({'frame_id': 665, 'radius': 10})
17:42:08 [INFO]   工具结果：帧 665 轨迹 386 附近（10px）：发现 1 个附近轨迹：ID 370（距离3.8px）
17:42:09 [INFO]   步骤 3：调用 check_nearby_tracks({'frame_id': 675, 'radius': 10})
17:42:09 [INFO]   工具结果：帧 675 轨迹 386 附近（10px）：发现 1 个附近轨迹：ID 371（距离6.0px）
17:42:10 [INFO]   步骤 4：调用 compare_appearances({'frame_id': 665, 'target_id': 386, 'reference_id': 370, 'threshold': 0.5})
17:42:10 [INFO]   工具结果：轨迹 386：帧665 vs 帧666，外观基本一致，非 ID 切换
17:42:12 [INFO]   步骤 5：调用 compare_appearances({'frame_id': 675, 'target_id': 386, 'reference_id': 371, 'threshold': 0.5})
17:42:12 [INFO]   工具结果：轨迹 386：帧675 vs 帧676，外观基本一致，非 ID 切换
17:42:12 [INFO]   步骤 6：调用 replay_segment({'start_frame': 665, 'end_frame': 675})
17:42:12 [INFO]   工具结果：轨迹 386 帧 665-675，原始 2 帧，展示 2 帧（步长 1）
17:42:12 [WARNING] 轨迹 386 达到最大调查步数，使用初始判断
17:42:12 [INFO]   → 确认：调查步数耗尽，沿用阶段一结论：目标在第665帧至第675帧间中断，消失超过5帧。
17:42:12 [INFO] [17/22] 调查轨迹 387
17:42:12 [INFO] 开始调查轨迹 387（miss）
17:42:13 [INFO]   步骤 1：调用 replay_segment({'start_frame': 841, 'end_frame': 847})
17:42:13 [INFO]   工具结果：轨迹 387 帧 841-847，原始 2 帧，展示 2 帧（步长 1）
17:42:14 [INFO]   步骤 2：调用 check_nearby_tracks({'track_id': 387, 'frame_range': [841, 847]})
17:42:14 [INFO]   工具结果：帧 844 轨迹 387 附近（150px）：发现 5 个附近轨迹：ID 379（距离35.5px），ID 380（距离125.1px），ID 382（距离52.9px），ID 383（距离13.5p
17:42:15 [INFO]   步骤 3：调用 compare_appearances({'track_id': 387, 'frame_range': [841, 847]})
17:42:15 [INFO]   工具结果：轨迹 387：帧844 vs 帧847，外观基本一致，非 ID 切换
17:42:16 [INFO]   步骤 4：调用 replay_segment({'start_frame': 841, 'end_frame': 847})
17:42:16 [INFO]   工具结果：轨迹 387 帧 841-847，原始 2 帧，展示 2 帧（步长 1）
17:42:17 [INFO]   步骤 5：调用 check_nearby_tracks({'track_id': 387, 'frame_range': [841, 847]})
17:42:17 [INFO]   工具结果：帧 844 轨迹 387 附近（150px）：发现 5 个附近轨迹：ID 379（距离35.5px），ID 380（距离125.1px），ID 382（距离52.9px），ID 383（距离13.5p
17:42:18 [INFO]   步骤 6：调用 compare_appearances({'track_id': 387, 'frame_range': [841, 847]})
17:42:18 [INFO]   工具结果：轨迹 387：帧844 vs 帧847，外观基本一致，非 ID 切换
17:42:18 [WARNING] 轨迹 387 达到最大调查步数，使用初始判断
17:42:18 [INFO]   → 确认：调查步数耗尽，沿用阶段一结论：轨迹在841帧后中断，目标消失超过5帧。
17:42:18 [INFO] [18/22] 调查轨迹 388
17:42:18 [INFO] 开始调查轨迹 388（drift）
17:42:19 [INFO]   步骤 1：调用 replay_segment({'start_frame': 889, 'end_frame': 1203})
17:42:19 [INFO]   工具结果：轨迹 388 帧 889-1203，原始 44 帧，展示 32 帧（步长 7）
17:42:20 [INFO]   步骤 2：调用 check_nearby_tracks({'start_frame': 889, 'end_frame': 1203})
17:42:20 [INFO]   工具结果：缺少 frame_id/track_id
17:42:21 [INFO]   步骤 3：调用 compare_appearances({'start_frame': 1170, 'end_frame': 1174})
17:42:21 [INFO]   工具结果：轨迹 388：帧1173 vs 帧1174，外观基本一致，非 ID 切换
17:42:22 [INFO]   步骤 4：调用 zoom_region({'frame_id': 1174, 'region': [400, 400, 450, 450]})
17:42:22 [INFO]   工具结果：轨迹 388 第 1174 帧放大 3.0x，已锐化
17:42:23 [INFO]   步骤 5：调用 replay_segment({'start_frame': 1170, 'end_frame': 1176})
17:42:23 [INFO]   工具结果：轨迹 388 帧 1170-1176，原始 5 帧，展示 5 帧（步长 1）
17:42:25 [INFO]   步骤 6：调用 check_nearby_tracks({'start_frame': 1170, 'end_frame': 1176})
17:42:25 [INFO]   工具结果：缺少 frame_id/track_id
17:42:25 [WARNING] 轨迹 388 达到最大调查步数，使用初始判断
17:42:25 [INFO]   → 确认：调查步数耗尽，沿用阶段一结论：最大位移达到53.98，表明存在异常跳变。
17:42:25 [INFO] [19/22] 调查轨迹 389
17:42:25 [INFO] 开始调查轨迹 389（drift）
17:42:26 [INFO]   步骤 1：调用 replay_segment({'start_frame': 941, 'end_frame': 1203})
17:42:26 [INFO]   工具结果：轨迹 389 帧 941-1203，原始 43 帧，展示 32 帧（步长 6）
17:42:27 [INFO]   步骤 2：调用 check_nearby_tracks({'track_id': 389, 'frame_range': [941, 1203]})
17:42:27 [INFO]   工具结果：帧 1072 轨迹 389 附近（150px）：发现 4 个附近轨迹：ID 372（距离66.1px），ID 379（距离65.6px），ID 384（距离36.6px），ID 388（距离126.0
17:42:28 [INFO]   步骤 3：调用 compare_appearances({'frame_id': 1072, 'track_id': 389})
17:42:28 [INFO]   工具结果：轨迹 389：帧1072 vs 帧1073，外观基本一致，非 ID 切换
17:42:29 [INFO]   步骤 4：调用 replay_segment({'start_frame': 1050, 'end_frame': 1110})
17:42:29 [INFO]   工具结果：轨迹 389 帧 1050-1110，原始 29 帧，展示 29 帧（步长 2）
17:42:31 [INFO]   步骤 5：调用 check_nearby_tracks({'track_id': 389, 'frame_range': [1050, 1110]})
17:42:31 [INFO]   工具结果：帧 1080 轨迹 389 附近（150px）：发现 4 个附近轨迹：ID 372（距离70.0px），ID 379（距离63.5px），ID 384（距离43.6px），ID 388（距离109.8
17:42:32 [INFO]   步骤 6：调用 compare_appearances({'frame_id': 1080, 'track_id': 389})
17:42:32 [INFO]   工具结果：轨迹 389：帧1080 vs 帧1081，外观基本一致，非 ID 切换
17:42:32 [WARNING] 轨迹 389 达到最大调查步数，使用初始判断
17:42:32 [INFO]   → 确认：调查步数耗尽，沿用阶段一结论：最大位移较大，存在异常跳变。
17:42:32 [INFO] [20/22] 调查轨迹 390
17:42:32 [INFO] 开始调查轨迹 390（drift）
17:42:33 [INFO]   步骤 1：调用 replay_segment({'start_frame': 1052, 'end_frame': 1057})
17:42:33 [INFO]   工具结果：轨迹 390 帧 1052-1057，原始 3 帧，展示 3 帧（步长 1）
17:42:34 [INFO]   步骤 2：调用 check_nearby_tracks({'track_id': 390, 'frame_range': [1052, 1057]})
17:42:34 [INFO]   工具结果：帧 1054 轨迹 390 附近（150px）：发现 8 个附近轨迹：ID 370（距离2.8px），ID 371（距离23.9px），ID 374（距离27.8px），ID 378（距离15.4px
17:42:35 [INFO]   步骤 3：调用 compare_appearances({'frame_id': 1052, 'target_id': 390, 'compare_id': 370, 'threshold': 0.5})
17:42:35 [INFO]   工具结果：轨迹 390：帧1052 vs 帧1053，外观基本一致，非 ID 切换
17:42:36 [INFO]   步骤 4：调用 compare_appearances({'frame_id': 1056, 'target_id': 390, 'compare_id': 370, 'threshold': 0.5})
17:42:36 [INFO]   工具结果：轨迹 390：帧1056 vs 帧1057，外观基本一致，非 ID 切换
17:42:37 [INFO]   步骤 5：调用 compare_appearances({'frame_id': 1057, 'target_id': 390, 'compare_id': 370, 'threshold': 0.5})
17:42:37 [INFO]   工具结果：轨迹 390：帧1057 vs 帧1058，外观基本一致，非 ID 切换
17:42:38 [INFO]   步骤 6：调用 replay_segment({'start_frame': 1052, 'end_frame': 1058})
17:42:38 [INFO]   工具结果：轨迹 390 帧 1052-1058，原始 3 帧，展示 3 帧（步长 1）
17:42:38 [WARNING] 轨迹 390 达到最大调查步数，使用初始判断
17:42:38 [INFO]   → 确认：调查步数耗尽，沿用阶段一结论：最大位移81.79帧内出现异常跳变
17:42:38 [INFO] [21/22] 调查轨迹 391
17:42:38 [INFO] 开始调查轨迹 391（drift）
17:42:39 [INFO]   步骤 1：调用 replay_segment({'start_frame': 1002, 'end_frame': 1203})
17:42:39 [INFO]   工具结果：轨迹 391 帧 1002-1203，原始 38 帧，展示 32 帧（步长 5）
17:42:40 [INFO]   步骤 2：调用 check_nearby_tracks({'start_frame': 1002, 'end_frame': 1203})
17:42:40 [INFO]   工具结果：缺少 frame_id/track_id
17:42:41 [INFO]   步骤 3：调用 compare_appearances({'start_frame': 1002, 'end_frame': 1203})
17:42:41 [INFO]   工具结果：轨迹 391：帧1202 vs 帧1203，外观基本一致，非 ID 切换
17:42:42 [INFO]   步骤 4：调用 replay_segment({'start_frame': 1002, 'end_frame': 1203})
17:42:42 [INFO]   工具结果：轨迹 391 帧 1002-1203，原始 38 帧，展示 32 帧（步长 5）
17:42:43 [INFO]   步骤 5：调用 check_nearby_tracks({'start_frame': 1002, 'end_frame': 1203})
17:42:43 [INFO]   工具结果：缺少 frame_id/track_id
17:42:44 [INFO]   步骤 6：调用 compare_appearances({'start_frame': 1002, 'end_frame': 1203})
17:42:44 [INFO]   工具结果：轨迹 391：帧1202 vs 帧1203，外观基本一致，非 ID 切换
17:42:44 [WARNING] 轨迹 391 达到最大调查步数，使用初始判断
17:42:44 [INFO]   → 确认：调查步数耗尽，沿用阶段一结论：最大位移较大，存在异常跳变。
17:42:44 [INFO] [22/22] 调查轨迹 392
17:42:44 [INFO] 开始调查轨迹 392（miss）
17:42:45 [INFO]   步骤 1：调用 replay_segment({'start_frame': 1143, 'end_frame': 1150})
17:42:45 [INFO]   工具结果：轨迹 392 帧 1143-1150，原始 2 帧，展示 2 帧（步长 1）
17:42:46 [INFO]   步骤 2：调用 check_nearby_tracks({'track_id': 392, 'frame_range': [1143, 1150]})
17:42:46 [INFO]   工具结果：帧 1146 轨迹 392 附近（150px）：发现 11 个附近轨迹：ID 370（距离56.1px），ID 371（距离33.7px），ID 374（距离140.9px），ID 378（距离67.
17:42:47 [INFO]   步骤 3：调用 replay_segment({'start_frame': 1143, 'end_frame': 1150})
17:42:47 [INFO]   工具结果：轨迹 392 帧 1143-1150，原始 2 帧，展示 2 帧（步长 1）
17:42:48 [INFO]   步骤 4：调用 check_nearby_tracks({'track_id': 392, 'frame_range': [1143, 1150]})
17:42:48 [INFO]   工具结果：帧 1146 轨迹 392 附近（150px）：发现 11 个附近轨迹：ID 370（距离56.1px），ID 371（距离33.7px），ID 374（距离140.9px），ID 378（距离67.
17:42:49 [INFO]   步骤 5：调用 replay_segment({'start_frame': 1143, 'end_frame': 1150})
17:42:49 [INFO]   工具结果：轨迹 392 帧 1143-1150，原始 2 帧，展示 2 帧（步长 1）
17:42:50 [INFO]   步骤 6：调用 check_nearby_tracks({'track_id': 392, 'frame_range': [1143, 1150]})
17:42:50 [INFO]   工具结果：帧 1146 轨迹 392 附近（150px）：发现 11 个附近轨迹：ID 370（距离56.1px），ID 371（距离33.7px），ID 374（距离140.9px），ID 378（距离67.
17:42:50 [WARNING] 轨迹 392 达到最大调查步数，使用初始判断
17:42:50 [INFO]   → 确认：调查步数耗尽，沿用阶段一结论：目标在1143帧至1150帧间中断，消失超过5帧。
17:42:50 [INFO] ========================================
17:42:50 [INFO] [dancetrack0003] 阶段三：轨迹修正
17:42:50 [INFO] ========================================
17:42:51 [INFO] 正在分析轨迹 372（长度 1203 帧）...
17:42:52 [INFO] 修正生效：track=372 type=miss frames=1174-1181
17:42:52 [INFO] 正在分析轨迹 373（长度 1197 帧）...
17:42:59 [INFO] 修正生效：track=373 type=drift frames=623-623
17:42:59 [INFO] 正在分析轨迹 374（长度 1155 帧）...
17:43:00 [INFO] 修正回滚：track=374 type=drift
17:43:01 [INFO] 正在分析轨迹 375（长度 1107 帧）...
17:43:02 [INFO] 修正生效：track=375 type=miss frames=1194-1202
17:43:02 [INFO] 正在分析轨迹 379（长度 1195 帧）...
17:43:04 [INFO] 修正回滚：track=379 type=drift
17:43:04 [INFO] 正在分析轨迹 383（长度 104 帧）...
17:43:05 [INFO] 修正生效：track=383 type=drift frames=438-497
17:43:05 [INFO] 正在分析轨迹 387（长度 36 帧）...
17:43:07 [INFO] 修正生效：track=387 type=miss frames=841-847
17:43:07 [INFO] 正在分析轨迹 390（长度 198 帧）...
17:43:08 [INFO] 修正回滚：track=390 type=drift
17:43:08 [INFO] 正在分析轨迹 392（长度 35 帧）...
17:43:10 [INFO] 修正生效：track=392 type=miss frames=1143-1150
17:43:10 [INFO] [dancetrack0003] 修正后 MOT 已保存至 /public/home/lyh_npu/code/PostMOT/corrected_mot/dancetrack0003.txt
17:43:10 [INFO] [dancetrack0003] 报告已保存至 /public/home/lyh_npu/code/PostMOT/pipeline_report_batch_seq_reports/dancetrack0003.json
17:43:10 [INFO] [2/35] 处理序列 dancetrack0009
17:43:47 [INFO] 加载轨迹 25 条
17:43:47 [INFO] ========================================
17:43:47 [INFO] [dancetrack0009] 阶段一：VLM 轨迹巡检
17:43:47 [INFO] ========================================
17:43:47 [INFO] 正在分析轨迹 690（长度 150 帧）...
17:43:49 [INFO] [可疑] 轨迹 690 — drift 置信度 0.70：目标位置在特定帧发生了异常跳变，不符合运动规律。
17:43:49 [INFO] 正在分析轨迹 691（长度 614 帧）...
17:43:50 [INFO] [可疑] 轨迹 691 — drift 置信度 0.80：最大位移76.92帧内有显著跳变，不符合运动规律。
17:43:50 [INFO] 正在分析轨迹 692（长度 1172 帧）...
17:43:52 [INFO] [可疑] 轨迹 692 — miss 置信度 0.80：目标在第717帧至第723帧间中断，消失超过5帧。
17:43:52 [INFO] 正在分析轨迹 693（长度 1185 帧）...
17:43:53 [INFO] [可疑] 轨迹 693 — drift 置信度 0.80：最大位移帧963处目标位置异常跳变
17:43:53 [INFO] 正在分析轨迹 694（长度 1142 帧）...
17:43:55 [INFO] [可疑] 轨迹 694 — drift 置信度 0.90：最大位移帧为95，位置异常跳变。
17:43:55 [INFO] 正在分析轨迹 695（长度 280 帧）...
17:44:02 [INFO] [可疑] 轨迹 695 — drift 置信度 0.90：最大位移帧为204，位置异常跳变。
17:44:02 [INFO] 正在分析轨迹 696（长度 313 帧）...
17:44:04 [INFO] [可疑] 轨迹 696 — drift 置信度 0.80：最大位移较大，且在特定帧内出现异常跳变
17:44:04 [INFO] 正在分析轨迹 697（长度 1104 帧）...
17:44:06 [INFO] [可疑] 轨迹 697 — miss 置信度 0.80：目标在第352帧至第358帧间中断，持续6帧。
17:44:06 [INFO] 正在分析轨迹 699（长度 13 帧）...
17:44:07 [INFO] [可疑] 轨迹 699 — miss 置信度 0.90：目标在第189帧到第203帧间中断，消失超过5帧。
17:44:07 [INFO] 正在分析轨迹 700（长度 189 帧）...
17:44:09 [INFO] [可疑] 轨迹 700 — drift 置信度 0.80：最大位移54.56，表明目标位置有异常跳变。
17:44:09 [INFO] 正在分析轨迹 701（长度 606 帧）...
17:44:10 [INFO] [可疑] 轨迹 701 — drift 置信度 0.90：最大位移帧722处目标位置异常跳变
17:44:10 [INFO] 正在分析轨迹 703（长度 72 帧）...
17:44:12 [INFO] [可疑] 轨迹 703 — drift 置信度 0.90：最大位移发生在第443帧，位置异常跳变。
17:44:12 [INFO] 正在分析轨迹 704（长度 705 帧）...
17:44:13 [INFO] [可疑] 轨迹 704 — miss 置信度 0.90：目标在第441帧至第448帧间中断，持续7帧。
17:44:13 [INFO] 正在分析轨迹 705（长度 154 帧）...
17:44:15 [INFO] [可疑] 轨迹 705 — drift 置信度 0.80：最大位移较大，且存在跳跃帧，表明目标位置异常。
17:44:15 [INFO] 正在分析轨迹 706（长度 32 帧）...
17:44:16 [INFO] [可疑] 轨迹 706 — miss 置信度 0.90：目标在第501帧至第511帧间中断，消失超过5帧。
17:44:16 [INFO] 正在分析轨迹 707（长度 247 帧）...
17:44:18 [INFO] [可疑] 轨迹 707 — drift 置信度 0.80：目标在738至765帧间位置异常跳变，不符合运动规律。
17:44:18 [INFO] 正在分析轨迹 708（长度 112 帧）...
17:44:19 [INFO] [可疑] 轨迹 708 — miss 置信度 0.80：轨迹中断，目标在724帧至731帧间消失
17:44:19 [INFO] 正在分析轨迹 709（长度 78 帧）...
17:44:21 [INFO] [可疑] 轨迹 709 — drift 置信度 0.90：最大位移发生在第965帧，位置异常跳变。
17:44:21 [INFO] 正在分析轨迹 710（长度 25 帧）...
17:44:22 [INFO] [可疑] 轨迹 710 — drift 置信度 0.80：最大位移较大，且在第909帧出现异常跳变。
17:44:22 [INFO] 正在分析轨迹 711（长度 175 帧）...
17:44:24 [INFO] [可疑] 轨迹 711 — drift 置信度 0.80：最大位移较大，且存在跳跃帧
17:44:24 [INFO] 正在分析轨迹 712（长度 189 帧）...
17:44:25 [INFO] [可疑] 轨迹 712 — drift 置信度 0.80：最大位移25.96帧内出现，表明存在异常跳变。
17:44:25 [INFO] 正在分析轨迹 713（长度 204 帧）...
17:44:27 [INFO] [可疑] 轨迹 713 — drift 置信度 0.80：目标在1165帧至1198帧间位置异常跳变，不符合运动规律。
17:44:27 [INFO] 正在分析轨迹 714（长度 8 帧）...
17:44:29 [INFO] [dancetrack0009] 阶段一完成：22 条可疑轨迹，已保存至 /public/home/lyh_npu/code/PostMOT/pipeline_report_batch_seq_reports/dancetrack0009_stage1.json
17:44:29 [INFO] ========================================
17:44:29 [INFO] [dancetrack0009] 阶段二：LLM 工具调用调查
17:44:29 [INFO] ========================================
17:44:29 [INFO] [1/22] 调查轨迹 690
17:44:29 [INFO] 开始调查轨迹 690（drift）
17:44:29 [INFO]   步骤 1：调用 replay_segment({'start_frame': 33, 'end_frame': 34})
17:44:29 [INFO]   工具结果：轨迹 690 帧 33-34，原始 2 帧，展示 2 帧（步长 1）
17:44:30 [INFO]   步骤 2：调用 zoom_region({'frame_id': 33, 'region': [100, 100, 150, 150]})
17:44:30 [INFO]   工具结果：轨迹 690 第 33 帧放大 3.0x，已锐化
17:44:31 [INFO]   步骤 3：调用 zoom_region({'frame_id': 34, 'region': [100, 100, 150, 150]})
17:44:31 [INFO]   工具结果：轨迹 690 第 34 帧放大 3.0x，已锐化
17:44:32 [INFO]   步骤 4：调用 compare_appearances({'frame_id_1': 33, 'frame_id_2': 34})
17:44:32 [INFO]   工具结果：轨迹 690：帧33 vs 帧34，外观基本一致，非 ID 切换
17:44:34 [INFO]   步骤 5：调用 check_nearby_tracks({'frame_id': 33, 'radius': 5})
17:44:34 [INFO]   工具结果：帧 33 轨迹 690 附近（5px）：附近无其他轨迹
17:44:35 [INFO]   步骤 6：调用 check_nearby_tracks({'frame_id': 34, 'radius': 5})
17:44:35 [INFO]   工具结果：帧 34 轨迹 690 附近（5px）：附近无其他轨迹
17:44:35 [WARNING] 轨迹 690 达到最大调查步数，使用初始判断
17:44:35 [INFO]   → 确认：调查步数耗尽，沿用阶段一结论：目标位置在特定帧发生了异常跳变，不符合运动规律。
17:44:35 [INFO] [2/22] 调查轨迹 691
17:44:35 [INFO] 开始调查轨迹 691（drift）
17:44:36 [INFO]   步骤 1：调用 replay_segment({'track_id': 691, 'start_frame': 1, 'end_frame': 654})
17:44:36 [INFO]   工具结果：轨迹 691 帧 1-654，原始 44 帧，展示 32 帧（步长 14）
17:44:37 [INFO]   步骤 2：调用 check_nearby_tracks({'track_id': 691, 'start_frame': 544, 'end_frame': 557, 'nearby_distance': 10})
17:44:37 [INFO]   工具结果：缺少 frame_id/track_id
17:44:38 [INFO]   步骤 3：调用 check_nearby_tracks({'track_id': 691, 'start_frame': 623, 'end_frame': 640, 'nearby_distance': 10})
17:44:38 [INFO]   工具结果：缺少 frame_id/track_id
17:44:39 [INFO]   步骤 4：调用 compare_appearances({'track_id': 691, 'frame_ids': [320, 321]})
17:44:39 [INFO]   工具结果：轨迹 691：帧320 vs 帧321，外观基本一致，非 ID 切换
17:44:41 [INFO]   步骤 5：调用 zoom_region({'track_id': 691, 'frame_id': 320, 'region': [100, 100, 200, 200]})
17:44:41 [INFO]   工具结果：轨迹 691 第 320 帧放大 3.0x，已锐化
17:44:42 [INFO]   步骤 6：调用 replay_segment({'track_id': 691, 'start_frame': 320, 'end_frame': 321})
17:44:42 [INFO]   工具结果：轨迹 691 帧 320-321，原始 2 帧，展示 2 帧（步长 1）
17:44:42 [WARNING] 轨迹 691 达到最大调查步数，使用初始判断
17:44:42 [INFO]   → 确认：调查步数耗尽，沿用阶段一结论：最大位移76.92帧内有显著跳变，不符合运动规律。
17:44:42 [INFO] [3/22] 调查轨迹 692
17:44:42 [INFO] 开始调查轨迹 692（miss）
17:44:43 [INFO]   步骤 1：调用 replay_segment({'start_frame': 717, 'end_frame': 723})
17:44:43 [INFO]   工具结果：轨迹 692 帧 717-723，原始 2 帧，展示 2 帧（步长 1）
17:44:43 [INFO]   步骤 2：调用 check_nearby_tracks({'track_id': 692, 'frame_range': [717, 723]})
17:44:43 [INFO]   工具结果：帧 720 轨迹 692 附近（150px）：发现 19 个附近轨迹：ID 690（距离54.5px），ID 691（距离54.8px），ID 694（距离145.3px），ID 696（距离88.8
17:44:44 [INFO]   步骤 3：调用 replay_segment({'start_frame': 717, 'end_frame': 723})
17:44:44 [INFO]   工具结果：轨迹 692 帧 717-723，原始 2 帧，展示 2 帧（步长 1）
17:44:45 [INFO]   步骤 4：调用 check_nearby_tracks({'track_id': 692, 'frame_range': [717, 723]})
17:44:45 [INFO]   工具结果：帧 720 轨迹 692 附近（150px）：发现 19 个附近轨迹：ID 690（距离54.5px），ID 691（距离54.8px），ID 694（距离145.3px），ID 696（距离88.8
17:44:46 [INFO]   步骤 5：调用 replay_segment({'start_frame': 717, 'end_frame': 723})
17:44:46 [INFO]   工具结果：轨迹 692 帧 717-723，原始 2 帧，展示 2 帧（步长 1）
17:44:48 [INFO]   步骤 6：调用 check_nearby_tracks({'track_id': 692, 'frame_range': [717, 723]})
17:44:48 [INFO]   工具结果：帧 720 轨迹 692 附近（150px）：发现 19 个附近轨迹：ID 690（距离54.5px），ID 691（距离54.8px），ID 694（距离145.3px），ID 696（距离88.8
17:44:48 [WARNING] 轨迹 692 达到最大调查步数，使用初始判断
17:44:48 [INFO]   → 确认：调查步数耗尽，沿用阶段一结论：目标在第717帧至第723帧间中断，消失超过5帧。
17:44:48 [INFO] [4/22] 调查轨迹 693
17:44:48 [INFO] 开始调查轨迹 693（drift）
17:44:48 [INFO]   步骤 1：调用 replay_segment({'start_frame': 963, 'end_frame': 969})
17:44:48 [INFO]   工具结果：轨迹 693 帧 963-969，原始 2 帧，展示 2 帧（步长 1）
17:44:49 [INFO]   步骤 2：调用 zoom_region({'frame_id': 963, 'region': [0, 0, 256, 128]})
17:44:49 [INFO]   工具结果：轨迹 693 第 963 帧放大 3.0x，已锐化
17:44:50 [INFO]   步骤 3：调用 zoom_region({'frame_id': 969, 'region': [0, 0, 256, 128]})
17:44:50 [INFO]   工具结果：轨迹 693 第 969 帧放大 3.0x，已锐化
17:44:52 [INFO]   步骤 4：调用 compare_appearances({'frame_1': 963, 'frame_2': 969})
17:44:52 [INFO]   工具结果：轨迹 693：帧963 vs 帧969，外观有差异，可能存在遮挡或光照变化
17:44:53 [INFO]   步骤 5：调用 check_nearby_tracks({'frame_id': 963, 'radius': 10})
17:44:53 [INFO]   工具结果：帧 963 轨迹 693 附近（10px）：附近无其他轨迹
17:44:54 [INFO]   步骤 6：调用 check_nearby_tracks({'frame_id': 969, 'radius': 10})
17:44:54 [INFO]   工具结果：帧 969 轨迹 693 附近（10px）：发现 1 个附近轨迹：ID 694（距离0.7px）
17:44:54 [WARNING] 轨迹 693 达到最大调查步数，使用初始判断
17:44:54 [INFO]   → 确认：调查步数耗尽，沿用阶段一结论：最大位移帧963处目标位置异常跳变
17:44:54 [INFO] [5/22] 调查轨迹 694
17:44:54 [INFO] 开始调查轨迹 694（drift）
17:44:54 [INFO]   步骤 1：调用 replay_segment({'start_frame': 95, 'end_frame': 95})
17:44:54 [INFO]   工具结果：轨迹 694 帧 95-95，原始 1 帧，展示 1 帧（步长 1）
17:44:55 [INFO]   步骤 2：调用 zoom_region({'frame_id': 95, 'region': [10, 10, 100, 100]})
17:44:55 [INFO]   工具结果：轨迹 694 第 95 帧放大 3.0x，已锐化
17:44:56 [INFO]   步骤 3：调用 check_nearby_tracks({'frame_id': 95, 'radius': 10})
17:44:56 [INFO]   工具结果：帧 95 轨迹 694 附近（10px）：附近无其他轨迹
17:44:57 [INFO]   步骤 4：调用 replay_segment({'start_frame': 94, 'end_frame': 96})
17:44:57 [INFO]   工具结果：轨迹 694 帧 94-96，原始 3 帧，展示 3 帧（步长 1）
17:45:05 [INFO]   步骤 5：调用 compare_appearances({'frame_id_1': 94, 'frame_id_2': 95, 'frame_id_3': 96})
17:45:05 [INFO]   工具结果：轨迹 694：帧94 vs 帧95，外观基本一致，非 ID 切换
17:45:06 [INFO]   步骤 6：调用 compare_appearances({'frame_id_1': 95, 'frame_id_2': 96})
17:45:06 [INFO]   工具结果：轨迹 694：帧95 vs 帧96，外观基本一致，非 ID 切换
17:45:06 [WARNING] 轨迹 694 达到最大调查步数，使用初始判断
17:45:06 [INFO]   → 确认：调查步数耗尽，沿用阶段一结论：最大位移帧为95，位置异常跳变。
17:45:06 [INFO] [6/22] 调查轨迹 695
17:45:06 [INFO] 开始调查轨迹 695（drift）
17:45:07 [INFO]   步骤 1：调用 replay_segment({'start_frame': 203, 'end_frame': 205})
17:45:07 [INFO]   工具结果：轨迹 695 帧 203-205，原始 2 帧，展示 2 帧（步长 1）
17:45:08 [INFO]   步骤 2：调用 zoom_region({'frame_id': 204, 'region': [0, 128, 128, 128]})
17:45:08 [INFO]   工具结果：轨迹 695 第 204 帧放大 3.0x，已锐化
17:45:09 [INFO]   步骤 3：调用 zoom_region({'frame_id': 205, 'region': [0, 128, 128, 128]})
17:45:09 [INFO]   工具结果：轨迹 695 第 205 帧放大 3.0x，已锐化
17:45:10 [INFO]   步骤 4：调用 compare_appearances({'frame_id_1': 204, 'frame_id_2': 205})
17:45:10 [INFO]   工具结果：轨迹 695：帧204 vs 帧205，外观基本一致，非 ID 切换
17:45:11 [INFO]   步骤 5：调用 check_nearby_tracks({'frame_id': 204, 'radius': 10})
17:45:11 [INFO]   工具结果：帧 204 轨迹 695 附近（10px）：发现 1 个附近轨迹：ID 694（距离8.6px）
17:45:12 [INFO]   步骤 6：调用 check_nearby_tracks({'frame_id': 205, 'radius': 10})
17:45:12 [INFO]   工具结果：帧 205 轨迹 695 附近（10px）：附近无其他轨迹
17:45:12 [WARNING] 轨迹 695 达到最大调查步数，使用初始判断
17:45:12 [INFO]   → 确认：调查步数耗尽，沿用阶段一结论：最大位移帧为204，位置异常跳变。
17:45:12 [INFO] [7/22] 调查轨迹 696
17:45:12 [INFO] 开始调查轨迹 696（drift）
17:45:13 [INFO]   步骤 1：调用 replay_segment({'start_frame': 229, 'end_frame': 300})
17:45:13 [INFO]   工具结果：轨迹 696 帧 229-300，原始 36 帧，展示 32 帧（步长 2）
17:45:14 [INFO]   步骤 2：调用 check_nearby_tracks({'track_id': 696, 'frame_range': [229, 300]})
17:45:14 [INFO]   工具结果：帧 264 轨迹 696 附近（150px）：附近无其他轨迹
17:45:15 [INFO]   步骤 3：调用 replay_segment({'start_frame': 229, 'end_frame': 234})
17:45:15 [INFO]   工具结果：轨迹 696 帧 229-234，原始 6 帧，展示 6 帧（步长 1）
17:45:16 [INFO]   步骤 4：调用 zoom_region({'frame_id': 230, 'region': [20, 50, 100, 150]})
17:45:16 [INFO]   工具结果：轨迹 696 第 230 帧放大 3.0x，已锐化
17:45:17 [INFO]   步骤 5：调用 compare_appearances({'frame_id_1': 229, 'frame_id_2': 230})
17:45:17 [INFO]   工具结果：轨迹 696：帧229 vs 帧230，外观基本一致，非 ID 切换
17:45:18 [INFO]   步骤 6：调用 replay_segment({'start_frame': 234, 'end_frame': 285})
17:45:18 [INFO]   工具结果：轨迹 696 帧 234-285，原始 26 帧，展示 26 帧（步长 2）
17:45:18 [WARNING] 轨迹 696 达到最大调查步数，使用初始判断
17:45:18 [INFO]   → 确认：调查步数耗尽，沿用阶段一结论：最大位移较大，且在特定帧内出现异常跳变
17:45:18 [INFO] [8/22] 调查轨迹 697
17:45:18 [INFO] 开始调查轨迹 697（miss）
17:45:19 [INFO]   步骤 1：调用 replay_segment({'start_frame': 352, 'end_frame': 358})
17:45:19 [INFO]   工具结果：轨迹 697 帧 352-358，原始 2 帧，展示 2 帧（步长 1）
17:45:20 [INFO]   步骤 2：调用 check_nearby_tracks({'frame_id': 352, 'radius': 10})
17:45:20 [INFO]   工具结果：帧 352 轨迹 697 附近（10px）：附近无其他轨迹
17:45:20 [INFO]   步骤 3：调用 replay_segment({'start_frame': 352, 'end_frame': 358})
17:45:20 [INFO]   工具结果：轨迹 697 帧 352-358，原始 2 帧，展示 2 帧（步长 1）
17:45:21 [INFO]   步骤 4：调用 check_nearby_tracks({'frame_id': 358, 'radius': 10})
17:45:21 [INFO]   工具结果：帧 358 轨迹 697 附近（10px）：附近无其他轨迹
17:45:22 [INFO]   步骤 5：调用 replay_segment({'start_frame': 352, 'end_frame': 358})
17:45:22 [INFO]   工具结果：轨迹 697 帧 352-358，原始 2 帧，展示 2 帧（步长 1）
17:45:23 [INFO]   步骤 6：调用 compare_appearances({'frame_1': 352, 'frame_2': 358})
17:45:23 [INFO]   工具结果：轨迹 697：帧352 vs 帧358，外观基本一致，非 ID 切换
17:45:23 [WARNING] 轨迹 697 达到最大调查步数，使用初始判断
17:45:23 [INFO]   → 确认：调查步数耗尽，沿用阶段一结论：目标在第352帧至第358帧间中断，持续6帧。
17:45:23 [INFO] [9/22] 调查轨迹 699
17:45:23 [INFO] 开始调查轨迹 699（miss）
17:45:24 [INFO]   步骤 1：调用 replay_segment({'start_frame': 189, 'end_frame': 203})
17:45:24 [INFO]   工具结果：轨迹 699 帧 189-203，原始 2 帧，展示 2 帧（步长 1）
17:45:25 [INFO]   步骤 2：调用 check_nearby_tracks({'track_id': 699, 'frame_range': [189, 203]})
17:45:25 [INFO]   工具结果：帧 196 轨迹 699 附近（150px）：发现 17 个附近轨迹：ID 690（距离72.9px），ID 692（距离99.7px），ID 693（距离11.4px），ID 694（距离86.8p
17:45:26 [INFO]   步骤 3：调用 compare_appearances({'track_id': 699, 'frame_ids': [189, 203]})
17:45:26 [INFO]   工具结果：轨迹 699：帧189 vs 帧203，外观基本一致，非 ID 切换
17:45:27 [INFO]   步骤 4：调用 replay_segment({'start_frame': 189, 'end_frame': 203})
17:45:27 [INFO]   工具结果：轨迹 699 帧 189-203，原始 2 帧，展示 2 帧（步长 1）
17:45:28 [INFO]   步骤 5：调用 check_nearby_tracks({'track_id': 699, 'frame_range': [189, 203]})
17:45:28 [INFO]   工具结果：帧 196 轨迹 699 附近（150px）：发现 17 个附近轨迹：ID 690（距离72.9px），ID 692（距离99.7px），ID 693（距离11.4px），ID 694（距离86.8p
17:45:29 [INFO]   步骤 6：调用 compare_appearances({'track_id': 699, 'frame_ids': [189, 203]})
17:45:29 [INFO]   工具结果：轨迹 699：帧189 vs 帧203，外观基本一致，非 ID 切换
17:45:29 [WARNING] 轨迹 699 达到最大调查步数，使用初始判断
17:45:29 [INFO]   → 确认：调查步数耗尽，沿用阶段一结论：目标在第189帧到第203帧间中断，消失超过5帧。
17:45:29 [INFO] [10/22] 调查轨迹 700
17:45:29 [INFO] 开始调查轨迹 700（drift）
17:45:30 [INFO]   步骤 1：调用 replay_segment({'start_frame': 314, 'end_frame': 375})
17:45:30 [INFO]   工具结果：轨迹 700 帧 314-375，原始 31 帧，展示 31 帧（步长 2）
17:45:30 [INFO]   步骤 2：调用 check_nearby_tracks({'frame_ids': [314, 375]})
17:45:30 [INFO]   工具结果：帧 314 轨迹 700 附近（150px）：发现 19 个附近轨迹：ID 690（距离52.9px），ID 691（距离102.0px），ID 692（距离27.8px），ID 694（距离122.
17:45:31 [INFO]   步骤 3：调用 compare_appearances({'frame_ids': [314, 375]})
17:45:31 [INFO]   工具结果：轨迹 700：帧314 vs 帧375，外观基本一致，非 ID 切换
17:45:32 [INFO]   步骤 4：调用 replay_segment({'start_frame': 314, 'end_frame': 375})
17:45:32 [INFO]   工具结果：轨迹 700 帧 314-375，原始 31 帧，展示 31 帧（步长 2）
17:45:34 [INFO]   步骤 5：调用 check_nearby_tracks({'frame_ids': [314, 375]})
17:45:34 [INFO]   工具结果：帧 314 轨迹 700 附近（150px）：发现 19 个附近轨迹：ID 690（距离52.9px），ID 691（距离102.0px），ID 692（距离27.8px），ID 694（距离122.
17:45:35 [INFO]   步骤 6：调用 compare_appearances({'frame_ids': [314, 375]})
17:45:35 [INFO]   工具结果：轨迹 700：帧314 vs 帧375，外观基本一致，非 ID 切换
17:45:35 [WARNING] 轨迹 700 达到最大调查步数，使用初始判断
17:45:35 [INFO]   → 确认：调查步数耗尽，沿用阶段一结论：最大位移54.56，表明目标位置有异常跳变。
17:45:35 [INFO] [11/22] 调查轨迹 701
17:45:35 [INFO] 开始调查轨迹 701（drift）
17:45:36 [INFO]   步骤 1：调用 replay_segment({'start_frame': 722, 'end_frame': 722})
17:45:36 [INFO]   工具结果：轨迹 701 帧 722-722，原始 1 帧，展示 1 帧（步长 1）
17:45:36 [INFO]   步骤 2：调用 check_nearby_tracks({'frame_id': 722})
17:45:36 [INFO]   工具结果：帧 722 轨迹 701 附近（150px）：发现 18 个附近轨迹：ID 690（距离83.9px），ID 691（距离88.0px），ID 692（距离41.9px），ID 696（距离102.1
17:45:38 [INFO]   步骤 3：调用 compare_appearances({'frame_id': 722, 'target_track_id': 701, 'reference_track_id': 698})
17:45:38 [INFO]   工具结果：轨迹 701：帧722 vs 帧723，外观基本一致，非 ID 切换
17:45:38 [INFO]   步骤 4：调用 replay_segment({'start_frame': 722, 'end_frame': 723})
17:45:38 [INFO]   工具结果：轨迹 701 帧 722-723，原始 1 帧，展示 1 帧（步长 1）
17:45:39 [INFO]   步骤 5：调用 check_nearby_tracks({'frame_id': 723})
17:45:39 [INFO]   工具结果：帧 723 轨迹 701 附近（150px）：发现 17 个附近轨迹：ID 690（距离83.9px），ID 691（距离88.0px），ID 692（距离41.9px），ID 696（距离102.1
17:45:41 [INFO]   步骤 6：调用 compare_appearances({'frame_id': 723, 'target_track_id': 701, 'reference_track_id': 698})
17:45:41 [INFO]   工具结果：轨迹 701：帧723 vs 帧724，外观基本一致，非 ID 切换
17:45:41 [WARNING] 轨迹 701 达到最大调查步数，使用初始判断
17:45:41 [INFO]   → 确认：调查步数耗尽，沿用阶段一结论：最大位移帧722处目标位置异常跳变
17:45:41 [INFO] [12/22] 调查轨迹 703
17:45:41 [INFO] 开始调查轨迹 703（drift）
17:45:41 [INFO]   步骤 1：调用 replay_segment({'start_frame': 443, 'end_frame': 443})
17:45:41 [INFO]   工具结果：轨迹 703 帧 443-443，原始 1 帧，展示 1 帧（步长 1）
17:45:42 [INFO]   步骤 2：调用 check_nearby_tracks({'track_id': 703, 'frame_range': [442, 444]})
17:45:42 [INFO]   工具结果：帧 443 轨迹 703 附近（150px）：发现 17 个附近轨迹：ID 690（距离47.7px），ID 692（距离118.3px），ID 694（距离71.7px），ID 695（距离146.
17:45:43 [INFO]   步骤 3：调用 compare_appearances({'frame_id': 443, 'track_id': 703, 'reference_frame_id': 442, 'reference_track_id': 703})
17:45:43 [INFO]   工具结果：轨迹 703：帧442 vs 帧443，外观基本一致，非 ID 切换
17:45:45 [INFO]   步骤 4：调用 replay_segment({'start_frame': 442, 'end_frame': 444})
17:45:45 [INFO]   工具结果：轨迹 703 帧 442-444，原始 3 帧，展示 3 帧（步长 1）
17:45:46 [INFO]   步骤 5：调用 check_nearby_tracks({'track_id': 703, 'frame_range': [442, 444]})
17:45:46 [INFO]   工具结果：帧 443 轨迹 703 附近（150px）：发现 17 个附近轨迹：ID 690（距离47.7px），ID 692（距离118.3px），ID 694（距离71.7px），ID 695（距离146.
17:45:47 [INFO]   步骤 6：调用 replay_segment({'start_frame': 442, 'end_frame': 444})
17:45:47 [INFO]   工具结果：轨迹 703 帧 442-444，原始 3 帧，展示 3 帧（步长 1）
17:45:47 [WARNING] 轨迹 703 达到最大调查步数，使用初始判断
17:45:47 [INFO]   → 确认：调查步数耗尽，沿用阶段一结论：最大位移发生在第443帧，位置异常跳变。
17:45:47 [INFO] [13/22] 调查轨迹 704
17:45:47 [INFO] 开始调查轨迹 704（miss）
17:45:48 [INFO]   步骤 1：调用 replay_segment({'start_frame': 441, 'end_frame': 448})
17:45:48 [INFO]   工具结果：轨迹 704 帧 441-448，原始 2 帧，展示 2 帧（步长 1）
17:45:49 [INFO]   步骤 2：调用 check_nearby_tracks({'frame_id': 441, 'radius': 10})
17:45:49 [INFO]   工具结果：帧 441 轨迹 704 附近（10px）：附近无其他轨迹
17:45:49 [INFO]   步骤 3：调用 replay_segment({'start_frame': 448, 'end_frame': 455})
17:45:49 [INFO]   工具结果：轨迹 704 帧 448-455，原始 5 帧，展示 5 帧（步长 1）
17:45:50 [INFO]   步骤 4：调用 check_nearby_tracks({'frame_id': 448, 'radius': 10})
17:45:50 [INFO]   工具结果：帧 448 轨迹 704 附近（10px）：附近无其他轨迹
17:45:51 [INFO]   步骤 5：调用 replay_segment({'start_frame': 455, 'end_frame': 462})
17:45:51 [INFO]   工具结果：轨迹 704 在帧 455-462 内无数据
17:45:52 [INFO]   步骤 6：调用 replay_segment({'start_frame': 462, 'end_frame': 469})
17:45:52 [INFO]   工具结果：轨迹 704 帧 462-469，原始 4 帧，展示 4 帧（步长 1）
17:45:52 [WARNING] 轨迹 704 达到最大调查步数，使用初始判断
17:45:52 [INFO]   → 确认：调查步数耗尽，沿用阶段一结论：目标在第441帧至第448帧间中断，持续7帧。
17:45:52 [INFO] [14/22] 调查轨迹 705
17:45:52 [INFO] 开始调查轨迹 705（drift）
17:45:53 [INFO]   步骤 1：调用 replay_segment({'start_frame': 458, 'end_frame': 619})
17:45:53 [INFO]   工具结果：轨迹 705 帧 458-619，原始 39 帧，展示 32 帧（步长 4）
17:45:54 [INFO]   步骤 2：调用 check_nearby_tracks({'track_id': 705, 'frame_range': [458, 619]})
17:45:54 [INFO]   工具结果：帧 538 轨迹 705 附近（150px）：发现 13 个附近轨迹：ID 690（距离96.4px），ID 694（距离114.7px），ID 695（距离92.9px），ID 696（距离132.
17:45:55 [INFO]   步骤 3：调用 compare_appearances({'frame_id': 538, 'track_id': 705})
17:45:55 [INFO]   工具结果：轨迹 705：帧538 vs 帧539，外观基本一致，非 ID 切换
17:45:56 [INFO]   步骤 4：调用 replay_segment({'start_frame': 538, 'end_frame': 542})
17:45:56 [INFO]   工具结果：轨迹 705 帧 538-542，原始 5 帧，展示 5 帧（步长 1）
17:45:58 [INFO]   步骤 5：调用 check_nearby_tracks({'track_id': 705, 'frame_range': [538, 542]})
17:45:58 [INFO]   工具结果：帧 540 轨迹 705 附近（150px）：发现 14 个附近轨迹：ID 690（距离95.6px），ID 691（距离149.4px），ID 694（距离121.9px），ID 695（距离93.
17:46:00 [INFO]   步骤 6：调用 compare_appearances({'frame_id': 540, 'track_id': 705})
17:46:00 [INFO]   工具结果：轨迹 705：帧540 vs 帧541，外观基本一致，非 ID 切换
17:46:00 [WARNING] 轨迹 705 达到最大调查步数，使用初始判断
17:46:00 [INFO]   → 确认：调查步数耗尽，沿用阶段一结论：最大位移较大，且存在跳跃帧，表明目标位置异常。
17:46:00 [INFO] [15/22] 调查轨迹 706
17:46:00 [INFO] 开始调查轨迹 706（miss）
17:46:00 [INFO]   步骤 1：调用 replay_segment({'start_frame': 501, 'end_frame': 511})
17:46:00 [INFO]   工具结果：轨迹 706 帧 501-511，原始 2 帧，展示 2 帧（步长 1）
17:46:01 [INFO]   步骤 2：调用 check_nearby_tracks({'frame_id': 501, 'radius': 10})
17:46:01 [INFO]   工具结果：帧 501 轨迹 706 附近（10px）：附近无其他轨迹
17:46:08 [INFO]   步骤 3：调用 check_nearby_tracks({'frame_id': 511, 'radius': 10})
17:46:08 [INFO]   工具结果：帧 511 轨迹 706 附近（10px）：发现 1 个附近轨迹：ID 699（距离9.9px）
17:46:09 [INFO]   步骤 4：调用 compare_appearances({'frame_id': 501, 'target_id': 706, 'reference_id': 699})
17:46:09 [INFO]   工具结果：轨迹 706：帧501 vs 帧502，外观基本一致，非 ID 切换
17:46:10 [INFO]   步骤 5：调用 compare_appearances({'frame_id': 511, 'target_id': 706, 'reference_id': 699})
17:46:10 [INFO]   工具结果：轨迹 706：帧511 vs 帧512，外观基本一致，非 ID 切换
17:46:11 [INFO]   步骤 6：调用 replay_segment({'start_frame': 511, 'end_frame': 512})
17:46:11 [INFO]   工具结果：轨迹 706 帧 511-512，原始 1 帧，展示 1 帧（步长 1）
17:46:11 [WARNING] 轨迹 706 达到最大调查步数，使用初始判断
17:46:11 [INFO]   → 确认：调查步数耗尽，沿用阶段一结论：目标在第501帧至第511帧间中断，消失超过5帧。
17:46:11 [INFO] [16/22] 调查轨迹 707
17:46:11 [INFO] 开始调查轨迹 707（drift）
17:46:12 [INFO]   步骤 1：调用 replay_segment({'start_frame': 738, 'end_frame': 765})
17:46:12 [INFO]   工具结果：轨迹 707 帧 738-765，原始 24 帧，展示 24 帧（步长 1）
17:46:13 [INFO]   步骤 2：调用 check_nearby_tracks({'start_frame': 738, 'end_frame': 765})
17:46:13 [INFO]   工具结果：缺少 frame_id/track_id
17:46:14 [INFO]   步骤 3：调用 zoom_region({'frame_id': 748, 'region': [738, 765]})
17:46:14 [INFO]   工具结果：轨迹 707 第 748 帧放大 3.0x，已锐化
17:46:15 [INFO]   步骤 4：调用 compare_appearances({'frame_id_1': 748, 'frame_id_2': 752})
17:46:15 [INFO]   工具结果：轨迹 707：帧748 vs 帧752，外观基本一致，非 ID 切换
17:46:16 [INFO]   步骤 5：调用 replay_segment({'start_frame': 748, 'end_frame': 752})
17:46:16 [INFO]   工具结果：轨迹 707 帧 748-752，原始 3 帧，展示 3 帧（步长 1）
17:46:17 [INFO]   步骤 6：调用 check_nearby_tracks({'start_frame': 748, 'end_frame': 752})
17:46:17 [INFO]   工具结果：缺少 frame_id/track_id
17:46:17 [WARNING] 轨迹 707 达到最大调查步数，使用初始判断
17:46:17 [INFO]   → 确认：调查步数耗尽，沿用阶段一结论：目标在738至765帧间位置异常跳变，不符合运动规律。
17:46:17 [INFO] [17/22] 调查轨迹 708
17:46:17 [INFO] 开始调查轨迹 708（miss）
17:46:18 [INFO]   步骤 1：调用 replay_segment({'start_frame': 724, 'end_frame': 731})
17:46:18 [INFO]   工具结果：轨迹 708 帧 724-731，原始 2 帧，展示 2 帧（步长 1）
17:46:18 [INFO]   步骤 2：调用 check_nearby_tracks({'frame_id': 724, 'radius': 10})
17:46:18 [INFO]   工具结果：帧 724 轨迹 708 附近（10px）：发现 1 个附近轨迹：ID 696（距离6.5px）
17:46:19 [INFO]   步骤 3：调用 check_nearby_tracks({'frame_id': 731, 'radius': 10})
17:46:19 [INFO]   工具结果：帧 731 轨迹 708 附近（10px）：发现 1 个附近轨迹：ID 696（距离5.2px）
17:46:20 [INFO]   步骤 4：调用 compare_appearances({'frame_id': 724, 'target_id': 708, 'reference_id': 708, 'offset': 0})
17:46:20 [INFO]   工具结果：轨迹 708：帧724 vs 帧725，外观基本一致，非 ID 切换
17:46:22 [INFO]   步骤 5：调用 compare_appearances({'frame_id': 725, 'target_id': 708, 'reference_id': 708, 'offset': 0})
17:46:22 [INFO]   工具结果：轨迹 708：帧725 vs 帧726，外观基本一致，非 ID 切换
17:46:23 [INFO]   步骤 6：调用 compare_appearances({'frame_id': 726, 'target_id': 708, 'reference_id': 708, 'offset': 0})
17:46:23 [INFO]   工具结果：轨迹 708：帧726 vs 帧727，外观基本一致，非 ID 切换
17:46:23 [WARNING] 轨迹 708 达到最大调查步数，使用初始判断
17:46:23 [INFO]   → 确认：调查步数耗尽，沿用阶段一结论：轨迹中断，目标在724帧至731帧间消失
17:46:23 [INFO] [18/22] 调查轨迹 709
17:46:23 [INFO] 开始调查轨迹 709（drift）
17:46:24 [INFO]   步骤 1：调用 replay_segment({'start_frame': 964, 'end_frame': 966})
17:46:24 [INFO]   工具结果：轨迹 709 帧 964-966，原始 3 帧，展示 3 帧（步长 1）
17:46:25 [INFO]   步骤 2：调用 zoom_region({'frame_id': 965, 'region': [200, 200, 100, 100]})
17:46:25 [INFO]   工具结果：轨迹 709 第 965 帧放大 3.0x，已锐化
17:46:26 [INFO]   步骤 3：调用 check_nearby_tracks({'frame_id': 965, 'radius': 50})
17:46:26 [INFO]   工具结果：帧 965 轨迹 709 附近（50px）：发现 3 个附近轨迹：ID 702（距离4.2px），ID 703（距离45.5px），ID 707（距离23.6px）
17:46:27 [INFO]   步骤 4：调用 compare_appearances({'frame_id': 964, 'target_id': 709, 'reference_id': 702})
17:46:27 [INFO]   工具结果：轨迹 709：帧964 vs 帧965，外观基本一致，非 ID 切换
17:46:28 [INFO]   步骤 5：调用 compare_appearances({'frame_id': 964, 'target_id': 709, 'reference_id': 703})
17:46:28 [INFO]   工具结果：轨迹 709：帧964 vs 帧965，外观基本一致，非 ID 切换
17:46:29 [INFO]   步骤 6：调用 compare_appearances({'frame_id': 964, 'target_id': 709, 'reference_id': 707})
17:46:29 [INFO]   工具结果：轨迹 709：帧964 vs 帧965，外观基本一致，非 ID 切换
17:46:29 [WARNING] 轨迹 709 达到最大调查步数，使用初始判断
17:46:29 [INFO]   → 确认：调查步数耗尽，沿用阶段一结论：最大位移发生在第965帧，位置异常跳变。
17:46:29 [INFO] [19/22] 调查轨迹 710
17:46:29 [INFO] 开始调查轨迹 710（drift）
17:46:30 [INFO]   步骤 1：调用 replay_segment({'start_frame': 896, 'end_frame': 925})
17:46:30 [INFO]   工具结果：轨迹 710 帧 896-925，原始 25 帧，展示 25 帧（步长 1）
17:46:31 [INFO]   步骤 2：调用 check_nearby_tracks({'start_frame': 896, 'end_frame': 925})
17:46:31 [INFO]   工具结果：缺少 frame_id/track_id
17:46:32 [INFO]   步骤 3：调用 compare_appearances({'frame_id': 909, 'track_id': 710})
17:46:32 [INFO]   工具结果：轨迹 710：帧909 vs 帧910，外观基本一致，非 ID 切换
17:46:33 [INFO]   步骤 4：调用 zoom_region({'frame_id': 909, 'region': [250, 200, 300, 250], 'track_id': 710})
17:46:33 [INFO]   工具结果：轨迹 710 第 909 帧放大 3.0x，已锐化
17:46:34 [INFO]   步骤 5：调用 replay_segment({'start_frame': 909, 'end_frame': 910})
17:46:34 [INFO]   工具结果：轨迹 710 帧 909-910，原始 2 帧，展示 2 帧（步长 1）
17:46:36 [INFO]   步骤 6：调用 check_nearby_tracks({'start_frame': 909, 'end_frame': 910})
17:46:36 [INFO]   工具结果：缺少 frame_id/track_id
17:46:36 [WARNING] 轨迹 710 达到最大调查步数，使用初始判断
17:46:36 [INFO]   → 确认：调查步数耗尽，沿用阶段一结论：最大位移较大，且在第909帧出现异常跳变。
17:46:36 [INFO] [20/22] 调查轨迹 711
17:46:36 [INFO] 开始调查轨迹 711（drift）
17:46:36 [INFO]   步骤 1：调用 replay_segment({'start_frame': 955, 'end_frame': 1162})
17:46:36 [INFO]   工具结果：轨迹 711 帧 955-1162，原始 35 帧，展示 32 帧（步长 5）
17:46:37 [INFO]   步骤 2：调用 check_nearby_tracks({'start_frame': 955, 'end_frame': 1162})
17:46:37 [INFO]   工具结果：缺少 frame_id/track_id
17:46:38 [INFO]   步骤 3：调用 compare_appearances({'frame_id': 965, 'track_id': 711})
17:46:38 [INFO]   工具结果：轨迹 711：帧965 vs 帧966，外观基本一致，非 ID 切换
17:46:39 [INFO]   步骤 4：调用 zoom_region({'frame_id': 965, 'region': [200, 100, 300, 150], 'track_id': 711})
17:46:39 [INFO]   工具结果：轨迹 711 第 965 帧放大 3.0x，已锐化
17:46:41 [INFO]   步骤 5：调用 replay_segment({'start_frame': 955, 'end_frame': 1162})
17:46:41 [INFO]   工具结果：轨迹 711 帧 955-1162，原始 35 帧，展示 32 帧（步长 5）
17:46:42 [INFO]   步骤 6：调用 check_nearby_tracks({'start_frame': 955, 'end_frame': 1162})
17:46:42 [INFO]   工具结果：缺少 frame_id/track_id
17:46:42 [WARNING] 轨迹 711 达到最大调查步数，使用初始判断
17:46:42 [INFO]   → 确认：调查步数耗尽，沿用阶段一结论：最大位移较大，且存在跳跃帧
17:46:42 [INFO] [21/22] 调查轨迹 712
17:46:42 [INFO] 开始调查轨迹 712（drift）
17:46:43 [INFO]   步骤 1：调用 replay_segment({'start_frame': 976, 'end_frame': 1164})
17:46:43 [INFO]   工具结果：轨迹 712 帧 976-1164，原始 48 帧，展示 32 帧（步长 4）
17:46:44 [INFO]   步骤 2：调用 check_nearby_tracks({'track_id': 712, 'frame_range': [976, 1164]})
17:46:44 [INFO]   工具结果：帧 1070 轨迹 712 附近（150px）：发现 16 个附近轨迹：ID 690（距离43.8px），ID 691（距离49.9px），ID 696（距离71.8px），ID 698（距离47.3
17:46:45 [INFO]   步骤 3：调用 compare_appearances({'frame_id': 1067, 'track_id': 712})
17:46:45 [INFO]   工具结果：轨迹 712：帧1067 vs 帧1068，外观基本一致，非 ID 切换
17:46:47 [INFO]   步骤 4：调用 zoom_region({'frame_id': 1067, 'region': [200, 100, 250, 150], 'track_id': 712})
17:46:47 [INFO]   工具结果：轨迹 712 第 1067 帧放大 3.0x，已锐化
17:46:48 [INFO]   步骤 5：调用 replay_segment({'start_frame': 1067, 'end_frame': 1072})
17:46:48 [INFO]   工具结果：轨迹 712 帧 1067-1072，原始 6 帧，展示 6 帧（步长 1）
17:46:50 [INFO]   步骤 6：调用 replay_segment({'start_frame': 1072, 'end_frame': 1084})
17:46:50 [INFO]   工具结果：轨迹 712 帧 1072-1084，原始 13 帧，展示 13 帧（步长 1）
17:46:50 [WARNING] 轨迹 712 达到最大调查步数，使用初始判断
17:46:50 [INFO]   → 确认：调查步数耗尽，沿用阶段一结论：最大位移25.96帧内出现，表明存在异常跳变。
17:46:50 [INFO] [22/22] 调查轨迹 713
17:46:50 [INFO] 开始调查轨迹 713（drift）
17:46:51 [INFO]   步骤 1：调用 replay_segment({'start_frame': 1165, 'end_frame': 1198})
17:46:51 [INFO]   工具结果：轨迹 713 帧 1165-1198，原始 34 帧，展示 32 帧（步长 1）
17:46:52 [INFO]   步骤 2：调用 check_nearby_tracks({'track_id': 713, 'frame_range': [1165, 1198]})
17:46:52 [INFO]   工具结果：帧 1181 轨迹 713 附近（150px）：发现 18 个附近轨迹：ID 690（距离38.3px），ID 691（距离30.1px），ID 693（距离123.9px），ID 696（距离88.
17:46:53 [INFO]   步骤 3：调用 compare_appearances({'frame_id': 1165, 'target_track_id': 713, 'reference_track_id': 713, 'frame_range': [1165, 1198]})
17:46:53 [INFO]   工具结果：轨迹 713：帧1165 vs 帧1198，外观基本一致，非 ID 切换
17:46:54 [INFO]   步骤 4：调用 replay_segment({'start_frame': 1165, 'end_frame': 1198})
17:46:54 [INFO]   工具结果：轨迹 713 帧 1165-1198，原始 34 帧，展示 32 帧（步长 1）
17:46:56 [INFO]   步骤 5：调用 check_nearby_tracks({'track_id': 713, 'frame_range': [1165, 1198]})
17:46:56 [INFO]   工具结果：帧 1181 轨迹 713 附近（150px）：发现 18 个附近轨迹：ID 690（距离38.3px），ID 691（距离30.1px），ID 693（距离123.9px），ID 696（距离88.
17:46:58 [INFO]   步骤 6：调用 compare_appearances({'frame_id': 1165, 'target_track_id': 713, 'reference_track_id': 713, 'frame_range': [1165, 1198]})
17:46:58 [INFO]   工具结果：轨迹 713：帧1165 vs 帧1198，外观基本一致，非 ID 切换
17:46:58 [WARNING] 轨迹 713 达到最大调查步数，使用初始判断
17:46:58 [INFO]   → 确认：调查步数耗尽，沿用阶段一结论：目标在1165帧至1198帧间位置异常跳变，不符合运动规律。
17:46:58 [INFO] ========================================
17:46:58 [INFO] [dancetrack0009] 阶段三：轨迹修正
17:46:58 [INFO] ========================================
17:46:58 [INFO] 正在分析轨迹 694（长度 1142 帧）...
17:47:00 [INFO] 修正回滚：track=694 type=drift
17:47:00 [INFO] 正在分析轨迹 695（长度 280 帧）...
17:47:01 [INFO] 修正生效：track=695 type=drift frames=204-204
17:47:01 [INFO] 修正跳过/失败：track=699 type=miss detail=缺少前后锚点，无法插值补全
17:47:01 [INFO] 正在分析轨迹 701（长度 606 帧）...
17:47:03 [INFO] 修正回滚：track=701 type=drift
17:47:03 [INFO] 正在分析轨迹 703（长度 72 帧）...
17:47:11 [INFO] 修正回滚：track=703 type=drift
17:47:11 [INFO] 正在分析轨迹 704（长度 711 帧）...
17:47:13 [INFO] 修正生效：track=704 type=miss frames=441-448
17:47:13 [INFO] 修正跳过/失败：track=706 type=miss detail=缺少前后锚点，无法插值补全
17:47:13 [INFO] 正在分析轨迹 709（长度 78 帧）...
17:47:14 [INFO] 修正回滚：track=709 type=drift
17:47:14 [INFO] [dancetrack0009] 修正后 MOT 已保存至 /public/home/lyh_npu/code/PostMOT/corrected_mot/dancetrack0009.txt
17:47:14 [INFO] [dancetrack0009] 报告已保存至 /public/home/lyh_npu/code/PostMOT/pipeline_report_batch_seq_reports/dancetrack0009.json
17:47:14 [INFO] [3/35] 处理序列 dancetrack0011
17:47:50 [INFO] 加载轨迹 18 条
17:47:50 [INFO] ========================================
17:47:50 [INFO] [dancetrack0011] 阶段一：VLM 轨迹巡检
17:47:50 [INFO] ========================================
17:47:50 [INFO] 正在分析轨迹 499（长度 170 帧）...
17:47:52 [INFO] [可疑] 轨迹 499 — drift 置信度 0.80：最大位移较大，存在异常跳变
17:47:52 [INFO] 正在分析轨迹 500（长度 331 帧）...
17:47:53 [INFO] [可疑] 轨迹 500 — drift 置信度 0.80：最大位移发生在第310帧，位置异常跳变。
17:47:53 [INFO] 正在分析轨迹 501（长度 320 帧）...
17:47:54 [INFO] [可疑] 轨迹 501 — drift 置信度 0.80：最大位移较大，存在异常跳变。
17:47:54 [INFO] 正在分析轨迹 502（长度 507 帧）...
17:47:56 [INFO] [可疑] 轨迹 502 — drift 置信度 0.80：目标在第347帧后位置异常跳变，最大位移达185.38。
17:47:56 [INFO] 正在分析轨迹 503（长度 316 帧）...
17:47:57 [INFO] [可疑] 轨迹 503 — drift 置信度 0.80：最大位移较大，存在异常跳变。
17:47:57 [INFO] 正在分析轨迹 504（长度 167 帧）...
17:47:59 [INFO] [可疑] 轨迹 504 — drift 置信度 0.80：最大位移较大，且在第154帧出现异常跳变。
17:47:59 [INFO] 正在分析轨迹 505（长度 1010 帧）...
17:48:01 [INFO] [可疑] 轨迹 505 — drift 置信度 0.80：最大位移200.59帧内有异常跳变，不符合运动规律。
17:48:01 [INFO] 正在分析轨迹 507（长度 9 帧）...
17:48:02 [INFO] 正在分析轨迹 508（长度 25 帧）...
17:48:04 [INFO] [可疑] 轨迹 508 — drift 置信度 0.80：最大位移为55.22，表明目标位置有异常跳变。
17:48:04 [INFO] 正在分析轨迹 509（长度 239 帧）...
17:48:05 [INFO] [可疑] 轨迹 509 — drift 置信度 0.80：最大位移136.9，表明目标位置有异常跳变。
17:48:05 [INFO] 正在分析轨迹 510（长度 845 帧）...
17:48:07 [INFO] [可疑] 轨迹 510 — drift 置信度 0.80：最大位移达到195.74，表明存在显著位置跳变。
17:48:07 [INFO] 正在分析轨迹 512（长度 796 帧）...
17:48:15 [INFO] [可疑] 轨迹 512 — drift 置信度 0.80：最大位移183.16，表明存在显著位置跳变。
17:48:15 [INFO] 正在分析轨迹 513（长度 301 帧）...
17:48:16 [INFO] [可疑] 轨迹 513 — drift 置信度 0.80：最大位移较大，存在异常跳变。
17:48:16 [INFO] 正在分析轨迹 514（长度 568 帧）...
17:48:18 [INFO] [可疑] 轨迹 514 — drift 置信度 0.80：最大位移199.4帧内有异常跳变
17:48:18 [INFO] 正在分析轨迹 515（长度 552 帧）...
17:48:19 [INFO] [可疑] 轨迹 515 — drift 置信度 0.80：最大位移202.01，表明存在显著位置跳变。
17:48:19 [INFO] 正在分析轨迹 516（长度 397 帧）...
17:48:21 [INFO] [可疑] 轨迹 516 — miss 置信度 0.80：轨迹在多个帧内中断，可能存在漏检。
17:48:21 [INFO] [dancetrack0011] 阶段一完成：15 条可疑轨迹，已保存至 /public/home/lyh_npu/code/PostMOT/pipeline_report_batch_seq_reports/dancetrack0011_stage1.json
17:48:21 [INFO] ========================================
17:48:21 [INFO] [dancetrack0011] 阶段二：LLM 工具调用调查
17:48:21 [INFO] ========================================
17:48:21 [INFO] [1/15] 调查轨迹 499
17:48:21 [INFO] 开始调查轨迹 499（drift）
17:48:22 [INFO]   步骤 1：调用 replay_segment({'track_id': 499, 'start_frame': 1, 'end_frame': 170})
17:48:22 [INFO]   工具结果：轨迹 499 帧 1-170，原始 43 帧，展示 32 帧（步长 4）
17:48:23 [INFO]   步骤 2：调用 check_nearby_tracks({'track_id': 499, 'start_frame': 1, 'end_frame': 170})
17:48:23 [INFO]   工具结果：缺少 frame_id/track_id
17:48:24 [INFO]   步骤 3：调用 replay_segment({'track_id': 499, 'start_frame': 1, 'end_frame': 170})
17:48:24 [INFO]   工具结果：轨迹 499 帧 1-170，原始 43 帧，展示 32 帧（步长 4）
17:48:26 [INFO]   步骤 4：调用 zoom_region({'frame_id': 33, 'track_id': 499, 'region': [536, 536, 584, 584]})
17:48:26 [INFO]   工具结果：轨迹 499 第 33 帧放大 3.0x，已锐化
17:48:28 [INFO]   步骤 5：调用 compare_appearances({'frame_id_1': 33, 'frame_id_2': 35, 'track_id': 499})
17:48:28 [INFO]   工具结果：轨迹 499：帧33 vs 帧35，外观基本一致，非 ID 切换
17:48:30 [INFO]   步骤 6：调用 replay_segment({'track_id': 499, 'start_frame': 33, 'end_frame': 35})
17:48:30 [INFO]   工具结果：轨迹 499 帧 33-35，原始 3 帧，展示 3 帧（步长 1）
17:48:30 [WARNING] 轨迹 499 达到最大调查步数，使用初始判断
17:48:30 [INFO]   → 确认：调查步数耗尽，沿用阶段一结论：最大位移较大，存在异常跳变
17:48:30 [INFO] [2/15] 调查轨迹 500
17:48:30 [INFO] 开始调查轨迹 500（drift）
17:48:30 [INFO]   步骤 1：调用 replay_segment({'start_frame': 309, 'end_frame': 312})
17:48:30 [INFO]   工具结果：轨迹 500 帧 309-312，原始 4 帧，展示 4 帧（步长 1）
17:48:31 [INFO]   步骤 2：调用 check_nearby_tracks({'track_id': 500, 'frame_range': [309, 312]})
17:48:31 [INFO]   工具结果：帧 310 轨迹 500 附近（150px）：附近无其他轨迹
17:48:32 [INFO]   步骤 3：调用 replay_segment({'start_frame': 309, 'end_frame': 312})
17:48:32 [INFO]   工具结果：轨迹 500 帧 309-312，原始 4 帧，展示 4 帧（步长 1）
17:48:34 [INFO]   步骤 4：调用 zoom_region({'frame_id': 310, 'region': [175, 45, 235, 165]})
17:48:34 [INFO]   工具结果：轨迹 500 第 310 帧放大 3.0x，已锐化
17:48:35 [INFO]   步骤 5：调用 compare_appearances({'frame_id_1': 309, 'frame_id_2': 310})
17:48:35 [INFO]   工具结果：轨迹 500：帧309 vs 帧310，外观基本一致，非 ID 切换
17:48:37 [INFO]   步骤 6：调用 replay_segment({'start_frame': 309, 'end_frame': 312})
17:48:37 [INFO]   工具结果：轨迹 500 帧 309-312，原始 4 帧，展示 4 帧（步长 1）
17:48:37 [WARNING] 轨迹 500 达到最大调查步数，使用初始判断
17:48:37 [INFO]   → 确认：调查步数耗尽，沿用阶段一结论：最大位移发生在第310帧，位置异常跳变。
17:48:37 [INFO] [3/15] 调查轨迹 501
17:48:37 [INFO] 开始调查轨迹 501（drift）
17:48:37 [INFO]   步骤 1：调用 replay_segment({'track_id': 501, 'start_frame': 1, 'end_frame': 320})
17:48:37 [INFO]   工具结果：轨迹 501 帧 1-320，原始 46 帧，展示 32 帧（步长 7）
17:48:38 [INFO]   步骤 2：调用 check_nearby_tracks({'track_id': 501, 'start_frame': 1, 'end_frame': 320})
17:48:38 [INFO]   工具结果：缺少 frame_id/track_id
17:48:39 [INFO]   步骤 3：调用 replay_segment({'track_id': 501, 'start_frame': 164, 'end_frame': 164})
17:48:39 [INFO]   工具结果：轨迹 501 帧 164-164，原始 1 帧，展示 1 帧（步长 1）
17:48:41 [INFO]   步骤 4：调用 zoom_region({'track_id': 501, 'frame_id': 164, 'region': [100, 100, 200, 200]})
17:48:41 [INFO]   工具结果：轨迹 501 第 164 帧放大 3.0x，已锐化
17:48:42 [INFO]   步骤 5：调用 replay_segment({'track_id': 501, 'start_frame': 163, 'end_frame': 165})
17:48:42 [INFO]   工具结果：轨迹 501 帧 163-165，原始 3 帧，展示 3 帧（步长 1）
17:48:44 [INFO]   步骤 6：调用 compare_appearances({'track_id': 501, 'frame_ids': [163, 164, 165]})
17:48:44 [INFO]   工具结果：轨迹 501：帧163 vs 帧165，外观基本一致，非 ID 切换
17:48:44 [WARNING] 轨迹 501 达到最大调查步数，使用初始判断
17:48:44 [INFO]   → 确认：调查步数耗尽，沿用阶段一结论：最大位移较大，存在异常跳变。
17:48:44 [INFO] [4/15] 调查轨迹 502
17:48:44 [INFO] 开始调查轨迹 502（drift）
17:48:44 [INFO]   步骤 1：调用 replay_segment({'start_frame': 347, 'end_frame': 481})
17:48:44 [INFO]   工具结果：轨迹 502 帧 347-481，原始 45 帧，展示 32 帧（步长 3）
17:48:45 [INFO]   步骤 2：调用 check_nearby_tracks({'track_id': 502, 'frame_range': [347, 481]})
17:48:45 [INFO]   工具结果：帧 414 轨迹 502 附近（150px）：发现 2 个附近轨迹：ID 508（距离77.9px），ID 509（距离135.2px）
17:48:47 [INFO]   步骤 3：调用 replay_segment({'start_frame': 347, 'end_frame': 481})
17:48:47 [INFO]   工具结果：轨迹 502 帧 347-481，原始 45 帧，展示 32 帧（步长 3）
17:48:48 [INFO]   步骤 4：调用 zoom_region({'frame_id': 347, 'region': [300, 100, 400, 200]})
17:48:48 [INFO]   工具结果：轨迹 502 第 347 帧放大 3.0x，已锐化
17:48:50 [INFO]   步骤 5：调用 compare_appearances({'frame_id_1': 347, 'frame_id_2': 350})
17:48:50 [INFO]   工具结果：轨迹 502：帧347 vs 帧350，外观基本一致，非 ID 切换
17:48:52 [INFO]   步骤 6：调用 replay_segment({'start_frame': 347, 'end_frame': 350})
17:48:52 [INFO]   工具结果：轨迹 502 帧 347-350，原始 4 帧，展示 4 帧（步长 1）
17:48:52 [WARNING] 轨迹 502 达到最大调查步数，使用初始判断
17:48:52 [INFO]   → 确认：调查步数耗尽，沿用阶段一结论：目标在第347帧后位置异常跳变，最大位移达185.38。
17:48:52 [INFO] [5/15] 调查轨迹 503
17:48:52 [INFO] 开始调查轨迹 503（drift）
17:48:53 [INFO]   步骤 1：调用 replay_segment({'track_id': 503, 'start_frame': 1, 'end_frame': 318})
17:48:53 [INFO]   工具结果：轨迹 503 帧 1-318，原始 46 帧，展示 32 帧（步长 7）
17:48:54 [INFO]   步骤 2：调用 check_nearby_tracks({'track_id': 503, 'frame_ids': [1, 318]})
17:48:54 [INFO]   工具结果：帧 1 轨迹 503 附近（150px）：发现 1 个附近轨迹：ID 500（距离141.8px）
17:48:55 [INFO]   步骤 3：调用 replay_segment({'track_id': 503, 'start_frame': 1, 'end_frame': 318})
17:48:55 [INFO]   工具结果：轨迹 503 帧 1-318，原始 46 帧，展示 32 帧（步长 7）
17:48:57 [INFO]   步骤 4：调用 zoom_region({'track_id': 503, 'frame_id': 33, 'region': [400, 100, 450, 200]})
17:48:57 [INFO]   工具结果：轨迹 503 第 33 帧放大 3.0x，已锐化
17:49:00 [INFO]   步骤 5：调用 compare_appearances({'track_id': 503, 'frame_ids': [33, 154, 310]})
17:49:00 [INFO]   工具结果：轨迹 503：帧33 vs 帧310，外观基本一致，非 ID 切换
17:49:02 [INFO]   步骤 6：调用 replay_segment({'track_id': 503, 'start_frame': 1, 'end_frame': 318})
17:49:02 [INFO]   工具结果：轨迹 503 帧 1-318，原始 46 帧，展示 32 帧（步长 7）
17:49:02 [WARNING] 轨迹 503 达到最大调查步数，使用初始判断
17:49:02 [INFO]   → 确认：调查步数耗尽，沿用阶段一结论：最大位移较大，存在异常跳变。
17:49:02 [INFO] [6/15] 调查轨迹 504
17:49:02 [INFO] 开始调查轨迹 504（drift）
17:49:03 [INFO]   步骤 1：调用 replay_segment({'track_id': 504, 'start_frame': 1, 'end_frame': 170})
17:49:03 [INFO]   工具结果：轨迹 504 帧 1-170，原始 42 帧，展示 32 帧（步长 4）
17:49:04 [INFO]   步骤 2：调用 check_nearby_tracks({'track_id': 504, 'start_frame': 154, 'end_frame': 154})
17:49:04 [INFO]   工具结果：缺少 frame_id/track_id
17:49:05 [INFO]   步骤 3：调用 zoom_region({'frame_id': 154, 'track_id': 504})
17:49:05 [INFO]   工具结果：轨迹 504 第 154 帧放大 3.0x，已锐化
17:49:06 [INFO]   步骤 4：调用 compare_appearances({'frame_id_1': 153, 'frame_id_2': 154, 'track_id': 504})
17:49:06 [INFO]   工具结果：轨迹 504：帧153 vs 帧154，外观基本一致，非 ID 切换
17:49:07 [INFO]   步骤 5：调用 replay_segment({'track_id': 504, 'start_frame': 153, 'end_frame': 154})
17:49:07 [INFO]   工具结果：轨迹 504 帧 153-154，原始 2 帧，展示 2 帧（步长 1）
17:49:09 [INFO]   步骤 6：调用 check_nearby_tracks({'track_id': 504, 'start_frame': 153, 'end_frame': 154})
17:49:09 [INFO]   工具结果：缺少 frame_id/track_id
17:49:09 [WARNING] 轨迹 504 达到最大调查步数，使用初始判断
17:49:09 [INFO]   → 确认：调查步数耗尽，沿用阶段一结论：最大位移较大，且在第154帧出现异常跳变。
17:49:09 [INFO] [7/15] 调查轨迹 505
17:49:09 [INFO] 开始调查轨迹 505（drift）
17:49:10 [INFO]   步骤 1：调用 replay_segment({'start_frame': 170, 'end_frame': 1203})
17:49:10 [INFO]   工具结果：轨迹 505 帧 170-1203，原始 46 帧，展示 32 帧（步长 22）
17:49:17 [INFO]   步骤 2：调用 check_nearby_tracks({'track_id': 505, 'frame_range': [170, 1203]})
17:49:17 [INFO]   工具结果：帧 686 轨迹 505 附近（150px）：发现 7 个附近轨迹：ID 499（距离130.4px），ID 502（距离31.6px），ID 503（距离144.3px），ID 504（距离129.
17:49:18 [INFO]   步骤 3：调用 compare_appearances({'frame_id': 686, 'track_id': 505})
17:49:18 [INFO]   工具结果：轨迹 505：帧686 vs 帧687，外观基本一致，非 ID 切换
17:49:19 [INFO]   步骤 4：调用 replay_segment({'start_frame': 686, 'end_frame': 687})
17:49:19 [INFO]   工具结果：轨迹 505 帧 686-687，原始 2 帧，展示 2 帧（步长 1）
17:49:20 [INFO]   步骤 5：调用 check_nearby_tracks({'track_id': 505, 'frame_range': [686, 687]})
17:49:20 [INFO]   工具结果：帧 686 轨迹 505 附近（150px）：发现 7 个附近轨迹：ID 499（距离130.4px），ID 502（距离31.6px），ID 503（距离144.3px），ID 504（距离129.
17:49:21 [INFO]   步骤 6：调用 compare_appearances({'frame_id': 686, 'track_id': 505})
17:49:21 [INFO]   工具结果：轨迹 505：帧686 vs 帧687，外观基本一致，非 ID 切换
17:49:21 [WARNING] 轨迹 505 达到最大调查步数，使用初始判断
17:49:21 [INFO]   → 确认：调查步数耗尽，沿用阶段一结论：最大位移200.59帧内有异常跳变，不符合运动规律。
17:49:21 [INFO] [8/15] 调查轨迹 508
17:49:21 [INFO] 开始调查轨迹 508（drift）
17:49:22 [INFO]   步骤 1：调用 replay_segment({'start_frame': 352, 'end_frame': 382})
17:49:22 [INFO]   工具结果：轨迹 508 帧 352-382，原始 25 帧，展示 25 帧（步长 1）
17:49:23 [INFO]   步骤 2：调用 check_nearby_tracks({'track_id': 508, 'frame_range': [352, 382]})
17:49:23 [INFO]   工具结果：帧 367 轨迹 508 附近（150px）：发现 3 个附近轨迹：ID 509（距离63.0px），ID 514（距离145.1px），ID 516（距离94.6px）
17:49:24 [INFO]   步骤 3：调用 compare_appearances({'frame_id': 367, 'track_id': 508, 'nearby_track_id': 509})
17:49:24 [INFO]   工具结果：轨迹 508：帧367 vs 帧368，外观基本一致，非 ID 切换
17:49:26 [INFO]   步骤 4：调用 compare_appearances({'frame_id': 367, 'track_id': 508, 'nearby_track_id': 514})
17:49:26 [INFO]   工具结果：轨迹 508：帧367 vs 帧368，外观基本一致，非 ID 切换
17:49:27 [INFO]   步骤 5：调用 compare_appearances({'frame_id': 367, 'track_id': 508, 'nearby_track_id': 516})
17:49:27 [INFO]   工具结果：轨迹 508：帧367 vs 帧368，外观基本一致，非 ID 切换
17:49:28 [INFO]   步骤 6：调用 replay_segment({'start_frame': 352, 'end_frame': 382})
17:49:28 [INFO]   工具结果：轨迹 508 帧 352-382，原始 25 帧，展示 25 帧（步长 1）
17:49:28 [WARNING] 轨迹 508 达到最大调查步数，使用初始判断
17:49:28 [INFO]   → 确认：调查步数耗尽，沿用阶段一结论：最大位移为55.22，表明目标位置有异常跳变。
17:49:28 [INFO] [9/15] 调查轨迹 509
17:49:28 [INFO] 开始调查轨迹 509（drift）
17:49:29 [INFO]   步骤 1：调用 replay_segment({'track_id': 509, 'start_frame': 354, 'end_frame': 617})
17:49:29 [INFO]   工具结果：轨迹 509 帧 354-617，原始 40 帧，展示 32 帧（步长 6）
17:49:30 [INFO]   步骤 2：调用 check_nearby_tracks({'track_id': 509, 'start_frame': 354, 'end_frame': 617})
17:49:30 [INFO]   工具结果：缺少 frame_id/track_id
17:49:32 [INFO]   步骤 3：调用 compare_appearances({'track_id': 509, 'start_frame': 354, 'end_frame': 617, 'jump_frames': [373, 384, 439]})
17:49:32 [INFO]   工具结果：轨迹 509：帧616 vs 帧617，外观基本一致，非 ID 切换
17:49:33 [INFO]   步骤 4：调用 zoom_region({'track_id': 509, 'start_frame': 354, 'end_frame': 617, 'jump_frames': [373, 384, 439]})
17:49:33 [INFO]   工具结果：缺少 frame_id
17:49:35 [INFO]   步骤 5：调用 replay_segment({'track_id': 509, 'start_frame': 354, 'end_frame': 617, 'jump_frames': [373, 384, 439]})
17:49:35 [INFO]   工具结果：轨迹 509 帧 354-617，原始 40 帧，展示 32 帧（步长 6）
17:49:36 [INFO]   步骤 6：调用 check_nearby_tracks({'track_id': 509, 'start_frame': 354, 'end_frame': 617, 'jump_frames': [373, 384, 439]})
17:49:36 [INFO]   工具结果：缺少 frame_id/track_id
17:49:36 [WARNING] 轨迹 509 达到最大调查步数，使用初始判断
17:49:36 [INFO]   → 确认：调查步数耗尽，沿用阶段一结论：最大位移136.9，表明目标位置有异常跳变。
17:49:36 [INFO] [10/15] 调查轨迹 510
17:49:36 [INFO] 开始调查轨迹 510（drift）
17:49:37 [INFO]   步骤 1：调用 replay_segment({'start_frame': 356, 'end_frame': 1203})
17:49:37 [INFO]   工具结果：轨迹 510 帧 356-1203，原始 47 帧，展示 32 帧（步长 18）
17:49:38 [INFO]   步骤 2：调用 check_nearby_tracks({'track_id': 510, 'frame_range': [356, 1203]})
17:49:38 [INFO]   工具结果：帧 779 轨迹 510 附近（150px）：发现 2 个附近轨迹：ID 511（距离36.6px），ID 514（距离89.4px）
17:49:39 [INFO]   步骤 3：调用 compare_appearances({'frame_id': 779, 'track_id': 510, 'nearby_track_id': 511})
17:49:39 [INFO]   工具结果：轨迹 510：帧779 vs 帧780，外观基本一致，非 ID 切换
17:49:41 [INFO]   步骤 4：调用 compare_appearances({'frame_id': 779, 'track_id': 510, 'nearby_track_id': 514})
17:49:41 [INFO]   工具结果：轨迹 510：帧779 vs 帧780，外观基本一致，非 ID 切换
17:49:42 [INFO]   步骤 5：调用 compare_appearances({'frame_id': 779, 'track_id': 510, 'nearby_track_id': None})
17:49:42 [INFO]   工具结果：轨迹 510：帧779 vs 帧780，外观基本一致，非 ID 切换
17:49:43 [INFO]   步骤 6：调用 replay_segment({'start_frame': 779, 'end_frame': 780})
17:49:43 [INFO]   工具结果：轨迹 510 帧 779-780，原始 2 帧，展示 2 帧（步长 1）
17:49:43 [WARNING] 轨迹 510 达到最大调查步数，使用初始判断
17:49:43 [INFO]   → 确认：调查步数耗尽，沿用阶段一结论：最大位移达到195.74，表明存在显著位置跳变。
17:49:43 [INFO] [11/15] 调查轨迹 512
17:49:43 [INFO] 开始调查轨迹 512（drift）
17:49:44 [INFO]   步骤 1：调用 replay_segment({'start_frame': 406, 'end_frame': 1203})
17:49:44 [INFO]   工具结果：轨迹 512 帧 406-1203，原始 47 帧，展示 32 帧（步长 17）
17:49:45 [INFO]   步骤 2：调用 check_nearby_tracks({'track_id': 512, 'frame_range': [406, 1203]})
17:49:45 [INFO]   工具结果：帧 804 轨迹 512 附近（150px）：发现 9 个附近轨迹：ID 499（距离15.9px），ID 500（距离107.9px），ID 501（距离40.4px），ID 503（距离47.2p
17:49:46 [INFO]   步骤 3：调用 compare_appearances({'frame_id': 791, 'track_id': 512, 'reference_frame_id': 791, 'reference_track_id': 512})
17:49:46 [INFO]   工具结果：轨迹 512：帧791 vs 帧792，外观基本一致，非 ID 切换
17:49:47 [INFO]   步骤 4：调用 replay_segment({'start_frame': 791, 'end_frame': 792})
17:49:47 [INFO]   工具结果：轨迹 512 帧 791-792，原始 2 帧，展示 2 帧（步长 1）
17:49:49 [INFO]   步骤 5：调用 compare_appearances({'frame_id': 791, 'track_id': 512, 'reference_frame_id': 792, 'reference_track_id': 512})
17:49:49 [INFO]   工具结果：轨迹 512：帧792 vs 帧793，外观基本一致，非 ID 切换
17:49:50 [INFO]   步骤 6：调用 replay_segment({'start_frame': 792, 'end_frame': 793})
17:49:50 [INFO]   工具结果：轨迹 512 帧 792-793，原始 2 帧，展示 2 帧（步长 1）
17:49:50 [WARNING] 轨迹 512 达到最大调查步数，使用初始判断
17:49:50 [INFO]   → 确认：调查步数耗尽，沿用阶段一结论：最大位移183.16，表明存在显著位置跳变。
17:49:50 [INFO] [12/15] 调查轨迹 513
17:49:50 [INFO] 开始调查轨迹 513（drift）
17:49:51 [INFO]   步骤 1：调用 replay_segment({'start_frame': 413, 'end_frame': 716})
17:49:51 [INFO]   工具结果：轨迹 513 帧 413-716，原始 43 帧，展示 32 帧（步长 7）
17:49:52 [INFO]   步骤 2：调用 check_nearby_tracks({'track_id': 513, 'frame_range': [413, 716]})
17:49:52 [INFO]   工具结果：帧 564 轨迹 513 附近（150px）：发现 1 个附近轨迹：ID 510（距离119.4px）
17:49:53 [INFO]   步骤 3：调用 replay_segment({'start_frame': 564, 'end_frame': 564})
17:49:53 [INFO]   工具结果：轨迹 513 帧 564-564，原始 1 帧，展示 1 帧（步长 1）
17:49:54 [INFO]   步骤 4：调用 zoom_region({'frame_id': 564, 'region': [100, 40, 300, 200]})
17:49:54 [INFO]   工具结果：轨迹 513 第 564 帧放大 3.0x，已锐化
17:49:56 [INFO]   步骤 5：调用 compare_appearances({'frame_id_1': 564, 'frame_id_2': 565})
17:49:56 [INFO]   工具结果：轨迹 513：帧564 vs 帧565，外观基本一致，非 ID 切换
17:49:58 [INFO]   步骤 6：调用 replay_segment({'start_frame': 565, 'end_frame': 565})
17:49:58 [INFO]   工具结果：轨迹 513 帧 565-565，原始 1 帧，展示 1 帧（步长 1）
17:49:58 [WARNING] 轨迹 513 达到最大调查步数，使用初始判断
17:49:58 [INFO]   → 确认：调查步数耗尽，沿用阶段一结论：最大位移较大，存在异常跳变。
17:49:58 [INFO] [13/15] 调查轨迹 514
17:49:58 [INFO] 开始调查轨迹 514（drift）
17:49:59 [INFO]   步骤 1：调用 replay_segment({'start_frame': 609, 'end_frame': 1203})
17:49:59 [INFO]   工具结果：轨迹 514 帧 609-1203，原始 44 帧，展示 32 帧（步长 13）
17:50:00 [INFO]   步骤 2：调用 check_nearby_tracks({'start_frame': 609, 'end_frame': 1203})
17:50:00 [INFO]   工具结果：缺少 frame_id/track_id
17:50:01 [INFO]   步骤 3：调用 compare_appearances({'start_frame': 609, 'end_frame': 1203})
17:50:01 [INFO]   工具结果：轨迹 514：帧1202 vs 帧1203，外观基本一致，非 ID 切换
17:50:02 [INFO]   步骤 4：调用 replay_segment({'start_frame': 1202, 'end_frame': 1203})
17:50:02 [INFO]   工具结果：轨迹 514 帧 1202-1203，原始 2 帧，展示 2 帧（步长 1）
17:50:03 [INFO]   步骤 5：调用 zoom_region({'frame_id': 1202, 'region': [100, 100, 200, 200]})
17:50:03 [INFO]   工具结果：轨迹 514 第 1202 帧放大 3.0x，已锐化
17:50:04 [INFO]   步骤 6：调用 zoom_region({'frame_id': 1203, 'region': [100, 100, 200, 200]})
17:50:04 [INFO]   工具结果：轨迹 514 第 1203 帧放大 3.0x，已锐化
17:50:04 [WARNING] 轨迹 514 达到最大调查步数，使用初始判断
17:50:04 [INFO]   → 确认：调查步数耗尽，沿用阶段一结论：最大位移199.4帧内有异常跳变
17:50:04 [INFO] [14/15] 调查轨迹 515
17:50:04 [INFO] 开始调查轨迹 515（drift）
17:50:05 [INFO]   步骤 1：调用 replay_segment({'start_frame': 648, 'end_frame': 1203})
17:50:05 [INFO]   工具结果：轨迹 515 帧 648-1203，原始 46 帧，展示 32 帧（步长 12）
17:50:06 [INFO]   步骤 2：调用 check_nearby_tracks({'track_id': 515, 'frame_range': [648, 1203]})
17:50:06 [INFO]   工具结果：帧 925 轨迹 515 附近（150px）：发现 10 个附近轨迹：ID 499（距离6.2px），ID 500（距离87.8px），ID 501（距离55.3px），ID 503（距离27.0px
17:50:07 [INFO]   步骤 3：调用 replay_segment({'start_frame': 648, 'end_frame': 1203})
17:50:07 [INFO]   工具结果：轨迹 515 帧 648-1203，原始 46 帧，展示 32 帧（步长 12）
17:50:09 [INFO]   步骤 4：调用 compare_appearances({'frame1': 648, 'frame2': 791})
17:50:09 [INFO]   工具结果：缺少 frame_id_a/frame_id_b
17:50:10 [INFO]   步骤 5：调用 replay_segment({'start_frame': 648, 'end_frame': 791})
17:50:10 [INFO]   工具结果：轨迹 515 帧 648-791，原始 48 帧，展示 32 帧（步长 3）
17:50:12 [INFO]   步骤 6：调用 zoom_region({'frame_id': 696, 'region': [400, 240, 470, 380]})
17:50:12 [INFO]   工具结果：轨迹 515 第 696 帧放大 3.0x，已锐化
17:50:12 [WARNING] 轨迹 515 达到最大调查步数，使用初始判断
17:50:12 [INFO]   → 确认：调查步数耗尽，沿用阶段一结论：最大位移202.01，表明存在显著位置跳变。
17:50:12 [INFO] [15/15] 调查轨迹 516
17:50:12 [INFO] 开始调查轨迹 516（miss）
17:50:12 [INFO]   步骤 1：调用 replay_segment({'start_frame': 757, 'end_frame': 841})
17:50:12 [INFO]   工具结果：轨迹 516 帧 757-841，原始 18 帧，展示 18 帧（步长 2）
17:50:20 [INFO]   步骤 2：调用 check_nearby_tracks({'frame_ids': [757, 772, 774, 776, 778, 780, 782, 784, 786, 788, 790, 805, 807, 809, 811, 813, 815, 824]})
17:50:20 [INFO]   工具结果：帧 757 轨迹 516 附近（150px）：发现 3 个附近轨迹：ID 502（距离75.5px），ID 512（距离47.8px），ID 513（距离56.3px）
17:50:21 [INFO]   步骤 3：调用 replay_segment({'start_frame': 757, 'end_frame': 841})
17:50:21 [INFO]   工具结果：轨迹 516 帧 757-841，原始 18 帧，展示 18 帧（步长 2）
17:50:24 [INFO]   步骤 4：调用 check_nearby_tracks({'frame_ids': [757, 772, 774, 776, 778, 780, 782, 784, 786, 788, 790, 805, 807, 809, 811, 813, 815, 824]})
17:50:24 [INFO]   工具结果：帧 757 轨迹 516 附近（150px）：发现 3 个附近轨迹：ID 502（距离75.5px），ID 512（距离47.8px），ID 513（距离56.3px）
17:50:26 [INFO]   步骤 5：调用 replay_segment({'start_frame': 757, 'end_frame': 841})
17:50:26 [INFO]   工具结果：轨迹 516 帧 757-841，原始 18 帧，展示 18 帧（步长 2）
17:50:29 [INFO]   步骤 6：调用 check_nearby_tracks({'frame_ids': [757, 772, 774, 776, 778, 780, 782, 784, 786, 788, 790, 805, 807, 809, 811, 813, 815, 824]})
17:50:29 [INFO]   工具结果：帧 757 轨迹 516 附近（150px）：发现 3 个附近轨迹：ID 502（距离75.5px），ID 512（距离47.8px），ID 513（距离56.3px）
17:50:29 [WARNING] 轨迹 516 达到最大调查步数，使用初始判断
17:50:29 [INFO]   → 确认：调查步数耗尽，沿用阶段一结论：轨迹在多个帧内中断，可能存在漏检。
17:50:29 [INFO] ========================================
17:50:29 [INFO] [dancetrack0011] 阶段三：轨迹修正
17:50:29 [INFO] ========================================
17:50:29 [INFO] [dancetrack0011] 修正后 MOT 已保存至 /public/home/lyh_npu/code/PostMOT/corrected_mot/dancetrack0011.txt
17:50:29 [INFO] [dancetrack0011] 报告已保存至 /public/home/lyh_npu/code/PostMOT/pipeline_report_batch_seq_reports/dancetrack0011.json
17:50:29 [INFO] [4/35] 处理序列 dancetrack0013
17:51:06 [INFO] 加载轨迹 12 条
17:51:06 [INFO] ========================================
17:51:06 [INFO] [dancetrack0013] 阶段一：VLM 轨迹巡检
17:51:06 [INFO] ========================================
17:51:06 [INFO] 正在分析轨迹 715（长度 895 帧）...
17:51:08 [INFO] [可疑] 轨迹 715 — drift 置信度 0.90：最大位移点处目标位置异常跳变
17:51:08 [INFO] 正在分析轨迹 716（长度 200 帧）...
17:51:09 [INFO] [可疑] 轨迹 716 — drift 置信度 0.80：最大位移49.48帧内出现异常跳变
17:51:09 [INFO] 正在分析轨迹 717（长度 197 帧）...
17:51:11 [INFO] [可疑] 轨迹 717 — drift 置信度 0.80：目标在181至190帧间位置异常跳变，不符合运动规律。
17:51:11 [INFO] 正在分析轨迹 718（长度 479 帧）...
17:51:13 [INFO] [可疑] 轨迹 718 — drift 置信度 0.80：最大位移253.28帧内有异常跳变
17:51:13 [INFO] 正在分析轨迹 719（长度 923 帧）...
17:51:14 [INFO] [可疑] 轨迹 719 — drift 置信度 0.80：最大位移较大，存在异常跳变。
17:51:14 [INFO] 正在分析轨迹 720（长度 225 帧）...
17:51:16 [INFO] [可疑] 轨迹 720 — miss 置信度 0.90：目标在第316帧至第328帧间中断，消失超过5帧。
17:51:16 [INFO] 正在分析轨迹 721（长度 9 帧）...
17:51:23 [INFO] 正在分析轨迹 722（长度 589 帧）...
17:51:24 [INFO] [可疑] 轨迹 722 — drift 置信度 0.80：最大位移144.62帧内有显著跳变，不符合运动规律。
17:51:24 [INFO] 正在分析轨迹 724（长度 6 帧）...
17:51:26 [INFO] 正在分析轨迹 725（长度 436 帧）...
17:51:27 [INFO] [可疑] 轨迹 725 — drift 置信度 0.80：最大位移较大，且存在跳跃帧
17:51:27 [INFO] 正在分析轨迹 726（长度 233 帧）...
17:51:29 [INFO] [可疑] 轨迹 726 — drift 置信度 0.80：最大位移较大，存在异常跳变。
17:51:29 [INFO] [dancetrack0013] 阶段一完成：9 条可疑轨迹，已保存至 /public/home/lyh_npu/code/PostMOT/pipeline_report_batch_seq_reports/dancetrack0013_stage1.json
17:51:29 [INFO] ========================================
17:51:29 [INFO] [dancetrack0013] 阶段二：LLM 工具调用调查
17:51:29 [INFO] ========================================
17:51:29 [INFO] [1/9] 调查轨迹 715
17:51:29 [INFO] 开始调查轨迹 715（drift）
17:51:29 [INFO]   步骤 1：调用 replay_segment({'start_frame': 560, 'end_frame': 562})
17:51:29 [INFO]   工具结果：轨迹 715 帧 560-562，原始 3 帧，展示 3 帧（步长 1）
17:51:30 [INFO]   步骤 2：调用 zoom_region({'frame_id': 561, 'region': [100, 100, 100, 100]})
17:51:30 [INFO]   工具结果：轨迹 715 第 561 帧放大 3.0x，已锐化
17:51:32 [INFO]   步骤 3：调用 check_nearby_tracks({'frame_id': 561, 'radius': 50})
17:51:32 [INFO]   工具结果：帧 561 轨迹 715 附近（50px）：附近无其他轨迹
17:51:34 [INFO]   步骤 4：调用 replay_segment({'start_frame': 560, 'end_frame': 562})
17:51:34 [INFO]   工具结果：轨迹 715 帧 560-562，原始 3 帧，展示 3 帧（步长 1）
17:51:36 [INFO]   步骤 5：调用 compare_appearances({'frame_id_1': 560, 'frame_id_2': 561})
17:51:36 [INFO]   工具结果：轨迹 715：帧560 vs 帧561，外观基本一致，非 ID 切换
17:51:38 [INFO]   步骤 6：调用 replay_segment({'start_frame': 560, 'end_frame': 562})
17:51:38 [INFO]   工具结果：轨迹 715 帧 560-562，原始 3 帧，展示 3 帧（步长 1）
17:51:38 [WARNING] 轨迹 715 达到最大调查步数，使用初始判断
17:51:38 [INFO]   → 确认：调查步数耗尽，沿用阶段一结论：最大位移点处目标位置异常跳变
17:51:38 [INFO] [2/9] 调查轨迹 716
17:51:38 [INFO] 开始调查轨迹 716（drift）
17:51:38 [INFO]   步骤 1：调用 replay_segment({'start_frame': 118, 'end_frame': 119})
17:51:38 [INFO]   工具结果：轨迹 716 帧 118-119，原始 2 帧，展示 2 帧（步长 1）
17:51:39 [INFO]   步骤 2：调用 zoom_region({'frame_id': 118, 'region': [100, 100, 100, 100]})
17:51:39 [INFO]   工具结果：轨迹 716 第 118 帧放大 3.0x，已锐化
17:51:41 [INFO]   步骤 3：调用 zoom_region({'frame_id': 119, 'region': [100, 100, 100, 100]})
17:51:41 [INFO]   工具结果：轨迹 716 第 119 帧放大 3.0x，已锐化
17:51:43 [INFO]   步骤 4：调用 compare_appearances({'frame_id_1': 118, 'frame_id_2': 119})
17:51:43 [INFO]   工具结果：轨迹 716：帧118 vs 帧119，外观基本一致，非 ID 切换
17:51:45 [INFO]   步骤 5：调用 check_nearby_tracks({'frame_id': 118, 'radius': 10})
17:51:45 [INFO]   工具结果：帧 118 轨迹 716 附近（10px）：附近无其他轨迹
17:51:47 [INFO]   步骤 6：调用 check_nearby_tracks({'frame_id': 119, 'radius': 10})
17:51:47 [INFO]   工具结果：帧 119 轨迹 716 附近（10px）：附近无其他轨迹
17:51:47 [WARNING] 轨迹 716 达到最大调查步数，使用初始判断
17:51:47 [INFO]   → 确认：调查步数耗尽，沿用阶段一结论：最大位移49.48帧内出现异常跳变
17:51:47 [INFO] [3/9] 调查轨迹 717
17:51:47 [INFO] 开始调查轨迹 717（drift）
17:51:47 [INFO]   步骤 1：调用 replay_segment({'start_frame': 181, 'end_frame': 190})
17:51:47 [INFO]   工具结果：轨迹 717 帧 181-190，原始 10 帧，展示 10 帧（步长 1）
17:51:48 [INFO]   步骤 2：调用 check_nearby_tracks({'track_id': 717, 'frame_range': [181, 190]})
17:51:48 [INFO]   工具结果：帧 185 轨迹 717 附近（150px）：发现 1 个附近轨迹：ID 726（距离115.0px）
17:51:49 [INFO]   步骤 3：调用 zoom_region({'frame_id': 185, 'region': [485, 115, 640, 445]})
17:51:49 [INFO]   工具结果：轨迹 717 第 185 帧放大 3.0x，已锐化
17:51:51 [INFO]   步骤 4：调用 compare_appearances({'frame_id': 184, 'target_frame_id': 185})
17:51:51 [INFO]   工具结果：轨迹 717：帧184 vs 帧185，外观基本一致，非 ID 切换
17:51:52 [INFO]   步骤 5：调用 replay_segment({'start_frame': 184, 'end_frame': 185})
17:51:52 [INFO]   工具结果：轨迹 717 帧 184-185，原始 2 帧，展示 2 帧（步长 1）
17:51:54 [INFO]   步骤 6：调用 check_nearby_tracks({'track_id': 717, 'frame_range': [184, 185]})
17:51:54 [INFO]   工具结果：帧 184 轨迹 717 附近（150px）：附近无其他轨迹
17:51:54 [WARNING] 轨迹 717 达到最大调查步数，使用初始判断
17:51:54 [INFO]   → 确认：调查步数耗尽，沿用阶段一结论：目标在181至190帧间位置异常跳变，不符合运动规律。
17:51:54 [INFO] [4/9] 调查轨迹 718
17:51:54 [INFO] 开始调查轨迹 718（drift）
17:51:55 [INFO]   步骤 1：调用 replay_segment({'start_frame': 255, 'end_frame': 270})
17:51:55 [INFO]   工具结果：轨迹 718 帧 255-270，原始 2 帧，展示 2 帧（步长 1）
17:51:56 [INFO]   步骤 2：调用 zoom_region({'frame_id': 255, 'region': [0, 128, 128, 128]})
17:51:56 [INFO]   工具结果：轨迹 718 第 255 帧放大 3.0x，已锐化
17:51:58 [INFO]   步骤 3：调用 zoom_region({'frame_id': 270, 'region': [0, 128, 128, 128]})
17:51:58 [INFO]   工具结果：轨迹 718 第 270 帧放大 3.0x，已锐化
17:52:01 [INFO]   步骤 4：调用 check_nearby_tracks({'frame_id': 255, 'radius': 10})
17:52:01 [INFO]   工具结果：帧 255 轨迹 718 附近（10px）：附近无其他轨迹
17:52:04 [INFO]   步骤 5：调用 check_nearby_tracks({'frame_id': 270, 'radius': 10})
17:52:04 [INFO]   工具结果：帧 270 轨迹 718 附近（10px）：附近无其他轨迹
17:52:07 [INFO]   步骤 6：调用 compare_appearances({'frame_id_1': 255, 'frame_id_2': 270})
17:52:07 [INFO]   工具结果：轨迹 718：帧255 vs 帧270，外观有差异，可能存在遮挡或光照变化
17:52:07 [WARNING] 轨迹 718 达到最大调查步数，使用初始判断
17:52:07 [INFO]   → 确认：调查步数耗尽，沿用阶段一结论：最大位移253.28帧内有异常跳变
17:52:07 [INFO] [5/9] 调查轨迹 719
17:52:07 [INFO] 开始调查轨迹 719（drift）
17:52:08 [INFO]   步骤 1：调用 replay_segment({'start_frame': 270, 'end_frame': 1203})
17:52:08 [INFO]   工具结果：轨迹 719 帧 270-1203，原始 47 帧，展示 32 帧（步长 20）
17:52:09 [INFO]   步骤 2：调用 check_nearby_tracks({'track_id': 719, 'frame_range': [270, 1203]})
17:52:09 [INFO]   工具结果：帧 736 轨迹 719 附近（150px）：发现 3 个附近轨迹：ID 717（距离93.9px），ID 718（距离87.6px），ID 726（距离125.8px）
17:52:10 [INFO]   步骤 3：调用 replay_segment({'start_frame': 736, 'end_frame': 736})
17:52:10 [INFO]   工具结果：轨迹 719 帧 736-736，原始 1 帧，展示 1 帧（步长 1）
17:52:11 [INFO]   步骤 4：调用 zoom_region({'frame_id': 736, 'region': [320, 100, 470, 450]})
17:52:11 [INFO]   工具结果：轨迹 719 第 736 帧放大 3.0x，已锐化
17:52:14 [INFO]   步骤 5：调用 compare_appearances({'frame_id': 736, 'target_id': 719, 'reference_id': 719, 'previous_frame_id': 734, 'next_frame_id': 738})
17:52:14 [INFO]   工具结果：轨迹 719：帧736 vs 帧738，外观基本一致，非 ID 切换
17:52:15 [INFO]   步骤 6：调用 replay_segment({'start_frame': 734, 'end_frame': 738})
17:52:15 [INFO]   工具结果：轨迹 719 帧 734-738，原始 5 帧，展示 5 帧（步长 1）
17:52:15 [WARNING] 轨迹 719 达到最大调查步数，使用初始判断
17:52:15 [INFO]   → 确认：调查步数耗尽，沿用阶段一结论：最大位移较大，存在异常跳变。
17:52:15 [INFO] [6/9] 调查轨迹 720
17:52:15 [INFO] 开始调查轨迹 720（miss）
17:52:16 [INFO]   步骤 1：调用 replay_segment({'start_frame': 316, 'end_frame': 328})
17:52:16 [INFO]   工具结果：轨迹 720 帧 316-328，原始 2 帧，展示 2 帧（步长 1）
17:52:17 [INFO]   步骤 2：调用 check_nearby_tracks({'track_id': 720, 'frame_range': [316, 328]})
17:52:17 [INFO]   工具结果：帧 322 轨迹 720 附近（150px）：发现 5 个附近轨迹：ID 715（距离33.1px），ID 718（距离62.3px），ID 721（距离127.2px），ID 723（距离148.6
17:52:18 [INFO]   步骤 3：调用 compare_appearances({'track_id': 720, 'frame_range': [316, 328]})
17:52:18 [INFO]   工具结果：轨迹 720：帧322 vs 帧328，外观基本一致，非 ID 切换
17:52:19 [INFO]   步骤 4：调用 replay_segment({'start_frame': 316, 'end_frame': 328})
17:52:19 [INFO]   工具结果：轨迹 720 帧 316-328，原始 2 帧，展示 2 帧（步长 1）
17:52:26 [INFO]   步骤 5：调用 check_nearby_tracks({'track_id': 720, 'frame_range': [316, 328]})
17:52:26 [INFO]   工具结果：帧 322 轨迹 720 附近（150px）：发现 5 个附近轨迹：ID 715（距离33.1px），ID 718（距离62.3px），ID 721（距离127.2px），ID 723（距离148.6
17:52:27 [INFO]   步骤 6：调用 compare_appearances({'track_id': 720, 'frame_range': [316, 328]})
17:52:27 [INFO]   工具结果：轨迹 720：帧322 vs 帧328，外观基本一致，非 ID 切换
17:52:27 [WARNING] 轨迹 720 达到最大调查步数，使用初始判断
17:52:27 [INFO]   → 确认：调查步数耗尽，沿用阶段一结论：目标在第316帧至第328帧间中断，消失超过5帧。
17:52:27 [INFO] [7/9] 调查轨迹 722
17:52:27 [INFO] 开始调查轨迹 722（drift）
17:52:28 [INFO]   步骤 1：调用 replay_segment({'start_frame': 555, 'end_frame': 1200})
17:52:28 [INFO]   工具结果：轨迹 722 帧 555-1200，原始 43 帧，展示 32 帧（步长 14）
17:52:29 [INFO]   步骤 2：调用 check_nearby_tracks({'start_frame': 555, 'end_frame': 1200})
17:52:29 [INFO]   工具结果：缺少 frame_id/track_id
17:52:30 [INFO]   步骤 3：调用 compare_appearances({'frame_id': 686, 'track_id': 722})
17:52:30 [INFO]   工具结果：轨迹 722：帧686 vs 帧687，外观基本一致，非 ID 切换
17:52:30 [INFO]   步骤 4：调用 replay_segment({'start_frame': 684, 'end_frame': 688})
17:52:30 [INFO]   工具结果：轨迹 722 帧 684-688，原始 5 帧，展示 5 帧（步长 1）
17:52:32 [INFO]   步骤 5：调用 zoom_region({'frame_id': 686, 'region': [224, 100, 336, 200]})
17:52:32 [INFO]   工具结果：轨迹 722 第 686 帧放大 3.0x，已锐化
17:52:34 [INFO]   步骤 6：调用 check_nearby_tracks({'start_frame': 684, 'end_frame': 688})
17:52:34 [INFO]   工具结果：缺少 frame_id/track_id
17:52:34 [WARNING] 轨迹 722 达到最大调查步数，使用初始判断
17:52:34 [INFO]   → 确认：调查步数耗尽，沿用阶段一结论：最大位移144.62帧内有显著跳变，不符合运动规律。
17:52:34 [INFO] [8/9] 调查轨迹 725
17:52:34 [INFO] 开始调查轨迹 725（drift）
17:52:35 [INFO]   步骤 1：调用 replay_segment({'start_frame': 751, 'end_frame': 1203})
17:52:35 [INFO]   工具结果：轨迹 725 帧 751-1203，原始 44 帧，展示 32 帧（步长 10）
17:52:36 [INFO]   步骤 2：调用 check_nearby_tracks({'start_frame': 751, 'end_frame': 1203})
17:52:36 [INFO]   工具结果：缺少 frame_id/track_id
17:52:36 [INFO]   步骤 3：调用 replay_segment({'start_frame': 751, 'end_frame': 1203})
17:52:36 [INFO]   工具结果：轨迹 725 帧 751-1203，原始 44 帧，展示 32 帧（步长 10）
17:52:38 [INFO]   步骤 4：调用 check_nearby_tracks({'start_frame': 751, 'end_frame': 1203})
17:52:38 [INFO]   工具结果：缺少 frame_id/track_id
17:52:39 [INFO]   步骤 5：调用 replay_segment({'start_frame': 751, 'end_frame': 1203})
17:52:39 [INFO]   工具结果：轨迹 725 帧 751-1203，原始 44 帧，展示 32 帧（步长 10）
17:52:40 [INFO]   步骤 6：调用 check_nearby_tracks({'start_frame': 751, 'end_frame': 1203})
17:52:40 [INFO]   工具结果：缺少 frame_id/track_id
17:52:40 [WARNING] 轨迹 725 达到最大调查步数，使用初始判断
17:52:40 [INFO]   → 确认：调查步数耗尽，沿用阶段一结论：最大位移较大，且存在跳跃帧
17:52:40 [INFO] [9/9] 调查轨迹 726
17:52:40 [INFO] 开始调查轨迹 726（drift）
17:52:41 [INFO]   步骤 1：调用 replay_segment({'start_frame': 971, 'end_frame': 1203})
17:52:41 [INFO]   工具结果：轨迹 726 帧 971-1203，原始 47 帧，展示 32 帧（步长 5）
17:52:42 [INFO]   步骤 2：调用 check_nearby_tracks({'track_id': 726, 'frame_range': [971, 1203]})
17:52:42 [INFO]   工具结果：帧 1087 轨迹 726 附近（150px）：发现 6 个附近轨迹：ID 715（距离148.1px），ID 716（距离71.8px），ID 717（距离100.4px），ID 718（距离82.
17:52:43 [INFO]   步骤 3：调用 compare_appearances({'frame_id': 1087, 'track_id': 726})
17:52:43 [INFO]   工具结果：轨迹 726：帧1087 vs 帧1088，外观基本一致，非 ID 切换
17:52:44 [INFO]   步骤 4：调用 replay_segment({'start_frame': 1087, 'end_frame': 1100})
17:52:44 [INFO]   工具结果：轨迹 726 帧 1087-1100，原始 14 帧，展示 14 帧（步长 1）
17:52:45 [INFO]   步骤 5：调用 check_nearby_tracks({'track_id': 726, 'frame_range': [1087, 1100]})
17:52:45 [INFO]   工具结果：帧 1093 轨迹 726 附近（150px）：发现 5 个附近轨迹：ID 716（距离74.7px），ID 717（距离114.2px），ID 718（距离96.0px），ID 723（距离14.4
17:52:47 [INFO]   步骤 6：调用 compare_appearances({'frame_id': 1093, 'track_id': 726})
17:52:47 [INFO]   工具结果：轨迹 726：帧1093 vs 帧1094，外观基本一致，非 ID 切换
17:52:47 [WARNING] 轨迹 726 达到最大调查步数，使用初始判断
17:52:47 [INFO]   → 确认：调查步数耗尽，沿用阶段一结论：最大位移较大，存在异常跳变。
17:52:47 [INFO] ========================================
17:52:47 [INFO] [dancetrack0013] 阶段三：轨迹修正
17:52:47 [INFO] ========================================
17:52:47 [INFO] 正在分析轨迹 715（长度 895 帧）...
17:52:48 [INFO] 修正回滚：track=715 type=drift
17:52:48 [INFO] 正在分析轨迹 720（长度 236 帧）...
17:52:50 [INFO] 修正生效：track=720 type=miss frames=316-328
17:52:50 [INFO] [dancetrack0013] 修正后 MOT 已保存至 /public/home/lyh_npu/code/PostMOT/corrected_mot/dancetrack0013.txt
17:52:50 [INFO] [dancetrack0013] 报告已保存至 /public/home/lyh_npu/code/PostMOT/pipeline_report_batch_seq_reports/dancetrack0013.json
17:52:50 [INFO] [5/35] 处理序列 dancetrack0017
17:53:52 [INFO] 加载轨迹 10 条
17:53:52 [INFO] ========================================
17:53:52 [INFO] [dancetrack0017] 阶段一：VLM 轨迹巡检
17:53:52 [INFO] ========================================
17:53:52 [INFO] 正在分析轨迹 402（长度 445 帧）...
17:53:54 [INFO] [可疑] 轨迹 402 — drift 置信度 0.80：目标在第102帧和第103帧间位置异常跳变
17:53:54 [INFO] 正在分析轨迹 403（长度 1596 帧）...
17:53:56 [INFO] [可疑] 轨迹 403 — drift 置信度 0.80：最大位移72.65帧内有显著跳变，不符合运动规律。
17:53:56 [INFO] 正在分析轨迹 404（长度 1553 帧）...
17:53:57 [INFO] [可疑] 轨迹 404 — drift 置信度 0.80：最大位移较大且有多个异常跳变帧
17:53:57 [INFO] 正在分析轨迹 405（长度 1592 帧）...
17:53:59 [INFO] [可疑] 轨迹 405 — drift 置信度 0.80：最大位移86.4帧内有异常跳变，不符合运动规律。
17:53:59 [INFO] 正在分析轨迹 406（长度 909 帧）...
17:54:01 [INFO] [可疑] 轨迹 406 — miss 置信度 0.80：轨迹在第942帧后中断，持续了11帧。
17:54:01 [INFO] 正在分析轨迹 407（长度 1294 帧）...
17:54:02 [INFO] [可疑] 轨迹 407 — drift 置信度 0.80：最大位移较大，存在异常跳变。
17:54:02 [INFO] 正在分析轨迹 408（长度 1523 帧）...
17:54:03 [INFO] [可疑] 轨迹 408 — drift 置信度 0.90：最大位移帧为456，位置异常跳变。
17:54:03 [INFO] 正在分析轨迹 409（长度 1141 帧）...
17:54:05 [INFO] [可疑] 轨迹 409 — drift 置信度 0.80：目标在多个帧中位置异常跳变，不符合运动规律。
17:54:05 [INFO] 正在分析轨迹 410（长度 651 帧）...
17:54:06 [INFO] [可疑] 轨迹 410 — drift 置信度 0.80：最大位移较大，存在异常跳变。
17:54:06 [INFO] 正在分析轨迹 411（长度 248 帧）...
17:54:08 [INFO] [可疑] 轨迹 411 — miss 置信度 0.90：轨迹在1545帧后中断，持续9帧。
17:54:08 [INFO] [dancetrack0017] 阶段一完成：10 条可疑轨迹，已保存至 /public/home/lyh_npu/code/PostMOT/pipeline_report_batch_seq_reports/dancetrack0017_stage1.json
17:54:08 [INFO] ========================================
17:54:08 [INFO] [dancetrack0017] 阶段二：LLM 工具调用调查
17:54:08 [INFO] ========================================
17:54:08 [INFO] [1/10] 调查轨迹 402
17:54:08 [INFO] 开始调查轨迹 402（drift）
17:54:09 [INFO]   步骤 1：调用 replay_segment({'start_frame': 102, 'end_frame': 103})
17:54:09 [INFO]   工具结果：轨迹 402 帧 102-103，原始 2 帧，展示 2 帧（步长 1）
17:54:10 [INFO]   步骤 2：调用 check_nearby_tracks({'track_id': 402, 'frame_range': [102, 103]})
17:54:10 [INFO]   工具结果：帧 102 轨迹 402 附近（150px）：发现 5 个附近轨迹：ID 403（距离48.1px），ID 404（距离131.6px），ID 407（距离149.9px），ID 409（距离111.
17:54:11 [INFO]   步骤 3：调用 compare_appearances({'frame_id': 102, 'target_id': 402, 'reference_id': 403})
17:54:11 [INFO]   工具结果：轨迹 402：帧102 vs 帧103，外观基本一致，非 ID 切换
17:54:12 [INFO]   步骤 4：调用 replay_segment({'start_frame': 102, 'end_frame': 103})
17:54:12 [INFO]   工具结果：轨迹 402 帧 102-103，原始 2 帧，展示 2 帧（步长 1）
17:54:13 [INFO]   步骤 5：调用 check_nearby_tracks({'track_id': 402, 'frame_range': [102, 103]})
17:54:13 [INFO]   工具结果：帧 102 轨迹 402 附近（150px）：发现 5 个附近轨迹：ID 403（距离48.1px），ID 404（距离131.6px），ID 407（距离149.9px），ID 409（距离111.
17:54:14 [INFO]   步骤 6：调用 compare_appearances({'frame_id': 102, 'target_id': 402, 'reference_id': 403})
17:54:14 [INFO]   工具结果：轨迹 402：帧102 vs 帧103，外观基本一致，非 ID 切换
17:54:14 [WARNING] 轨迹 402 达到最大调查步数，使用初始判断
17:54:14 [INFO]   → 确认：调查步数耗尽，沿用阶段一结论：目标在第102帧和第103帧间位置异常跳变
17:54:14 [INFO] [2/10] 调查轨迹 403
17:54:14 [INFO] 开始调查轨迹 403（drift）
17:54:15 [INFO]   步骤 1：调用 replay_segment({'track_id': 403, 'start_frame': 1, 'end_frame': 1601})
17:54:15 [INFO]   工具结果：轨迹 403 帧 1-1601，原始 47 帧，展示 32 帧（步长 34）
17:54:19 [INFO]   步骤 2：调用 check_nearby_tracks({'track_id': 403, 'frame_ids': [1, 35, 69, 137, 171, 239, 273, 341, 375, 443, 477, 545, 579, 647, 681, 749, 783, 851, 885, 953, 987, 1055, 1089, 1157, 1191, 1262, 1296, 1364, 1398, 1466, 1500, 1568]})
17:54:19 [INFO]   工具结果：帧 1 轨迹 403 附近（150px）：发现 3 个附近轨迹：ID 402（距离105.7px），ID 407（距离81.5px），ID 410（距离92.9px）
17:54:24 [INFO]   步骤 3：调用 compare_appearances({'track_id': 403, 'frame_ids': [1, 35, 69, 137, 171, 239, 273, 341, 375, 443, 477, 545, 579, 647, 681, 749, 783, 851, 885, 953, 987, 1055, 1089, 1157, 1191, 1262, 1296, 1364, 1398, 1466, 1500, 1568]})
17:54:24 [INFO]   工具结果：轨迹 403：帧1 vs 帧1568，外观基本一致，非 ID 切换
17:54:32 [INFO]   步骤 4：调用 replay_segment({'track_id': 403, 'start_frame': 1, 'end_frame': 1568})
17:54:32 [INFO]   工具结果：轨迹 403 帧 1-1568，原始 48 帧，展示 32 帧（步长 33）
17:54:37 [INFO]   步骤 5：调用 check_nearby_tracks({'track_id': 403, 'frame_ids': [1, 34, 100, 133, 199, 232, 298, 331, 397, 430, 496, 529, 595, 628, 694, 727, 793, 826, 892, 925, 991, 1024, 1090, 1123, 1189, 1222, 1291, 1324, 1390, 1423, 1489, 1555]})
17:54:37 [INFO]   工具结果：帧 1 轨迹 403 附近（150px）：发现 3 个附近轨迹：ID 402（距离105.7px），ID 407（距离81.5px），ID 410（距离92.9px）
17:54:41 [INFO]   步骤 6：调用 compare_appearances({'track_id': 403, 'frame_ids': [1, 34, 100, 133, 199, 232, 298, 331, 397, 430, 496, 529, 595, 628, 694, 727, 793, 826, 892, 925, 991, 1024, 1090, 1123, 1189, 1222, 1291, 1324, 1390, 1423, 1489, 1555]})
17:54:41 [INFO]   工具结果：轨迹 403：帧1 vs 帧1555，外观基本一致，非 ID 切换
17:54:41 [WARNING] 轨迹 403 达到最大调查步数，使用初始判断
17:54:41 [INFO]   → 确认：调查步数耗尽，沿用阶段一结论：最大位移72.65帧内有显著跳变，不符合运动规律。
17:54:41 [INFO] [3/10] 调查轨迹 404
17:54:41 [INFO] 开始调查轨迹 404（drift）
17:54:42 [INFO]   步骤 1：调用 replay_segment({'start_frame': 1, 'end_frame': 1595})
17:54:42 [INFO]   工具结果：轨迹 404 帧 1-1595，原始 46 帧，展示 32 帧（步长 34）
17:54:43 [INFO]   步骤 2：调用 check_nearby_tracks({'track_id': 404, 'frame_ids': [1, 1595]})
17:54:43 [INFO]   工具结果：帧 1 轨迹 404 附近（150px）：发现 3 个附近轨迹：ID 406（距离115.4px），ID 409（距离118.0px），ID 411（距离111.8px）
17:54:44 [INFO]   步骤 3：调用 replay_segment({'start_frame': 1299, 'end_frame': 1305})
17:54:44 [INFO]   工具结果：轨迹 404 帧 1299-1305，原始 2 帧，展示 2 帧（步长 1）
17:54:45 [INFO]   步骤 4：调用 zoom_region({'frame_id': 1299, 'region': [100, 100, 200, 200]})
17:54:45 [INFO]   工具结果：轨迹 404 第 1299 帧放大 3.0x，已锐化
17:54:47 [INFO]   步骤 5：调用 compare_appearances({'frame_id_1': 1299, 'frame_id_2': 1305})
17:54:47 [INFO]   工具结果：轨迹 404：帧1299 vs 帧1305，外观基本一致，非 ID 切换
17:54:48 [INFO]   步骤 6：调用 replay_segment({'start_frame': 1299, 'end_frame': 1305})
17:54:48 [INFO]   工具结果：轨迹 404 帧 1299-1305，原始 2 帧，展示 2 帧（步长 1）
17:54:48 [WARNING] 轨迹 404 达到最大调查步数，使用初始判断
17:54:48 [INFO]   → 确认：调查步数耗尽，沿用阶段一结论：最大位移较大且有多个异常跳变帧
17:54:48 [INFO] [4/10] 调查轨迹 405
17:54:48 [INFO] 开始调查轨迹 405（drift）
17:54:49 [INFO]   步骤 1：调用 replay_segment({'start_frame': 1020, 'end_frame': 1031})
17:54:49 [INFO]   工具结果：轨迹 405 帧 1020-1031，原始 11 帧，展示 11 帧（步长 1）
17:54:50 [INFO]   步骤 2：调用 check_nearby_tracks({'frame_id': 1025, 'radius': 10})
17:54:50 [INFO]   工具结果：帧 1025 轨迹 405 附近（10px）：附近无其他轨迹
17:54:51 [INFO]   步骤 3：调用 replay_segment({'start_frame': 1020, 'end_frame': 1031})
17:54:51 [INFO]   工具结果：轨迹 405 帧 1020-1031，原始 11 帧，展示 11 帧（步长 1）
17:54:52 [INFO]   步骤 4：调用 zoom_region({'frame_id': 1025, 'region': [443, 178, 560, 336]})
17:54:52 [INFO]   工具结果：轨迹 405 第 1025 帧放大 3.0x，已锐化
17:54:54 [INFO]   步骤 5：调用 compare_appearances({'frame_id_1': 1024, 'frame_id_2': 1025})
17:54:54 [INFO]   工具结果：轨迹 405：帧1024 vs 帧1025，外观基本一致，非 ID 切换
17:54:56 [INFO]   步骤 6：调用 replay_segment({'start_frame': 1020, 'end_frame': 1031})
17:54:56 [INFO]   工具结果：轨迹 405 帧 1020-1031，原始 11 帧，展示 11 帧（步长 1）
17:54:56 [WARNING] 轨迹 405 达到最大调查步数，使用初始判断
17:54:56 [INFO]   → 确认：调查步数耗尽，沿用阶段一结论：最大位移86.4帧内有异常跳变，不符合运动规律。
17:54:56 [INFO] [5/10] 调查轨迹 406
17:54:56 [INFO] 开始调查轨迹 406（miss）
17:54:56 [INFO]   步骤 1：调用 replay_segment({'start_frame': 942, 'end_frame': 953})
17:54:56 [INFO]   工具结果：轨迹 406 帧 942-953，原始 2 帧，展示 2 帧（步长 1）
17:54:57 [INFO]   步骤 2：调用 check_nearby_tracks({'frame_id': 942, 'radius': 10})
17:54:57 [INFO]   工具结果：帧 942 轨迹 406 附近（10px）：附近无其他轨迹
17:54:58 [INFO]   步骤 3：调用 check_nearby_tracks({'frame_id': 953, 'radius': 10})
17:54:58 [INFO]   工具结果：帧 953 轨迹 406 附近（10px）：附近无其他轨迹
17:54:59 [INFO]   步骤 4：调用 compare_appearances({'frame_id_1': 942, 'frame_id_2': 953})
17:54:59 [INFO]   工具结果：轨迹 406：帧942 vs 帧953，外观基本一致，非 ID 切换
17:55:00 [INFO]   步骤 5：调用 replay_segment({'start_frame': 942, 'end_frame': 953})
17:55:00 [INFO]   工具结果：轨迹 406 帧 942-953，原始 2 帧，展示 2 帧（步长 1）
17:55:01 [INFO]   步骤 6：调用 check_nearby_tracks({'frame_id': 942, 'radius': 10})
17:55:01 [INFO]   工具结果：帧 942 轨迹 406 附近（10px）：附近无其他轨迹
17:55:01 [WARNING] 轨迹 406 达到最大调查步数，使用初始判断
17:55:01 [INFO]   → 确认：调查步数耗尽，沿用阶段一结论：轨迹在第942帧后中断，持续了11帧。
17:55:01 [INFO] [6/10] 调查轨迹 407
17:55:01 [INFO] 开始调查轨迹 407（drift）
17:55:02 [INFO]   步骤 1：调用 replay_segment({'track_id': 407, 'start_frame': 1, 'end_frame': 1298})
17:55:02 [INFO]   工具结果：轨迹 407 帧 1-1298，原始 47 帧，展示 32 帧（步长 28）
17:55:05 [INFO]   步骤 2：调用 check_nearby_tracks({'track_id': 407, 'frame_ids': [1, 29, 57, 113, 143, 199, 227, 283, 311, 367, 395, 451, 479, 535, 563, 619, 647, 703, 731, 787, 815, 871, 899, 955, 983, 1039, 1069, 1125, 1153, 1209, 1237, 1293]})
17:55:05 [INFO]   工具结果：帧 1 轨迹 407 附近（150px）：发现 2 个附近轨迹：ID 403（距离81.5px），ID 410（距离11.5px）
17:55:10 [INFO]   步骤 3：调用 compare_appearances({'track_id': 407, 'frame_ids': [1, 29, 57, 113, 143, 199, 227, 283, 311, 367, 395, 451, 479, 535, 563, 619, 647, 703, 731, 787, 815, 871, 899, 955, 983, 1039, 1069, 1125, 1153, 1209, 1237, 1293]})
17:55:10 [INFO]   工具结果：轨迹 407：帧1 vs 帧1293，外观基本一致，非 ID 切换
17:55:11 [INFO]   步骤 4：调用 replay_segment({'track_id': 407, 'start_frame': 1, 'end_frame': 1298})
17:55:11 [INFO]   工具结果：轨迹 407 帧 1-1298，原始 47 帧，展示 32 帧（步长 28）
17:55:16 [INFO]   步骤 5：调用 check_nearby_tracks({'track_id': 407, 'frame_ids': [1, 29, 57, 113, 143, 199, 227, 283, 311, 367, 395, 451, 479, 535, 563, 619, 647, 703, 731, 787, 815, 871, 899, 955, 983, 1039, 1069, 1125, 1153, 1209, 1237, 1293]})
17:55:16 [INFO]   工具结果：帧 1 轨迹 407 附近（150px）：发现 2 个附近轨迹：ID 403（距离81.5px），ID 410（距离11.5px）
17:55:21 [INFO]   步骤 6：调用 compare_appearances({'track_id': 407, 'frame_ids': [1, 29, 57, 113, 143, 199, 227, 283, 311, 367, 395, 451, 479, 535, 563, 619, 647, 703, 731, 787, 815, 871, 899, 955, 983, 1039, 1069, 1125, 1153, 1209, 1237, 1293]})
17:55:21 [INFO]   工具结果：轨迹 407：帧1 vs 帧1293，外观基本一致，非 ID 切换
17:55:21 [WARNING] 轨迹 407 达到最大调查步数，使用初始判断
17:55:21 [INFO]   → 确认：调查步数耗尽，沿用阶段一结论：最大位移较大，存在异常跳变。
17:55:21 [INFO] [7/10] 调查轨迹 408
17:55:21 [INFO] 开始调查轨迹 408（drift）
17:55:21 [INFO]   步骤 1：调用 replay_segment({'start_frame': 455, 'end_frame': 457})
17:55:21 [INFO]   工具结果：轨迹 408 帧 455-457，原始 2 帧，展示 2 帧（步长 1）
17:55:23 [INFO]   步骤 2：调用 zoom_region({'frame_id': 456, 'region': [100, 100, 200, 200]})
17:55:23 [INFO]   工具结果：轨迹 408 第 456 帧放大 3.0x，已锐化
17:55:24 [INFO]   步骤 3：调用 check_nearby_tracks({'frame_id': 456, 'radius': 50})
17:55:24 [INFO]   工具结果：帧 456 轨迹 408 附近（50px）：发现 1 个附近轨迹：ID 405（距离43.2px）
17:55:25 [INFO]   步骤 4：调用 compare_appearances({'frame_id': 455, 'target_id': 408, 'compare_id': 405})
17:55:25 [INFO]   工具结果：轨迹 408：帧455 vs 帧456，外观基本一致，非 ID 切换
17:55:26 [INFO]   步骤 5：调用 replay_segment({'start_frame': 455, 'end_frame': 457})
17:55:26 [INFO]   工具结果：轨迹 408 帧 455-457，原始 2 帧，展示 2 帧（步长 1）
17:55:27 [INFO]   步骤 6：调用 check_nearby_tracks({'frame_id': 456, 'radius': 50})
17:55:27 [INFO]   工具结果：帧 456 轨迹 408 附近（50px）：发现 1 个附近轨迹：ID 405（距离43.2px）
17:55:27 [WARNING] 轨迹 408 达到最大调查步数，使用初始判断
17:55:27 [INFO]   → 确认：调查步数耗尽，沿用阶段一结论：最大位移帧为456，位置异常跳变。
17:55:27 [INFO] [8/10] 调查轨迹 409
17:55:27 [INFO] 开始调查轨迹 409（drift）
17:55:28 [INFO]   步骤 1：调用 replay_segment({'start_frame': 693, 'end_frame': 1592})
17:55:28 [INFO]   工具结果：轨迹 409 帧 693-1592，原始 47 帧，展示 32 帧（步长 19）
17:55:39 [INFO]   步骤 2：调用 check_nearby_tracks({'frame_ids': [693, 714, 737, 777, 796, 834, 853, 891, 910, 948, 967, 1005, 1024, 1062, 1081, 1119, 1138, 1176, 1195, 1233, 1252, 1290, 1309, 1347, 1366, 1404, 1423, 1461, 1480, 1518, 1537, 1575]})
17:55:39 [INFO]   工具结果：帧 693 轨迹 409 附近（150px）：发现 3 个附近轨迹：ID 403（距离55.6px），ID 404（距离122.2px），ID 410（距离146.9px）
17:55:40 [INFO]   步骤 3：调用 compare_appearances({'frame_id': 693, 'track_id': 409, 'nearby_track_ids': [403, 404, 410]})
17:55:40 [INFO]   工具结果：轨迹 409：帧693 vs 帧694，外观基本一致，非 ID 切换
17:55:42 [INFO]   步骤 4：调用 replay_segment({'start_frame': 693, 'end_frame': 728})
17:55:42 [INFO]   工具结果：轨迹 409 帧 693-728，原始 34 帧，展示 32 帧（步长 1）
17:55:46 [INFO]   步骤 5：调用 check_nearby_tracks({'frame_ids': [693, 694, 695, 698, 699, 700, 701, 702, 703, 704, 705, 706, 707, 708, 709, 710, 712, 713, 714, 715, 716, 717, 718, 719, 720, 721, 722, 723, 724, 725, 726, 728]})
17:55:46 [INFO]   工具结果：帧 693 轨迹 409 附近（150px）：发现 3 个附近轨迹：ID 403（距离55.6px），ID 404（距离122.2px），ID 410（距离146.9px）
17:55:48 [INFO]   步骤 6：调用 compare_appearances({'frame_id': 693, 'track_id': 409, 'nearby_track_ids': [403, 404, 410]})
17:55:48 [INFO]   工具结果：轨迹 409：帧693 vs 帧694，外观基本一致，非 ID 切换
17:55:48 [WARNING] 轨迹 409 达到最大调查步数，使用初始判断
17:55:48 [INFO]   → 确认：调查步数耗尽，沿用阶段一结论：目标在多个帧中位置异常跳变，不符合运动规律。
17:55:48 [INFO] [9/10] 调查轨迹 410
17:55:48 [INFO] 开始调查轨迹 410（drift）
17:55:49 [INFO]   步骤 1：调用 replay_segment({'start_frame': 942, 'end_frame': 1601})
17:55:49 [INFO]   工具结果：轨迹 410 帧 942-1601，原始 47 帧，展示 32 帧（步长 14）
17:55:50 [INFO]   步骤 2：调用 check_nearby_tracks({'start_frame': 942, 'end_frame': 1601})
17:55:50 [INFO]   工具结果：缺少 frame_id/track_id
17:55:51 [INFO]   步骤 3：调用 replay_segment({'start_frame': 942, 'end_frame': 1601})
17:55:51 [INFO]   工具结果：轨迹 410 帧 942-1601，原始 47 帧，展示 32 帧（步长 14）
17:55:52 [INFO]   步骤 4：调用 check_nearby_tracks({'start_frame': 942, 'end_frame': 1601})
17:55:52 [INFO]   工具结果：缺少 frame_id/track_id
17:55:53 [INFO]   步骤 5：调用 replay_segment({'start_frame': 942, 'end_frame': 1601})
17:55:53 [INFO]   工具结果：轨迹 410 帧 942-1601，原始 47 帧，展示 32 帧（步长 14）
17:55:54 [INFO]   步骤 6：调用 check_nearby_tracks({'start_frame': 942, 'end_frame': 1601})
17:55:54 [INFO]   工具结果：缺少 frame_id/track_id
17:55:54 [WARNING] 轨迹 410 达到最大调查步数，使用初始判断
17:55:54 [INFO]   → 确认：调查步数耗尽，沿用阶段一结论：最大位移较大，存在异常跳变。
17:55:54 [INFO] [10/10] 调查轨迹 411
17:55:54 [INFO] 开始调查轨迹 411（miss）
17:55:55 [INFO]   步骤 1：调用 replay_segment({'start_frame': 1545, 'end_frame': 1554})
17:55:55 [INFO]   工具结果：轨迹 411 帧 1545-1554，原始 2 帧，展示 2 帧（步长 1）
17:55:56 [INFO]   步骤 2：调用 check_nearby_tracks({'track_id': 411, 'frame_range': [1545, 1554]})
17:55:56 [INFO]   工具结果：帧 1549 轨迹 411 附近（150px）：发现 2 个附近轨迹：ID 402（距离46.0px），ID 410（距离76.0px）
17:55:57 [INFO]   步骤 3：调用 replay_segment({'start_frame': 1545, 'end_frame': 1554})
17:55:57 [INFO]   工具结果：轨迹 411 帧 1545-1554，原始 2 帧，展示 2 帧（步长 1）
17:55:58 [INFO]   步骤 4：调用 check_nearby_tracks({'track_id': 411, 'frame_range': [1545, 1554]})
17:55:58 [INFO]   工具结果：帧 1549 轨迹 411 附近（150px）：发现 2 个附近轨迹：ID 402（距离46.0px），ID 410（距离76.0px）
17:55:59 [INFO]   步骤 5：调用 replay_segment({'start_frame': 1545, 'end_frame': 1554})
17:55:59 [INFO]   工具结果：轨迹 411 帧 1545-1554，原始 2 帧，展示 2 帧（步长 1）
17:56:00 [INFO]   步骤 6：调用 check_nearby_tracks({'track_id': 411, 'frame_range': [1545, 1554]})
17:56:00 [INFO]   工具结果：帧 1549 轨迹 411 附近（150px）：发现 2 个附近轨迹：ID 402（距离46.0px），ID 410（距离76.0px）
17:56:00 [WARNING] 轨迹 411 达到最大调查步数，使用初始判断
17:56:00 [INFO]   → 确认：调查步数耗尽，沿用阶段一结论：轨迹在1545帧后中断，持续9帧。
17:56:00 [INFO] ========================================
17:56:00 [INFO] [dancetrack0017] 阶段三：轨迹修正
17:56:00 [INFO] ========================================
17:56:00 [INFO] 正在分析轨迹 408（长度 1523 帧）...
17:56:01 [INFO] 修正回滚：track=408 type=drift
17:56:02 [INFO] 正在分析轨迹 411（长度 256 帧）...
17:56:03 [INFO] 修正生效：track=411 type=miss frames=1545-1554
17:56:03 [INFO] [dancetrack0017] 修正后 MOT 已保存至 /public/home/lyh_npu/code/PostMOT/corrected_mot/dancetrack0017.txt
17:56:03 [INFO] [dancetrack0017] 报告已保存至 /public/home/lyh_npu/code/PostMOT/pipeline_report_batch_seq_reports/dancetrack0017.json
17:56:03 [INFO] [6/35] 处理序列 dancetrack0021
17:56:30 [INFO] 加载轨迹 14 条
17:56:30 [INFO] ========================================
17:56:30 [INFO] [dancetrack0021] 阶段一：VLM 轨迹巡检
17:56:30 [INFO] ========================================
17:56:30 [INFO] 正在分析轨迹 291（长度 1196 帧）...
17:56:38 [INFO] [可疑] 轨迹 291 — drift 置信度 0.80：最大位移较大，存在异常跳变。
17:56:38 [INFO] 正在分析轨迹 292（长度 699 帧）...
17:56:39 [INFO] [可疑] 轨迹 292 — drift 置信度 0.90：最大位移发生在第262帧，位置异常跳变。
17:56:39 [INFO] 正在分析轨迹 293（长度 1190 帧）...
17:56:41 [INFO] [可疑] 轨迹 293 — drift 置信度 0.80：目标在731至738帧间位置异常跳变，不符合运动规律。
17:56:41 [INFO] 正在分析轨迹 294（长度 645 帧）...
17:56:43 [INFO] [可疑] 轨迹 294 — miss 置信度 0.90：目标在631帧后至649帧间中断，未检测到目标。
17:56:43 [INFO] 正在分析轨迹 295（长度 760 帧）...
17:56:44 [INFO] [可疑] 轨迹 295 — miss 置信度 0.90：目标在第721帧后消失，持续9帧。
17:56:44 [INFO] 正在分析轨迹 296（长度 1149 帧）...
17:56:46 [INFO] [可疑] 轨迹 296 — miss 置信度 0.90：轨迹在第772帧后中断，持续16帧。
17:56:46 [INFO] 正在分析轨迹 297（长度 624 帧）...
17:56:47 [INFO] [可疑] 轨迹 297 — drift 置信度 0.80：最大位移较大，存在异常跳变。
17:56:47 [INFO] 正在分析轨迹 298（长度 528 帧）...
17:56:48 [INFO] [可疑] 轨迹 298 — drift 置信度 0.80：最大位移较大，存在异常跳变。
17:56:48 [INFO] 正在分析轨迹 299（长度 496 帧）...
17:56:50 [INFO] [可疑] 轨迹 299 — drift 置信度 0.90：最大位移帧处目标位置异常跳变
17:56:50 [INFO] 正在分析轨迹 300（长度 489 帧）...
17:56:51 [INFO] [可疑] 轨迹 300 — drift 置信度 0.80：最大位移较大，存在异常跳变。
17:56:51 [INFO] 正在分析轨迹 302（长度 14 帧）...
17:56:52 [INFO] 正在分析轨迹 303（长度 115 帧）...
17:56:54 [INFO] [可疑] 轨迹 303 — drift 置信度 0.90：最大位移发生在第885帧，位置异常跳变。
17:56:54 [INFO] 正在分析轨迹 304（长度 186 帧）...
17:56:56 [INFO] [可疑] 轨迹 304 — miss 置信度 0.90：目标在第1003帧至第1017帧间中断，消失超过5帧。
17:56:56 [INFO] [dancetrack0021] 阶段一完成：12 条可疑轨迹，已保存至 /public/home/lyh_npu/code/PostMOT/pipeline_report_batch_seq_reports/dancetrack0021_stage1.json
17:56:56 [INFO] ========================================
17:56:56 [INFO] [dancetrack0021] 阶段二：LLM 工具调用调查
17:56:56 [INFO] ========================================
17:56:56 [INFO] [1/12] 调查轨迹 291
17:56:56 [INFO] 开始调查轨迹 291（drift）
17:56:56 [INFO]   步骤 1：调用 replay_segment({'start_frame': 1, 'end_frame': 1203})
17:56:56 [INFO]   工具结果：轨迹 291 帧 1-1203，原始 46 帧，展示 32 帧（步长 26）
17:56:57 [INFO]   步骤 2：调用 check_nearby_tracks({'track_id': 291, 'frame_ids': [1, 1203]})
17:56:57 [INFO]   工具结果：帧 1 轨迹 291 附近（150px）：发现 3 个附近轨迹：ID 297（距离75.3px），ID 298（距离131.7px），ID 300（距离109.5px）
17:56:58 [INFO]   步骤 3：调用 replay_segment({'start_frame': 1, 'end_frame': 1203})
17:56:58 [INFO]   工具结果：轨迹 291 帧 1-1203，原始 46 帧，展示 32 帧（步长 26）
17:57:00 [INFO]   步骤 4：调用 compare_appearances({'frame_ids': [1, 1203]})
17:57:00 [INFO]   工具结果：轨迹 291：帧1 vs 帧1203，外观基本一致，非 ID 切换
17:57:01 [INFO]   步骤 5：调用 replay_segment({'start_frame': 1, 'end_frame': 1203})
17:57:01 [INFO]   工具结果：轨迹 291 帧 1-1203，原始 46 帧，展示 32 帧（步长 26）
17:57:03 [INFO]   步骤 6：调用 check_nearby_tracks({'track_id': 291, 'frame_ids': [1, 1203]})
17:57:03 [INFO]   工具结果：帧 1 轨迹 291 附近（150px）：发现 3 个附近轨迹：ID 297（距离75.3px），ID 298（距离131.7px），ID 300（距离109.5px）
17:57:03 [WARNING] 轨迹 291 达到最大调查步数，使用初始判断
17:57:03 [INFO]   → 确认：调查步数耗尽，沿用阶段一结论：最大位移较大，存在异常跳变。
17:57:03 [INFO] [2/12] 调查轨迹 292
17:57:03 [INFO] 开始调查轨迹 292（drift）
17:57:04 [INFO]   步骤 1：调用 replay_segment({'start_frame': 254, 'end_frame': 262})
17:57:04 [INFO]   工具结果：轨迹 292 帧 254-262，原始 9 帧，展示 9 帧（步长 1）
17:57:04 [INFO]   步骤 2：调用 check_nearby_tracks({'frame_id': 262})
17:57:04 [INFO]   工具结果：帧 262 轨迹 292 附近（150px）：发现 3 个附近轨迹：ID 295（距离26.1px），ID 296（距离109.8px），ID 304（距离11.9px）
17:57:05 [INFO]   步骤 3：调用 compare_appearances({'frame_id': 262, 'track_id': 292})
17:57:05 [INFO]   工具结果：轨迹 292：帧262 vs 帧263，外观基本一致，非 ID 切换
17:57:06 [INFO]   步骤 4：调用 zoom_region({'frame_id': 262, 'region': [120, 120, 120, 120]})
17:57:06 [INFO]   工具结果：轨迹 292 第 262 帧放大 3.0x，已锐化
17:57:07 [INFO]   步骤 5：调用 replay_segment({'start_frame': 254, 'end_frame': 262})
17:57:07 [INFO]   工具结果：轨迹 292 帧 254-262，原始 9 帧，展示 9 帧（步长 1）
17:57:08 [INFO]   步骤 6：调用 check_nearby_tracks({'frame_id': 262})
17:57:08 [INFO]   工具结果：帧 262 轨迹 292 附近（150px）：发现 3 个附近轨迹：ID 295（距离26.1px），ID 296（距离109.8px），ID 304（距离11.9px）
17:57:08 [WARNING] 轨迹 292 达到最大调查步数，使用初始判断
17:57:08 [INFO]   → 确认：调查步数耗尽，沿用阶段一结论：最大位移发生在第262帧，位置异常跳变。
17:57:08 [INFO] [3/12] 调查轨迹 293
17:57:08 [INFO] 开始调查轨迹 293（drift）
17:57:09 [INFO]   步骤 1：调用 replay_segment({'start_frame': 731, 'end_frame': 738})
17:57:09 [INFO]   工具结果：轨迹 293 帧 731-738，原始 2 帧，展示 2 帧（步长 1）
17:57:10 [INFO]   步骤 2：调用 check_nearby_tracks({'track_id': 293, 'frame_range': [731, 738]})
17:57:10 [INFO]   工具结果：帧 734 轨迹 293 附近（150px）：发现 8 个附近轨迹：ID 292（距离135.5px），ID 295（距离67.6px），ID 296（距离18.9px），ID 298（距离142.1
17:57:11 [INFO]   步骤 3：调用 compare_appearances({'frame_id': 731, 'target_id': 293, 'compare_id': 295, 'threshold': 0.5})
17:57:11 [INFO]   工具结果：轨迹 293：帧731 vs 帧732，外观基本一致，非 ID 切换
17:57:12 [INFO]   步骤 4：调用 compare_appearances({'frame_id': 738, 'target_id': 293, 'compare_id': 295, 'threshold': 0.5})
17:57:12 [INFO]   工具结果：轨迹 293：帧738 vs 帧739，外观基本一致，非 ID 切换
17:57:13 [INFO]   步骤 5：调用 replay_segment({'start_frame': 738, 'end_frame': 739})
17:57:13 [INFO]   工具结果：轨迹 293 帧 738-739，原始 2 帧，展示 2 帧（步长 1）
17:57:14 [INFO]   步骤 6：调用 check_nearby_tracks({'track_id': 293, 'frame_range': [738, 739]})
17:57:14 [INFO]   工具结果：帧 738 轨迹 293 附近（150px）：发现 7 个附近轨迹：ID 291（距离80.4px），ID 292（距离87.7px），ID 295（距离21.7px），ID 296（距离137.0p
17:57:14 [WARNING] 轨迹 293 达到最大调查步数，使用初始判断
17:57:14 [INFO]   → 确认：调查步数耗尽，沿用阶段一结论：目标在731至738帧间位置异常跳变，不符合运动规律。
17:57:14 [INFO] [4/12] 调查轨迹 294
17:57:14 [INFO] 开始调查轨迹 294（miss）
17:57:15 [INFO]   步骤 1：调用 replay_segment({'start_frame': 631, 'end_frame': 649})
17:57:15 [INFO]   工具结果：轨迹 294 帧 631-649，原始 5 帧，展示 5 帧（步长 1）
17:57:16 [INFO]   步骤 2：调用 check_nearby_tracks({'frame_id': 631, 'radius': 10})
17:57:16 [INFO]   工具结果：帧 631 轨迹 294 附近（10px）：附近无其他轨迹
17:57:17 [INFO]   步骤 3：调用 replay_segment({'start_frame': 631, 'end_frame': 649})
17:57:17 [INFO]   工具结果：轨迹 294 帧 631-649，原始 5 帧，展示 5 帧（步长 1）
17:57:17 [INFO]   步骤 4：调用 check_nearby_tracks({'frame_id': 631, 'radius': 10})
17:57:17 [INFO]   工具结果：帧 631 轨迹 294 附近（10px）：附近无其他轨迹
17:57:18 [INFO]   步骤 5：调用 replay_segment({'start_frame': 631, 'end_frame': 649})
17:57:18 [INFO]   工具结果：轨迹 294 帧 631-649，原始 5 帧，展示 5 帧（步长 1）
17:57:19 [INFO]   步骤 6：调用 check_nearby_tracks({'frame_id': 631, 'radius': 10})
17:57:19 [INFO]   工具结果：帧 631 轨迹 294 附近（10px）：附近无其他轨迹
17:57:19 [WARNING] 轨迹 294 达到最大调查步数，使用初始判断
17:57:19 [INFO]   → 确认：调查步数耗尽，沿用阶段一结论：目标在631帧后至649帧间中断，未检测到目标。
17:57:19 [INFO] [5/12] 调查轨迹 295
17:57:19 [INFO] 开始调查轨迹 295（miss）
17:57:20 [INFO]   步骤 1：调用 replay_segment({'start_frame': 721, 'end_frame': 730})
17:57:20 [INFO]   工具结果：轨迹 295 帧 721-730，原始 2 帧，展示 2 帧（步长 1）
17:57:21 [INFO]   步骤 2：调用 check_nearby_tracks({'track_id': 295, 'frame_ids': [721, 730]})
17:57:21 [INFO]   工具结果：帧 721 轨迹 295 附近（150px）：发现 6 个附近轨迹：ID 292（距离35.7px），ID 293（距离130.6px），ID 296（距离7.9px），ID 298（距离117.6p
17:57:22 [INFO]   步骤 3：调用 compare_appearances({'frame_id': 721, 'track_id': 295, 'nearby_track_id': 296})
17:57:22 [INFO]   工具结果：轨迹 295：帧721 vs 帧722，外观基本一致，非 ID 切换
17:57:23 [INFO]   步骤 4：调用 replay_segment({'start_frame': 721, 'end_frame': 730})
17:57:23 [INFO]   工具结果：轨迹 295 帧 721-730，原始 2 帧，展示 2 帧（步长 1）
17:57:24 [INFO]   步骤 5：调用 check_nearby_tracks({'track_id': 295, 'frame_ids': [721, 730]})
17:57:24 [INFO]   工具结果：帧 721 轨迹 295 附近（150px）：发现 6 个附近轨迹：ID 292（距离35.7px），ID 293（距离130.6px），ID 296（距离7.9px），ID 298（距离117.6p
17:57:25 [INFO]   步骤 6：调用 compare_appearances({'frame_id': 721, 'track_id': 295, 'nearby_track_id': 296})
17:57:25 [INFO]   工具结果：轨迹 295：帧721 vs 帧722，外观基本一致，非 ID 切换
17:57:25 [WARNING] 轨迹 295 达到最大调查步数，使用初始判断
17:57:25 [INFO]   → 确认：调查步数耗尽，沿用阶段一结论：目标在第721帧后消失，持续9帧。
17:57:25 [INFO] [6/12] 调查轨迹 296
17:57:25 [INFO] 开始调查轨迹 296（miss）
17:57:26 [INFO]   步骤 1：调用 replay_segment({'start_frame': 772, 'end_frame': 788})
17:57:26 [INFO]   工具结果：轨迹 296 帧 772-788，原始 2 帧，展示 2 帧（步长 1）
17:57:26 [INFO]   步骤 2：调用 check_nearby_tracks({'track_id': 296, 'frame_range': [772, 788]})
17:57:26 [INFO]   工具结果：帧 780 轨迹 296 附近（150px）：发现 7 个附近轨迹：ID 291（距离58.0px），ID 295（距离53.5px），ID 298（距离60.4px），ID 299（距离12.9px
17:57:27 [INFO]   步骤 3：调用 compare_appearances({'frame_id': 772, 'target_id': 296, 'compare_id': 299})
17:57:27 [INFO]   工具结果：轨迹 296：帧772 vs 帧773，外观基本一致，非 ID 切换
17:57:29 [INFO]   步骤 4：调用 compare_appearances({'frame_id': 788, 'target_id': 296, 'compare_id': 299})
17:57:29 [INFO]   工具结果：轨迹 296：帧788 vs 帧789，外观基本一致，非 ID 切换
17:57:29 [INFO]   步骤 5：调用 replay_segment({'start_frame': 772, 'end_frame': 788})
17:57:29 [INFO]   工具结果：轨迹 296 帧 772-788，原始 2 帧，展示 2 帧（步长 1）
17:57:30 [INFO]   步骤 6：调用 check_nearby_tracks({'track_id': 296, 'frame_range': [772, 788]})
17:57:30 [INFO]   工具结果：帧 780 轨迹 296 附近（150px）：发现 7 个附近轨迹：ID 291（距离58.0px），ID 295（距离53.5px），ID 298（距离60.4px），ID 299（距离12.9px
17:57:30 [WARNING] 轨迹 296 达到最大调查步数，使用初始判断
17:57:30 [INFO]   → 确认：调查步数耗尽，沿用阶段一结论：轨迹在第772帧后中断，持续16帧。
17:57:30 [INFO] [7/12] 调查轨迹 297
17:57:30 [INFO] 开始调查轨迹 297（drift）
17:57:31 [INFO]   步骤 1：调用 replay_segment({'start_frame': 1, 'end_frame': 624})
17:57:31 [INFO]   工具结果：轨迹 297 帧 1-624，原始 48 帧，展示 32 帧（步长 13）
17:57:32 [INFO]   步骤 2：调用 check_nearby_tracks({'track_id': 297, 'frame_ids': [1, 624]})
17:57:32 [INFO]   工具结果：帧 1 轨迹 297 附近（150px）：发现 3 个附近轨迹：ID 291（距离75.3px），ID 299（距离83.1px），ID 300（距离65.0px）
17:57:33 [INFO]   步骤 3：调用 compare_appearances({'frame_id': 1, 'track_id': 297, 'nearby_track_id': 291})
17:57:33 [INFO]   工具结果：轨迹 297：帧1 vs 帧2，外观基本一致，非 ID 切换
17:57:41 [INFO]   步骤 4：调用 compare_appearances({'frame_id': 1, 'track_id': 297, 'nearby_track_id': 299})
17:57:41 [INFO]   工具结果：轨迹 297：帧1 vs 帧2，外观基本一致，非 ID 切换
17:57:42 [INFO]   步骤 5：调用 compare_appearances({'frame_id': 1, 'track_id': 297, 'nearby_track_id': 300})
17:57:42 [INFO]   工具结果：轨迹 297：帧1 vs 帧2，外观基本一致，非 ID 切换
17:57:43 [INFO]   步骤 6：调用 replay_segment({'start_frame': 1, 'end_frame': 624})
17:57:43 [INFO]   工具结果：轨迹 297 帧 1-624，原始 48 帧，展示 32 帧（步长 13）
17:57:43 [WARNING] 轨迹 297 达到最大调查步数，使用初始判断
17:57:43 [INFO]   → 确认：调查步数耗尽，沿用阶段一结论：最大位移较大，存在异常跳变。
17:57:43 [INFO] [8/12] 调查轨迹 298
17:57:43 [INFO] 开始调查轨迹 298（drift）
17:57:44 [INFO]   步骤 1：调用 replay_segment({'start_frame': 670, 'end_frame': 1203})
17:57:44 [INFO]   工具结果：轨迹 298 帧 670-1203，原始 44 帧，展示 32 帧（步长 12）
17:57:48 [INFO]   步骤 2：调用 check_nearby_tracks({'frame_ids': [670, 682, 694, 718, 730, 742, 766, 778, 807, 819, 831, 856, 868, 892, 904, 916, 940, 952, 964, 988, 1000, 1024, 1036, 1048, 1072, 1084, 1108, 1120, 1132, 1156, 1168, 1192]})
17:57:48 [INFO]   工具结果：帧 670 轨迹 298 附近（150px）：发现 7 个附近轨迹：ID 291（距离117.7px），ID 293（距离109.1px），ID 294（距离123.1px），ID 295（距离117
17:57:49 [INFO]   步骤 3：调用 compare_appearances({'frame_id': 732, 'track_id': 298})
17:57:49 [INFO]   工具结果：轨迹 298：帧732 vs 帧733，外观基本一致，非 ID 切换
17:57:50 [INFO]   步骤 4：调用 replay_segment({'start_frame': 732, 'end_frame': 733})
17:57:50 [INFO]   工具结果：轨迹 298 帧 732-733，原始 2 帧，展示 2 帧（步长 1）
17:57:51 [INFO]   步骤 5：调用 check_nearby_tracks({'frame_ids': [732, 733]})
17:57:51 [INFO]   工具结果：帧 732 轨迹 298 附近（150px）：发现 4 个附近轨迹：ID 293（距离129.2px），ID 295（距离117.4px），ID 296（距离131.5px），ID 299（距离127
17:57:52 [INFO]   步骤 6：调用 replay_segment({'start_frame': 732, 'end_frame': 733})
17:57:52 [INFO]   工具结果：轨迹 298 帧 732-733，原始 2 帧，展示 2 帧（步长 1）
17:57:52 [WARNING] 轨迹 298 达到最大调查步数，使用初始判断
17:57:52 [INFO]   → 确认：调查步数耗尽，沿用阶段一结论：最大位移较大，存在异常跳变。
17:57:52 [INFO] [9/12] 调查轨迹 299
17:57:52 [INFO] 开始调查轨迹 299（drift）
17:57:53 [INFO]   步骤 1：调用 replay_segment({'start_frame': 727, 'end_frame': 727})
17:57:53 [INFO]   工具结果：轨迹 299 帧 727-727，原始 1 帧，展示 1 帧（步长 1）
17:57:54 [INFO]   步骤 2：调用 zoom_region({'frame_id': 727, 'region': [100, 100, 200, 200]})
17:57:54 [INFO]   工具结果：轨迹 299 第 727 帧放大 3.0x，已锐化
17:57:55 [INFO]   步骤 3：调用 check_nearby_tracks({'frame_id': 727, 'radius': 50})
17:57:55 [INFO]   工具结果：帧 727 轨迹 299 附近（50px）：发现 3 个附近轨迹：ID 292（距离5.8px），ID 295（距离36.6px），ID 296（距离42.3px）
17:57:56 [INFO]   步骤 4：调用 compare_appearances({'frame_id': 727, 'track_id': 299, 'reference_track_id': 292})
17:57:56 [INFO]   工具结果：轨迹 299：帧727 vs 帧728，外观基本一致，非 ID 切换
17:57:57 [INFO]   步骤 5：调用 replay_segment({'start_frame': 727, 'end_frame': 733})
17:57:57 [INFO]   工具结果：轨迹 299 帧 727-733，原始 7 帧，展示 7 帧（步长 1）
17:57:58 [INFO]   步骤 6：调用 check_nearby_tracks({'frame_id': 727, 'radius': 50})
17:57:58 [INFO]   工具结果：帧 727 轨迹 299 附近（50px）：发现 3 个附近轨迹：ID 292（距离5.8px），ID 295（距离36.6px），ID 296（距离42.3px）
17:57:58 [WARNING] 轨迹 299 达到最大调查步数，使用初始判断
17:57:58 [INFO]   → 确认：调查步数耗尽，沿用阶段一结论：最大位移帧处目标位置异常跳变
17:57:58 [INFO] [10/12] 调查轨迹 300
17:57:58 [INFO] 开始调查轨迹 300（drift）
17:57:59 [INFO]   步骤 1：调用 replay_segment({'start_frame': 712, 'end_frame': 1203})
17:57:59 [INFO]   工具结果：轨迹 300 帧 712-1203，原始 45 帧，展示 32 帧（步长 11）
17:58:00 [INFO]   步骤 2：调用 check_nearby_tracks({'track_id': 300, 'frame_range': [712, 1203]})
17:58:00 [INFO]   工具结果：帧 957 轨迹 300 附近（150px）：附近无其他轨迹
17:58:01 [INFO]   步骤 3：调用 replay_segment({'start_frame': 957, 'end_frame': 957})
17:58:01 [INFO]   工具结果：轨迹 300 帧 957-957，原始 1 帧，展示 1 帧（步长 1）
17:58:02 [INFO]   步骤 4：调用 zoom_region({'frame_id': 957, 'region': [100, 100, 200, 200]})
17:58:02 [INFO]   工具结果：轨迹 300 第 957 帧放大 3.0x，已锐化
17:58:04 [INFO]   步骤 5：调用 compare_appearances({'frame_id_1': 957, 'frame_id_2': 958})
17:58:04 [INFO]   工具结果：轨迹 300：帧957 vs 帧958，外观基本一致，非 ID 切换
17:58:05 [INFO]   步骤 6：调用 replay_segment({'start_frame': 957, 'end_frame': 1136})
17:58:05 [INFO]   工具结果：轨迹 300 帧 957-1136，原始 45 帧，展示 32 帧（步长 4）
17:58:05 [WARNING] 轨迹 300 达到最大调查步数，使用初始判断
17:58:05 [INFO]   → 确认：调查步数耗尽，沿用阶段一结论：最大位移较大，存在异常跳变。
17:58:05 [INFO] [11/12] 调查轨迹 303
17:58:05 [INFO] 开始调查轨迹 303（drift）
17:58:06 [INFO]   步骤 1：调用 replay_segment({'start_frame': 852, 'end_frame': 968})
17:58:06 [INFO]   工具结果：轨迹 303 帧 852-968，原始 39 帧，展示 32 帧（步长 3）
17:58:07 [INFO]   步骤 2：调用 check_nearby_tracks({'track_id': 303, 'frame_range': [852, 968]})
17:58:07 [INFO]   工具结果：帧 910 轨迹 303 附近（150px）：发现 6 个附近轨迹：ID 291（距离85.7px），ID 292（距离94.7px），ID 295（距离142.6px），ID 296（距离116.2
17:58:08 [INFO]   步骤 3：调用 replay_segment({'start_frame': 852, 'end_frame': 968})
17:58:08 [INFO]   工具结果：轨迹 303 帧 852-968，原始 39 帧，展示 32 帧（步长 3）
17:58:09 [INFO]   步骤 4：调用 compare_appearances({'frame1': 884, 'frame2': 885})
17:58:09 [INFO]   工具结果：缺少 frame_id_a/frame_id_b
17:58:10 [INFO]   步骤 5：调用 replay_segment({'start_frame': 852, 'end_frame': 968})
17:58:10 [INFO]   工具结果：轨迹 303 帧 852-968，原始 39 帧，展示 32 帧（步长 3）
17:58:12 [INFO]   步骤 6：调用 zoom_region({'frame_id': 885, 'region': [370, 180, 460, 220]})
17:58:12 [INFO]   工具结果：轨迹 303 第 885 帧放大 3.0x，已锐化
17:58:12 [WARNING] 轨迹 303 达到最大调查步数，使用初始判断
17:58:12 [INFO]   → 确认：调查步数耗尽，沿用阶段一结论：最大位移发生在第885帧，位置异常跳变。
17:58:12 [INFO] [12/12] 调查轨迹 304
17:58:12 [INFO] 开始调查轨迹 304（miss）
17:58:13 [INFO]   步骤 1：调用 replay_segment({'start_frame': 1003, 'end_frame': 1017})
17:58:13 [INFO]   工具结果：轨迹 304 帧 1003-1017，原始 2 帧，展示 2 帧（步长 1）
17:58:14 [INFO]   步骤 2：调用 check_nearby_tracks({'track_id': 304, 'frame_range': [1003, 1017]})
17:58:14 [INFO]   工具结果：帧 1010 轨迹 304 附近（150px）：发现 5 个附近轨迹：ID 292（距离57.8px），ID 293（距离59.2px），ID 296（距离138.7px），ID 298（距离17.0
17:58:15 [INFO]   步骤 3：调用 replay_segment({'start_frame': 1003, 'end_frame': 1017})
17:58:15 [INFO]   工具结果：轨迹 304 帧 1003-1017，原始 2 帧，展示 2 帧（步长 1）
17:58:16 [INFO]   步骤 4：调用 check_nearby_tracks({'track_id': 304, 'frame_range': [1003, 1017]})
17:58:16 [INFO]   工具结果：帧 1010 轨迹 304 附近（150px）：发现 5 个附近轨迹：ID 292（距离57.8px），ID 293（距离59.2px），ID 296（距离138.7px），ID 298（距离17.0
17:58:17 [INFO]   步骤 5：调用 replay_segment({'start_frame': 1003, 'end_frame': 1017})
17:58:17 [INFO]   工具结果：轨迹 304 帧 1003-1017，原始 2 帧，展示 2 帧（步长 1）
17:58:18 [INFO]   步骤 6：调用 check_nearby_tracks({'track_id': 304, 'frame_range': [1003, 1017]})
17:58:18 [INFO]   工具结果：帧 1010 轨迹 304 附近（150px）：发现 5 个附近轨迹：ID 292（距离57.8px），ID 293（距离59.2px），ID 296（距离138.7px），ID 298（距离17.0
17:58:18 [WARNING] 轨迹 304 达到最大调查步数，使用初始判断
17:58:18 [INFO]   → 确认：调查步数耗尽，沿用阶段一结论：目标在第1003帧至第1017帧间中断，消失超过5帧。
17:58:18 [INFO] ========================================
17:58:18 [INFO] [dancetrack0021] 阶段三：轨迹修正
17:58:18 [INFO] ========================================
17:58:18 [INFO] 正在分析轨迹 292（长度 699 帧）...
17:58:19 [INFO] 修正回滚：track=292 type=drift
17:58:19 [INFO] 正在分析轨迹 294（长度 659 帧）...
17:58:21 [INFO] 修正生效：track=294 type=miss frames=631-649
17:58:21 [INFO] 正在分析轨迹 295（长度 768 帧）...
17:58:22 [INFO] 修正生效：track=295 type=miss frames=721-730
17:58:22 [INFO] 正在分析轨迹 296（长度 1164 帧）...
17:58:24 [INFO] 修正回滚：track=296 type=miss
17:58:24 [INFO] 正在分析轨迹 299（长度 496 帧）...
17:58:25 [INFO] 修正回滚：track=299 type=drift
17:58:25 [INFO] 正在分析轨迹 303（长度 115 帧）...
17:58:27 [INFO] 修正回滚：track=303 type=drift
17:58:27 [INFO] 正在分析轨迹 304（长度 199 帧）...
17:58:28 [INFO] 修正生效：track=304 type=miss frames=1003-1017
17:58:29 [INFO] [dancetrack0021] 修正后 MOT 已保存至 /public/home/lyh_npu/code/PostMOT/corrected_mot/dancetrack0021.txt
17:58:29 [INFO] [dancetrack0021] 报告已保存至 /public/home/lyh_npu/code/PostMOT/pipeline_report_batch_seq_reports/dancetrack0021.json
17:58:29 [INFO] [7/35] 处理序列 dancetrack0022
17:59:04 [INFO] 加载轨迹 37 条
17:59:04 [INFO] ========================================
17:59:04 [INFO] [dancetrack0022] 阶段一：VLM 轨迹巡检
17:59:04 [INFO] ========================================
17:59:04 [INFO] 正在分析轨迹 462（长度 76 帧）...
17:59:07 [INFO] [可疑] 轨迹 462 — miss 置信度 0.80：目标在第5帧至第18帧间中断，消失超过5帧。
17:59:07 [INFO] 正在分析轨迹 463（长度 587 帧）...
17:59:08 [INFO] [可疑] 轨迹 463 — drift 置信度 0.80：最大位移较大，存在异常跳变。
17:59:08 [INFO] 正在分析轨迹 464（长度 101 帧）...
17:59:09 [INFO] [可疑] 轨迹 464 — miss 置信度 0.90：轨迹中断，目标消失超过5帧
17:59:09 [INFO] 正在分析轨迹 465（长度 526 帧）...
17:59:11 [INFO] [可疑] 轨迹 465 — miss 置信度 0.90：轨迹在520帧后中断，持续至555帧。
17:59:11 [INFO] 正在分析轨迹 466（长度 21 帧）...
17:59:12 [INFO] 正在分析轨迹 467（长度 88 帧）...
17:59:14 [INFO] [可疑] 轨迹 467 — drift 置信度 0.80：最大位移发生在第81帧，位置异常跳变。
17:59:14 [INFO] 正在分析轨迹 468（长度 29 帧）...
17:59:15 [INFO] [可疑] 轨迹 468 — miss 置信度 0.90：目标在第97帧至第106帧间中断，消失超过5帧。
17:59:15 [INFO] 正在分析轨迹 469（长度 15 帧）...
17:59:17 [INFO] 正在分析轨迹 470（长度 1102 帧）...
17:59:19 [INFO] [可疑] 轨迹 470 — drift 置信度 0.80：目标在第125帧和第131帧间位置异常跳变，不符合运动规律。
17:59:19 [INFO] 正在分析轨迹 471（长度 1090 帧）...
17:59:20 [INFO] [可疑] 轨迹 471 — miss 置信度 0.90：目标在第684帧至第695帧间中断，消失超过5帧。
17:59:20 [INFO] 正在分析轨迹 472（长度 35 帧）...
17:59:22 [INFO] [可疑] 轨迹 472 — drift 置信度 0.80：最大位移较大，且在第85帧出现异常跳变。
17:59:22 [INFO] 正在分析轨迹 473（长度 101 帧）...
17:59:23 [INFO] [可疑] 轨迹 473 — miss 置信度 0.80：轨迹在242帧后中断，持续19帧。
17:59:23 [INFO] 正在分析轨迹 475（长度 46 帧）...
17:59:25 [INFO] [可疑] 轨迹 475 — drift 置信度 0.90：最大位移发生在第192帧，位置异常跳变。
17:59:25 [INFO] 正在分析轨迹 476（长度 774 帧）...
17:59:26 [INFO] [可疑] 轨迹 476 — drift 置信度 0.80：最大位移较大，且存在跳跃帧，表明目标位置异常。
17:59:26 [INFO] 正在分析轨迹 478（长度 16 帧）...
17:59:28 [INFO] [可疑] 轨迹 478 — miss 置信度 0.90：目标在320帧后中断，消失超过5帧。
17:59:28 [INFO] 正在分析轨迹 479（长度 273 帧）...
17:59:29 [INFO] [可疑] 轨迹 479 — miss 置信度 0.80：轨迹在453帧至531帧间中断，持续时间较长。
17:59:29 [INFO] 正在分析轨迹 481（长度 27 帧）...
17:59:31 [INFO] [可疑] 轨迹 481 — miss 置信度 0.90：目标在447帧后消失，持续9帧。
17:59:31 [INFO] 正在分析轨迹 482（长度 106 帧）...
17:59:32 [INFO] [可疑] 轨迹 482 — miss 置信度 0.90：目标在第588帧到第598帧间中断，消失超过5帧。
17:59:32 [INFO] 正在分析轨迹 483（长度 39 帧）...
17:59:34 [INFO] [可疑] 轨迹 483 — miss 置信度 0.80：目标在第615帧后消失，持续13帧。
17:59:34 [INFO] 正在分析轨迹 484（长度 9 帧）...
17:59:35 [INFO] 正在分析轨迹 485（长度 62 帧）...
17:59:37 [INFO] 正在分析轨迹 486（长度 297 帧）...
17:59:39 [INFO] [可疑] 轨迹 486 — miss 置信度 0.90：轨迹在979帧后中断，持续至1034帧。
17:59:39 [INFO] 正在分析轨迹 487（长度 11 帧）...
17:59:40 [INFO] 正在分析轨迹 488（长度 109 帧）...
17:59:47 [INFO] [可疑] 轨迹 488 — miss 置信度 0.80：目标在第754帧至第771帧间中断，消失超过5帧。
17:59:47 [INFO] 正在分析轨迹 489（长度 7 帧）...
17:59:49 [INFO] [可疑] 轨迹 489 — miss 置信度 0.80：目标在第796帧至第803帧间中断，消失超过5帧。
17:59:49 [INFO] 正在分析轨迹 490（长度 323 帧）...
17:59:50 [INFO] [可疑] 轨迹 490 — drift 置信度 0.80：最大位移较大，且存在多次跳跃帧
17:59:50 [INFO] 正在分析轨迹 491（长度 34 帧）...
17:59:52 [INFO] [可疑] 轨迹 491 — miss 置信度 0.90：目标在第834帧至第842帧间中断，消失超过5帧。
17:59:52 [INFO] 正在分析轨迹 492（长度 276 帧）...
17:59:54 [INFO] [可疑] 轨迹 492 — miss 置信度 0.90：目标在第849帧到第868帧间中断，持续了19帧。
17:59:54 [INFO] 正在分析轨迹 493（长度 18 帧）...
17:59:55 [INFO] [可疑] 轨迹 493 — miss 置信度 0.90：目标在第852帧至第859帧间中断，消失超过5帧。
17:59:55 [INFO] 正在分析轨迹 494（长度 228 帧）...
17:59:57 [INFO] [可疑] 轨迹 494 — miss 置信度 0.90：目标在第943帧至第955帧间中断，消失超过5帧。
17:59:57 [INFO] 正在分析轨迹 495（长度 20 帧）...
17:59:59 [INFO] [可疑] 轨迹 495 — miss 置信度 0.80：目标在第1009帧至第1017帧间中断，消失超过5帧。
17:59:59 [INFO] 正在分析轨迹 497（长度 43 帧）...
18:00:00 [INFO] [可疑] 轨迹 497 — miss 置信度 0.80：轨迹在第1186帧至第1195帧间中断，目标消失。
18:00:00 [INFO] 正在分析轨迹 498（长度 13 帧）...
18:00:02 [INFO] [可疑] 轨迹 498 — miss 置信度 0.90：目标在1182帧后消失，持续17帧。
18:00:02 [INFO] [dancetrack0022] 阶段一完成：28 条可疑轨迹，已保存至 /public/home/lyh_npu/code/PostMOT/pipeline_report_batch_seq_reports/dancetrack0022_stage1.json
18:00:02 [INFO] ========================================
18:00:02 [INFO] [dancetrack0022] 阶段二：LLM 工具调用调查
18:00:02 [INFO] ========================================
18:00:02 [INFO] [1/28] 调查轨迹 462
18:00:02 [INFO] 开始调查轨迹 462（miss）
18:00:02 [INFO]   步骤 1：调用 replay_segment({'start_frame': 5, 'end_frame': 18})
18:00:02 [INFO]   工具结果：轨迹 462 帧 5-18，原始 2 帧，展示 2 帧（步长 1）
18:00:03 [INFO]   步骤 2：调用 check_nearby_tracks({'frame_id': 5, 'radius': 5})
18:00:03 [INFO]   工具结果：帧 5 轨迹 462 附近（5px）：附近无其他轨迹
18:00:04 [INFO]   步骤 3：调用 check_nearby_tracks({'frame_id': 18, 'radius': 5})
18:00:04 [INFO]   工具结果：帧 18 轨迹 462 附近（5px）：附近无其他轨迹
18:00:05 [INFO]   步骤 4：调用 compare_appearances({'frame_id': 5, 'target_id': 462, 'reference_id': 462, 'delta_frame': 13})
18:00:05 [INFO]   工具结果：轨迹 462：帧5 vs 帧6，外观基本一致，非 ID 切换
18:00:06 [INFO]   步骤 5：调用 compare_appearances({'frame_id': 18, 'target_id': 462, 'reference_id': 462, 'delta_frame': 13})
18:00:06 [INFO]   工具结果：轨迹 462：帧18 vs 帧19，外观基本一致，非 ID 切换
18:00:07 [INFO]   步骤 6：调用 replay_segment({'start_frame': 5, 'end_frame': 18})
18:00:07 [INFO]   工具结果：轨迹 462 帧 5-18，原始 2 帧，展示 2 帧（步长 1）
18:00:07 [WARNING] 轨迹 462 达到最大调查步数，使用初始判断
18:00:07 [INFO]   → 确认：调查步数耗尽，沿用阶段一结论：目标在第5帧至第18帧间中断，消失超过5帧。
18:00:07 [INFO] [2/28] 调查轨迹 463
18:00:07 [INFO] 开始调查轨迹 463（drift）
18:00:08 [INFO]   步骤 1：调用 replay_segment({'start_frame': 1, 'end_frame': 591})
18:00:08 [INFO]   工具结果：轨迹 463 帧 1-591，原始 46 帧，展示 32 帧（步长 13）
18:00:09 [INFO]   步骤 2：调用 check_nearby_tracks({'track_id': 463, 'frame_range': [1, 591]})
18:00:09 [INFO]   工具结果：帧 296 轨迹 463 附近（150px）：发现 7 个附近轨迹：ID 462（距离81.1px），ID 466（距离126.6px），ID 475（距离78.8px），ID 480（距离67.1p
18:00:10 [INFO]   步骤 3：调用 compare_appearances({'frame_id': 296, 'track_id': 463, 'reference_frame_id': 296, 'reference_track_id': 463})
18:00:10 [INFO]   工具结果：轨迹 463：帧296 vs 帧297，外观基本一致，非 ID 切换
18:00:11 [INFO]   步骤 4：调用 replay_segment({'start_frame': 296, 'end_frame': 297})
18:00:11 [INFO]   工具结果：轨迹 463 帧 296-297，原始 2 帧，展示 2 帧（步长 1）
18:00:13 [INFO]   步骤 5：调用 check_nearby_tracks({'track_id': 463, 'frame_range': [296, 297]})
18:00:13 [INFO]   工具结果：帧 296 轨迹 463 附近（150px）：发现 7 个附近轨迹：ID 462（距离81.1px），ID 466（距离126.6px），ID 475（距离78.8px），ID 480（距离67.1p
18:00:14 [INFO]   步骤 6：调用 compare_appearances({'frame_id': 296, 'track_id': 463, 'reference_frame_id': 297, 'reference_track_id': 463})
18:00:14 [INFO]   工具结果：轨迹 463：帧297 vs 帧298，外观基本一致，非 ID 切换
18:00:14 [WARNING] 轨迹 463 达到最大调查步数，使用初始判断
18:00:14 [INFO]   → 确认：调查步数耗尽，沿用阶段一结论：最大位移较大，存在异常跳变。
18:00:14 [INFO] [3/28] 调查轨迹 464
18:00:14 [INFO] 开始调查轨迹 464（miss）
18:00:15 [INFO]   步骤 1：调用 replay_segment({'start_frame': 95, 'end_frame': 106})
18:00:15 [INFO]   工具结果：轨迹 464 帧 95-106，原始 2 帧，展示 2 帧（步长 1）
18:00:16 [INFO]   步骤 2：调用 check_nearby_tracks({'track_id': 464, 'frame_ids': [95, 106]})
18:00:16 [INFO]   工具结果：帧 95 轨迹 464 附近（150px）：发现 3 个附近轨迹：ID 471（距离64.1px），ID 481（距离53.6px），ID 493（距离76.8px）
18:00:16 [INFO]   步骤 3：调用 replay_segment({'start_frame': 95, 'end_frame': 106})
18:00:16 [INFO]   工具结果：轨迹 464 帧 95-106，原始 2 帧，展示 2 帧（步长 1）
18:00:17 [INFO]   步骤 4：调用 check_nearby_tracks({'track_id': 464, 'frame_ids': [95, 106]})
18:00:17 [INFO]   工具结果：帧 95 轨迹 464 附近（150px）：发现 3 个附近轨迹：ID 471（距离64.1px），ID 481（距离53.6px），ID 493（距离76.8px）
18:00:18 [INFO]   步骤 5：调用 replay_segment({'start_frame': 95, 'end_frame': 106})
18:00:18 [INFO]   工具结果：轨迹 464 帧 95-106，原始 2 帧，展示 2 帧（步长 1）
18:00:19 [INFO]   步骤 6：调用 check_nearby_tracks({'track_id': 464, 'frame_ids': [95, 106]})
18:00:19 [INFO]   工具结果：帧 95 轨迹 464 附近（150px）：发现 3 个附近轨迹：ID 471（距离64.1px），ID 481（距离53.6px），ID 493（距离76.8px）
18:00:19 [WARNING] 轨迹 464 达到最大调查步数，使用初始判断
18:00:19 [INFO]   → 确认：调查步数耗尽，沿用阶段一结论：轨迹中断，目标消失超过5帧
18:00:19 [INFO] [4/28] 调查轨迹 465
18:00:19 [INFO] 开始调查轨迹 465（miss）
18:00:20 [INFO]   步骤 1：调用 replay_segment({'start_frame': 520, 'end_frame': 555})
18:00:20 [INFO]   工具结果：轨迹 465 帧 520-555，原始 6 帧，展示 6 帧（步长 1）
18:00:21 [INFO]   步骤 2：调用 check_nearby_tracks({'frame_id': 539})
18:00:21 [INFO]   工具结果：帧 539 轨迹 465 附近（150px）：发现 9 个附近轨迹：ID 472（距离134.9px），ID 474（距离128.6px），ID 476（距离61.3px），ID 479（距离64.6
18:00:22 [INFO]   步骤 3：调用 replay_segment({'start_frame': 539, 'end_frame': 555})
18:00:22 [INFO]   工具结果：轨迹 465 帧 539-555，原始 2 帧，展示 2 帧（步长 1）
18:00:22 [INFO]   步骤 4：调用 check_nearby_tracks({'frame_id': 555})
18:00:22 [INFO]   工具结果：帧 555 轨迹 465 附近（150px）：发现 11 个附近轨迹：ID 468（距离101.2px），ID 472（距离73.8px），ID 474（距离50.8px），ID 476（距离35.0
18:00:23 [INFO]   步骤 5：调用 replay_segment({'start_frame': 539, 'end_frame': 555})
18:00:23 [INFO]   工具结果：轨迹 465 帧 539-555，原始 2 帧，展示 2 帧（步长 1）
18:00:24 [INFO]   步骤 6：调用 check_nearby_tracks({'frame_id': 555})
18:00:24 [INFO]   工具结果：帧 555 轨迹 465 附近（150px）：发现 11 个附近轨迹：ID 468（距离101.2px），ID 472（距离73.8px），ID 474（距离50.8px），ID 476（距离35.0
18:00:24 [WARNING] 轨迹 465 达到最大调查步数，使用初始判断
18:00:24 [INFO]   → 确认：调查步数耗尽，沿用阶段一结论：轨迹在520帧后中断，持续至555帧。
18:00:24 [INFO] [5/28] 调查轨迹 467
18:00:24 [INFO] 开始调查轨迹 467（drift）
18:00:25 [INFO]   步骤 1：调用 replay_segment({'start_frame': 17, 'end_frame': 81})
18:00:25 [INFO]   工具结果：轨迹 467 帧 17-81，原始 33 帧，展示 32 帧（步长 2）
18:00:26 [INFO]   步骤 2：调用 check_nearby_tracks({'track_id': 467, 'frame_range': [17, 81]})
18:00:26 [INFO]   工具结果：帧 49 轨迹 467 附近（150px）：发现 2 个附近轨迹：ID 492（距离67.8px），ID 494（距离137.0px）
18:00:27 [INFO]   步骤 3：调用 replay_segment({'start_frame': 49, 'end_frame': 49})
18:00:27 [INFO]   工具结果：轨迹 467 帧 49-49，原始 1 帧，展示 1 帧（步长 1）
18:00:28 [INFO]   步骤 4：调用 compare_appearances({'frame_1': 49, 'frame_2': 51})
18:00:28 [INFO]   工具结果：轨迹 467：帧49 vs 帧51，外观基本一致，非 ID 切换
18:00:29 [INFO]   步骤 5：调用 replay_segment({'start_frame': 49, 'end_frame': 51})
18:00:29 [INFO]   工具结果：轨迹 467 帧 49-51，原始 3 帧，展示 3 帧（步长 1）
18:00:30 [INFO]   步骤 6：调用 zoom_region({'frame_id': 50, 'region': [250, 100, 350, 200]})
18:00:30 [INFO]   工具结果：轨迹 467 第 50 帧放大 3.0x，已锐化
18:00:30 [WARNING] 轨迹 467 达到最大调查步数，使用初始判断
18:00:30 [INFO]   → 确认：调查步数耗尽，沿用阶段一结论：最大位移发生在第81帧，位置异常跳变。
18:00:30 [INFO] [6/28] 调查轨迹 468
18:00:30 [INFO] 开始调查轨迹 468（miss）
18:00:31 [INFO]   步骤 1：调用 replay_segment({'start_frame': 97, 'end_frame': 106})
18:00:31 [INFO]   工具结果：轨迹 468 帧 97-106，原始 2 帧，展示 2 帧（步长 1）
18:00:32 [INFO]   步骤 2：调用 check_nearby_tracks({'track_id': 468, 'frame_range': [97, 106]})
18:00:32 [INFO]   工具结果：帧 101 轨迹 468 附近（150px）：发现 11 个附近轨迹：ID 465（距离63.7px），ID 474（距离43.7px），ID 478（距离127.2px），ID 482（距离85.0
18:00:33 [INFO]   步骤 3：调用 replay_segment({'start_frame': 97, 'end_frame': 106})
18:00:33 [INFO]   工具结果：轨迹 468 帧 97-106，原始 2 帧，展示 2 帧（步长 1）
18:00:34 [INFO]   步骤 4：调用 check_nearby_tracks({'track_id': 468, 'frame_range': [97, 106]})
18:00:34 [INFO]   工具结果：帧 101 轨迹 468 附近（150px）：发现 11 个附近轨迹：ID 465（距离63.7px），ID 474（距离43.7px），ID 478（距离127.2px），ID 482（距离85.0
18:00:35 [INFO]   步骤 5：调用 replay_segment({'start_frame': 97, 'end_frame': 106})
18:00:35 [INFO]   工具结果：轨迹 468 帧 97-106，原始 2 帧，展示 2 帧（步长 1）
18:00:36 [INFO]   步骤 6：调用 check_nearby_tracks({'track_id': 468, 'frame_range': [97, 106]})
18:00:36 [INFO]   工具结果：帧 101 轨迹 468 附近（150px）：发现 11 个附近轨迹：ID 465（距离63.7px），ID 474（距离43.7px），ID 478（距离127.2px），ID 482（距离85.0
18:00:36 [WARNING] 轨迹 468 达到最大调查步数，使用初始判断
18:00:36 [INFO]   → 确认：调查步数耗尽，沿用阶段一结论：目标在第97帧至第106帧间中断，消失超过5帧。
18:00:36 [INFO] [7/28] 调查轨迹 470
18:00:36 [INFO] 开始调查轨迹 470（drift）
18:00:37 [INFO]   步骤 1：调用 replay_segment({'start_frame': 125, 'end_frame': 131})
18:00:37 [INFO]   工具结果：轨迹 470 帧 125-131，原始 7 帧，展示 7 帧（步长 1）
18:00:38 [INFO]   步骤 2：调用 check_nearby_tracks({'track_id': 470, 'frame_range': [125, 131]})
18:00:38 [INFO]   工具结果：帧 128 轨迹 470 附近（150px）：发现 7 个附近轨迹：ID 463（距离88.6px），ID 466（距离87.0px），ID 469（距离140.3px），ID 475（距离26.4p
18:00:39 [INFO]   步骤 3：调用 compare_appearances({'frame_id': 128, 'track_id': 470, 'nearby_track_id': 463})
18:00:39 [INFO]   工具结果：轨迹 470：帧128 vs 帧129，外观基本一致，非 ID 切换
18:00:40 [INFO]   步骤 4：调用 compare_appearances({'frame_id': 129, 'track_id': 470, 'nearby_track_id': 466})
18:00:40 [INFO]   工具结果：轨迹 470：帧129 vs 帧130，外观基本一致，非 ID 切换
18:00:41 [INFO]   步骤 5：调用 compare_appearances({'frame_id': 130, 'track_id': 470, 'nearby_track_id': 469})
18:00:41 [INFO]   工具结果：轨迹 470：帧130 vs 帧131，外观基本一致，非 ID 切换
18:00:42 [INFO]   步骤 6：调用 replay_segment({'start_frame': 125, 'end_frame': 131})
18:00:42 [INFO]   工具结果：轨迹 470 帧 125-131，原始 7 帧，展示 7 帧（步长 1）
18:00:42 [WARNING] 轨迹 470 达到最大调查步数，使用初始判断
18:00:42 [INFO]   → 确认：调查步数耗尽，沿用阶段一结论：目标在第125帧和第131帧间位置异常跳变，不符合运动规律。
18:00:42 [INFO] [8/28] 调查轨迹 471
18:00:42 [INFO] 开始调查轨迹 471（miss）
18:00:43 [INFO]   步骤 1：调用 replay_segment({'start_frame': 684, 'end_frame': 695})
18:00:43 [INFO]   工具结果：轨迹 471 帧 684-695，原始 2 帧，展示 2 帧（步长 1）
18:00:49 [INFO]   步骤 2：调用 check_nearby_tracks({'frame_id': 684, 'radius': 10})
18:00:49 [INFO]   工具结果：帧 684 轨迹 471 附近（10px）：发现 1 个附近轨迹：ID 483（距离1.8px）
18:00:50 [INFO]   步骤 3：调用 check_nearby_tracks({'frame_id': 695, 'radius': 10})
18:00:50 [INFO]   工具结果：帧 695 轨迹 471 附近（10px）：发现 1 个附近轨迹：ID 483（距离5.4px）
18:00:51 [INFO]   步骤 4：调用 compare_appearances({'frame_id': 684, 'target_track_id': 471, 'reference_track_id': 483, 'threshold': 0.5})
18:00:51 [INFO]   工具结果：轨迹 471：帧684 vs 帧685，外观基本一致，非 ID 切换
18:00:53 [INFO]   步骤 5：调用 compare_appearances({'frame_id': 695, 'target_track_id': 471, 'reference_track_id': 483, 'threshold': 0.5})
18:00:53 [INFO]   工具结果：轨迹 471：帧695 vs 帧696，外观基本一致，非 ID 切换
18:00:53 [INFO]   步骤 6：调用 replay_segment({'start_frame': 684, 'end_frame': 696})
18:00:53 [INFO]   工具结果：轨迹 471 帧 684-696，原始 3 帧，展示 3 帧（步长 1）
18:00:53 [WARNING] 轨迹 471 达到最大调查步数，使用初始判断
18:00:53 [INFO]   → 确认：调查步数耗尽，沿用阶段一结论：目标在第684帧至第695帧间中断，消失超过5帧。
18:00:53 [INFO] [9/28] 调查轨迹 472
18:00:53 [INFO] 开始调查轨迹 472（drift）
18:00:54 [INFO]   步骤 1：调用 replay_segment({'start_frame': 83, 'end_frame': 117})
18:00:54 [INFO]   工具结果：轨迹 472 帧 83-117，原始 35 帧，展示 32 帧（步长 1）
18:00:55 [INFO]   步骤 2：调用 check_nearby_tracks({'track_id': 472, 'frame_range': [83, 117]})
18:00:55 [INFO]   工具结果：帧 100 轨迹 472 附近（150px）：发现 5 个附近轨迹：ID 467（距离72.8px），ID 476（距离51.1px），ID 479（距离99.6px），ID 496（距离73.7px
18:00:56 [INFO]   步骤 3：调用 compare_appearances({'track_id': 472, 'frame_id': 85, 'reference_frame_id': 84})
18:00:56 [INFO]   工具结果：轨迹 472：帧84 vs 帧85，外观基本一致，非 ID 切换
18:00:58 [INFO]   步骤 4：调用 replay_segment({'start_frame': 83, 'end_frame': 117})
18:00:58 [INFO]   工具结果：轨迹 472 帧 83-117，原始 35 帧，展示 32 帧（步长 1）
18:00:59 [INFO]   步骤 5：调用 check_nearby_tracks({'track_id': 472, 'frame_range': [83, 117]})
18:00:59 [INFO]   工具结果：帧 100 轨迹 472 附近（150px）：发现 5 个附近轨迹：ID 467（距离72.8px），ID 476（距离51.1px），ID 479（距离99.6px），ID 496（距离73.7px
18:01:01 [INFO]   步骤 6：调用 compare_appearances({'track_id': 472, 'frame_id': 85, 'reference_frame_id': 84})
18:01:01 [INFO]   工具结果：轨迹 472：帧84 vs 帧85，外观基本一致，非 ID 切换
18:01:01 [WARNING] 轨迹 472 达到最大调查步数，使用初始判断
18:01:01 [INFO]   → 确认：调查步数耗尽，沿用阶段一结论：最大位移较大，且在第85帧出现异常跳变。
18:01:01 [INFO] [10/28] 调查轨迹 473
18:01:01 [INFO] 开始调查轨迹 473（miss）
18:01:01 [INFO]   步骤 1：调用 replay_segment({'start_frame': 242, 'end_frame': 271})
18:01:01 [INFO]   工具结果：轨迹 473 帧 242-271，原始 3 帧，展示 3 帧（步长 1）
18:01:02 [INFO]   步骤 2：调用 check_nearby_tracks({'track_id': 473, 'frame_range': [242, 271]})
18:01:02 [INFO]   工具结果：帧 256 轨迹 473 附近（150px）：发现 9 个附近轨迹：ID 468（距离113.3px），ID 472（距离49.7px），ID 474（距离124.5px），ID 476（距离46.6
18:01:03 [INFO]   步骤 3：调用 compare_appearances({'frame_id': 242, 'compare_frame_id': 252})
18:01:03 [INFO]   工具结果：轨迹 473：帧242 vs 帧252，外观基本一致，非 ID 切换
18:01:04 [INFO]   步骤 4：调用 replay_segment({'start_frame': 242, 'end_frame': 271})
18:01:04 [INFO]   工具结果：轨迹 473 帧 242-271，原始 3 帧，展示 3 帧（步长 1）
18:01:05 [INFO]   步骤 5：调用 check_nearby_tracks({'track_id': 473, 'frame_range': [242, 271]})
18:01:05 [INFO]   工具结果：帧 256 轨迹 473 附近（150px）：发现 9 个附近轨迹：ID 468（距离113.3px），ID 472（距离49.7px），ID 474（距离124.5px），ID 476（距离46.6
18:01:06 [INFO]   步骤 6：调用 compare_appearances({'frame_id': 242, 'compare_frame_id': 252})
18:01:06 [INFO]   工具结果：轨迹 473：帧242 vs 帧252，外观基本一致，非 ID 切换
18:01:06 [WARNING] 轨迹 473 达到最大调查步数，使用初始判断
18:01:06 [INFO]   → 确认：调查步数耗尽，沿用阶段一结论：轨迹在242帧后中断，持续19帧。
18:01:06 [INFO] [11/28] 调查轨迹 475
18:01:06 [INFO] 开始调查轨迹 475（drift）
18:01:07 [INFO]   步骤 1：调用 replay_segment({'start_frame': 192, 'end_frame': 192})
18:01:07 [INFO]   工具结果：轨迹 475 帧 192-192，原始 1 帧，展示 1 帧（步长 1）
18:01:07 [INFO]   步骤 2：调用 check_nearby_tracks({'track_id': 475, 'frame_range': [191, 193]})
18:01:07 [INFO]   工具结果：帧 192 轨迹 475 附近（150px）：发现 3 个附近轨迹：ID 462（距离105.5px），ID 463（距离68.3px），ID 466（距离51.7px）
18:01:08 [INFO]   步骤 3：调用 compare_appearances({'frame': 192, 'track_id': 475, 'nearby_track_id': 462})
18:01:08 [INFO]   工具结果：轨迹 475：帧192 vs 帧193，外观基本一致，非 ID 切换
18:01:09 [INFO]   步骤 4：调用 compare_appearances({'frame': 192, 'track_id': 475, 'nearby_track_id': 463})
18:01:09 [INFO]   工具结果：轨迹 475：帧192 vs 帧193，外观基本一致，非 ID 切换
18:01:11 [INFO]   步骤 5：调用 compare_appearances({'frame': 192, 'track_id': 475, 'nearby_track_id': 466})
18:01:11 [INFO]   工具结果：轨迹 475：帧192 vs 帧193，外观基本一致，非 ID 切换
18:01:11 [INFO]   步骤 6：调用 replay_segment({'start_frame': 191, 'end_frame': 193})
18:01:11 [INFO]   工具结果：轨迹 475 帧 191-193，原始 2 帧，展示 2 帧（步长 1）
18:01:11 [WARNING] 轨迹 475 达到最大调查步数，使用初始判断
18:01:11 [INFO]   → 确认：调查步数耗尽，沿用阶段一结论：最大位移发生在第192帧，位置异常跳变。
18:01:11 [INFO] [12/28] 调查轨迹 476
18:01:11 [INFO] 开始调查轨迹 476（drift）
18:01:12 [INFO]   步骤 1：调用 replay_segment({'start_frame': 210, 'end_frame': 1005})
18:01:12 [INFO]   工具结果：轨迹 476 帧 210-1005，原始 46 帧，展示 32 帧（步长 17）
18:01:13 [INFO]   步骤 2：调用 check_nearby_tracks({'track_id': 476, 'frame_range': [210, 1005]})
18:01:13 [INFO]   工具结果：帧 607 轨迹 476 附近（150px）：发现 8 个附近轨迹：ID 462（距离136.6px），ID 466（距离134.8px），ID 469（距离86.1px），ID 475（距离73.7
18:01:14 [INFO]   步骤 3：调用 compare_appearances({'frame_id': 607, 'track_id': 476})
18:01:14 [INFO]   工具结果：轨迹 476：帧607 vs 帧608，外观基本一致，非 ID 切换
18:01:15 [INFO]   步骤 4：调用 replay_segment({'start_frame': 607, 'end_frame': 608})
18:01:15 [INFO]   工具结果：轨迹 476 帧 607-608，原始 2 帧，展示 2 帧（步长 1）
18:01:16 [INFO]   步骤 5：调用 check_nearby_tracks({'track_id': 476, 'frame_range': [607, 608]})
18:01:16 [INFO]   工具结果：帧 607 轨迹 476 附近（150px）：发现 8 个附近轨迹：ID 462（距离136.6px），ID 466（距离134.8px），ID 469（距离86.1px），ID 475（距离73.7
18:01:18 [INFO]   步骤 6：调用 compare_appearances({'frame_id': 607, 'track_id': 476})
18:01:18 [INFO]   工具结果：轨迹 476：帧607 vs 帧608，外观基本一致，非 ID 切换
18:01:18 [WARNING] 轨迹 476 达到最大调查步数，使用初始判断
18:01:18 [INFO]   → 确认：调查步数耗尽，沿用阶段一结论：最大位移较大，且存在跳跃帧，表明目标位置异常。
18:01:18 [INFO] [13/28] 调查轨迹 478
18:01:18 [INFO] 开始调查轨迹 478（miss）
18:01:18 [INFO]   步骤 1：调用 replay_segment({'start_frame': 320, 'end_frame': 339})
18:01:18 [INFO]   工具结果：轨迹 478 帧 320-339，原始 2 帧，展示 2 帧（步长 1）
18:01:19 [INFO]   步骤 2：调用 check_nearby_tracks({'frame_id': 320, 'radius': 10})
18:01:19 [INFO]   工具结果：帧 320 轨迹 478 附近（10px）：附近无其他轨迹
18:01:20 [INFO]   步骤 3：调用 check_nearby_tracks({'frame_id': 339, 'radius': 10})
18:01:20 [INFO]   工具结果：帧 339 轨迹 478 附近（10px）：附近无其他轨迹
18:01:21 [INFO]   步骤 4：调用 replay_segment({'start_frame': 339, 'end_frame': 342})
18:01:21 [INFO]   工具结果：轨迹 478 帧 339-342，原始 2 帧，展示 2 帧（步长 1）
18:01:22 [INFO]   步骤 5：调用 check_nearby_tracks({'frame_id': 339, 'radius': 10})
18:01:22 [INFO]   工具结果：帧 339 轨迹 478 附近（10px）：附近无其他轨迹
18:01:22 [INFO]   步骤 6：调用 check_nearby_tracks({'frame_id': 342, 'radius': 10})
18:01:22 [INFO]   工具结果：帧 342 轨迹 478 附近（10px）：附近无其他轨迹
18:01:22 [WARNING] 轨迹 478 达到最大调查步数，使用初始判断
18:01:22 [INFO]   → 确认：调查步数耗尽，沿用阶段一结论：目标在320帧后中断，消失超过5帧。
18:01:22 [INFO] [14/28] 调查轨迹 479
18:01:22 [INFO] 开始调查轨迹 479（miss）
18:01:23 [INFO]   步骤 1：调用 replay_segment({'start_frame': 453, 'end_frame': 531})
18:01:23 [INFO]   工具结果：轨迹 479 帧 453-531，原始 11 帧，展示 11 帧（步长 2）
18:01:24 [INFO]   步骤 2：调用 check_nearby_tracks({'frame_ids': [453, 466, 492, 500, 512, 531]})
18:01:24 [INFO]   工具结果：帧 453 轨迹 479 附近（150px）：发现 5 个附近轨迹：ID 467（距离12.7px），ID 473（距离38.1px），ID 476（距离6.4px），ID 492（距离119.6px
18:01:25 [INFO]   步骤 3：调用 replay_segment({'start_frame': 453, 'end_frame': 466})
18:01:25 [INFO]   工具结果：轨迹 479 帧 453-466，原始 2 帧，展示 2 帧（步长 1）
18:01:26 [INFO]   步骤 4：调用 replay_segment({'start_frame': 492, 'end_frame': 500})
18:01:26 [INFO]   工具结果：轨迹 479 帧 492-500，原始 2 帧，展示 2 帧（步长 1）
18:01:27 [INFO]   步骤 5：调用 replay_segment({'start_frame': 503, 'end_frame': 512})
18:01:27 [INFO]   工具结果：轨迹 479 帧 503-512，原始 2 帧，展示 2 帧（步长 1）
18:01:28 [INFO]   步骤 6：调用 replay_segment({'start_frame': 512, 'end_frame': 531})
18:01:28 [INFO]   工具结果：轨迹 479 帧 512-531，原始 2 帧，展示 2 帧（步长 1）
18:01:28 [WARNING] 轨迹 479 达到最大调查步数，使用初始判断
18:01:28 [INFO]   → 确认：调查步数耗尽，沿用阶段一结论：轨迹在453帧至531帧间中断，持续时间较长。
18:01:28 [INFO] [15/28] 调查轨迹 481
18:01:28 [INFO] 开始调查轨迹 481（miss）
18:01:29 [INFO]   步骤 1：调用 replay_segment({'start_frame': 447, 'end_frame': 456})
18:01:29 [INFO]   工具结果：轨迹 481 帧 447-456，原始 2 帧，展示 2 帧（步长 1）
18:01:30 [INFO]   步骤 2：调用 check_nearby_tracks({'track_id': 481, 'frame_range': [447, 456]})
18:01:30 [INFO]   工具结果：帧 451 轨迹 481 附近（150px）：发现 2 个附近轨迹：ID 471（距离8.5px），ID 493（距离88.3px）
18:01:30 [INFO]   步骤 3：调用 replay_segment({'start_frame': 447, 'end_frame': 456})
18:01:30 [INFO]   工具结果：轨迹 481 帧 447-456，原始 2 帧，展示 2 帧（步长 1）
18:01:31 [INFO]   步骤 4：调用 compare_appearances({'frame1': 447, 'frame2': 456})
18:01:31 [INFO]   工具结果：缺少 frame_id_a/frame_id_b
18:01:32 [INFO]   步骤 5：调用 replay_segment({'start_frame': 447, 'end_frame': 456})
18:01:32 [INFO]   工具结果：轨迹 481 帧 447-456，原始 2 帧，展示 2 帧（步长 1）
18:01:33 [INFO]   步骤 6：调用 check_nearby_tracks({'track_id': 481, 'frame_range': [447, 456]})
18:01:33 [INFO]   工具结果：帧 451 轨迹 481 附近（150px）：发现 2 个附近轨迹：ID 471（距离8.5px），ID 493（距离88.3px）
18:01:33 [WARNING] 轨迹 481 达到最大调查步数，使用初始判断
18:01:33 [INFO]   → 确认：调查步数耗尽，沿用阶段一结论：目标在447帧后消失，持续9帧。
18:01:33 [INFO] [16/28] 调查轨迹 482
18:01:33 [INFO] 开始调查轨迹 482（miss）
18:01:34 [INFO]   步骤 1：调用 replay_segment({'start_frame': 588, 'end_frame': 598})
18:01:34 [INFO]   工具结果：轨迹 482 帧 588-598，原始 2 帧，展示 2 帧（步长 1）
18:01:34 [INFO]   步骤 2：调用 check_nearby_tracks({'track_id': 482, 'frame_range': [588, 598]})
18:01:34 [INFO]   工具结果：帧 593 轨迹 482 附近（150px）：发现 14 个附近轨迹：ID 463（距离111.6px），ID 465（距离123.7px），ID 468（距离125.6px），ID 470（距离57
18:01:36 [INFO]   步骤 3：调用 compare_appearances({'frame_id': 588, 'target_track_id': 482, 'reference_frame_id': 598, 'reference_track_id': 482})
18:01:36 [INFO]   工具结果：轨迹 482：帧598 vs 帧599，外观基本一致，非 ID 切换
18:01:37 [INFO]   步骤 4：调用 replay_segment({'start_frame': 588, 'end_frame': 598})
18:01:37 [INFO]   工具结果：轨迹 482 帧 588-598，原始 2 帧，展示 2 帧（步长 1）
18:01:38 [INFO]   步骤 5：调用 check_nearby_tracks({'track_id': 482, 'frame_range': [588, 598]})
18:01:38 [INFO]   工具结果：帧 593 轨迹 482 附近（150px）：发现 14 个附近轨迹：ID 463（距离111.6px），ID 465（距离123.7px），ID 468（距离125.6px），ID 470（距离57
18:01:39 [INFO]   步骤 6：调用 compare_appearances({'frame_id': 588, 'target_track_id': 482, 'reference_frame_id': 598, 'reference_track_id': 482})
18:01:39 [INFO]   工具结果：轨迹 482：帧598 vs 帧599，外观基本一致，非 ID 切换
18:01:39 [WARNING] 轨迹 482 达到最大调查步数，使用初始判断
18:01:39 [INFO]   → 确认：调查步数耗尽，沿用阶段一结论：目标在第588帧到第598帧间中断，消失超过5帧。
18:01:39 [INFO] [17/28] 调查轨迹 483
18:01:39 [INFO] 开始调查轨迹 483（miss）
18:01:40 [INFO]   步骤 1：调用 replay_segment({'start_frame': 612, 'end_frame': 698})
18:01:40 [INFO]   工具结果：轨迹 483 帧 612-698，原始 20 帧，展示 20 帧（步长 2）
18:01:41 [INFO]   步骤 2：调用 check_nearby_tracks({'track_id': 483, 'frame_range': [615, 628]})
18:01:41 [INFO]   工具结果：帧 621 轨迹 483 附近（150px）：发现 4 个附近轨迹：ID 464（距离122.7px），ID 469（距离117.8px），ID 476（距离81.6px），ID 498（距离116.
18:01:42 [INFO]   步骤 3：调用 compare_appearances({'frame_id': 621, 'track_id': 483, 'nearby_track_id': 464})
18:01:42 [INFO]   工具结果：轨迹 483：帧621 vs 帧622，外观基本一致，非 ID 切换
18:01:44 [INFO]   步骤 4：调用 compare_appearances({'frame_id': 622, 'track_id': 483, 'nearby_track_id': 469})
18:01:44 [INFO]   工具结果：轨迹 483：帧622 vs 帧623，外观基本一致，非 ID 切换
18:01:45 [INFO]   步骤 5：调用 compare_appearances({'frame_id': 623, 'track_id': 483, 'nearby_track_id': 476})
18:01:45 [INFO]   工具结果：轨迹 483：帧623 vs 帧624，外观基本一致，非 ID 切换
18:01:46 [INFO]   步骤 6：调用 compare_appearances({'frame_id': 624, 'track_id': 483, 'nearby_track_id': 498})
18:01:46 [INFO]   工具结果：轨迹 483：帧624 vs 帧625，外观基本一致，非 ID 切换
18:01:46 [WARNING] 轨迹 483 达到最大调查步数，使用初始判断
18:01:46 [INFO]   → 确认：调查步数耗尽，沿用阶段一结论：目标在第615帧后消失，持续13帧。
18:01:46 [INFO] [18/28] 调查轨迹 486
18:01:46 [INFO] 开始调查轨迹 486（miss）
18:01:53 [INFO]   步骤 1：调用 replay_segment({'start_frame': 979, 'end_frame': 1034})
18:01:53 [INFO]   工具结果：轨迹 486 帧 979-1034，原始 18 帧，展示 18 帧（步长 2）
18:01:54 [INFO]   步骤 2：调用 check_nearby_tracks({'frame_ids': [979, 1034]})
18:01:54 [INFO]   工具结果：帧 979 轨迹 486 附近（150px）：发现 3 个附近轨迹：ID 462（距离143.1px），ID 466（距离93.3px），ID 492（距离5.1px）
18:01:55 [INFO]   步骤 3：调用 replay_segment({'start_frame': 1000, 'end_frame': 1025})
18:01:55 [INFO]   工具结果：轨迹 486 帧 1000-1025，原始 23 帧，展示 23 帧（步长 1）
18:01:56 [INFO]   步骤 4：调用 check_nearby_tracks({'frame_ids': [1000, 1025]})
18:01:56 [INFO]   工具结果：帧 1000 轨迹 486 附近（150px）：发现 6 个附近轨迹：ID 462（距离139.3px），ID 466（距离120.8px），ID 478（距离135.0px），ID 483（距离12
18:01:57 [INFO]   步骤 5：调用 replay_segment({'start_frame': 1000, 'end_frame': 1025})
18:01:57 [INFO]   工具结果：轨迹 486 帧 1000-1025，原始 23 帧，展示 23 帧（步长 1）
18:01:58 [INFO]   步骤 6：调用 check_nearby_tracks({'frame_ids': [1000, 1025]})
18:01:58 [INFO]   工具结果：帧 1000 轨迹 486 附近（150px）：发现 6 个附近轨迹：ID 462（距离139.3px），ID 466（距离120.8px），ID 478（距离135.0px），ID 483（距离12
18:01:58 [WARNING] 轨迹 486 达到最大调查步数，使用初始判断
18:01:58 [INFO]   → 确认：调查步数耗尽，沿用阶段一结论：轨迹在979帧后中断，持续至1034帧。
18:01:58 [INFO] [19/28] 调查轨迹 488
18:01:58 [INFO] 开始调查轨迹 488（miss）
18:01:59 [INFO]   步骤 1：调用 replay_segment({'start_frame': 751, 'end_frame': 891})
18:01:59 [INFO]   工具结果：轨迹 488 帧 751-891，原始 37 帧，展示 32 帧（步长 3）
18:02:00 [INFO]   步骤 2：调用 check_nearby_tracks({'start_frame': 751, 'end_frame': 891})
18:02:00 [INFO]   工具结果：缺少 frame_id/track_id
18:02:01 [INFO]   步骤 3：调用 replay_segment({'start_frame': 751, 'end_frame': 891})
18:02:01 [INFO]   工具结果：轨迹 488 帧 751-891，原始 37 帧，展示 32 帧（步长 3）
18:02:02 [INFO]   步骤 4：调用 check_nearby_tracks({'start_frame': 751, 'end_frame': 891})
18:02:02 [INFO]   工具结果：缺少 frame_id/track_id
18:02:03 [INFO]   步骤 5：调用 replay_segment({'start_frame': 751, 'end_frame': 891})
18:02:03 [INFO]   工具结果：轨迹 488 帧 751-891，原始 37 帧，展示 32 帧（步长 3）
18:02:05 [INFO]   步骤 6：调用 check_nearby_tracks({'start_frame': 751, 'end_frame': 891})
18:02:05 [INFO]   工具结果：缺少 frame_id/track_id
18:02:05 [WARNING] 轨迹 488 达到最大调查步数，使用初始判断
18:02:05 [INFO]   → 确认：调查步数耗尽，沿用阶段一结论：目标在第754帧至第771帧间中断，消失超过5帧。
18:02:05 [INFO] [20/28] 调查轨迹 489
18:02:05 [INFO] 开始调查轨迹 489（miss）
18:02:05 [INFO]   步骤 1：调用 replay_segment({'start_frame': 793, 'end_frame': 807})
18:02:05 [INFO]   工具结果：轨迹 489 帧 793-807，原始 7 帧，展示 7 帧（步长 1）
18:02:06 [INFO]   步骤 2：调用 check_nearby_tracks({'track_id': 489, 'frame_range': [793, 807]})
18:02:06 [INFO]   工具结果：帧 800 轨迹 489 附近（150px）：发现 8 个附近轨迹：ID 465（距离75.4px），ID 468（距离129.7px），ID 471（距离60.2px），ID 472（距离110.2
18:02:07 [INFO]   步骤 3：调用 replay_segment({'start_frame': 793, 'end_frame': 807})
18:02:07 [INFO]   工具结果：轨迹 489 帧 793-807，原始 7 帧，展示 7 帧（步长 1）
18:02:08 [INFO]   步骤 4：调用 check_nearby_tracks({'track_id': 489, 'frame_range': [793, 807]})
18:02:08 [INFO]   工具结果：帧 800 轨迹 489 附近（150px）：发现 8 个附近轨迹：ID 465（距离75.4px），ID 468（距离129.7px），ID 471（距离60.2px），ID 472（距离110.2
18:02:09 [INFO]   步骤 5：调用 replay_segment({'start_frame': 793, 'end_frame': 807})
18:02:09 [INFO]   工具结果：轨迹 489 帧 793-807，原始 7 帧，展示 7 帧（步长 1）
18:02:10 [INFO]   步骤 6：调用 check_nearby_tracks({'track_id': 489, 'frame_range': [793, 807]})
18:02:10 [INFO]   工具结果：帧 800 轨迹 489 附近（150px）：发现 8 个附近轨迹：ID 465（距离75.4px），ID 468（距离129.7px），ID 471（距离60.2px），ID 472（距离110.2
18:02:10 [WARNING] 轨迹 489 达到最大调查步数，使用初始判断
18:02:10 [INFO]   → 确认：调查步数耗尽，沿用阶段一结论：目标在第796帧至第803帧间中断，消失超过5帧。
18:02:10 [INFO] [21/28] 调查轨迹 490
18:02:10 [INFO] 开始调查轨迹 490（drift）
18:02:11 [INFO]   步骤 1：调用 replay_segment({'start_frame': 830, 'end_frame': 1202})
18:02:11 [INFO]   工具结果：轨迹 490 帧 830-1202，原始 41 帧，展示 32 帧（步长 8）
18:02:12 [INFO]   步骤 2：调用 check_nearby_tracks({'start_frame': 830, 'end_frame': 1202})
18:02:12 [INFO]   工具结果：缺少 frame_id/track_id
18:02:13 [INFO]   步骤 3：调用 replay_segment({'start_frame': 830, 'end_frame': 1202})
18:02:13 [INFO]   工具结果：轨迹 490 帧 830-1202，原始 41 帧，展示 32 帧（步长 8）
18:02:14 [INFO]   步骤 4：调用 check_nearby_tracks({'start_frame': 830, 'end_frame': 1202})
18:02:14 [INFO]   工具结果：缺少 frame_id/track_id
18:02:15 [INFO]   步骤 5：调用 replay_segment({'start_frame': 830, 'end_frame': 1202})
18:02:15 [INFO]   工具结果：轨迹 490 帧 830-1202，原始 41 帧，展示 32 帧（步长 8）
18:02:17 [INFO]   步骤 6：调用 check_nearby_tracks({'start_frame': 830, 'end_frame': 1202})
18:02:17 [INFO]   工具结果：缺少 frame_id/track_id
18:02:17 [WARNING] 轨迹 490 达到最大调查步数，使用初始判断
18:02:17 [INFO]   → 确认：调查步数耗尽，沿用阶段一结论：最大位移较大，且存在多次跳跃帧
18:02:17 [INFO] [22/28] 调查轨迹 491
18:02:17 [INFO] 开始调查轨迹 491（miss）
18:02:17 [INFO]   步骤 1：调用 replay_segment({'start_frame': 832, 'end_frame': 888})
18:02:17 [INFO]   工具结果：轨迹 491 帧 832-888，原始 17 帧，展示 17 帧（步长 2）
18:02:18 [INFO]   步骤 2：调用 check_nearby_tracks({'track_id': 491, 'frame_range': [834, 842]})
18:02:18 [INFO]   工具结果：帧 838 轨迹 491 附近（150px）：发现 9 个附近轨迹：ID 463（距离135.9px），ID 465（距离97.6px），ID 468（距离120.9px），ID 471（距离56.4
18:02:19 [INFO]   步骤 3：调用 replay_segment({'start_frame': 834, 'end_frame': 842})
18:02:19 [INFO]   工具结果：轨迹 491 帧 834-842，原始 2 帧，展示 2 帧（步长 1）
18:02:20 [INFO]   步骤 4：调用 compare_appearances({'frame1': 834, 'frame2': 842})
18:02:20 [INFO]   工具结果：缺少 frame_id_a/frame_id_b
18:02:21 [INFO]   步骤 5：调用 replay_segment({'start_frame': 834, 'end_frame': 842})
18:02:21 [INFO]   工具结果：轨迹 491 帧 834-842，原始 2 帧，展示 2 帧（步长 1）
18:02:23 [INFO]   步骤 6：调用 zoom_region({'frame_id': 834, 'region': [250, 100, 350, 200]})
18:02:23 [INFO]   工具结果：轨迹 491 第 834 帧放大 3.0x，已锐化
18:02:23 [WARNING] 轨迹 491 达到最大调查步数，使用初始判断
18:02:23 [INFO]   → 确认：调查步数耗尽，沿用阶段一结论：目标在第834帧至第842帧间中断，消失超过5帧。
18:02:23 [INFO] [23/28] 调查轨迹 492
18:02:23 [INFO] 开始调查轨迹 492（miss）
18:02:23 [INFO]   步骤 1：调用 replay_segment({'start_frame': 849, 'end_frame': 868})
18:02:23 [INFO]   工具结果：轨迹 492 帧 849-868，原始 2 帧，展示 2 帧（步长 1）
18:02:24 [INFO]   步骤 2：调用 check_nearby_tracks({'track_id': 492, 'frame_ids': [849, 868]})
18:02:24 [INFO]   工具结果：帧 849 轨迹 492 附近（150px）：发现 5 个附近轨迹：ID 467（距离121.5px），ID 473（距离143.3px），ID 476（距离12.7px），ID 489（距离53.7
18:02:25 [INFO]   步骤 3：调用 compare_appearances({'track_id': 492, 'frame_ids': [849, 868]})
18:02:25 [INFO]   工具结果：轨迹 492：帧849 vs 帧868，外观基本一致，非 ID 切换
18:02:26 [INFO]   步骤 4：调用 replay_segment({'start_frame': 847, 'end_frame': 848})
18:02:26 [INFO]   工具结果：轨迹 492 帧 847-848，原始 2 帧，展示 2 帧（步长 1）
18:02:27 [INFO]   步骤 5：调用 check_nearby_tracks({'track_id': 492, 'frame_ids': [847, 848]})
18:02:27 [INFO]   工具结果：帧 847 轨迹 492 附近（150px）：发现 5 个附近轨迹：ID 467（距离128.1px），ID 473（距离149.2px），ID 476（距离4.8px），ID 489（距离47.1p
18:02:28 [INFO]   步骤 6：调用 compare_appearances({'track_id': 492, 'frame_ids': [847, 848]})
18:02:28 [INFO]   工具结果：轨迹 492：帧847 vs 帧848，外观基本一致，非 ID 切换
18:02:28 [WARNING] 轨迹 492 达到最大调查步数，使用初始判断
18:02:28 [INFO]   → 确认：调查步数耗尽，沿用阶段一结论：目标在第849帧到第868帧间中断，持续了19帧。
18:02:28 [INFO] [24/28] 调查轨迹 493
18:02:28 [INFO] 开始调查轨迹 493（miss）
18:02:29 [INFO]   步骤 1：调用 replay_segment({'start_frame': 852, 'end_frame': 859})
18:02:29 [INFO]   工具结果：轨迹 493 帧 852-859，原始 2 帧，展示 2 帧（步长 1）
18:02:30 [INFO]   步骤 2：调用 check_nearby_tracks({'track_id': 493, 'frame_range': [852, 859]})
18:02:30 [INFO]   工具结果：帧 855 轨迹 493 附近（150px）：发现 5 个附近轨迹：ID 464（距离84.5px），ID 470（距离83.3px），ID 481（距离65.6px），ID 488（距离67.4px
18:02:31 [INFO]   步骤 3：调用 compare_appearances({'track_id': 493, 'frame_range': [852, 859]})
18:02:31 [INFO]   工具结果：轨迹 493：帧855 vs 帧859，外观基本一致，非 ID 切换
18:02:31 [INFO]   步骤 4：调用 replay_segment({'start_frame': 852, 'end_frame': 859})
18:02:31 [INFO]   工具结果：轨迹 493 帧 852-859，原始 2 帧，展示 2 帧（步长 1）
18:02:33 [INFO]   步骤 5：调用 check_nearby_tracks({'track_id': 493, 'frame_range': [852, 859]})
18:02:33 [INFO]   工具结果：帧 855 轨迹 493 附近（150px）：发现 5 个附近轨迹：ID 464（距离84.5px），ID 470（距离83.3px），ID 481（距离65.6px），ID 488（距离67.4px
18:02:34 [INFO]   步骤 6：调用 compare_appearances({'track_id': 493, 'frame_range': [852, 859]})
18:02:34 [INFO]   工具结果：轨迹 493：帧855 vs 帧859，外观基本一致，非 ID 切换
18:02:34 [WARNING] 轨迹 493 达到最大调查步数，使用初始判断
18:02:34 [INFO]   → 确认：调查步数耗尽，沿用阶段一结论：目标在第852帧至第859帧间中断，消失超过5帧。
18:02:34 [INFO] [25/28] 调查轨迹 494
18:02:34 [INFO] 开始调查轨迹 494（miss）
18:02:34 [INFO]   步骤 1：调用 replay_segment({'start_frame': 942, 'end_frame': 955})
18:02:34 [INFO]   工具结果：轨迹 494 帧 942-955，原始 3 帧，展示 3 帧（步长 1）
18:02:35 [INFO]   步骤 2：调用 check_nearby_tracks({'track_id': 494, 'frame_range': [942, 955]})
18:02:35 [INFO]   工具结果：帧 948 轨迹 494 附近（150px）：发现 2 个附近轨迹：ID 476（距离74.7px），ID 489（距离42.4px）
18:02:36 [INFO]   步骤 3：调用 replay_segment({'start_frame': 948, 'end_frame': 955})
18:02:36 [INFO]   工具结果：轨迹 494 帧 948-955，原始 1 帧，展示 1 帧（步长 1）
18:02:37 [INFO]   步骤 4：调用 check_nearby_tracks({'track_id': 494, 'frame_range': [948, 955]})
18:02:37 [INFO]   工具结果：帧 951 轨迹 494 附近（150px）：发现 4 个附近轨迹：ID 467（距离109.7px），ID 473（距离111.9px），ID 476（距离54.2px），ID 489（距离98.7
18:02:38 [INFO]   步骤 5：调用 replay_segment({'start_frame': 951, 'end_frame': 955})
18:02:38 [INFO]   工具结果：轨迹 494 帧 951-955，原始 1 帧，展示 1 帧（步长 1）
18:02:39 [INFO]   步骤 6：调用 check_nearby_tracks({'track_id': 494, 'frame_range': [951, 955]})
18:02:39 [INFO]   工具结果：帧 953 轨迹 494 附近（150px）：发现 4 个附近轨迹：ID 467（距离109.7px），ID 473（距离111.9px），ID 476（距离53.8px），ID 489（距离98.7
18:02:39 [WARNING] 轨迹 494 达到最大调查步数，使用初始判断
18:02:39 [INFO]   → 确认：调查步数耗尽，沿用阶段一结论：目标在第943帧至第955帧间中断，消失超过5帧。
18:02:39 [INFO] [26/28] 调查轨迹 495
18:02:39 [INFO] 开始调查轨迹 495（miss）
18:02:40 [INFO]   步骤 1：调用 replay_segment({'start_frame': 1009, 'end_frame': 1017})
18:02:40 [INFO]   工具结果：轨迹 495 帧 1009-1017，原始 2 帧，展示 2 帧（步长 1）
18:02:41 [INFO]   步骤 2：调用 check_nearby_tracks({'frame_ids': [1009, 1017]})
18:02:41 [INFO]   工具结果：帧 1009 轨迹 495 附近（150px）：发现 6 个附近轨迹：ID 464（距离104.0px），ID 469（距离105.9px），ID 470（距离103.5px），ID 477（距离49
18:02:41 [INFO]   步骤 3：调用 compare_appearances({'frame_ids': [1009, 1017]})
18:02:41 [INFO]   工具结果：轨迹 495：帧1009 vs 帧1017，外观基本一致，非 ID 切换
18:02:42 [INFO]   步骤 4：调用 replay_segment({'start_frame': 1005, 'end_frame': 1008})
18:02:42 [INFO]   工具结果：轨迹 495 帧 1005-1008，原始 3 帧，展示 3 帧（步长 1）
18:02:43 [INFO]   步骤 5：调用 replay_segment({'start_frame': 1018, 'end_frame': 1020})
18:02:43 [INFO]   工具结果：轨迹 495 帧 1018-1020，原始 3 帧，展示 3 帧（步长 1）
18:02:44 [INFO]   步骤 6：调用 replay_segment({'start_frame': 1008, 'end_frame': 1018})
18:02:44 [INFO]   工具结果：轨迹 495 帧 1008-1018，原始 4 帧，展示 4 帧（步长 1）
18:02:44 [WARNING] 轨迹 495 达到最大调查步数，使用初始判断
18:02:44 [INFO]   → 确认：调查步数耗尽，沿用阶段一结论：目标在第1009帧至第1017帧间中断，消失超过5帧。
18:02:44 [INFO] [27/28] 调查轨迹 497
18:02:44 [INFO] 开始调查轨迹 497（miss）
18:02:45 [INFO]   步骤 1：调用 replay_segment({'start_frame': 1186, 'end_frame': 1195})
18:02:45 [INFO]   工具结果：轨迹 497 帧 1186-1195，原始 2 帧，展示 2 帧（步长 1）
18:02:46 [INFO]   步骤 2：调用 check_nearby_tracks({'track_id': 497, 'frame_range': [1186, 1195]})
18:02:46 [INFO]   工具结果：帧 1190 轨迹 497 附近（150px）：发现 4 个附近轨迹：ID 467（距离35.3px），ID 473（距离64.6px），ID 476（距离79.5px），ID 494（距离18.8p
18:02:47 [INFO]   步骤 3：调用 compare_appearances({'frame_id': 1186, 'track_id': 497, 'compare_frame_id': 1195})
18:02:47 [INFO]   工具结果：轨迹 497：帧1186 vs 帧1195，外观基本一致，非 ID 切换
18:02:48 [INFO]   步骤 4：调用 replay_segment({'start_frame': 1186, 'end_frame': 1195})
18:02:48 [INFO]   工具结果：轨迹 497 帧 1186-1195，原始 2 帧，展示 2 帧（步长 1）
18:02:49 [INFO]   步骤 5：调用 check_nearby_tracks({'track_id': 497, 'frame_range': [1186, 1195]})
18:02:49 [INFO]   工具结果：帧 1190 轨迹 497 附近（150px）：发现 4 个附近轨迹：ID 467（距离35.3px），ID 473（距离64.6px），ID 476（距离79.5px），ID 494（距离18.8p
18:02:57 [INFO]   步骤 6：调用 compare_appearances({'frame_id': 1186, 'track_id': 497, 'compare_frame_id': 1195})
18:02:57 [INFO]   工具结果：轨迹 497：帧1186 vs 帧1195，外观基本一致，非 ID 切换
18:02:57 [WARNING] 轨迹 497 达到最大调查步数，使用初始判断
18:02:57 [INFO]   → 确认：调查步数耗尽，沿用阶段一结论：轨迹在第1186帧至第1195帧间中断，目标消失。
18:02:57 [INFO] [28/28] 调查轨迹 498
18:02:57 [INFO] 开始调查轨迹 498（miss）
18:02:57 [INFO]   步骤 1：调用 replay_segment({'start_frame': 1171, 'end_frame': 1198})
18:02:57 [INFO]   工具结果：轨迹 498 帧 1171-1198，原始 13 帧，展示 13 帧（步长 1）
18:02:58 [INFO]   步骤 2：调用 check_nearby_tracks({'track_id': 498, 'frame_range': [1171, 1198]})
18:02:58 [INFO]   工具结果：帧 1184 轨迹 498 附近（150px）：发现 3 个附近轨迹：ID 469（距离119.8px），ID 470（距离11.5px），ID 477（距离71.9px）
18:02:59 [INFO]   步骤 3：调用 replay_segment({'start_frame': 1171, 'end_frame': 1198})
18:02:59 [INFO]   工具结果：轨迹 498 帧 1171-1198，原始 13 帧，展示 13 帧（步长 1）
18:03:01 [INFO]   步骤 4：调用 check_nearby_tracks({'track_id': 498, 'frame_range': [1171, 1198]})
18:03:01 [INFO]   工具结果：帧 1184 轨迹 498 附近（150px）：发现 3 个附近轨迹：ID 469（距离119.8px），ID 470（距离11.5px），ID 477（距离71.9px）
18:03:02 [INFO]   步骤 5：调用 replay_segment({'start_frame': 1171, 'end_frame': 1198})
18:03:02 [INFO]   工具结果：轨迹 498 帧 1171-1198，原始 13 帧，展示 13 帧（步长 1）
18:03:03 [INFO]   步骤 6：调用 check_nearby_tracks({'track_id': 498, 'frame_range': [1171, 1198]})
18:03:03 [INFO]   工具结果：帧 1184 轨迹 498 附近（150px）：发现 3 个附近轨迹：ID 469（距离119.8px），ID 470（距离11.5px），ID 477（距离71.9px）
18:03:03 [WARNING] 轨迹 498 达到最大调查步数，使用初始判断
18:03:03 [INFO]   → 确认：调查步数耗尽，沿用阶段一结论：目标在1182帧后消失，持续17帧。
18:03:03 [INFO] ========================================
18:03:03 [INFO] [dancetrack0022] 阶段三：轨迹修正
18:03:03 [INFO] ========================================
18:03:03 [INFO] 正在分析轨迹 464（长度 111 帧）...
18:03:05 [INFO] 修正生效：track=464 type=miss frames=95-106
18:03:05 [INFO] 正在分析轨迹 465（长度 556 帧）...
18:03:06 [INFO] 修正生效：track=465 type=miss frames=520-555
18:03:06 [INFO] 正在分析轨迹 468（长度 37 帧）...
18:03:08 [INFO] 修正生效：track=468 type=miss frames=97-106
18:03:08 [INFO] 正在分析轨迹 471（长度 1100 帧）...
18:03:09 [INFO] 修正生效：track=471 type=miss frames=684-695
18:03:09 [INFO] 正在分析轨迹 475（长度 46 帧）...
18:03:10 [INFO] 修正回滚：track=475 type=drift
18:03:10 [INFO] 正在分析轨迹 478（长度 34 帧）...
18:03:12 [INFO] 修正回滚：track=478 type=miss
18:03:12 [INFO] 修正跳过/失败：track=481 type=miss detail=缺少前后锚点，无法插值补全
18:03:12 [INFO] 正在分析轨迹 482（长度 115 帧）...
18:03:13 [INFO] 修正生效：track=482 type=miss frames=588-598
18:03:14 [INFO] 修正跳过/失败：track=486 type=miss detail=缺少前后锚点，无法插值补全
18:03:14 [INFO] 正在分析轨迹 491（长度 41 帧）...
18:03:15 [INFO] 修正回滚：track=491 type=miss
18:03:15 [INFO] 正在分析轨迹 492（长度 294 帧）...
18:03:17 [INFO] 修正回滚：track=492 type=miss
18:03:17 [INFO] 修正跳过/失败：track=493 type=miss detail=缺少前后锚点，无法插值补全
18:03:17 [INFO] 正在分析轨迹 494（长度 239 帧）...
18:03:18 [INFO] 修正回滚：track=494 type=miss
18:03:18 [INFO] 修正跳过/失败：track=498 type=miss detail=缺少前后锚点，无法插值补全
18:03:18 [INFO] [dancetrack0022] 修正后 MOT 已保存至 /public/home/lyh_npu/code/PostMOT/corrected_mot/dancetrack0022.txt
18:03:18 [INFO] [dancetrack0022] 报告已保存至 /public/home/lyh_npu/code/PostMOT/pipeline_report_batch_seq_reports/dancetrack0022.json
18:03:18 [INFO] [8/35] 处理序列 dancetrack0028
18:03:47 [INFO] 加载轨迹 23 条
18:03:47 [INFO] ========================================
18:03:47 [INFO] [dancetrack0028] 阶段一：VLM 轨迹巡检
18:03:47 [INFO] ========================================
18:03:47 [INFO] 正在分析轨迹 254（长度 1194 帧）...
18:03:49 [INFO] [可疑] 轨迹 254 — miss 置信度 0.80：轨迹在758帧后中断，持续108帧。
18:03:49 [INFO] 正在分析轨迹 255（长度 940 帧）...
18:03:50 [INFO] [可疑] 轨迹 255 — miss 置信度 0.80：目标在第165帧至第180帧间消失，持续了15帧。
18:03:50 [INFO] 正在分析轨迹 256（长度 1081 帧）...
18:03:52 [INFO] [可疑] 轨迹 256 — miss 置信度 0.80：目标在第95帧到第109帧间中断，消失超过5帧。
18:03:52 [INFO] 正在分析轨迹 257（长度 30 帧）...
18:03:59 [INFO] 正在分析轨迹 258（长度 98 帧）...
18:04:01 [INFO] [可疑] 轨迹 258 — miss 置信度 0.90：轨迹在第100帧后中断，持续18帧。
18:04:01 [INFO] 正在分析轨迹 259（长度 1151 帧）...
18:04:02 [INFO] [可疑] 轨迹 259 — miss 置信度 0.80：目标在第80帧到第89帧间中断，消失超过5帧。
18:04:02 [INFO] 正在分析轨迹 260（长度 807 帧）...
18:04:04 [INFO] [可疑] 轨迹 260 — drift 置信度 0.90：最大位移61.4帧，表明目标位置有异常跳变。
18:04:04 [INFO] 正在分析轨迹 261（长度 317 帧）...
18:04:05 [INFO] [可疑] 轨迹 261 — miss 置信度 0.90：轨迹在第341帧到第352帧间中断，目标消失。
18:04:05 [INFO] 正在分析轨迹 262（长度 24 帧）...
18:04:07 [INFO] [可疑] 轨迹 262 — drift 置信度 0.90：最大位移发生在第75帧，位置异常跳变。
18:04:07 [INFO] 正在分析轨迹 263（长度 674 帧）...
18:04:09 [INFO] [可疑] 轨迹 263 — miss 置信度 0.90：在第643帧至第653帧间，目标轨迹中断，未检测到目标。
18:04:09 [INFO] 正在分析轨迹 264（长度 1080 帧）...
18:04:10 [INFO] [可疑] 轨迹 264 — miss 置信度 0.90：在第643帧至第652帧间，目标轨迹中断。
18:04:10 [INFO] 正在分析轨迹 265（长度 556 帧）...
18:04:12 [INFO] [可疑] 轨迹 265 — drift 置信度 0.80：最大位移98.53，表明存在显著位置跳变。
18:04:12 [INFO] 正在分析轨迹 267（长度 5 帧）...
18:04:13 [INFO] 正在分析轨迹 268（长度 202 帧）...
18:04:15 [INFO] [可疑] 轨迹 268 — drift 置信度 0.90：最大位移发生在第517帧，位置异常跳变。
18:04:15 [INFO] 正在分析轨迹 269（长度 555 帧）...
18:04:16 [INFO] [可疑] 轨迹 269 — miss 置信度 0.80：轨迹中断，目标在第990帧后消失
18:04:16 [INFO] 正在分析轨迹 270（长度 479 帧）...
18:04:18 [INFO] [可疑] 轨迹 270 — drift 置信度 0.90：最大位移帧处目标位置异常跳变
18:04:18 [INFO] 正在分析轨迹 271（长度 143 帧）...
18:04:19 [INFO] [可疑] 轨迹 271 — miss 置信度 0.90：轨迹在1014帧后中断，目标消失超过5帧。
18:04:19 [INFO] 正在分析轨迹 272（长度 126 帧）...
18:04:21 [INFO] [可疑] 轨迹 272 — miss 置信度 0.90：目标在第990帧后消失，持续12帧。
18:04:21 [INFO] 正在分析轨迹 273（长度 178 帧）...
18:04:22 [INFO] [可疑] 轨迹 273 — drift 置信度 0.80：最大位移较大，且有显著跳跃帧
18:04:22 [INFO] 正在分析轨迹 274（长度 116 帧）...
18:04:24 [INFO] [可疑] 轨迹 274 — drift 置信度 0.80：最大位移73.77帧内有异常跳变
18:04:24 [INFO] 正在分析轨迹 275（长度 101 帧）...
18:04:26 [INFO] [可疑] 轨迹 275 — miss 置信度 0.80：目标在第1175帧至第1190帧间中断，消失超过5帧。
18:04:26 [INFO] 正在分析轨迹 276（长度 69 帧）...
18:04:27 [INFO] [可疑] 轨迹 276 — miss 置信度 0.90：目标在第1154帧至第1170帧间中断
18:04:27 [INFO] [dancetrack0028] 阶段一完成：20 条可疑轨迹，已保存至 /public/home/lyh_npu/code/PostMOT/pipeline_report_batch_seq_reports/dancetrack0028_stage1.json
18:04:27 [INFO] ========================================
18:04:27 [INFO] [dancetrack0028] 阶段二：LLM 工具调用调查
18:04:27 [INFO] ========================================
18:04:27 [INFO] [1/20] 调查轨迹 254
18:04:27 [INFO] 开始调查轨迹 254（miss）
18:04:28 [INFO]   步骤 1：调用 replay_segment({'start_frame': 758, 'end_frame': 856})
18:04:28 [INFO]   工具结果：轨迹 254 帧 758-856，原始 23 帧，展示 23 帧（步长 3）
18:04:29 [INFO]   步骤 2：调用 check_nearby_tracks({'track_id': 254, 'frame_range': [758, 856]})
18:04:29 [INFO]   工具结果：帧 807 轨迹 254 附近（150px）：发现 4 个附近轨迹：ID 270（距离1.6px），ID 271（距离91.9px），ID 273（距离126.9px），ID 274（距离91.6px
18:04:30 [INFO]   步骤 3：调用 compare_appearances({'frame_id': 807, 'track_id': 254, 'nearby_track_id': 270})
18:04:30 [INFO]   工具结果：轨迹 254：帧807 vs 帧808，外观基本一致，非 ID 切换
18:04:32 [INFO]   步骤 4：调用 compare_appearances({'frame_id': 808, 'track_id': 254, 'nearby_track_id': 271})
18:04:32 [INFO]   工具结果：轨迹 254：帧808 vs 帧809，外观基本一致，非 ID 切换
18:04:33 [INFO]   步骤 5：调用 compare_appearances({'frame_id': 809, 'track_id': 254, 'nearby_track_id': 273})
18:04:33 [INFO]   工具结果：轨迹 254：帧809 vs 帧810，外观基本一致，非 ID 切换
18:04:35 [INFO]   步骤 6：调用 compare_appearances({'frame_id': 810, 'track_id': 254, 'nearby_track_id': 274})
18:04:35 [INFO]   工具结果：轨迹 254：帧810 vs 帧811，外观基本一致，非 ID 切换
18:04:35 [WARNING] 轨迹 254 达到最大调查步数，使用初始判断
18:04:35 [INFO]   → 确认：调查步数耗尽，沿用阶段一结论：轨迹在758帧后中断，持续108帧。
18:04:35 [INFO] [2/20] 调查轨迹 255
18:04:35 [INFO] 开始调查轨迹 255（miss）
18:04:35 [INFO]   步骤 1：调用 replay_segment({'start_frame': 165, 'end_frame': 180})
18:04:35 [INFO]   工具结果：轨迹 255 帧 165-180，原始 2 帧，展示 2 帧（步长 1）
18:04:36 [INFO]   步骤 2：调用 check_nearby_tracks({'frame_id': 165, 'radius': 10})
18:04:36 [INFO]   工具结果：帧 165 轨迹 255 附近（10px）：附近无其他轨迹
18:04:37 [INFO]   步骤 3：调用 check_nearby_tracks({'frame_id': 180, 'radius': 10})
18:04:37 [INFO]   工具结果：帧 180 轨迹 255 附近（10px）：附近无其他轨迹
18:04:38 [INFO]   步骤 4：调用 compare_appearances({'frame_id_1': 165, 'frame_id_2': 180})
18:04:38 [INFO]   工具结果：轨迹 255：帧165 vs 帧180，外观基本一致，非 ID 切换
18:04:39 [INFO]   步骤 5：调用 replay_segment({'start_frame': 160, 'end_frame': 185})
18:04:39 [INFO]   工具结果：轨迹 255 帧 160-185，原始 12 帧，展示 12 帧（步长 1）
18:04:40 [INFO]   步骤 6：调用 check_nearby_tracks({'frame_id': 165, 'radius': 10})
18:04:40 [INFO]   工具结果：帧 165 轨迹 255 附近（10px）：附近无其他轨迹
18:04:40 [WARNING] 轨迹 255 达到最大调查步数，使用初始判断
18:04:40 [INFO]   → 确认：调查步数耗尽，沿用阶段一结论：目标在第165帧至第180帧间消失，持续了15帧。
18:04:40 [INFO] [3/20] 调查轨迹 256
18:04:40 [INFO] 开始调查轨迹 256（miss）
18:04:40 [INFO]   步骤 1：调用 replay_segment({'start_frame': 95, 'end_frame': 109})
18:04:40 [INFO]   工具结果：轨迹 256 帧 95-109，原始 2 帧，展示 2 帧（步长 1）
18:04:41 [INFO]   步骤 2：调用 check_nearby_tracks({'track_id': 256, 'frame_ids': [95, 109]})
18:04:41 [INFO]   工具结果：帧 95 轨迹 256 附近（150px）：发现 6 个附近轨迹：ID 254（距离122.2px），ID 260（距离9.3px），ID 270（距离100.2px），ID 271（距离92.4px
18:04:42 [INFO]   步骤 3：调用 replay_segment({'start_frame': 95, 'end_frame': 109})
18:04:42 [INFO]   工具结果：轨迹 256 帧 95-109，原始 2 帧，展示 2 帧（步长 1）
18:04:43 [INFO]   步骤 4：调用 check_nearby_tracks({'track_id': 256, 'frame_ids': [95, 109]})
18:04:43 [INFO]   工具结果：帧 95 轨迹 256 附近（150px）：发现 6 个附近轨迹：ID 254（距离122.2px），ID 260（距离9.3px），ID 270（距离100.2px），ID 271（距离92.4px
18:04:44 [INFO]   步骤 5：调用 replay_segment({'start_frame': 95, 'end_frame': 109})
18:04:44 [INFO]   工具结果：轨迹 256 帧 95-109，原始 2 帧，展示 2 帧（步长 1）
18:04:45 [INFO]   步骤 6：调用 check_nearby_tracks({'track_id': 256, 'frame_ids': [95, 109]})
18:04:45 [INFO]   工具结果：帧 95 轨迹 256 附近（150px）：发现 6 个附近轨迹：ID 254（距离122.2px），ID 260（距离9.3px），ID 270（距离100.2px），ID 271（距离92.4px
18:04:45 [WARNING] 轨迹 256 达到最大调查步数，使用初始判断
18:04:45 [INFO]   → 确认：调查步数耗尽，沿用阶段一结论：目标在第95帧到第109帧间中断，消失超过5帧。
18:04:45 [INFO] [4/20] 调查轨迹 258
18:04:45 [INFO] 开始调查轨迹 258（miss）
18:04:46 [INFO]   步骤 1：调用 replay_segment({'start_frame': 100, 'end_frame': 117})
18:04:46 [INFO]   工具结果：轨迹 258 帧 100-117，原始 2 帧，展示 2 帧（步长 1）
18:04:46 [INFO]   步骤 2：调用 check_nearby_tracks({'track_id': 258, 'frame_range': [100, 117]})
18:04:46 [INFO]   工具结果：帧 108 轨迹 258 附近（150px）：发现 8 个附近轨迹：ID 255（距离62.0px），ID 259（距离4.0px），ID 261（距离105.9px），ID 262（距离29.3px
18:04:47 [INFO]   步骤 3：调用 compare_appearances({'track_id': 258, 'frame_range': [100, 117]})
18:04:47 [INFO]   工具结果：轨迹 258：帧108 vs 帧117，外观基本一致，非 ID 切换
18:04:48 [INFO]   步骤 4：调用 replay_segment({'start_frame': 100, 'end_frame': 117})
18:04:48 [INFO]   工具结果：轨迹 258 帧 100-117，原始 2 帧，展示 2 帧（步长 1）
18:04:49 [INFO]   步骤 5：调用 check_nearby_tracks({'track_id': 258, 'frame_range': [100, 117]})
18:04:49 [INFO]   工具结果：帧 108 轨迹 258 附近（150px）：发现 8 个附近轨迹：ID 255（距离62.0px），ID 259（距离4.0px），ID 261（距离105.9px），ID 262（距离29.3px
18:04:50 [INFO]   步骤 6：调用 compare_appearances({'track_id': 258, 'frame_range': [100, 117]})
18:04:50 [INFO]   工具结果：轨迹 258：帧108 vs 帧117，外观基本一致，非 ID 切换
18:04:50 [WARNING] 轨迹 258 达到最大调查步数，使用初始判断
18:04:50 [INFO]   → 确认：调查步数耗尽，沿用阶段一结论：轨迹在第100帧后中断，持续18帧。
18:04:50 [INFO] [5/20] 调查轨迹 259
18:04:50 [INFO] 开始调查轨迹 259（miss）
18:04:51 [INFO]   步骤 1：调用 replay_segment({'start_frame': 80, 'end_frame': 89})
18:04:51 [INFO]   工具结果：轨迹 259 帧 80-89，原始 2 帧，展示 2 帧（步长 1）
18:04:52 [INFO]   步骤 2：调用 check_nearby_tracks({'frame_id': 89})
18:04:52 [INFO]   工具结果：帧 89 轨迹 259 附近（150px）：发现 8 个附近轨迹：ID 255（距离76.1px），ID 258（距离99.1px），ID 262（距离12.5px），ID 264（距离138.6px
18:04:53 [INFO]   步骤 3：调用 compare_appearances({'frame_id': 80, 'target_id': 259, 'reference_id': 259})
18:04:53 [INFO]   工具结果：轨迹 259：帧80 vs 帧81，外观基本一致，非 ID 切换
18:04:54 [INFO]   步骤 4：调用 compare_appearances({'frame_id': 89, 'target_id': 259, 'reference_id': 259})
18:04:54 [INFO]   工具结果：轨迹 259：帧89 vs 帧90，外观基本一致，非 ID 切换
18:04:55 [INFO]   步骤 5：调用 replay_segment({'start_frame': 80, 'end_frame': 89})
18:04:55 [INFO]   工具结果：轨迹 259 帧 80-89，原始 2 帧，展示 2 帧（步长 1）
18:05:02 [INFO]   步骤 6：调用 replay_segment({'start_frame': 88, 'end_frame': 89})
18:05:02 [INFO]   工具结果：轨迹 259 帧 88-89，原始 1 帧，展示 1 帧（步长 1）
18:05:02 [WARNING] 轨迹 259 达到最大调查步数，使用初始判断
18:05:02 [INFO]   → 确认：调查步数耗尽，沿用阶段一结论：目标在第80帧到第89帧间中断，消失超过5帧。
18:05:02 [INFO] [6/20] 调查轨迹 260
18:05:02 [INFO] 开始调查轨迹 260（drift）
18:05:03 [INFO]   步骤 1：调用 replay_segment({'start_frame': 691, 'end_frame': 691})
18:05:03 [INFO]   工具结果：轨迹 260 帧 691-691，原始 1 帧，展示 1 帧（步长 1）
18:05:04 [INFO]   步骤 2：调用 zoom_region({'frame_id': 691, 'region': [100, 100, 100, 100]})
18:05:04 [INFO]   工具结果：轨迹 260 第 691 帧放大 3.0x，已锐化
18:05:05 [INFO]   步骤 3：调用 check_nearby_tracks({'frame_id': 691, 'radius': 100})
18:05:05 [INFO]   工具结果：帧 691 轨迹 260 附近（100px）：发现 3 个附近轨迹：ID 257（距离73.1px），ID 263（距离18.8px），ID 272（距离42.2px）
18:05:06 [INFO]   步骤 4：调用 compare_appearances({'frame_id': 691, 'track_id': 260, 'reference_frame_id': 690})
18:05:06 [INFO]   工具结果：轨迹 260：帧690 vs 帧691，外观基本一致，非 ID 切换
18:05:07 [INFO]   步骤 5：调用 replay_segment({'start_frame': 690, 'end_frame': 692})
18:05:07 [INFO]   工具结果：轨迹 260 帧 690-692，原始 2 帧，展示 2 帧（步长 1）
18:05:08 [INFO]   步骤 6：调用 check_nearby_tracks({'frame_id': 691, 'radius': 100})
18:05:08 [INFO]   工具结果：帧 691 轨迹 260 附近（100px）：发现 3 个附近轨迹：ID 257（距离73.1px），ID 263（距离18.8px），ID 272（距离42.2px）
18:05:08 [WARNING] 轨迹 260 达到最大调查步数，使用初始判断
18:05:08 [INFO]   → 确认：调查步数耗尽，沿用阶段一结论：最大位移61.4帧，表明目标位置有异常跳变。
18:05:08 [INFO] [7/20] 调查轨迹 261
18:05:08 [INFO] 开始调查轨迹 261（miss）
18:05:09 [INFO]   步骤 1：调用 replay_segment({'start_frame': 341, 'end_frame': 352})
18:05:09 [INFO]   工具结果：轨迹 261 帧 341-352，原始 2 帧，展示 2 帧（步长 1）
18:05:10 [INFO]   步骤 2：调用 check_nearby_tracks({'track_id': 261, 'frame_range': [341, 352]})
18:05:10 [INFO]   工具结果：帧 346 轨迹 261 附近（150px）：发现 9 个附近轨迹：ID 254（距离26.7px），ID 255（距离148.6px），ID 257（距离137.1px），ID 258（距离8.5p
18:05:11 [INFO]   步骤 3：调用 replay_segment({'start_frame': 341, 'end_frame': 352})
18:05:11 [INFO]   工具结果：轨迹 261 帧 341-352，原始 2 帧，展示 2 帧（步长 1）
18:05:12 [INFO]   步骤 4：调用 check_nearby_tracks({'track_id': 261, 'frame_range': [341, 352]})
18:05:12 [INFO]   工具结果：帧 346 轨迹 261 附近（150px）：发现 9 个附近轨迹：ID 254（距离26.7px），ID 255（距离148.6px），ID 257（距离137.1px），ID 258（距离8.5p
18:05:13 [INFO]   步骤 5：调用 replay_segment({'start_frame': 341, 'end_frame': 352})
18:05:13 [INFO]   工具结果：轨迹 261 帧 341-352，原始 2 帧，展示 2 帧（步长 1）
18:05:14 [INFO]   步骤 6：调用 check_nearby_tracks({'track_id': 261, 'frame_range': [341, 352]})
18:05:14 [INFO]   工具结果：帧 346 轨迹 261 附近（150px）：发现 9 个附近轨迹：ID 254（距离26.7px），ID 255（距离148.6px），ID 257（距离137.1px），ID 258（距离8.5p
18:05:14 [WARNING] 轨迹 261 达到最大调查步数，使用初始判断
18:05:14 [INFO]   → 确认：调查步数耗尽，沿用阶段一结论：轨迹在第341帧到第352帧间中断，目标消失。
18:05:14 [INFO] [8/20] 调查轨迹 262
18:05:14 [INFO] 开始调查轨迹 262（drift）
18:05:14 [INFO]   步骤 1：调用 replay_segment({'start_frame': 75, 'end_frame': 75})
18:05:14 [INFO]   工具结果：轨迹 262 帧 75-75，原始 1 帧，展示 1 帧（步长 1）
18:05:15 [INFO]   步骤 2：调用 zoom_region({'frame_id': 75, 'region': [100, 100, 200, 200]})
18:05:15 [INFO]   工具结果：轨迹 262 第 75 帧放大 3.0x，已锐化
18:05:16 [INFO]   步骤 3：调用 check_nearby_tracks({'frame_id': 75, 'radius': 5})
18:05:16 [INFO]   工具结果：帧 75 轨迹 262 附近（5px）：附近无其他轨迹
18:05:17 [INFO]   步骤 4：调用 replay_segment({'start_frame': 74, 'end_frame': 76})
18:05:17 [INFO]   工具结果：轨迹 262 帧 74-76，原始 3 帧，展示 3 帧（步长 1）
18:05:19 [INFO]   步骤 5：调用 compare_appearances({'frame_id_1': 74, 'frame_id_2': 75})
18:05:19 [INFO]   工具结果：轨迹 262：帧74 vs 帧75，外观基本一致，非 ID 切换
18:05:20 [INFO]   步骤 6：调用 compare_appearances({'frame_id_1': 75, 'frame_id_2': 76})
18:05:20 [INFO]   工具结果：轨迹 262：帧75 vs 帧76，外观基本一致，非 ID 切换
18:05:20 [WARNING] 轨迹 262 达到最大调查步数，使用初始判断
18:05:20 [INFO]   → 确认：调查步数耗尽，沿用阶段一结论：最大位移发生在第75帧，位置异常跳变。
18:05:20 [INFO] [9/20] 调查轨迹 263
18:05:20 [INFO] 开始调查轨迹 263（miss）
18:05:21 [INFO]   步骤 1：调用 replay_segment({'start_frame': 643, 'end_frame': 653})
18:05:21 [INFO]   工具结果：轨迹 263 帧 643-653，原始 2 帧，展示 2 帧（步长 1）
18:05:21 [INFO]   步骤 2：调用 check_nearby_tracks({'frame_id': 643, 'radius': 10})
18:05:21 [INFO]   工具结果：帧 643 轨迹 263 附近（10px）：发现 1 个附近轨迹：ID 264（距离7.5px）
18:05:22 [INFO]   步骤 3：调用 check_nearby_tracks({'frame_id': 653, 'radius': 10})
18:05:22 [INFO]   工具结果：帧 653 轨迹 263 附近（10px）：附近无其他轨迹
18:05:23 [INFO]   步骤 4：调用 compare_appearances({'frame_id': 643, 'target_id': 263, 'reference_frame_id': 653})
18:05:23 [INFO]   工具结果：轨迹 263：帧653 vs 帧654，外观基本一致，非 ID 切换
18:05:24 [INFO]   步骤 5：调用 replay_segment({'start_frame': 653, 'end_frame': 654})
18:05:24 [INFO]   工具结果：轨迹 263 帧 653-654，原始 2 帧，展示 2 帧（步长 1）
18:05:25 [INFO]   步骤 6：调用 check_nearby_tracks({'frame_id': 653, 'radius': 10})
18:05:25 [INFO]   工具结果：帧 653 轨迹 263 附近（10px）：附近无其他轨迹
18:05:25 [WARNING] 轨迹 263 达到最大调查步数，使用初始判断
18:05:25 [INFO]   → 确认：调查步数耗尽，沿用阶段一结论：在第643帧至第653帧间，目标轨迹中断，未检测到目标。
18:05:25 [INFO] [10/20] 调查轨迹 264
18:05:25 [INFO] 开始调查轨迹 264（miss）
18:05:26 [INFO]   步骤 1：调用 replay_segment({'start_frame': 643, 'end_frame': 652})
18:05:26 [INFO]   工具结果：轨迹 264 帧 643-652，原始 2 帧，展示 2 帧（步长 1）
18:05:26 [INFO]   步骤 2：调用 check_nearby_tracks({'frame_id': 643, 'radius': 10})
18:05:26 [INFO]   工具结果：帧 643 轨迹 264 附近（10px）：发现 1 个附近轨迹：ID 263（距离7.5px）
18:05:27 [INFO]   步骤 3：调用 check_nearby_tracks({'frame_id': 652, 'radius': 10})
18:05:27 [INFO]   工具结果：帧 652 轨迹 264 附近（10px）：附近无其他轨迹
18:05:29 [INFO]   步骤 4：调用 compare_appearances({'frame_id': 643, 'target_id': 264, 'compare_id': 263, 'threshold': 0.5})
18:05:29 [INFO]   工具结果：轨迹 264：帧643 vs 帧644，外观基本一致，非 ID 切换
18:05:30 [INFO]   步骤 5：调用 replay_segment({'start_frame': 643, 'end_frame': 652})
18:05:30 [INFO]   工具结果：轨迹 264 帧 643-652，原始 2 帧，展示 2 帧（步长 1）
18:05:30 [INFO]   步骤 6：调用 check_nearby_tracks({'frame_id': 643, 'radius': 10})
18:05:30 [INFO]   工具结果：帧 643 轨迹 264 附近（10px）：发现 1 个附近轨迹：ID 263（距离7.5px）
18:05:30 [WARNING] 轨迹 264 达到最大调查步数，使用初始判断
18:05:30 [INFO]   → 确认：调查步数耗尽，沿用阶段一结论：在第643帧至第652帧间，目标轨迹中断。
18:05:30 [INFO] [11/20] 调查轨迹 265
18:05:30 [INFO] 开始调查轨迹 265（drift）
18:05:31 [INFO]   步骤 1：调用 replay_segment({'start_frame': 101, 'end_frame': 689})
18:05:31 [INFO]   工具结果：轨迹 265 帧 101-689，原始 43 帧，展示 32 帧（步长 13）
18:05:32 [INFO]   步骤 2：调用 check_nearby_tracks({'start_frame': 101, 'end_frame': 689})
18:05:32 [INFO]   工具结果：缺少 frame_id/track_id
18:05:33 [INFO]   步骤 3：调用 replay_segment({'start_frame': 101, 'end_frame': 689})
18:05:33 [INFO]   工具结果：轨迹 265 帧 101-689，原始 43 帧，展示 32 帧（步长 13）
18:05:34 [INFO]   步骤 4：调用 zoom_region({'frame_id': 279, 'region': [250, 250, 350, 350]})
18:05:34 [INFO]   工具结果：轨迹 265 第 279 帧放大 3.0x，已锐化
18:05:36 [INFO]   步骤 5：调用 compare_appearances({'frame_id_1': 278, 'frame_id_2': 279})
18:05:36 [INFO]   工具结果：轨迹 265：帧278 vs 帧279，外观基本一致，非 ID 切换
18:05:38 [INFO]   步骤 6：调用 replay_segment({'start_frame': 278, 'end_frame': 279})
18:05:38 [INFO]   工具结果：轨迹 265 帧 278-279，原始 2 帧，展示 2 帧（步长 1）
18:05:38 [WARNING] 轨迹 265 达到最大调查步数，使用初始判断
18:05:38 [INFO]   → 确认：调查步数耗尽，沿用阶段一结论：最大位移98.53，表明存在显著位置跳变。
18:05:38 [INFO] [12/20] 调查轨迹 268
18:05:38 [INFO] 开始调查轨迹 268（drift）
18:05:39 [INFO]   步骤 1：调用 replay_segment({'start_frame': 516, 'end_frame': 518})
18:05:39 [INFO]   工具结果：轨迹 268 帧 516-518，原始 3 帧，展示 3 帧（步长 1）
18:05:40 [INFO]   步骤 2：调用 zoom_region({'frame_id': 517, 'region': [100, 100, 150, 150]})
18:05:40 [INFO]   工具结果：轨迹 268 第 517 帧放大 3.0x，已锐化
18:05:41 [INFO]   步骤 3：调用 check_nearby_tracks({'frame_id': 517, 'radius': 10})
18:05:41 [INFO]   工具结果：帧 517 轨迹 268 附近（10px）：附近无其他轨迹
18:05:42 [INFO]   步骤 4：调用 replay_segment({'start_frame': 516, 'end_frame': 518})
18:05:42 [INFO]   工具结果：轨迹 268 帧 516-518，原始 3 帧，展示 3 帧（步长 1）
18:05:43 [INFO]   步骤 5：调用 compare_appearances({'frame_id_1': 516, 'frame_id_2': 517})
18:05:43 [INFO]   工具结果：轨迹 268：帧516 vs 帧517，外观基本一致，非 ID 切换
18:05:45 [INFO]   步骤 6：调用 replay_segment({'start_frame': 516, 'end_frame': 518})
18:05:45 [INFO]   工具结果：轨迹 268 帧 516-518，原始 3 帧，展示 3 帧（步长 1）
18:05:45 [WARNING] 轨迹 268 达到最大调查步数，使用初始判断
18:05:45 [INFO]   → 确认：调查步数耗尽，沿用阶段一结论：最大位移发生在第517帧，位置异常跳变。
18:05:45 [INFO] [13/20] 调查轨迹 269
18:05:45 [INFO] 开始调查轨迹 269（miss）
18:05:45 [INFO]   步骤 1：调用 replay_segment({'start_frame': 990, 'end_frame': 1007})
18:05:45 [INFO]   工具结果：轨迹 269 帧 990-1007，原始 2 帧，展示 2 帧（步长 1）
18:05:46 [INFO]   步骤 2：调用 check_nearby_tracks({'frame_id': 990, 'radius': 10})
18:05:46 [INFO]   工具结果：帧 990 轨迹 269 附近（10px）：发现 1 个附近轨迹：ID 272（距离9.9px）
18:05:47 [INFO]   步骤 3：调用 check_nearby_tracks({'frame_id': 1007, 'radius': 10})
18:05:47 [INFO]   工具结果：帧 1007 轨迹 269 附近（10px）：附近无其他轨迹
18:05:48 [INFO]   步骤 4：调用 compare_appearances({'frame_id': 990, 'target_id': 269, 'compare_id': 272, 'threshold': 0.5})
18:05:48 [INFO]   工具结果：轨迹 269：帧990 vs 帧991，外观基本一致，非 ID 切换
18:05:49 [INFO]   步骤 5：调用 compare_appearances({'frame_id': 1006, 'target_id': 269, 'compare_id': 272, 'threshold': 0.5})
18:05:49 [INFO]   工具结果：轨迹 269：帧1006 vs 帧1007，外观基本一致，非 ID 切换
18:05:50 [INFO]   步骤 6：调用 compare_appearances({'frame_id': 1006, 'target_id': 269, 'compare_id': 272, 'threshold': 0.5})
18:05:50 [INFO]   工具结果：轨迹 269：帧1006 vs 帧1007，外观基本一致，非 ID 切换
18:05:50 [WARNING] 轨迹 269 达到最大调查步数，使用初始判断
18:05:50 [INFO]   → 确认：调查步数耗尽，沿用阶段一结论：轨迹中断，目标在第990帧后消失
18:05:50 [INFO] [14/20] 调查轨迹 270
18:05:50 [INFO] 开始调查轨迹 270（drift）
18:05:51 [INFO]   步骤 1：调用 replay_segment({'start_frame': 797, 'end_frame': 828})
18:05:51 [INFO]   工具结果：轨迹 270 帧 797-828，原始 19 帧，展示 19 帧（步长 1）
18:05:52 [INFO]   步骤 2：调用 check_nearby_tracks({})
18:05:52 [INFO]   工具结果：缺少 frame_id/track_id
18:05:53 [INFO]   步骤 3：调用 zoom_region({'frame_id': 821, 'region': [803, 810]})
18:05:53 [INFO]   工具结果：轨迹 270 第 821 帧放大 3.0x，已锐化
18:05:54 [INFO]   步骤 4：调用 compare_appearances({'frame_1': 820, 'frame_2': 821})
18:05:54 [INFO]   工具结果：轨迹 270：帧820 vs 帧821，外观基本一致，非 ID 切换
18:05:55 [INFO]   步骤 5：调用 replay_segment({'start_frame': 820, 'end_frame': 822})
18:05:55 [INFO]   工具结果：轨迹 270 帧 820-822，原始 2 帧，展示 2 帧（步长 1）
18:05:56 [INFO]   步骤 6：调用 check_nearby_tracks({})
18:05:56 [INFO]   工具结果：缺少 frame_id/track_id
18:05:56 [WARNING] 轨迹 270 达到最大调查步数，使用初始判断
18:05:56 [INFO]   → 确认：调查步数耗尽，沿用阶段一结论：最大位移帧处目标位置异常跳变
18:05:56 [INFO] [15/20] 调查轨迹 271
18:05:56 [INFO] 开始调查轨迹 271（miss）
18:05:57 [INFO]   步骤 1：调用 replay_segment({'start_frame': 1014, 'end_frame': 1020})
18:05:57 [INFO]   工具结果：轨迹 271 帧 1014-1020，原始 2 帧，展示 2 帧（步长 1）
18:05:58 [INFO]   步骤 2：调用 check_nearby_tracks({'track_id': 271, 'frame_range': [1014, 1020]})
18:05:58 [INFO]   工具结果：帧 1017 轨迹 271 附近（150px）：发现 6 个附近轨迹：ID 255（距离91.5px），ID 257（距离140.8px），ID 259（距离62.1px），ID 260（距离113.
18:05:59 [INFO]   步骤 3：调用 compare_appearances({'track_id': 271, 'frame_range': [1014, 1020]})
18:05:59 [INFO]   工具结果：轨迹 271：帧1017 vs 帧1020，外观基本一致，非 ID 切换
18:06:06 [INFO]   步骤 4：调用 replay_segment({'start_frame': 1014, 'end_frame': 1020})
18:06:06 [INFO]   工具结果：轨迹 271 帧 1014-1020，原始 2 帧，展示 2 帧（步长 1）
18:06:07 [INFO]   步骤 5：调用 check_nearby_tracks({'track_id': 271, 'frame_range': [1014, 1020]})
18:06:07 [INFO]   工具结果：帧 1017 轨迹 271 附近（150px）：发现 6 个附近轨迹：ID 255（距离91.5px），ID 257（距离140.8px），ID 259（距离62.1px），ID 260（距离113.
18:06:08 [INFO]   步骤 6：调用 compare_appearances({'track_id': 271, 'frame_range': [1014, 1020]})
18:06:08 [INFO]   工具结果：轨迹 271：帧1017 vs 帧1020，外观基本一致，非 ID 切换
18:06:08 [WARNING] 轨迹 271 达到最大调查步数，使用初始判断
18:06:08 [INFO]   → 确认：调查步数耗尽，沿用阶段一结论：轨迹在1014帧后中断，目标消失超过5帧。
18:06:08 [INFO] [16/20] 调查轨迹 272
18:06:08 [INFO] 开始调查轨迹 272（miss）
18:06:09 [INFO]   步骤 1：调用 replay_segment({'start_frame': 990, 'end_frame': 1002})
18:06:09 [INFO]   工具结果：轨迹 272 帧 990-1002，原始 2 帧，展示 2 帧（步长 1）
18:06:09 [INFO]   步骤 2：调用 check_nearby_tracks({'frame_id': 990, 'radius': 10})
18:06:09 [INFO]   工具结果：帧 990 轨迹 272 附近（10px）：发现 1 个附近轨迹：ID 269（距离9.9px）
18:06:10 [INFO]   步骤 3：调用 check_nearby_tracks({'frame_id': 1002, 'radius': 10})
18:06:10 [INFO]   工具结果：帧 1002 轨迹 272 附近（10px）：发现 1 个附近轨迹：ID 257（距离7.8px）
18:06:11 [INFO]   步骤 4：调用 compare_appearances({'frame_id': 990, 'target_id': 272, 'reference_id': 269, 'threshold': 0.8})
18:06:11 [INFO]   工具结果：轨迹 272：帧990 vs 帧991，外观基本一致，非 ID 切换
18:06:13 [INFO]   步骤 5：调用 compare_appearances({'frame_id': 991, 'target_id': 272, 'reference_id': 269, 'threshold': 0.8})
18:06:13 [INFO]   工具结果：轨迹 272：帧991 vs 帧992，外观基本一致，非 ID 切换
18:06:14 [INFO]   步骤 6：调用 compare_appearances({'frame_id': 992, 'target_id': 272, 'reference_id': 269, 'threshold': 0.8})
18:06:14 [INFO]   工具结果：轨迹 272：帧992 vs 帧993，外观基本一致，非 ID 切换
18:06:14 [WARNING] 轨迹 272 达到最大调查步数，使用初始判断
18:06:14 [INFO]   → 确认：调查步数耗尽，沿用阶段一结论：目标在第990帧后消失，持续12帧。
18:06:14 [INFO] [17/20] 调查轨迹 273
18:06:14 [INFO] 开始调查轨迹 273（drift）
18:06:15 [INFO]   步骤 1：调用 replay_segment({'start_frame': 1045, 'end_frame': 1243})
18:06:15 [INFO]   工具结果：轨迹 273 帧 1045-1243，原始 36 帧，展示 32 帧（步长 5）
18:06:16 [INFO]   步骤 2：调用 check_nearby_tracks({'start_frame': 1045, 'end_frame': 1243})
18:06:16 [INFO]   工具结果：缺少 frame_id/track_id
18:06:17 [INFO]   步骤 3：调用 replay_segment({'start_frame': 1045, 'end_frame': 1243})
18:06:17 [INFO]   工具结果：轨迹 273 帧 1045-1243，原始 36 帧，展示 32 帧（步长 5）
18:06:18 [INFO]   步骤 4：调用 zoom_region({'frame_id': 1145, 'region': [300, 100, 350, 200]})
18:06:18 [INFO]   工具结果：轨迹 273 第 1145 帧放大 3.0x，已锐化
18:06:20 [INFO]   步骤 5：调用 compare_appearances({'frame_id_1': 1145, 'frame_id_2': 1148})
18:06:20 [INFO]   工具结果：轨迹 273：帧1145 vs 帧1148，外观基本一致，非 ID 切换
18:06:21 [INFO]   步骤 6：调用 replay_segment({'start_frame': 1145, 'end_frame': 1151})
18:06:21 [INFO]   工具结果：轨迹 273 帧 1145-1151，原始 5 帧，展示 5 帧（步长 1）
18:06:21 [WARNING] 轨迹 273 达到最大调查步数，使用初始判断
18:06:21 [INFO]   → 确认：调查步数耗尽，沿用阶段一结论：最大位移较大，且有显著跳跃帧
18:06:21 [INFO] [18/20] 调查轨迹 274
18:06:21 [INFO] 开始调查轨迹 274（drift）
18:06:22 [INFO]   步骤 1：调用 replay_segment({'start_frame': 1127, 'end_frame': 1151})
18:06:22 [INFO]   工具结果：轨迹 274 帧 1127-1151，原始 4 帧，展示 4 帧（步长 1）
18:06:23 [INFO]   步骤 2：调用 check_nearby_tracks({'frame_id': 1136})
18:06:23 [INFO]   工具结果：帧 1136 轨迹 274 附近（150px）：发现 4 个附近轨迹：ID 255（距离12.9px），ID 259（距离3.3px），ID 270（距离60.5px），ID 271（距离137.8p
18:06:24 [INFO]   步骤 3：调用 compare_appearances({'frame_id': 1136, 'track_id': 274})
18:06:24 [INFO]   工具结果：轨迹 274：帧1136 vs 帧1137，外观基本一致，非 ID 切换
18:06:24 [INFO]   步骤 4：调用 replay_segment({'start_frame': 1127, 'end_frame': 1151})
18:06:24 [INFO]   工具结果：轨迹 274 帧 1127-1151，原始 4 帧，展示 4 帧（步长 1）
18:06:25 [INFO]   步骤 5：调用 check_nearby_tracks({'frame_id': 1136})
18:06:25 [INFO]   工具结果：帧 1136 轨迹 274 附近（150px）：发现 4 个附近轨迹：ID 255（距离12.9px），ID 259（距离3.3px），ID 270（距离60.5px），ID 271（距离137.8p
18:06:26 [INFO]   步骤 6：调用 compare_appearances({'frame_id': 1136, 'track_id': 274})
18:06:26 [INFO]   工具结果：轨迹 274：帧1136 vs 帧1137，外观基本一致，非 ID 切换
18:06:26 [WARNING] 轨迹 274 达到最大调查步数，使用初始判断
18:06:26 [INFO]   → 确认：调查步数耗尽，沿用阶段一结论：最大位移73.77帧内有异常跳变
18:06:26 [INFO] [19/20] 调查轨迹 275
18:06:26 [INFO] 开始调查轨迹 275（miss）
18:06:27 [INFO]   步骤 1：调用 replay_segment({'start_frame': 1118, 'end_frame': 1243})
18:06:27 [INFO]   工具结果：轨迹 275 帧 1118-1243，原始 34 帧，展示 32 帧（步长 3）
18:06:28 [INFO]   步骤 2：调用 check_nearby_tracks({'start_frame': 1118, 'end_frame': 1243})
18:06:28 [INFO]   工具结果：缺少 frame_id/track_id
18:06:29 [INFO]   步骤 3：调用 replay_segment({'start_frame': 1175, 'end_frame': 1190})
18:06:29 [INFO]   工具结果：轨迹 275 帧 1175-1190，原始 2 帧，展示 2 帧（步长 1）
18:06:30 [INFO]   步骤 4：调用 check_nearby_tracks({'start_frame': 1175, 'end_frame': 1190})
18:06:30 [INFO]   工具结果：缺少 frame_id/track_id
18:06:31 [INFO]   步骤 5：调用 replay_segment({'start_frame': 1198, 'end_frame': 1210})
18:06:31 [INFO]   工具结果：轨迹 275 帧 1198-1210，原始 2 帧，展示 2 帧（步长 1）
18:06:32 [INFO]   步骤 6：调用 check_nearby_tracks({'start_frame': 1198, 'end_frame': 1210})
18:06:32 [INFO]   工具结果：缺少 frame_id/track_id
18:06:32 [WARNING] 轨迹 275 达到最大调查步数，使用初始判断
18:06:32 [INFO]   → 确认：调查步数耗尽，沿用阶段一结论：目标在第1175帧至第1190帧间中断，消失超过5帧。
18:06:32 [INFO] [20/20] 调查轨迹 276
18:06:32 [INFO] 开始调查轨迹 276（miss）
18:06:33 [INFO]   步骤 1：调用 replay_segment({'start_frame': 1152, 'end_frame': 1243})
18:06:33 [INFO]   工具结果：轨迹 276 帧 1152-1243，原始 35 帧，展示 32 帧（步长 2）
18:06:33 [INFO]   步骤 2：调用 check_nearby_tracks({'start_frame': 1152, 'end_frame': 1243})
18:06:33 [INFO]   工具结果：缺少 frame_id/track_id
18:06:34 [INFO]   步骤 3：调用 replay_segment({'start_frame': 1154, 'end_frame': 1170})
18:06:34 [INFO]   工具结果：轨迹 276 帧 1154-1170，原始 2 帧，展示 2 帧（步长 1）
18:06:35 [INFO]   步骤 4：调用 check_nearby_tracks({'start_frame': 1154, 'end_frame': 1170})
18:06:35 [INFO]   工具结果：缺少 frame_id/track_id
18:06:36 [INFO]   步骤 5：调用 replay_segment({'start_frame': 1152, 'end_frame': 1154})
18:06:36 [INFO]   工具结果：轨迹 276 帧 1152-1154，原始 3 帧，展示 3 帧（步长 1）
18:06:37 [INFO]   步骤 6：调用 replay_segment({'start_frame': 1170, 'end_frame': 1172})
18:06:37 [INFO]   工具结果：轨迹 276 帧 1170-1172，原始 3 帧，展示 3 帧（步长 1）
18:06:37 [WARNING] 轨迹 276 达到最大调查步数，使用初始判断
18:06:37 [INFO]   → 确认：调查步数耗尽，沿用阶段一结论：目标在第1154帧至第1170帧间中断
18:06:37 [INFO] ========================================
18:06:37 [INFO] [dancetrack0028] 阶段三：轨迹修正
18:06:37 [INFO] ========================================
18:06:37 [INFO] 修正跳过/失败：track=258 type=miss detail=缺少前后锚点，无法插值补全
18:06:38 [INFO] 正在分析轨迹 260（长度 807 帧）...
18:06:39 [INFO] 修正回滚：track=260 type=drift
18:06:39 [INFO] 正在分析轨迹 261（长度 327 帧）...
18:06:41 [INFO] 修正回滚：track=261 type=miss
18:06:41 [INFO] 正在分析轨迹 262（长度 24 帧）...
18:06:42 [INFO] 修正生效：track=262 type=drift frames=75-75
18:06:42 [INFO] 正在分析轨迹 263（长度 683 帧）...
18:06:44 [INFO] 修正回滚：track=263 type=miss
18:06:44 [INFO] 正在分析轨迹 264（长度 1088 帧）...
18:06:45 [INFO] 修正回滚：track=264 type=miss
18:06:45 [INFO] 正在分析轨迹 268（长度 202 帧）...
18:06:47 [INFO] 修正回滚：track=268 type=drift
18:06:47 [INFO] 正在分析轨迹 270（长度 479 帧）...
18:06:48 [INFO] 修正回滚：track=270 type=drift
18:06:48 [INFO] 修正跳过/失败：track=271 type=miss detail=缺少前后锚点，无法插值补全
18:06:48 [INFO] 正在分析轨迹 272（长度 137 帧）...
18:06:50 [INFO] 修正回滚：track=272 type=miss
18:06:50 [INFO] 正在分析轨迹 276（长度 84 帧）...
18:06:52 [INFO] 修正回滚：track=276 type=miss
18:06:52 [INFO] [dancetrack0028] 修正后 MOT 已保存至 /public/home/lyh_npu/code/PostMOT/corrected_mot/dancetrack0028.txt
18:06:52 [INFO] [dancetrack0028] 报告已保存至 /public/home/lyh_npu/code/PostMOT/pipeline_report_batch_seq_reports/dancetrack0028.json
18:06:52 [INFO] [9/35] 处理序列 dancetrack0031
18:07:36 [INFO] 加载轨迹 24 条
18:07:36 [INFO] ========================================
18:07:36 [INFO] [dancetrack0031] 阶段一：VLM 轨迹巡检
18:07:36 [INFO] ========================================
18:07:36 [INFO] 正在分析轨迹 112（长度 1072 帧）...
18:07:38 [INFO] [可疑] 轨迹 112 — miss 置信度 0.80：轨迹在979帧至1069帧间中断，持续超过5帧。
18:07:38 [INFO] 正在分析轨迹 113（长度 1177 帧）...
18:07:39 [INFO] [可疑] 轨迹 113 — miss 置信度 0.90：目标在第841帧至第859帧间中断，消失超过5帧。
18:07:39 [INFO] 正在分析轨迹 114（长度 409 帧）...
18:07:41 [INFO] [可疑] 轨迹 114 — miss 置信度 0.80：在第299帧到第305帧间，目标轨迹中断。
18:07:41 [INFO] 正在分析轨迹 115（长度 1200 帧）...
18:07:43 [INFO] 正在分析轨迹 116（长度 82 帧）...
18:07:44 [INFO] [可疑] 轨迹 116 — drift 置信度 0.80：最大位移较大，且在第38帧出现异常跳变。
18:07:44 [INFO] 正在分析轨迹 117（长度 34 帧）...
18:07:45 [INFO] 正在分析轨迹 118（长度 1157 帧）...
18:07:47 [INFO] [可疑] 轨迹 118 — miss 置信度 0.90：轨迹中断，目标在951帧后消失，持续至986帧。
18:07:47 [INFO] 正在分析轨迹 119（长度 894 帧）...
18:07:49 [INFO] [可疑] 轨迹 119 — miss 置信度 0.80：目标在第688帧到第702帧间中断，持续了14帧。
18:07:49 [INFO] 正在分析轨迹 120（长度 107 帧）...
18:07:50 [INFO] [可疑] 轨迹 120 — drift 置信度 0.90：最大位移发生在第99帧，位置异常跳变。
18:07:50 [INFO] 正在分析轨迹 121（长度 84 帧）...
18:07:52 [INFO] [可疑] 轨迹 121 — miss 置信度 0.80：轨迹在第153帧至第169帧间中断，持续了约10帧。
18:07:52 [INFO] 正在分析轨迹 122（长度 727 帧）...
18:07:53 [INFO] [可疑] 轨迹 122 — drift 置信度 0.80：最大位移较大，存在异常跳变。
18:07:53 [INFO] 正在分析轨迹 123（长度 164 帧）...
18:07:55 [INFO] [可疑] 轨迹 123 — miss 置信度 0.80：目标在第235帧至第241帧间中断，消失超过5帧。
18:07:55 [INFO] 正在分析轨迹 125（长度 981 帧）...
18:07:56 [INFO] [可疑] 轨迹 125 — drift 置信度 0.80：最大位移较大，存在异常跳变。
18:07:56 [INFO] 正在分析轨迹 126（长度 797 帧）...
18:07:57 [INFO] [可疑] 轨迹 126 — drift 置信度 0.80：最大位移较大且在特定帧出现异常跳变
18:07:57 [INFO] 正在分析轨迹 127（长度 83 帧）...
18:07:59 [INFO] [可疑] 轨迹 127 — miss 置信度 0.80：目标在735帧后消失，持续了约13帧。
18:07:59 [INFO] 正在分析轨迹 128（长度 380 帧）...
18:08:00 [INFO] [可疑] 轨迹 128 — drift 置信度 0.80：最大位移46.87帧内出现，位置异常跳变。
18:08:00 [INFO] 正在分析轨迹 129（长度 32 帧）...
18:08:02 [INFO] [可疑] 轨迹 129 — miss 置信度 0.90：目标在第923帧后消失，持续了9帧。
18:08:02 [INFO] 正在分析轨迹 131（长度 128 帧）...
18:08:03 [INFO] [可疑] 轨迹 131 — miss 置信度 0.90：轨迹在第1138帧至第1154帧间中断，持续16帧。
18:08:03 [INFO] 正在分析轨迹 132（长度 37 帧）...
18:08:05 [INFO] [可疑] 轨迹 132 — drift 置信度 0.80：最大位移较大，且在特定帧出现异常跳变。
18:08:05 [INFO] 正在分析轨迹 133（长度 27 帧）...
18:08:12 [INFO] [可疑] 轨迹 133 — miss 置信度 0.90：目标在1172帧后中断，消失超过5帧。
18:08:12 [INFO] 正在分析轨迹 134（长度 13 帧）...
18:08:14 [INFO] [可疑] 轨迹 134 — miss 置信度 0.80：目标在第1174帧至第1183帧间中断，消失超过5帧。
18:08:14 [INFO] 正在分析轨迹 135（长度 7 帧）...
18:08:15 [INFO] [dancetrack0031] 阶段一完成：19 条可疑轨迹，已保存至 /public/home/lyh_npu/code/PostMOT/pipeline_report_batch_seq_reports/dancetrack0031_stage1.json
18:08:15 [INFO] ========================================
18:08:15 [INFO] [dancetrack0031] 阶段二：LLM 工具调用调查
18:08:15 [INFO] ========================================
18:08:15 [INFO] [1/19] 调查轨迹 112
18:08:15 [INFO] 开始调查轨迹 112（miss）
18:08:16 [INFO]   步骤 1：调用 replay_segment({'start_frame': 979, 'end_frame': 1069})
18:08:16 [INFO]   工具结果：轨迹 112 帧 979-1069，原始 24 帧，展示 24 帧（步长 2）
18:08:17 [INFO]   步骤 2：调用 check_nearby_tracks({'start_frame': 979, 'end_frame': 1069})
18:08:17 [INFO]   工具结果：缺少 frame_id/track_id
18:08:18 [INFO]   步骤 3：调用 replay_segment({'start_frame': 979, 'end_frame': 1069})
18:08:18 [INFO]   工具结果：轨迹 112 帧 979-1069，原始 24 帧，展示 24 帧（步长 2）
18:08:19 [INFO]   步骤 4：调用 check_nearby_tracks({'start_frame': 979, 'end_frame': 1069})
18:08:19 [INFO]   工具结果：缺少 frame_id/track_id
18:08:20 [INFO]   步骤 5：调用 replay_segment({'start_frame': 979, 'end_frame': 1069})
18:08:20 [INFO]   工具结果：轨迹 112 帧 979-1069，原始 24 帧，展示 24 帧（步长 2）
18:08:21 [INFO]   步骤 6：调用 check_nearby_tracks({'start_frame': 979, 'end_frame': 1069})
18:08:21 [INFO]   工具结果：缺少 frame_id/track_id
18:08:21 [WARNING] 轨迹 112 达到最大调查步数，使用初始判断
18:08:21 [INFO]   → 确认：调查步数耗尽，沿用阶段一结论：轨迹在979帧至1069帧间中断，持续超过5帧。
18:08:21 [INFO] [2/19] 调查轨迹 113
18:08:21 [INFO] 开始调查轨迹 113（miss）
18:08:22 [INFO]   步骤 1：调用 replay_segment({'start_frame': 841, 'end_frame': 859})
18:08:22 [INFO]   工具结果：轨迹 113 帧 841-859，原始 2 帧，展示 2 帧（步长 1）
18:08:23 [INFO]   步骤 2：调用 check_nearby_tracks({'track_id': 113, 'frame_ids': [841, 859]})
18:08:23 [INFO]   工具结果：帧 841 轨迹 113 附近（150px）：发现 9 个附近轨迹：ID 116（距离52.5px），ID 117（距离48.7px），ID 119（距离77.6px），ID 120（距离104.1p
18:08:24 [INFO]   步骤 3：调用 compare_appearances({'frame_id': 841, 'track_id': 113, 'reference_frame_id': 859})
18:08:24 [INFO]   工具结果：轨迹 113：帧859 vs 帧860，外观基本一致，非 ID 切换
18:08:25 [INFO]   步骤 4：调用 replay_segment({'start_frame': 841, 'end_frame': 859})
18:08:25 [INFO]   工具结果：轨迹 113 帧 841-859，原始 2 帧，展示 2 帧（步长 1）
18:08:26 [INFO]   步骤 5：调用 check_nearby_tracks({'track_id': 113, 'frame_ids': [841, 859]})
18:08:26 [INFO]   工具结果：帧 841 轨迹 113 附近（150px）：发现 9 个附近轨迹：ID 116（距离52.5px），ID 117（距离48.7px），ID 119（距离77.6px），ID 120（距离104.1p
18:08:27 [INFO]   步骤 6：调用 compare_appearances({'frame_id': 841, 'track_id': 113, 'reference_frame_id': 859})
18:08:27 [INFO]   工具结果：轨迹 113：帧859 vs 帧860，外观基本一致，非 ID 切换
18:08:27 [WARNING] 轨迹 113 达到最大调查步数，使用初始判断
18:08:27 [INFO]   → 确认：调查步数耗尽，沿用阶段一结论：目标在第841帧至第859帧间中断，消失超过5帧。
18:08:27 [INFO] [3/19] 调查轨迹 114
18:08:27 [INFO] 开始调查轨迹 114（miss）
18:08:28 [INFO]   步骤 1：调用 replay_segment({'start_frame': 299, 'end_frame': 305})
18:08:28 [INFO]   工具结果：轨迹 114 帧 299-305，原始 2 帧，展示 2 帧（步长 1）
18:08:28 [INFO]   步骤 2：调用 check_nearby_tracks({'track_id': 114, 'frame_range': [299, 305]})
18:08:28 [INFO]   工具结果：帧 302 轨迹 114 附近（150px）：发现 9 个附近轨迹：ID 112（距离20.9px），ID 117（距离130.6px），ID 119（距离118.0px），ID 121（距离141.
18:08:29 [INFO]   步骤 3：调用 replay_segment({'start_frame': 302, 'end_frame': 302})
18:08:29 [INFO]   工具结果：轨迹 114 在帧 302-302 内无数据
18:08:30 [INFO]   步骤 4：调用 replay_segment({'start_frame': 301, 'end_frame': 303})
18:08:30 [INFO]   工具结果：轨迹 114 在帧 301-303 内无数据
18:08:31 [INFO]   步骤 5：调用 replay_segment({'start_frame': 300, 'end_frame': 304})
18:08:31 [INFO]   工具结果：轨迹 114 在帧 300-304 内无数据
18:08:32 [INFO]   步骤 6：调用 replay_segment({'start_frame': 298, 'end_frame': 306})
18:08:32 [INFO]   工具结果：轨迹 114 帧 298-306，原始 3 帧，展示 3 帧（步长 1）
18:08:32 [WARNING] 轨迹 114 达到最大调查步数，使用初始判断
18:08:32 [INFO]   → 确认：调查步数耗尽，沿用阶段一结论：在第299帧到第305帧间，目标轨迹中断。
18:08:32 [INFO] [4/19] 调查轨迹 116
18:08:32 [INFO] 开始调查轨迹 116（drift）
18:08:33 [INFO]   步骤 1：调用 replay_segment({'track_id': 116, 'start_frame': 1, 'end_frame': 82})
18:08:33 [INFO]   工具结果：轨迹 116 帧 1-82，原始 41 帧，展示 32 帧（步长 2）
18:08:34 [INFO]   步骤 2：调用 check_nearby_tracks({'track_id': 116, 'start_frame': 38, 'end_frame': 38})
18:08:34 [INFO]   工具结果：缺少 frame_id/track_id
18:08:35 [INFO]   步骤 3：调用 zoom_region({'track_id': 116, 'frame_id': 38})
18:08:35 [INFO]   工具结果：轨迹 116 第 38 帧放大 3.0x，已锐化
18:08:36 [INFO]   步骤 4：调用 compare_appearances({'track_id': 116, 'frame_id': 37, 'compare_frame_id': 39})
18:08:36 [INFO]   工具结果：轨迹 116：帧37 vs 帧39，外观基本一致，非 ID 切换
18:08:38 [INFO]   步骤 5：调用 replay_segment({'track_id': 116, 'start_frame': 37, 'end_frame': 39})
18:08:38 [INFO]   工具结果：轨迹 116 帧 37-39，原始 3 帧，展示 3 帧（步长 1）
18:08:39 [INFO]   步骤 6：调用 check_nearby_tracks({'track_id': 116, 'start_frame': 37, 'end_frame': 39})
18:08:39 [INFO]   工具结果：缺少 frame_id/track_id
18:08:39 [WARNING] 轨迹 116 达到最大调查步数，使用初始判断
18:08:39 [INFO]   → 确认：调查步数耗尽，沿用阶段一结论：最大位移较大，且在第38帧出现异常跳变。
18:08:39 [INFO] [5/19] 调查轨迹 118
18:08:39 [INFO] 开始调查轨迹 118（miss）
18:08:40 [INFO]   步骤 1：调用 replay_segment({'start_frame': 951, 'end_frame': 986})
18:08:40 [INFO]   工具结果：轨迹 118 帧 951-986，原始 6 帧，展示 6 帧（步长 1）
18:08:41 [INFO]   步骤 2：调用 check_nearby_tracks({'frame_id': 951, 'radius': 10})
18:08:41 [INFO]   工具结果：帧 951 轨迹 118 附近（10px）：附近无其他轨迹
18:08:41 [INFO]   步骤 3：调用 replay_segment({'start_frame': 941, 'end_frame': 961})
18:08:41 [INFO]   工具结果：轨迹 118 帧 941-961，原始 12 帧，展示 12 帧（步长 1）
18:08:42 [INFO]   步骤 4：调用 replay_segment({'start_frame': 931, 'end_frame': 941})
18:08:42 [INFO]   工具结果：轨迹 118 帧 931-941，原始 11 帧，展示 11 帧（步长 1）
18:08:43 [INFO]   步骤 5：调用 replay_segment({'start_frame': 921, 'end_frame': 931})
18:08:43 [INFO]   工具结果：轨迹 118 帧 921-931，原始 11 帧，展示 11 帧（步长 1）
18:08:44 [INFO]   步骤 6：调用 replay_segment({'start_frame': 911, 'end_frame': 921})
18:08:44 [INFO]   工具结果：轨迹 118 帧 911-921，原始 11 帧，展示 11 帧（步长 1）
18:08:44 [WARNING] 轨迹 118 达到最大调查步数，使用初始判断
18:08:44 [INFO]   → 确认：调查步数耗尽，沿用阶段一结论：轨迹中断，目标在951帧后消失，持续至986帧。
18:08:44 [INFO] [6/19] 调查轨迹 119
18:08:44 [INFO] 开始调查轨迹 119（miss）
18:08:45 [INFO]   步骤 1：调用 replay_segment({'start_frame': 688, 'end_frame': 702})
18:08:45 [INFO]   工具结果：轨迹 119 帧 688-702，原始 2 帧，展示 2 帧（步长 1）
18:08:46 [INFO]   步骤 2：调用 check_nearby_tracks({'frame_id': 688, 'radius': 10})
18:08:46 [INFO]   工具结果：帧 688 轨迹 119 附近（10px）：附近无其他轨迹
18:08:46 [INFO]   步骤 3：调用 check_nearby_tracks({'frame_id': 702, 'radius': 10})
18:08:46 [INFO]   工具结果：帧 702 轨迹 119 附近（10px）：附近无其他轨迹
18:08:47 [INFO]   步骤 4：调用 replay_segment({'start_frame': 688, 'end_frame': 702})
18:08:47 [INFO]   工具结果：轨迹 119 帧 688-702，原始 2 帧，展示 2 帧（步长 1）
18:08:48 [INFO]   步骤 5：调用 compare_appearances({'frame_id_1': 688, 'frame_id_2': 702})
18:08:48 [INFO]   工具结果：轨迹 119：帧688 vs 帧702，外观基本一致，非 ID 切换
18:08:49 [INFO]   步骤 6：调用 replay_segment({'start_frame': 688, 'end_frame': 702})
18:08:49 [INFO]   工具结果：轨迹 119 帧 688-702，原始 2 帧，展示 2 帧（步长 1）
18:08:49 [WARNING] 轨迹 119 达到最大调查步数，使用初始判断
18:08:49 [INFO]   → 确认：调查步数耗尽，沿用阶段一结论：目标在第688帧到第702帧间中断，持续了14帧。
18:08:49 [INFO] [7/19] 调查轨迹 120
18:08:49 [INFO] 开始调查轨迹 120（drift）
18:08:50 [INFO]   步骤 1：调用 replay_segment({'start_frame': 98, 'end_frame': 100})
18:08:50 [INFO]   工具结果：轨迹 120 帧 98-100，原始 2 帧，展示 2 帧（步长 1）
18:08:51 [INFO]   步骤 2：调用 zoom_region({'frame_id': 99, 'region': [40, 10, 120, 100]})
18:08:51 [INFO]   工具结果：轨迹 120 第 99 帧放大 3.0x，已锐化
18:08:52 [INFO]   步骤 3：调用 check_nearby_tracks({'frame_id': 99, 'radius': 5})
18:08:52 [INFO]   工具结果：帧 99 轨迹 120 附近（5px）：附近无其他轨迹
18:08:53 [INFO]   步骤 4：调用 replay_segment({'start_frame': 98, 'end_frame': 100})
18:08:53 [INFO]   工具结果：轨迹 120 帧 98-100，原始 2 帧，展示 2 帧（步长 1）
18:08:55 [INFO]   步骤 5：调用 compare_appearances({'frame_id_1': 98, 'frame_id_2': 99})
18:08:55 [INFO]   工具结果：轨迹 120：帧98 vs 帧99，外观基本一致，非 ID 切换
18:08:56 [INFO]   步骤 6：调用 replay_segment({'start_frame': 98, 'end_frame': 100})
18:08:56 [INFO]   工具结果：轨迹 120 帧 98-100，原始 2 帧，展示 2 帧（步长 1）
18:08:56 [WARNING] 轨迹 120 达到最大调查步数，使用初始判断
18:08:56 [INFO]   → 确认：调查步数耗尽，沿用阶段一结论：最大位移发生在第99帧，位置异常跳变。
18:08:56 [INFO] [8/19] 调查轨迹 121
18:08:56 [INFO] 开始调查轨迹 121（miss）
18:08:56 [INFO]   步骤 1：调用 replay_segment({'start_frame': 153, 'end_frame': 169})
18:08:56 [INFO]   工具结果：轨迹 121 帧 153-169，原始 3 帧，展示 3 帧（步长 1）
18:08:57 [INFO]   步骤 2：调用 check_nearby_tracks({'track_id': 121, 'frame_ids': [153, 160, 169]})
18:08:57 [INFO]   工具结果：帧 153 轨迹 121 附近（150px）：发现 6 个附近轨迹：ID 113（距离55.2px），ID 114（距离100.3px），ID 119（距离117.0px），ID 125（距离51.6
18:08:59 [INFO]   步骤 3：调用 compare_appearances({'track_id': 121, 'frame_ids': [153, 160, 169]})
18:08:59 [INFO]   工具结果：轨迹 121：帧153 vs 帧169，外观基本一致，非 ID 切换
18:08:59 [INFO]   步骤 4：调用 replay_segment({'start_frame': 153, 'end_frame': 169})
18:08:59 [INFO]   工具结果：轨迹 121 帧 153-169，原始 3 帧，展示 3 帧（步长 1）
18:09:01 [INFO]   步骤 5：调用 check_nearby_tracks({'track_id': 121, 'frame_ids': [153, 160, 169]})
18:09:01 [INFO]   工具结果：帧 153 轨迹 121 附近（150px）：发现 6 个附近轨迹：ID 113（距离55.2px），ID 114（距离100.3px），ID 119（距离117.0px），ID 125（距离51.6
18:09:02 [INFO]   步骤 6：调用 compare_appearances({'track_id': 121, 'frame_ids': [153, 160, 169]})
18:09:02 [INFO]   工具结果：轨迹 121：帧153 vs 帧169，外观基本一致，非 ID 切换
18:09:02 [WARNING] 轨迹 121 达到最大调查步数，使用初始判断
18:09:02 [INFO]   → 确认：调查步数耗尽，沿用阶段一结论：轨迹在第153帧至第169帧间中断，持续了约10帧。
18:09:02 [INFO] [9/19] 调查轨迹 122
18:09:02 [INFO] 开始调查轨迹 122（drift）
18:09:03 [INFO]   步骤 1：调用 replay_segment({'start_frame': 103, 'end_frame': 840})
18:09:03 [INFO]   工具结果：轨迹 122 帧 103-840，原始 46 帧，展示 32 帧（步长 16）
18:09:07 [INFO]   步骤 2：调用 check_nearby_tracks({'frame_ids': [103, 123, 139, 171, 187, 219, 235, 267, 283, 315, 331, 347, 379, 395, 427, 443, 475, 491, 523, 539, 571, 587, 603, 635, 651, 687, 703, 735, 751, 783, 799, 834]})
18:09:07 [INFO]   工具结果：帧 103 轨迹 122 附近（150px）：发现 11 个附近轨迹：ID 113（距离146.0px），ID 116（距离17.6px），ID 117（距离40.6px），ID 120（距离34.4
18:09:15 [INFO]   步骤 3：调用 compare_appearances({'frame_ids': [103, 119, 411, 446, 461, 471, 659, 667, 738, 743, 762, 821]})
18:09:15 [INFO]   工具结果：轨迹 122：帧103 vs 帧821，外观基本一致，非 ID 切换
18:09:16 [INFO]   步骤 4：调用 replay_segment({'start_frame': 103, 'end_frame': 840})
18:09:16 [INFO]   工具结果：轨迹 122 帧 103-840，原始 46 帧，展示 32 帧（步长 16）
18:09:21 [INFO]   步骤 5：调用 check_nearby_tracks({'frame_ids': [103, 123, 139, 171, 187, 219, 235, 267, 283, 315, 331, 347, 379, 395, 427, 443, 475, 491, 523, 539, 571, 587, 603, 635, 651, 687, 703, 735, 751, 783, 799, 834]})
18:09:21 [INFO]   工具结果：帧 103 轨迹 122 附近（150px）：发现 11 个附近轨迹：ID 113（距离146.0px），ID 116（距离17.6px），ID 117（距离40.6px），ID 120（距离34.4
18:09:23 [INFO]   步骤 6：调用 compare_appearances({'frame_ids': [103, 119, 411, 446, 461, 471, 659, 667, 738, 743, 762, 821]})
18:09:23 [INFO]   工具结果：轨迹 122：帧103 vs 帧821，外观基本一致，非 ID 切换
18:09:23 [WARNING] 轨迹 122 达到最大调查步数，使用初始判断
18:09:23 [INFO]   → 确认：调查步数耗尽，沿用阶段一结论：最大位移较大，存在异常跳变。
18:09:23 [INFO] [10/19] 调查轨迹 123
18:09:23 [INFO] 开始调查轨迹 123（miss）
18:09:24 [INFO]   步骤 1：调用 replay_segment({'start_frame': 235, 'end_frame': 241})
18:09:24 [INFO]   工具结果：轨迹 123 帧 235-241，原始 2 帧，展示 2 帧（步长 1）
18:09:25 [INFO]   步骤 2：调用 check_nearby_tracks({'track_id': 123, 'frame_range': [235, 241]})
18:09:25 [INFO]   工具结果：帧 238 轨迹 123 附近（150px）：发现 10 个附近轨迹：ID 115（距离35.4px），ID 116（距离9.8px），ID 117（距离55.3px），ID 120（距离44.9px
18:09:26 [INFO]   步骤 3：调用 replay_segment({'start_frame': 235, 'end_frame': 241})
18:09:26 [INFO]   工具结果：轨迹 123 帧 235-241，原始 2 帧，展示 2 帧（步长 1）
18:09:27 [INFO]   步骤 4：调用 check_nearby_tracks({'track_id': 123, 'frame_range': [235, 241]})
18:09:27 [INFO]   工具结果：帧 238 轨迹 123 附近（150px）：发现 10 个附近轨迹：ID 115（距离35.4px），ID 116（距离9.8px），ID 117（距离55.3px），ID 120（距离44.9px
18:09:28 [INFO]   步骤 5：调用 replay_segment({'start_frame': 235, 'end_frame': 241})
18:09:28 [INFO]   工具结果：轨迹 123 帧 235-241，原始 2 帧，展示 2 帧（步长 1）
18:09:29 [INFO]   步骤 6：调用 check_nearby_tracks({'track_id': 123, 'frame_range': [235, 241]})
18:09:29 [INFO]   工具结果：帧 238 轨迹 123 附近（150px）：发现 10 个附近轨迹：ID 115（距离35.4px），ID 116（距离9.8px），ID 117（距离55.3px），ID 120（距离44.9px
18:09:29 [WARNING] 轨迹 123 达到最大调查步数，使用初始判断
18:09:29 [INFO]   → 确认：调查步数耗尽，沿用阶段一结论：目标在第235帧至第241帧间中断，消失超过5帧。
18:09:29 [INFO] [11/19] 调查轨迹 125
18:09:29 [INFO] 开始调查轨迹 125（drift）
18:09:30 [INFO]   步骤 1：调用 replay_segment({'start_frame': 215, 'end_frame': 1202})
18:09:30 [INFO]   工具结果：轨迹 125 帧 215-1202，原始 47 帧，展示 32 帧（步长 21）
18:09:34 [INFO]   步骤 2：调用 check_nearby_tracks({'frame_ids': [215, 240, 261, 303, 324, 366, 387, 429, 450, 492, 513, 555, 576, 618, 639, 681, 702, 744, 765, 807, 828, 870, 891, 933, 954, 996, 1017, 1059, 1080, 1122, 1143, 1186]})
18:09:34 [INFO]   工具结果：帧 215 轨迹 125 附近（150px）：发现 5 个附近轨迹：ID 113（距离142.3px），ID 114（距离26.9px），ID 119（距离92.0px），ID 121（距离20.2p
18:09:35 [INFO]   步骤 3：调用 compare_appearances({'frame_id': 232, 'track_id': 125})
18:09:35 [INFO]   工具结果：轨迹 125：帧232 vs 帧233，外观基本一致，非 ID 切换
18:09:36 [INFO]   步骤 4：调用 replay_segment({'start_frame': 232, 'end_frame': 233})
18:09:36 [INFO]   工具结果：轨迹 125 帧 232-233，原始 2 帧，展示 2 帧（步长 1）
18:09:37 [INFO]   步骤 5：调用 check_nearby_tracks({'frame_ids': [232, 233]})
18:09:37 [INFO]   工具结果：帧 232 轨迹 125 附近（150px）：发现 6 个附近轨迹：ID 112（距离57.0px），ID 113（距离120.8px），ID 114（距离8.9px），ID 119（距离121.8p
18:09:38 [INFO]   步骤 6：调用 replay_segment({'start_frame': 232, 'end_frame': 233})
18:09:38 [INFO]   工具结果：轨迹 125 帧 232-233，原始 2 帧，展示 2 帧（步长 1）
18:09:38 [WARNING] 轨迹 125 达到最大调查步数，使用初始判断
18:09:38 [INFO]   → 确认：调查步数耗尽，沿用阶段一结论：最大位移较大，存在异常跳变。
18:09:38 [INFO] [12/19] 调查轨迹 126
18:09:38 [INFO] 开始调查轨迹 126（drift）
18:09:39 [INFO]   步骤 1：调用 replay_segment({'start_frame': 630, 'end_frame': 639})
18:09:39 [INFO]   工具结果：轨迹 126 帧 630-639，原始 2 帧，展示 2 帧（步长 1）
18:09:40 [INFO]   步骤 2：调用 zoom_region({'frame_id': 630, 'region': [100, 100, 100, 100]})
18:09:40 [INFO]   工具结果：轨迹 126 第 630 帧放大 3.0x，已锐化
18:09:42 [INFO]   步骤 3：调用 zoom_region({'frame_id': 639, 'region': [100, 100, 100, 100]})
18:09:42 [INFO]   工具结果：轨迹 126 第 639 帧放大 3.0x，已锐化
18:09:43 [INFO]   步骤 4：调用 compare_appearances({'frame_id_1': 630, 'frame_id_2': 639})
18:09:43 [INFO]   工具结果：轨迹 126：帧630 vs 帧639，外观基本一致，非 ID 切换
18:09:45 [INFO]   步骤 5：调用 check_nearby_tracks({'frame_id': 630, 'radius': 10})
18:09:45 [INFO]   工具结果：帧 630 轨迹 126 附近（10px）：附近无其他轨迹
18:09:47 [INFO]   步骤 6：调用 check_nearby_tracks({'frame_id': 639, 'radius': 10})
18:09:47 [INFO]   工具结果：帧 639 轨迹 126 附近（10px）：附近无其他轨迹
18:09:47 [WARNING] 轨迹 126 达到最大调查步数，使用初始判断
18:09:47 [INFO]   → 确认：调查步数耗尽，沿用阶段一结论：最大位移较大且在特定帧出现异常跳变
18:09:47 [INFO] [13/19] 调查轨迹 127
18:09:47 [INFO] 开始调查轨迹 127（miss）
18:09:47 [INFO]   步骤 1：调用 replay_segment({'start_frame': 735, 'end_frame': 804})
18:09:47 [INFO]   工具结果：轨迹 127 帧 735-804，原始 12 帧，展示 12 帧（步长 2）
18:09:48 [INFO]   步骤 2：调用 check_nearby_tracks({'track_id': 127, 'frame_range': [735, 804]})
18:09:48 [INFO]   工具结果：帧 769 轨迹 127 附近（150px）：发现 9 个附近轨迹：ID 113（距离147.8px），ID 114（距离93.8px），ID 119（距离20.1px），ID 121（距离94.9p
18:09:49 [INFO]   步骤 3：调用 replay_segment({'start_frame': 735, 'end_frame': 804})
18:09:49 [INFO]   工具结果：轨迹 127 帧 735-804，原始 12 帧，展示 12 帧（步长 2）
18:09:50 [INFO]   步骤 4：调用 check_nearby_tracks({'track_id': 127, 'frame_range': [735, 804]})
18:09:50 [INFO]   工具结果：帧 769 轨迹 127 附近（150px）：发现 9 个附近轨迹：ID 113（距离147.8px），ID 114（距离93.8px），ID 119（距离20.1px），ID 121（距离94.9p
18:09:51 [INFO]   步骤 5：调用 replay_segment({'start_frame': 735, 'end_frame': 804})
18:09:51 [INFO]   工具结果：轨迹 127 帧 735-804，原始 12 帧，展示 12 帧（步长 2）
18:09:53 [INFO]   步骤 6：调用 check_nearby_tracks({'track_id': 127, 'frame_range': [735, 804]})
18:09:53 [INFO]   工具结果：帧 769 轨迹 127 附近（150px）：发现 9 个附近轨迹：ID 113（距离147.8px），ID 114（距离93.8px），ID 119（距离20.1px），ID 121（距离94.9p
18:09:53 [WARNING] 轨迹 127 达到最大调查步数，使用初始判断
18:09:53 [INFO]   → 确认：调查步数耗尽，沿用阶段一结论：目标在735帧后消失，持续了约13帧。
18:09:53 [INFO] [14/19] 调查轨迹 128
18:09:53 [INFO] 开始调查轨迹 128（drift）
18:09:54 [INFO]   步骤 1：调用 replay_segment({'start_frame': 833, 'end_frame': 838})
18:09:54 [INFO]   工具结果：轨迹 128 帧 833-838，原始 6 帧，展示 6 帧（步长 1）
18:09:54 [INFO]   步骤 2：调用 check_nearby_tracks({'track_id': 128, 'frame_range': [833, 838]})
18:09:54 [INFO]   工具结果：帧 835 轨迹 128 附近（150px）：发现 3 个附近轨迹：ID 118（距离70.1px），ID 123（距离143.1px），ID 124（距离80.5px）
18:09:55 [INFO]   步骤 3：调用 compare_appearances({'frame_id': 835, 'track_id': 128, 'nearby_track_id': 118})
18:09:55 [INFO]   工具结果：轨迹 128：帧835 vs 帧836，外观基本一致，非 ID 切换
18:09:57 [INFO]   步骤 4：调用 compare_appearances({'frame_id': 835, 'track_id': 128, 'nearby_track_id': 123})
18:09:57 [INFO]   工具结果：轨迹 128：帧835 vs 帧836，外观基本一致，非 ID 切换
18:09:58 [INFO]   步骤 5：调用 compare_appearances({'frame_id': 835, 'track_id': 128, 'nearby_track_id': 124})
18:09:58 [INFO]   工具结果：轨迹 128：帧835 vs 帧836，外观基本一致，非 ID 切换
18:09:59 [INFO]   步骤 6：调用 replay_segment({'start_frame': 833, 'end_frame': 838})
18:09:59 [INFO]   工具结果：轨迹 128 帧 833-838，原始 6 帧，展示 6 帧（步长 1）
18:09:59 [WARNING] 轨迹 128 达到最大调查步数，使用初始判断
18:09:59 [INFO]   → 确认：调查步数耗尽，沿用阶段一结论：最大位移46.87帧内出现，位置异常跳变。
18:09:59 [INFO] [15/19] 调查轨迹 129
18:09:59 [INFO] 开始调查轨迹 129（miss）
18:09:59 [INFO]   步骤 1：调用 replay_segment({'start_frame': 923, 'end_frame': 932})
18:09:59 [INFO]   工具结果：轨迹 129 帧 923-932，原始 2 帧，展示 2 帧（步长 1）
18:10:00 [INFO]   步骤 2：调用 check_nearby_tracks({'frame_id': 923, 'radius': 10})
18:10:00 [INFO]   工具结果：帧 923 轨迹 129 附近（10px）：发现 1 个附近轨迹：ID 119（距离3.3px）
18:10:01 [INFO]   步骤 3：调用 check_nearby_tracks({'frame_id': 932, 'radius': 10})
18:10:01 [INFO]   工具结果：帧 932 轨迹 129 附近（10px）：附近无其他轨迹
18:10:02 [INFO]   步骤 4：调用 replay_segment({'start_frame': 923, 'end_frame': 932})
18:10:02 [INFO]   工具结果：轨迹 129 帧 923-932，原始 2 帧，展示 2 帧（步长 1）
18:10:03 [INFO]   步骤 5：调用 compare_appearances({'frame_id': 923, 'compare_frame_id': 932})
18:10:03 [INFO]   工具结果：轨迹 129：帧923 vs 帧932，外观基本一致，非 ID 切换
18:10:04 [INFO]   步骤 6：调用 replay_segment({'start_frame': 923, 'end_frame': 932})
18:10:04 [INFO]   工具结果：轨迹 129 帧 923-932，原始 2 帧，展示 2 帧（步长 1）
18:10:04 [WARNING] 轨迹 129 达到最大调查步数，使用初始判断
18:10:04 [INFO]   → 确认：调查步数耗尽，沿用阶段一结论：目标在第923帧后消失，持续了9帧。
18:10:04 [INFO] [16/19] 调查轨迹 131
18:10:04 [INFO] 开始调查轨迹 131（miss）
18:10:04 [INFO]   步骤 1：调用 replay_segment({'start_frame': 1138, 'end_frame': 1154})
18:10:04 [INFO]   工具结果：轨迹 131 帧 1138-1154，原始 2 帧，展示 2 帧（步长 1）
18:10:05 [INFO]   步骤 2：调用 check_nearby_tracks({'track_id': 131, 'frame_range': [1138, 1154]})
18:10:05 [INFO]   工具结果：帧 1146 轨迹 131 附近（150px）：发现 6 个附近轨迹：ID 113（距离132.2px），ID 119（距离119.2px），ID 125（距离138.2px），ID 129（距离10
18:10:06 [INFO]   步骤 3：调用 compare_appearances({'track_id': 131, 'frame_range': [1138, 1154]})
18:10:06 [INFO]   工具结果：轨迹 131：帧1146 vs 帧1154，外观基本一致，非 ID 切换
18:10:07 [INFO]   步骤 4：调用 replay_segment({'start_frame': 1138, 'end_frame': 1154})
18:10:07 [INFO]   工具结果：轨迹 131 帧 1138-1154，原始 2 帧，展示 2 帧（步长 1）
18:10:08 [INFO]   步骤 5：调用 check_nearby_tracks({'track_id': 131, 'frame_range': [1138, 1154]})
18:10:08 [INFO]   工具结果：帧 1146 轨迹 131 附近（150px）：发现 6 个附近轨迹：ID 113（距离132.2px），ID 119（距离119.2px），ID 125（距离138.2px），ID 129（距离10
18:10:09 [INFO]   步骤 6：调用 compare_appearances({'track_id': 131, 'frame_range': [1138, 1154]})
18:10:09 [INFO]   工具结果：轨迹 131：帧1146 vs 帧1154，外观基本一致，非 ID 切换
18:10:09 [WARNING] 轨迹 131 达到最大调查步数，使用初始判断
18:10:09 [INFO]   → 确认：调查步数耗尽，沿用阶段一结论：轨迹在第1138帧至第1154帧间中断，持续16帧。
18:10:09 [INFO] [17/19] 调查轨迹 132
18:10:09 [INFO] 开始调查轨迹 132（drift）
18:10:10 [INFO]   步骤 1：调用 replay_segment({'start_frame': 1090, 'end_frame': 1133})
18:10:10 [INFO]   工具结果：轨迹 132 帧 1090-1133，原始 37 帧，展示 32 帧（步长 1）
18:10:11 [INFO]   步骤 2：调用 check_nearby_tracks({'start_frame': 1090, 'end_frame': 1133})
18:10:11 [INFO]   工具结果：缺少 frame_id/track_id
18:10:17 [INFO]   步骤 3：调用 compare_appearances({'frame_id': 1092, 'track_id': 132})
18:10:17 [INFO]   工具结果：轨迹 132：帧1092 vs 帧1093，外观基本一致，非 ID 切换
18:10:19 [INFO]   步骤 4：调用 zoom_region({'frame_id': 1092, 'region': [100, 100, 200, 200], 'track_id': 132})
18:10:19 [INFO]   工具结果：轨迹 132 第 1092 帧放大 3.0x，已锐化
18:10:20 [INFO]   步骤 5：调用 replay_segment({'start_frame': 1090, 'end_frame': 1133})
18:10:20 [INFO]   工具结果：轨迹 132 帧 1090-1133，原始 37 帧，展示 32 帧（步长 1）
18:10:22 [INFO]   步骤 6：调用 check_nearby_tracks({'start_frame': 1090, 'end_frame': 1133})
18:10:22 [INFO]   工具结果：缺少 frame_id/track_id
18:10:22 [WARNING] 轨迹 132 达到最大调查步数，使用初始判断
18:10:22 [INFO]   → 确认：调查步数耗尽，沿用阶段一结论：最大位移较大，且在特定帧出现异常跳变。
18:10:22 [INFO] [18/19] 调查轨迹 133
18:10:22 [INFO] 开始调查轨迹 133（miss）
18:10:23 [INFO]   步骤 1：调用 replay_segment({'start_frame': 1163, 'end_frame': 1201})
18:10:23 [INFO]   工具结果：轨迹 133 帧 1163-1201，原始 27 帧，展示 27 帧（步长 1）
18:10:23 [INFO]   步骤 2：调用 check_nearby_tracks({'frame_start': 1172, 'frame_end': 1181})
18:10:23 [INFO]   工具结果：缺少 frame_id/track_id
18:10:24 [INFO]   步骤 3：调用 replay_segment({'start_frame': 1172, 'end_frame': 1181})
18:10:24 [INFO]   工具结果：轨迹 133 帧 1172-1181，原始 2 帧，展示 2 帧（步长 1）
18:10:26 [INFO]   步骤 4：调用 compare_appearances({'frame_1': 1172, 'frame_2': 1181})
18:10:26 [INFO]   工具结果：轨迹 133：帧1172 vs 帧1181，外观基本一致，非 ID 切换
18:10:27 [INFO]   步骤 5：调用 replay_segment({'start_frame': 1163, 'end_frame': 1171})
18:10:27 [INFO]   工具结果：轨迹 133 帧 1163-1171，原始 9 帧，展示 9 帧（步长 1）
18:10:28 [INFO]   步骤 6：调用 replay_segment({'start_frame': 1171, 'end_frame': 1181})
18:10:28 [INFO]   工具结果：轨迹 133 帧 1171-1181，原始 3 帧，展示 3 帧（步长 1）
18:10:28 [WARNING] 轨迹 133 达到最大调查步数，使用初始判断
18:10:28 [INFO]   → 确认：调查步数耗尽，沿用阶段一结论：目标在1172帧后中断，消失超过5帧。
18:10:28 [INFO] [19/19] 调查轨迹 134
18:10:28 [INFO] 开始调查轨迹 134（miss）
18:10:28 [INFO]   步骤 1：调用 replay_segment({'start_frame': 1167, 'end_frame': 1201})
18:10:28 [INFO]   工具结果：轨迹 134 帧 1167-1201，原始 13 帧，展示 13 帧（步长 1）
18:10:29 [INFO]   步骤 2：调用 check_nearby_tracks({'track_id': 134, 'frame_range': [1174, 1183]})
18:10:29 [INFO]   工具结果：帧 1178 轨迹 134 附近（150px）：发现 3 个附近轨迹：ID 112（距离139.2px），ID 126（距离49.2px），ID 133（距离101.7px）
18:10:30 [INFO]   步骤 3：调用 replay_segment({'start_frame': 1174, 'end_frame': 1183})
18:10:30 [INFO]   工具结果：轨迹 134 帧 1174-1183，原始 2 帧，展示 2 帧（步长 1）
18:10:31 [INFO]   步骤 4：调用 compare_appearances({'frame1': 1174, 'frame2': 1183})
18:10:31 [INFO]   工具结果：缺少 frame_id_a/frame_id_b
18:10:32 [INFO]   步骤 5：调用 replay_segment({'start_frame': 1174, 'end_frame': 1183})
18:10:32 [INFO]   工具结果：轨迹 134 帧 1174-1183，原始 2 帧，展示 2 帧（步长 1）
18:10:33 [INFO]   步骤 6：调用 compare_appearances({'frame1': 1174, 'frame2': 1183})
18:10:33 [INFO]   工具结果：缺少 frame_id_a/frame_id_b
18:10:33 [WARNING] 轨迹 134 达到最大调查步数，使用初始判断
18:10:33 [INFO]   → 确认：调查步数耗尽，沿用阶段一结论：目标在第1174帧至第1183帧间中断，消失超过5帧。
18:10:33 [INFO] ========================================
18:10:33 [INFO] [dancetrack0031] 阶段三：轨迹修正
18:10:33 [INFO] ========================================
18:10:33 [INFO] 正在分析轨迹 113（长度 1194 帧）...
18:10:35 [INFO] 修正生效：track=113 type=miss frames=841-859
18:10:35 [INFO] 正在分析轨迹 118（长度 1187 帧）...
18:10:36 [INFO] 修正生效：track=118 type=miss frames=951-986
18:10:36 [INFO] 正在分析轨迹 120（长度 107 帧）...
18:10:38 [INFO] 修正回滚：track=120 type=drift
18:10:38 [INFO] 正在分析轨迹 129（长度 40 帧）...
18:10:39 [INFO] 修正回滚：track=129 type=miss
18:10:39 [INFO] 正在分析轨迹 131（长度 143 帧）...
18:10:41 [INFO] 修正生效：track=131 type=miss frames=1138-1154
18:10:41 [INFO] 正在分析轨迹 133（长度 35 帧）...
18:10:43 [INFO] 修正生效：track=133 type=miss frames=1172-1181
18:10:43 [INFO] [dancetrack0031] 修正后 MOT 已保存至 /public/home/lyh_npu/code/PostMOT/corrected_mot/dancetrack0031.txt
18:10:43 [INFO] [dancetrack0031] 报告已保存至 /public/home/lyh_npu/code/PostMOT/pipeline_report_batch_seq_reports/dancetrack0031.json
18:10:43 [INFO] [10/35] 处理序列 dancetrack0036
18:11:27 [INFO] 加载轨迹 22 条
18:11:27 [INFO] ========================================
18:11:27 [INFO] [dancetrack0036] 阶段一：VLM 轨迹巡检
18:11:27 [INFO] ========================================
18:11:27 [INFO] 正在分析轨迹 727（长度 933 帧）...
18:11:30 [INFO] [可疑] 轨迹 727 — drift 置信度 0.90：最大位移点处目标位置异常跳变
18:11:30 [INFO] 正在分析轨迹 728（长度 1167 帧）...
18:11:32 [INFO] [可疑] 轨迹 728 — miss 置信度 0.80：轨迹中断，目标在第441帧至第459帧间消失
18:11:32 [INFO] 正在分析轨迹 729（长度 428 帧）...
18:11:33 [INFO] [可疑] 轨迹 729 — drift 置信度 0.80：最大位移较大，存在异常跳变。
18:11:33 [INFO] 正在分析轨迹 730（长度 1146 帧）...
18:11:35 [INFO] [可疑] 轨迹 730 — drift 置信度 0.80：最大位移点处目标位置异常跳变
18:11:35 [INFO] 正在分析轨迹 731（长度 1075 帧）...
18:11:36 [INFO] [可疑] 轨迹 731 — miss 置信度 0.90：轨迹在第1069帧后中断，持续15帧。
18:11:36 [INFO] 正在分析轨迹 732（长度 593 帧）...
18:11:38 [INFO] [可疑] 轨迹 732 — drift 置信度 0.80：最大位移较大，存在异常跳变。
18:11:38 [INFO] 正在分析轨迹 733（长度 1127 帧）...
18:11:39 [INFO] [可疑] 轨迹 733 — drift 置信度 0.80：最大位移129.9，且在436帧出现异常跳变。
18:11:39 [INFO] 正在分析轨迹 734（长度 431 帧）...
18:11:41 [INFO] [可疑] 轨迹 734 — drift 置信度 0.80：最大位移较大，且存在多个跳跃帧，表明目标位置异常。
18:11:41 [INFO] 正在分析轨迹 735（长度 622 帧）...
18:11:43 [INFO] [可疑] 轨迹 735 — drift 置信度 0.90：最大位移为133.98，表明目标位置发生了异常跳变。
18:11:43 [INFO] 正在分析轨迹 736（长度 87 帧）...
18:11:44 [INFO] [可疑] 轨迹 736 — miss 置信度 0.90：目标在551帧至557帧间中断，消失超过5帧。
18:11:44 [INFO] 正在分析轨迹 738（长度 583 帧）...
18:11:45 [INFO] [可疑] 轨迹 738 — drift 置信度 0.80：最大位移点处目标位置异常跳变
18:11:45 [INFO] 正在分析轨迹 740（长度 363 帧）...
18:11:47 [INFO] [可疑] 轨迹 740 — drift 置信度 0.80：最大位移发生在872帧，目标位置异常跳变。
18:11:47 [INFO] 正在分析轨迹 743（长度 29 帧）...
18:11:48 [INFO] 正在分析轨迹 745（长度 20 帧）...
18:11:50 [INFO] 正在分析轨迹 746（长度 84 帧）...
18:11:51 [INFO] [可疑] 轨迹 746 — drift 置信度 0.80：最大位移70.47帧内有异常跳变
18:11:51 [INFO] 正在分析轨迹 747（长度 60 帧）...
18:11:53 [INFO] [可疑] 轨迹 747 — drift 置信度 0.80：最大位移为78.63，且在第1155帧和第1160帧间出现异常跳变。
18:11:53 [INFO] 正在分析轨迹 748（长度 50 帧）...
18:11:54 [INFO] [可疑] 轨迹 748 — drift 置信度 0.80：最大位移较大，且在特定帧出现异常跳变。
18:11:54 [INFO] [dancetrack0036] 阶段一完成：15 条可疑轨迹，已保存至 /public/home/lyh_npu/code/PostMOT/pipeline_report_batch_seq_reports/dancetrack0036_stage1.json
18:11:54 [INFO] ========================================
18:11:54 [INFO] [dancetrack0036] 阶段二：LLM 工具调用调查
18:11:54 [INFO] ========================================
18:11:54 [INFO] [1/15] 调查轨迹 727
18:11:54 [INFO] 开始调查轨迹 727（drift）
18:11:55 [INFO]   步骤 1：调用 replay_segment({'start_frame': 974, 'end_frame': 976})
18:11:55 [INFO]   工具结果：轨迹 727 帧 974-976，原始 2 帧，展示 2 帧（步长 1）
18:11:56 [INFO]   步骤 2：调用 zoom_region({'frame_id': 975, 'region': [100, 100, 100, 100]})
18:11:56 [INFO]   工具结果：轨迹 727 第 975 帧放大 3.0x，已锐化
18:11:58 [INFO]   步骤 3：调用 check_nearby_tracks({'frame_id': 975, 'radius': 50})
18:11:58 [INFO]   工具结果：帧 975 轨迹 727 附近（50px）：发现 2 个附近轨迹：ID 729（距离45.5px），ID 740（距离47.6px）
18:12:00 [INFO]   步骤 4：调用 compare_appearances({'frame_id': 974, 'target_id': 727, 'reference_id': 729})
18:12:00 [INFO]   工具结果：轨迹 727：帧974 vs 帧975，外观基本一致，非 ID 切换
18:12:03 [INFO]   步骤 5：调用 compare_appearances({'frame_id': 974, 'target_id': 727, 'reference_id': 740})
18:12:03 [INFO]   工具结果：轨迹 727：帧974 vs 帧975，外观基本一致，非 ID 切换
18:12:05 [INFO]   步骤 6：调用 compare_appearances({'frame_id': 974, 'target_id': 727, 'reference_id': 729})
18:12:05 [INFO]   工具结果：轨迹 727：帧974 vs 帧975，外观基本一致，非 ID 切换
18:12:05 [WARNING] 轨迹 727 达到最大调查步数，使用初始判断
18:12:05 [INFO]   → 确认：调查步数耗尽，沿用阶段一结论：最大位移点处目标位置异常跳变
18:12:05 [INFO] [2/15] 调查轨迹 728
18:12:05 [INFO] 开始调查轨迹 728（miss）
18:12:05 [INFO]   步骤 1：调用 replay_segment({'start_frame': 441, 'end_frame': 459})
18:12:05 [INFO]   工具结果：轨迹 728 帧 441-459，原始 2 帧，展示 2 帧（步长 1）
18:12:06 [INFO]   步骤 2：调用 check_nearby_tracks({'frame_id': 441, 'radius': 10})
18:12:06 [INFO]   工具结果：帧 441 轨迹 728 附近（10px）：附近无其他轨迹
18:12:07 [INFO]   步骤 3：调用 check_nearby_tracks({'frame_id': 459, 'radius': 10})
18:12:07 [INFO]   工具结果：帧 459 轨迹 728 附近（10px）：附近无其他轨迹
18:12:08 [INFO]   步骤 4：调用 compare_appearances({'frame_id_1': 441, 'frame_id_2': 459})
18:12:08 [INFO]   工具结果：轨迹 728：帧441 vs 帧459，外观基本一致，非 ID 切换
18:12:09 [INFO]   步骤 5：调用 replay_segment({'start_frame': 441, 'end_frame': 459})
18:12:09 [INFO]   工具结果：轨迹 728 帧 441-459，原始 2 帧，展示 2 帧（步长 1）
18:12:10 [INFO]   步骤 6：调用 check_nearby_tracks({'frame_id': 441, 'radius': 10})
18:12:10 [INFO]   工具结果：帧 441 轨迹 728 附近（10px）：附近无其他轨迹
18:12:10 [WARNING] 轨迹 728 达到最大调查步数，使用初始判断
18:12:10 [INFO]   → 确认：调查步数耗尽，沿用阶段一结论：轨迹中断，目标在第441帧至第459帧间消失
18:12:10 [INFO] [3/15] 调查轨迹 729
18:12:10 [INFO] 开始调查轨迹 729（drift）
18:12:10 [INFO]   步骤 1：调用 replay_segment({'start_frame': 1, 'end_frame': 436})
18:12:10 [INFO]   工具结果：轨迹 729 帧 1-436，原始 43 帧，展示 32 帧（步长 10）
18:12:11 [INFO]   步骤 2：调用 check_nearby_tracks({'track_id': 729, 'frame_range': [159, 168]})
18:12:11 [INFO]   工具结果：帧 163 轨迹 729 附近（150px）：发现 4 个附近轨迹：ID 728（距离123.1px），ID 731（距离29.4px），ID 742（距离66.9px），ID 743（距离69.5p
18:12:13 [INFO]   步骤 3：调用 compare_appearances({'frame_id': 159, 'track_id': 729, 'reference_frame_id': 168})
18:12:13 [INFO]   工具结果：轨迹 729：帧168 vs 帧169，外观基本一致，非 ID 切换
18:12:14 [INFO]   步骤 4：调用 replay_segment({'start_frame': 159, 'end_frame': 168})
18:12:14 [INFO]   工具结果：轨迹 729 帧 159-168，原始 2 帧，展示 2 帧（步长 1）
18:12:16 [INFO]   步骤 5：调用 check_nearby_tracks({'track_id': 729, 'frame_range': [159, 168]})
18:12:16 [INFO]   工具结果：帧 163 轨迹 729 附近（150px）：发现 4 个附近轨迹：ID 728（距离123.1px），ID 731（距离29.4px），ID 742（距离66.9px），ID 743（距离69.5p
18:12:24 [INFO]   步骤 6：调用 compare_appearances({'frame_id': 159, 'track_id': 729, 'reference_frame_id': 168})
18:12:24 [INFO]   工具结果：轨迹 729：帧168 vs 帧169，外观基本一致，非 ID 切换
18:12:24 [WARNING] 轨迹 729 达到最大调查步数，使用初始判断
18:12:24 [INFO]   → 确认：调查步数耗尽，沿用阶段一结论：最大位移较大，存在异常跳变。
18:12:24 [INFO] [4/15] 调查轨迹 730
18:12:24 [INFO] 开始调查轨迹 730（drift）
18:12:24 [INFO]   步骤 1：调用 replay_segment({'start_frame': 590, 'end_frame': 599})
18:12:24 [INFO]   工具结果：轨迹 730 帧 590-599，原始 2 帧，展示 2 帧（步长 1）
18:12:25 [INFO]   步骤 2：调用 zoom_region({'frame_id': 590, 'region': [100, 100, 100, 100]})
18:12:26 [INFO]   工具结果：轨迹 730 第 590 帧放大 3.0x，已锐化
18:12:28 [INFO]   步骤 3：调用 zoom_region({'frame_id': 599, 'region': [100, 100, 100, 100]})
18:12:28 [INFO]   工具结果：轨迹 730 第 599 帧放大 3.0x，已锐化
18:12:30 [INFO]   步骤 4：调用 compare_appearances({'frame_1': 590, 'frame_2': 599})
18:12:30 [INFO]   工具结果：轨迹 730：帧590 vs 帧599，外观基本一致，非 ID 切换
18:12:33 [INFO]   步骤 5：调用 check_nearby_tracks({'frame_id': 590, 'radius': 100})
18:12:33 [INFO]   工具结果：帧 590 轨迹 730 附近（100px）：发现 3 个附近轨迹：ID 738（距离59.2px），ID 747（距离71.7px），ID 748（距离99.0px）
18:12:35 [INFO]   步骤 6：调用 check_nearby_tracks({'frame_id': 599, 'radius': 100})
18:12:35 [INFO]   工具结果：帧 599 轨迹 730 附近（100px）：发现 4 个附近轨迹：ID 732（距离12.4px），ID 734（距离37.9px），ID 735（距离69.6px），ID 745（距离69.4px
18:12:35 [WARNING] 轨迹 730 达到最大调查步数，使用初始判断
18:12:35 [INFO]   → 确认：调查步数耗尽，沿用阶段一结论：最大位移点处目标位置异常跳变
18:12:35 [INFO] [5/15] 调查轨迹 731
18:12:35 [INFO] 开始调查轨迹 731（miss）
18:12:36 [INFO]   步骤 1：调用 replay_segment({'start_frame': 1069, 'end_frame': 1084})
18:12:36 [INFO]   工具结果：轨迹 731 帧 1069-1084，原始 2 帧，展示 2 帧（步长 1）
18:12:36 [INFO]   步骤 2：调用 check_nearby_tracks({'track_id': 731, 'frame_range': [1069, 1084]})
18:12:36 [INFO]   工具结果：帧 1076 轨迹 731 附近（150px）：发现 5 个附近轨迹：ID 730（距离46.8px），ID 735（距离132.0px），ID 746（距离82.4px），ID 747（距离72.8
18:12:37 [INFO]   步骤 3：调用 replay_segment({'start_frame': 1075, 'end_frame': 1084})
18:12:37 [INFO]   工具结果：轨迹 731 帧 1075-1084，原始 1 帧，展示 1 帧（步长 1）
18:12:38 [INFO]   步骤 4：调用 check_nearby_tracks({'track_id': 731, 'frame_range': [1075, 1084]})
18:12:38 [INFO]   工具结果：帧 1079 轨迹 731 附近（150px）：发现 6 个附近轨迹：ID 730（距离93.1px），ID 733（距离129.6px），ID 735（距离84.5px），ID 737（距离114.
18:12:39 [INFO]   步骤 5：调用 replay_segment({'start_frame': 1075, 'end_frame': 1084})
18:12:39 [INFO]   工具结果：轨迹 731 帧 1075-1084，原始 1 帧，展示 1 帧（步长 1）
18:12:40 [INFO]   步骤 6：调用 check_nearby_tracks({'track_id': 731, 'frame_range': [1075, 1084]})
18:12:40 [INFO]   工具结果：帧 1079 轨迹 731 附近（150px）：发现 6 个附近轨迹：ID 730（距离93.1px），ID 733（距离129.6px），ID 735（距离84.5px），ID 737（距离114.
18:12:40 [WARNING] 轨迹 731 达到最大调查步数，使用初始判断
18:12:40 [INFO]   → 确认：调查步数耗尽，沿用阶段一结论：轨迹在第1069帧后中断，持续15帧。
18:12:40 [INFO] [6/15] 调查轨迹 732
18:12:40 [INFO] 开始调查轨迹 732（drift）
18:12:41 [INFO]   步骤 1：调用 replay_segment({'track_id': 732, 'start_frame': 1, 'end_frame': 604})
18:12:41 [INFO]   工具结果：轨迹 732 帧 1-604，原始 46 帧，展示 32 帧（步长 13）
18:12:42 [INFO]   步骤 2：调用 check_nearby_tracks({'track_id': 732, 'frame_ids': [1, 604]})
18:12:42 [INFO]   工具结果：帧 1 轨迹 732 附近（150px）：发现 1 个附近轨迹：ID 734（距离133.8px）
18:12:44 [INFO]   步骤 3：调用 zoom_region({'track_id': 732, 'frame_id': 1, 'region': [540, 140, 705, 380]})
18:12:44 [INFO]   工具结果：轨迹 732 第 1 帧放大 3.0x，已锐化
18:12:45 [INFO]   步骤 4：调用 compare_appearances({'track_id': 732, 'frame_id': 1, 'reference_frame_id': 604})
18:12:45 [INFO]   工具结果：轨迹 732：帧604 vs 帧605，外观基本一致，非 ID 切换
18:12:47 [INFO]   步骤 5：调用 replay_segment({'track_id': 732, 'start_frame': 511, 'end_frame': 557})
18:12:47 [INFO]   工具结果：轨迹 732 帧 511-557，原始 47 帧，展示 32 帧（步长 1）
18:12:49 [INFO]   步骤 6：调用 check_nearby_tracks({'track_id': 732, 'frame_ids': [511, 557]})
18:12:49 [INFO]   工具结果：帧 511 轨迹 732 附近（150px）：发现 5 个附近轨迹：ID 733（距离118.4px），ID 734（距离53.4px），ID 736（距离81.3px），ID 745（距离37.9p
18:12:49 [WARNING] 轨迹 732 达到最大调查步数，使用初始判断
18:12:49 [INFO]   → 确认：调查步数耗尽，沿用阶段一结论：最大位移较大，存在异常跳变。
18:12:49 [INFO] [7/15] 调查轨迹 733
18:12:49 [INFO] 开始调查轨迹 733（drift）
18:12:50 [INFO]   步骤 1：调用 replay_segment({'start_frame': 436, 'end_frame': 442})
18:12:50 [INFO]   工具结果：轨迹 733 帧 436-442，原始 2 帧，展示 2 帧（步长 1）
18:12:51 [INFO]   步骤 2：调用 zoom_region({'frame_id': 436, 'region': [100, 100, 200, 200]})
18:12:51 [INFO]   工具结果：轨迹 733 第 436 帧放大 3.0x，已锐化
18:12:52 [INFO]   步骤 3：调用 zoom_region({'frame_id': 442, 'region': [100, 100, 200, 200]})
18:12:52 [INFO]   工具结果：轨迹 733 第 442 帧放大 3.0x，已锐化
18:12:54 [INFO]   步骤 4：调用 check_nearby_tracks({'frame_id': 436, 'radius': 10})
18:12:54 [INFO]   工具结果：帧 436 轨迹 733 附近（10px）：附近无其他轨迹
18:12:56 [INFO]   步骤 5：调用 check_nearby_tracks({'frame_id': 442, 'radius': 10})
18:12:56 [INFO]   工具结果：帧 442 轨迹 733 附近（10px）：发现 1 个附近轨迹：ID 731（距离0.4px）
18:12:58 [INFO]   步骤 6：调用 compare_appearances({'frame_id': 436, 'target_id': 733, 'compare_id': 731})
18:12:58 [INFO]   工具结果：轨迹 733：帧436 vs 帧437，外观基本一致，非 ID 切换
18:12:58 [WARNING] 轨迹 733 达到最大调查步数，使用初始判断
18:12:58 [INFO]   → 确认：调查步数耗尽，沿用阶段一结论：最大位移129.9，且在436帧出现异常跳变。
18:12:58 [INFO] [8/15] 调查轨迹 734
18:12:58 [INFO] 开始调查轨迹 734（drift）
18:12:59 [INFO]   步骤 1：调用 replay_segment({'track_id': 734, 'start_frame': 1, 'end_frame': 431})
18:12:59 [INFO]   工具结果：轨迹 734 帧 1-431，原始 48 帧，展示 32 帧（步长 9）
18:13:00 [INFO]   步骤 2：调用 check_nearby_tracks({'track_id': 734, 'frame_ids': [1, 431]})
18:13:00 [INFO]   工具结果：帧 1 轨迹 734 附近（150px）：发现 6 个附近轨迹：ID 727（距离80.8px），ID 732（距离133.8px），ID 737（距离83.3px），ID 738（距离138.2px
18:13:01 [INFO]   步骤 3：调用 replay_segment({'track_id': 734, 'start_frame': 1, 'end_frame': 431})
18:13:01 [INFO]   工具结果：轨迹 734 帧 1-431，原始 48 帧，展示 32 帧（步长 9）
18:13:03 [INFO]   步骤 4：调用 check_nearby_tracks({'track_id': 734, 'frame_ids': [1, 431]})
18:13:03 [INFO]   工具结果：帧 1 轨迹 734 附近（150px）：发现 6 个附近轨迹：ID 727（距离80.8px），ID 732（距离133.8px），ID 737（距离83.3px），ID 738（距离138.2px
18:13:04 [INFO]   步骤 5：调用 replay_segment({'track_id': 734, 'start_frame': 1, 'end_frame': 431})
18:13:04 [INFO]   工具结果：轨迹 734 帧 1-431，原始 48 帧，展示 32 帧（步长 9）
18:13:06 [INFO]   步骤 6：调用 check_nearby_tracks({'track_id': 734, 'frame_ids': [1, 431]})
18:13:06 [INFO]   工具结果：帧 1 轨迹 734 附近（150px）：发现 6 个附近轨迹：ID 727（距离80.8px），ID 732（距离133.8px），ID 737（距离83.3px），ID 738（距离138.2px
18:13:06 [WARNING] 轨迹 734 达到最大调查步数，使用初始判断
18:13:06 [INFO]   → 确认：调查步数耗尽，沿用阶段一结论：最大位移较大，且存在多个跳跃帧，表明目标位置异常。
18:13:06 [INFO] [9/15] 调查轨迹 735
18:13:06 [INFO] 开始调查轨迹 735（drift）
18:13:06 [INFO]   步骤 1：调用 replay_segment({'start_frame': 984, 'end_frame': 984})
18:13:06 [INFO]   工具结果：轨迹 735 帧 984-984，原始 1 帧，展示 1 帧（步长 1）
18:13:07 [INFO]   步骤 2：调用 zoom_region({'frame_id': 984, 'region': [100, 100, 100, 100]})
18:13:07 [INFO]   工具结果：轨迹 735 第 984 帧放大 3.0x，已锐化
18:13:09 [INFO]   步骤 3：调用 check_nearby_tracks({'frame_id': 984, 'radius': 10})
18:13:09 [INFO]   工具结果：帧 984 轨迹 735 附近（10px）：附近无其他轨迹
18:13:10 [INFO]   步骤 4：调用 compare_appearances({'frame_id': 984, 'prev_frame_id': 983})
18:13:10 [INFO]   工具结果：轨迹 735：帧984 vs 帧985，外观基本一致，非 ID 切换
18:13:12 [INFO]   步骤 5：调用 replay_segment({'start_frame': 983, 'end_frame': 985})
18:13:12 [INFO]   工具结果：轨迹 735 帧 983-985，原始 2 帧，展示 2 帧（步长 1）
18:13:14 [INFO]   步骤 6：调用 compare_appearances({'frame_id': 983, 'prev_frame_id': 982})
18:13:14 [INFO]   工具结果：轨迹 735：帧983 vs 帧984，外观基本一致，非 ID 切换
18:13:14 [WARNING] 轨迹 735 达到最大调查步数，使用初始判断
18:13:14 [INFO]   → 确认：调查步数耗尽，沿用阶段一结论：最大位移为133.98，表明目标位置发生了异常跳变。
18:13:14 [INFO] [10/15] 调查轨迹 736
18:13:14 [INFO] 开始调查轨迹 736（miss）
18:13:14 [INFO]   步骤 1：调用 replay_segment({'start_frame': 551, 'end_frame': 557})
18:13:14 [INFO]   工具结果：轨迹 736 帧 551-557，原始 2 帧，展示 2 帧（步长 1）
18:13:15 [INFO]   步骤 2：调用 check_nearby_tracks({'frame_id': 551, 'radius': 10})
18:13:15 [INFO]   工具结果：帧 551 轨迹 736 附近（10px）：附近无其他轨迹
18:13:16 [INFO]   步骤 3：调用 check_nearby_tracks({'frame_id': 557, 'radius': 10})
18:13:16 [INFO]   工具结果：帧 557 轨迹 736 附近（10px）：附近无其他轨迹
18:13:17 [INFO]   步骤 4：调用 replay_segment({'start_frame': 551, 'end_frame': 557})
18:13:17 [INFO]   工具结果：轨迹 736 帧 551-557，原始 2 帧，展示 2 帧（步长 1）
18:13:17 [INFO]   步骤 5：调用 check_nearby_tracks({'frame_id': 551, 'radius': 10})
18:13:17 [INFO]   工具结果：帧 551 轨迹 736 附近（10px）：附近无其他轨迹
18:13:18 [INFO]   步骤 6：调用 check_nearby_tracks({'frame_id': 557, 'radius': 10})
18:13:18 [INFO]   工具结果：帧 557 轨迹 736 附近（10px）：附近无其他轨迹
18:13:18 [WARNING] 轨迹 736 达到最大调查步数，使用初始判断
18:13:18 [INFO]   → 确认：调查步数耗尽，沿用阶段一结论：目标在551帧至557帧间中断，消失超过5帧。
18:13:18 [INFO] [11/15] 调查轨迹 738
18:13:18 [INFO] 开始调查轨迹 738（drift）
18:13:19 [INFO]   步骤 1：调用 replay_segment({'start_frame': 580, 'end_frame': 585})
18:13:19 [INFO]   工具结果：轨迹 738 帧 580-585，原始 2 帧，展示 2 帧（步长 1）
18:13:25 [INFO]   步骤 2：调用 check_nearby_tracks({'frame_id': 585})
18:13:25 [INFO]   工具结果：帧 585 轨迹 738 附近（150px）：发现 5 个附近轨迹：ID 730（距离13.4px），ID 734（距离144.0px），ID 745（距离116.9px），ID 747（距离130.
18:13:26 [INFO]   步骤 3：调用 compare_appearances({'frame_id': 585, 'track_id': 738})
18:13:26 [INFO]   工具结果：轨迹 738：帧585 vs 帧586，外观基本一致，非 ID 切换
18:13:27 [INFO]   步骤 4：调用 replay_segment({'start_frame': 580, 'end_frame': 586})
18:13:27 [INFO]   工具结果：轨迹 738 帧 580-586，原始 2 帧，展示 2 帧（步长 1）
18:13:28 [INFO]   步骤 5：调用 check_nearby_tracks({'frame_id': 585})
18:13:28 [INFO]   工具结果：帧 585 轨迹 738 附近（150px）：发现 5 个附近轨迹：ID 730（距离13.4px），ID 734（距离144.0px），ID 745（距离116.9px），ID 747（距离130.
18:13:29 [INFO]   步骤 6：调用 compare_appearances({'frame_id': 585, 'track_id': 738})
18:13:29 [INFO]   工具结果：轨迹 738：帧585 vs 帧586，外观基本一致，非 ID 切换
18:13:29 [WARNING] 轨迹 738 达到最大调查步数，使用初始判断
18:13:29 [INFO]   → 确认：调查步数耗尽，沿用阶段一结论：最大位移点处目标位置异常跳变
18:13:29 [INFO] [12/15] 调查轨迹 740
18:13:29 [INFO] 开始调查轨迹 740（drift）
18:13:30 [INFO]   步骤 1：调用 replay_segment({'start_frame': 872, 'end_frame': 898})
18:13:30 [INFO]   工具结果：轨迹 740 帧 872-898，原始 27 帧，展示 27 帧（步长 1）
18:13:30 [INFO]   步骤 2：调用 check_nearby_tracks({'frame_id': 872, 'radius': 10})
18:13:30 [INFO]   工具结果：帧 872 轨迹 740 附近（10px）：附近无其他轨迹
18:13:31 [INFO]   步骤 3：调用 replay_segment({'start_frame': 897, 'end_frame': 924})
18:13:31 [INFO]   工具结果：轨迹 740 帧 897-924，原始 28 帧，展示 28 帧（步长 1）
18:13:33 [INFO]   步骤 4：调用 check_nearby_tracks({'frame_id': 897, 'radius': 10})
18:13:33 [INFO]   工具结果：帧 897 轨迹 740 附近（10px）：附近无其他轨迹
18:13:34 [INFO]   步骤 5：调用 replay_segment({'start_frame': 924, 'end_frame': 979})
18:13:34 [INFO]   工具结果：轨迹 740 帧 924-979，原始 28 帧，展示 28 帧（步长 2）
18:13:35 [INFO]   步骤 6：调用 check_nearby_tracks({'frame_id': 924, 'radius': 10})
18:13:35 [INFO]   工具结果：帧 924 轨迹 740 附近（10px）：附近无其他轨迹
18:13:35 [WARNING] 轨迹 740 达到最大调查步数，使用初始判断
18:13:35 [INFO]   → 确认：调查步数耗尽，沿用阶段一结论：最大位移发生在872帧，目标位置异常跳变。
18:13:35 [INFO] [13/15] 调查轨迹 746
18:13:35 [INFO] 开始调查轨迹 746（drift）
18:13:36 [INFO]   步骤 1：调用 replay_segment({'start_frame': 1090, 'end_frame': 1203})
18:13:36 [INFO]   工具结果：轨迹 746 帧 1090-1203，原始 28 帧，展示 28 帧（步长 3）
18:13:37 [INFO]   步骤 2：调用 check_nearby_tracks({'track_id': 746, 'frame_range': [1090, 1203]})
18:13:37 [INFO]   工具结果：帧 1146 轨迹 746 附近（150px）：发现 5 个附近轨迹：ID 732（距离85.5px），ID 734（距离49.5px），ID 735（距离147.3px），ID 745（距离109.
18:13:38 [INFO]   步骤 3：调用 compare_appearances({'frame_id': 1146, 'track_id': 746, 'nearby_track_id': 734})
18:13:38 [INFO]   工具结果：轨迹 746：帧1146 vs 帧1147，外观基本一致，非 ID 切换
18:13:39 [INFO]   步骤 4：调用 replay_segment({'start_frame': 1113, 'end_frame': 1131})
18:13:39 [INFO]   工具结果：轨迹 746 帧 1113-1131，原始 2 帧，展示 2 帧（步长 1）
18:13:41 [INFO]   步骤 5：调用 zoom_region({'frame_id': 1113, 'region': [100, 100, 200, 200]})
18:13:41 [INFO]   工具结果：轨迹 746 第 1113 帧放大 3.0x，已锐化
18:13:42 [INFO]   步骤 6：调用 replay_segment({'start_frame': 1113, 'end_frame': 1131})
18:13:42 [INFO]   工具结果：轨迹 746 帧 1113-1131，原始 2 帧，展示 2 帧（步长 1）
18:13:42 [WARNING] 轨迹 746 达到最大调查步数，使用初始判断
18:13:42 [INFO]   → 确认：调查步数耗尽，沿用阶段一结论：最大位移70.47帧内有异常跳变
18:13:42 [INFO] [14/15] 调查轨迹 747
18:13:42 [INFO] 开始调查轨迹 747（drift）
18:13:43 [INFO]   步骤 1：调用 replay_segment({'start_frame': 1155, 'end_frame': 1160})
18:13:43 [INFO]   工具结果：轨迹 747 帧 1155-1160，原始 6 帧，展示 6 帧（步长 1）
18:13:44 [INFO]   步骤 2：调用 check_nearby_tracks({'track_id': 747, 'frame_range': [1155, 1160]})
18:13:44 [INFO]   工具结果：帧 1157 轨迹 747 附近（150px）：发现 3 个附近轨迹：ID 730（距离105.2px），ID 733（距离137.7px），ID 737（距离72.5px）
18:13:45 [INFO]   步骤 3：调用 compare_appearances({'frame_id': 1155, 'track_id': 747, 'reference_frame_id': 1156})
18:13:45 [INFO]   工具结果：轨迹 747：帧1156 vs 帧1157，外观基本一致，非 ID 切换
18:13:46 [INFO]   步骤 4：调用 compare_appearances({'frame_id': 1156, 'track_id': 747, 'reference_frame_id': 1158})
18:13:46 [INFO]   工具结果：轨迹 747：帧1158 vs 帧1159，外观基本一致，非 ID 切换
18:13:47 [INFO]   步骤 5：调用 compare_appearances({'frame_id': 1157, 'track_id': 747, 'reference_frame_id': 1158})
18:13:47 [INFO]   工具结果：轨迹 747：帧1158 vs 帧1159，外观基本一致，非 ID 切换
18:13:48 [INFO]   步骤 6：调用 compare_appearances({'frame_id': 1158, 'track_id': 747, 'reference_frame_id': 1160})
18:13:48 [INFO]   工具结果：轨迹 747：帧1160 vs 帧1161，外观基本一致，非 ID 切换
18:13:48 [WARNING] 轨迹 747 达到最大调查步数，使用初始判断
18:13:48 [INFO]   → 确认：调查步数耗尽，沿用阶段一结论：最大位移为78.63，且在第1155帧和第1160帧间出现异常跳变。
18:13:48 [INFO] [15/15] 调查轨迹 748
18:13:48 [INFO] 开始调查轨迹 748（drift）
18:13:49 [INFO]   步骤 1：调用 replay_segment({'start_frame': 1152, 'end_frame': 1203})
18:13:49 [INFO]   工具结果：轨迹 748 帧 1152-1203，原始 25 帧，展示 25 帧（步长 2）
18:13:50 [INFO]   步骤 2：调用 check_nearby_tracks({'track_id': 748, 'frame_range': [1152, 1203]})
18:13:50 [INFO]   工具结果：帧 1177 轨迹 748 附近（150px）：发现 6 个附近轨迹：ID 729（距离116.5px），ID 732（距离80.3px），ID 734（距离72.2px），ID 740（距离88.0
18:13:51 [INFO]   步骤 3：调用 replay_segment({'start_frame': 1152, 'end_frame': 1203})
18:13:51 [INFO]   工具结果：轨迹 748 帧 1152-1203，原始 25 帧，展示 25 帧（步长 2）
18:13:53 [INFO]   步骤 4：调用 compare_appearances({'frame1': 1152, 'frame2': 1155})
18:13:53 [INFO]   工具结果：缺少 frame_id_a/frame_id_b
18:13:54 [INFO]   步骤 5：调用 replay_segment({'start_frame': 1152, 'end_frame': 1155})
18:13:54 [INFO]   工具结果：轨迹 748 帧 1152-1155，原始 2 帧，展示 2 帧（步长 1）
18:13:55 [INFO]   步骤 6：调用 compare_appearances({'frame1': 1152, 'frame2': 1155})
18:13:55 [INFO]   工具结果：缺少 frame_id_a/frame_id_b
18:13:55 [WARNING] 轨迹 748 达到最大调查步数，使用初始判断
18:13:55 [INFO]   → 确认：调查步数耗尽，沿用阶段一结论：最大位移较大，且在特定帧出现异常跳变。
18:13:55 [INFO] ========================================
18:13:55 [INFO] [dancetrack0036] 阶段三：轨迹修正
18:13:55 [INFO] ========================================
18:13:55 [INFO] 正在分析轨迹 727（长度 933 帧）...
18:13:57 [INFO] 修正回滚：track=727 type=drift
18:13:57 [INFO] 正在分析轨迹 731（长度 1089 帧）...
18:13:58 [INFO] 修正生效：track=731 type=miss frames=1069-1084
18:13:58 [INFO] 正在分析轨迹 735（长度 622 帧）...
18:14:00 [INFO] 修正回滚：track=735 type=drift
18:14:00 [INFO] 正在分析轨迹 736（长度 92 帧）...
18:14:01 [INFO] 修正生效：track=736 type=miss frames=551-557
18:14:01 [INFO] [dancetrack0036] 修正后 MOT 已保存至 /public/home/lyh_npu/code/PostMOT/corrected_mot/dancetrack0036.txt
18:14:01 [INFO] [dancetrack0036] 报告已保存至 /public/home/lyh_npu/code/PostMOT/pipeline_report_batch_seq_reports/dancetrack0036.json
18:14:01 [INFO] [11/35] 处理序列 dancetrack0038
18:14:46 [INFO] 加载轨迹 9 条
18:14:46 [INFO] ========================================
18:14:46 [INFO] [dancetrack0038] 阶段一：VLM 轨迹巡检
18:14:46 [INFO] ========================================
18:14:46 [INFO] 正在分析轨迹 393（长度 1168 帧）...
18:14:48 [INFO] [可疑] 轨迹 393 — drift 置信度 0.80：最大位移较大，存在异常跳变。
18:14:48 [INFO] 正在分析轨迹 394（长度 1180 帧）...
18:14:49 [INFO] [可疑] 轨迹 394 — drift 置信度 0.90：最大位移点处目标位置异常跳变
18:14:49 [INFO] 正在分析轨迹 395（长度 109 帧）...
18:14:51 [INFO] [可疑] 轨迹 395 — drift 置信度 0.80：目标在第31和33帧位置异常跳变，不符合运动规律。
18:14:51 [INFO] 正在分析轨迹 396（长度 93 帧）...
18:14:52 [INFO] [可疑] 轨迹 396 — miss 置信度 0.90：目标在第83帧后中断，消失超过5帧。
18:14:52 [INFO] 正在分析轨迹 397（长度 93 帧）...
18:14:54 [INFO] [可疑] 轨迹 397 — miss 置信度 0.80：目标在第34帧到第44帧间中断，消失超过5帧。
18:14:54 [INFO] 正在分析轨迹 398（长度 1033 帧）...
18:14:55 [INFO] [可疑] 轨迹 398 — drift 置信度 0.80：最大位移较大，存在异常跳变。
18:14:55 [INFO] 正在分析轨迹 399（长度 1001 帧）...
18:14:57 [INFO] [可疑] 轨迹 399 — drift 置信度 0.90：最大位移帧为269，位置异常跳变。
18:14:57 [INFO] 正在分析轨迹 401（长度 1021 帧）...
18:14:58 [INFO] [可疑] 轨迹 401 — drift 置信度 0.80：最大位移较大，存在异常跳变。
18:14:58 [INFO] [dancetrack0038] 阶段一完成：8 条可疑轨迹，已保存至 /public/home/lyh_npu/code/PostMOT/pipeline_report_batch_seq_reports/dancetrack0038_stage1.json
18:14:58 [INFO] ========================================
18:14:58 [INFO] [dancetrack0038] 阶段二：LLM 工具调用调查
18:14:58 [INFO] ========================================
18:14:58 [INFO] [1/8] 调查轨迹 393
18:14:58 [INFO] 开始调查轨迹 393（drift）
18:14:59 [INFO]   步骤 1：调用 replay_segment({'start_frame': 1, 'end_frame': 1202})
18:14:59 [INFO]   工具结果：轨迹 393 帧 1-1202，原始 45 帧，展示 32 帧（步长 26）
18:14:59 [INFO]   步骤 2：调用 check_nearby_tracks({'frame_id': 205})
18:14:59 [INFO]   工具结果：帧 205 轨迹 393 附近（150px）：发现 4 个附近轨迹：ID 394（距离64.7px），ID 396（距离84.5px），ID 399（距离65.9px），ID 400（距离76.3px
18:15:01 [INFO]   步骤 3：调用 compare_appearances({'frame_id': 205, 'track_id': 393})
18:15:01 [INFO]   工具结果：轨迹 393：帧205 vs 帧206，外观基本一致，非 ID 切换
18:15:02 [INFO]   步骤 4：调用 replay_segment({'start_frame': 113, 'end_frame': 132})
18:15:02 [INFO]   工具结果：轨迹 393 帧 113-132，原始 2 帧，展示 2 帧（步长 1）
18:15:03 [INFO]   步骤 5：调用 check_nearby_tracks({'frame_id': 113})
18:15:03 [INFO]   工具结果：帧 113 轨迹 393 附近（150px）：发现 8 个附近轨迹：ID 394（距离45.5px），ID 395（距离39.9px），ID 396（距离66.0px），ID 397（距离15.6px
18:15:04 [INFO]   步骤 6：调用 compare_appearances({'frame_id': 113, 'track_id': 393})
18:15:04 [INFO]   工具结果：轨迹 393：帧113 vs 帧114，外观基本一致，非 ID 切换
18:15:04 [WARNING] 轨迹 393 达到最大调查步数，使用初始判断
18:15:04 [INFO]   → 确认：调查步数耗尽，沿用阶段一结论：最大位移较大，存在异常跳变。
18:15:04 [INFO] [2/8] 调查轨迹 394
18:15:04 [INFO] 开始调查轨迹 394（drift）
18:15:04 [INFO]   步骤 1：调用 replay_segment({'start_frame': 775, 'end_frame': 775})
18:15:04 [INFO]   工具结果：轨迹 394 帧 775-775，原始 1 帧，展示 1 帧（步长 1）
18:15:05 [INFO]   步骤 2：调用 zoom_region({'frame_id': 775, 'region': [100, 100, 100, 100]})
18:15:05 [INFO]   工具结果：轨迹 394 第 775 帧放大 3.0x，已锐化
18:15:07 [INFO]   步骤 3：调用 check_nearby_tracks({'frame_id': 775, 'radius': 50})
18:15:07 [INFO]   工具结果：帧 775 轨迹 394 附近（50px）：附近无其他轨迹
18:15:08 [INFO]   步骤 4：调用 replay_segment({'start_frame': 774, 'end_frame': 776})
18:15:08 [INFO]   工具结果：轨迹 394 帧 774-776，原始 3 帧，展示 3 帧（步长 1）
18:15:10 [INFO]   步骤 5：调用 compare_appearances({'frame_id_1': 774, 'frame_id_2': 775, 'frame_id_3': 776})
18:15:10 [INFO]   工具结果：轨迹 394：帧774 vs 帧775，外观基本一致，非 ID 切换
18:15:11 [INFO]   步骤 6：调用 compare_appearances({'frame_id_1': 775, 'frame_id_2': 776})
18:15:11 [INFO]   工具结果：轨迹 394：帧775 vs 帧776，外观基本一致，非 ID 切换
18:15:11 [WARNING] 轨迹 394 达到最大调查步数，使用初始判断
18:15:11 [INFO]   → 确认：调查步数耗尽，沿用阶段一结论：最大位移点处目标位置异常跳变
18:15:11 [INFO] [3/8] 调查轨迹 395
18:15:11 [INFO] 开始调查轨迹 395（drift）
18:15:12 [INFO]   步骤 1：调用 replay_segment({'start_frame': 31, 'end_frame': 33})
18:15:12 [INFO]   工具结果：轨迹 395 帧 31-33，原始 3 帧，展示 3 帧（步长 1）
18:15:12 [INFO]   步骤 2：调用 check_nearby_tracks({'track_id': 395, 'frame_range': [31, 33]})
18:15:12 [INFO]   工具结果：帧 32 轨迹 395 附近（150px）：发现 6 个附近轨迹：ID 393（距离113.6px），ID 397（距离39.7px），ID 398（距离75.4px），ID 399（距离26.4px
18:15:13 [INFO]   步骤 3：调用 compare_appearances({'frame_id': 32, 'track_id': 395})
18:15:13 [INFO]   工具结果：轨迹 395：帧32 vs 帧33，外观基本一致，非 ID 切换
18:15:14 [INFO]   步骤 4：调用 replay_segment({'start_frame': 31, 'end_frame': 33})
18:15:14 [INFO]   工具结果：轨迹 395 帧 31-33，原始 3 帧，展示 3 帧（步长 1）
18:15:15 [INFO]   步骤 5：调用 check_nearby_tracks({'track_id': 395, 'frame_range': [31, 33]})
18:15:15 [INFO]   工具结果：帧 32 轨迹 395 附近（150px）：发现 6 个附近轨迹：ID 393（距离113.6px），ID 397（距离39.7px），ID 398（距离75.4px），ID 399（距离26.4px
18:15:16 [INFO]   步骤 6：调用 compare_appearances({'frame_id': 32, 'track_id': 395})
18:15:16 [INFO]   工具结果：轨迹 395：帧32 vs 帧33，外观基本一致，非 ID 切换
18:15:16 [WARNING] 轨迹 395 达到最大调查步数，使用初始判断
18:15:16 [INFO]   → 确认：调查步数耗尽，沿用阶段一结论：目标在第31和33帧位置异常跳变，不符合运动规律。
18:15:16 [INFO] [4/8] 调查轨迹 396
18:15:16 [INFO] 开始调查轨迹 396（miss）
18:15:17 [INFO]   步骤 1：调用 replay_segment({'start_frame': 83, 'end_frame': 92})
18:15:17 [INFO]   工具结果：轨迹 396 帧 83-92，原始 2 帧，展示 2 帧（步长 1）
18:15:17 [INFO]   步骤 2：调用 check_nearby_tracks({'track_id': 396, 'frame_ids': [83, 92]})
18:15:17 [INFO]   工具结果：帧 83 轨迹 396 附近（150px）：发现 8 个附近轨迹：ID 393（距离50.8px），ID 394（距离127.5px），ID 395（距离64.9px），ID 397（距离6.2px）
18:15:18 [INFO]   步骤 3：调用 compare_appearances({'track_id': 396, 'frame_ids': [83, 92]})
18:15:18 [INFO]   工具结果：轨迹 396：帧83 vs 帧92，外观基本一致，非 ID 切换
18:15:19 [INFO]   步骤 4：调用 replay_segment({'start_frame': 83, 'end_frame': 92})
18:15:19 [INFO]   工具结果：轨迹 396 帧 83-92，原始 2 帧，展示 2 帧（步长 1）
18:15:20 [INFO]   步骤 5：调用 check_nearby_tracks({'track_id': 396, 'frame_ids': [83, 92]})
18:15:20 [INFO]   工具结果：帧 83 轨迹 396 附近（150px）：发现 8 个附近轨迹：ID 393（距离50.8px），ID 394（距离127.5px），ID 395（距离64.9px），ID 397（距离6.2px）
18:15:21 [INFO]   步骤 6：调用 compare_appearances({'track_id': 396, 'frame_ids': [83, 92]})
18:15:21 [INFO]   工具结果：轨迹 396：帧83 vs 帧92，外观基本一致，非 ID 切换
18:15:21 [WARNING] 轨迹 396 达到最大调查步数，使用初始判断
18:15:21 [INFO]   → 确认：调查步数耗尽，沿用阶段一结论：目标在第83帧后中断，消失超过5帧。
18:15:21 [INFO] [5/8] 调查轨迹 397
18:15:21 [INFO] 开始调查轨迹 397（miss）
18:15:22 [INFO]   步骤 1：调用 replay_segment({'start_frame': 34, 'end_frame': 44})
18:15:22 [INFO]   工具结果：轨迹 397 帧 34-44，原始 2 帧，展示 2 帧（步长 1）
18:15:23 [INFO]   步骤 2：调用 check_nearby_tracks({'track_id': 397, 'frame_range': [34, 44]})
18:15:23 [INFO]   工具结果：帧 39 轨迹 397 附近（150px）：发现 6 个附近轨迹：ID 393（距离12.7px），ID 395（距离22.9px），ID 398（距离37.7px），ID 399（距离63.2px）
18:15:23 [INFO]   步骤 3：调用 replay_segment({'start_frame': 34, 'end_frame': 44})
18:15:23 [INFO]   工具结果：轨迹 397 帧 34-44，原始 2 帧，展示 2 帧（步长 1）
18:15:24 [INFO]   步骤 4：调用 check_nearby_tracks({'track_id': 397, 'frame_range': [34, 44]})
18:15:24 [INFO]   工具结果：帧 39 轨迹 397 附近（150px）：发现 6 个附近轨迹：ID 393（距离12.7px），ID 395（距离22.9px），ID 398（距离37.7px），ID 399（距离63.2px）
18:15:32 [INFO]   步骤 5：调用 replay_segment({'start_frame': 34, 'end_frame': 44})
18:15:32 [INFO]   工具结果：轨迹 397 帧 34-44，原始 2 帧，展示 2 帧（步长 1）
18:15:33 [INFO]   步骤 6：调用 check_nearby_tracks({'track_id': 397, 'frame_range': [34, 44]})
18:15:33 [INFO]   工具结果：帧 39 轨迹 397 附近（150px）：发现 6 个附近轨迹：ID 393（距离12.7px），ID 395（距离22.9px），ID 398（距离37.7px），ID 399（距离63.2px）
18:15:33 [WARNING] 轨迹 397 达到最大调查步数，使用初始判断
18:15:33 [INFO]   → 确认：调查步数耗尽，沿用阶段一结论：目标在第34帧到第44帧间中断，消失超过5帧。
18:15:33 [INFO] [6/8] 调查轨迹 398
18:15:33 [INFO] 开始调查轨迹 398（drift）
18:15:34 [INFO]   步骤 1：调用 replay_segment({'start_frame': 168, 'end_frame': 1202})
18:15:34 [INFO]   工具结果：轨迹 398 帧 168-1202，原始 47 帧，展示 32 帧（步长 22）
18:15:38 [INFO]   步骤 2：调用 check_nearby_tracks({'frame_ids': [168, 190, 212, 256, 278, 322, 344, 388, 410, 454, 476, 520, 542, 586, 608, 652, 674, 718, 740, 784, 806, 850, 872, 918, 940, 984, 1006, 1050, 1072, 1116, 1138, 1182]})
18:15:38 [INFO]   工具结果：帧 168 轨迹 398 附近（150px）：发现 8 个附近轨迹：ID 393（距离136.7px），ID 394（距离60.9px），ID 395（距离19.9px），ID 396（距离87.2p
18:15:40 [INFO]   步骤 3：调用 compare_appearances({'frame_id': 168, 'target_track_id': 398, 'nearby_track_ids': [393, 394, 395, 396, 397, 399, 400, 401]})
18:15:40 [INFO]   工具结果：轨迹 398：帧168 vs 帧169，外观基本一致，非 ID 切换
18:15:41 [INFO]   步骤 4：调用 replay_segment({'start_frame': 168, 'end_frame': 1202})
18:15:41 [INFO]   工具结果：轨迹 398 帧 168-1202，原始 47 帧，展示 32 帧（步长 22）
18:15:45 [INFO]   步骤 5：调用 check_nearby_tracks({'frame_ids': [168, 190, 212, 256, 278, 322, 344, 388, 410, 454, 476, 520, 542, 586, 608, 652, 674, 718, 740, 784, 806, 850, 872, 918, 940, 984, 1006, 1050, 1072, 1116, 1138, 1182]})
18:15:45 [INFO]   工具结果：帧 168 轨迹 398 附近（150px）：发现 8 个附近轨迹：ID 393（距离136.7px），ID 394（距离60.9px），ID 395（距离19.9px），ID 396（距离87.2p
18:15:48 [INFO]   步骤 6：调用 compare_appearances({'frame_id': 168, 'target_track_id': 398, 'nearby_track_ids': [393, 394, 395, 396, 397, 399, 400, 401]})
18:15:48 [INFO]   工具结果：轨迹 398：帧168 vs 帧169，外观基本一致，非 ID 切换
18:15:48 [WARNING] 轨迹 398 达到最大调查步数，使用初始判断
18:15:48 [INFO]   → 确认：调查步数耗尽，沿用阶段一结论：最大位移较大，存在异常跳变。
18:15:48 [INFO] [7/8] 调查轨迹 399
18:15:48 [INFO] 开始调查轨迹 399（drift）
18:15:48 [INFO]   步骤 1：调用 replay_segment({'start_frame': 269, 'end_frame': 269})
18:15:48 [INFO]   工具结果：轨迹 399 帧 269-269，原始 1 帧，展示 1 帧（步长 1）
18:15:49 [INFO]   步骤 2：调用 zoom_region({'frame_id': 269, 'region': [100, 100, 100, 100]})
18:15:49 [INFO]   工具结果：轨迹 399 第 269 帧放大 3.0x，已锐化
18:15:50 [INFO]   步骤 3：调用 check_nearby_tracks({'frame_id': 269, 'radius': 50})
18:15:50 [INFO]   工具结果：帧 269 轨迹 399 附近（50px）：附近无其他轨迹
18:15:51 [INFO]   步骤 4：调用 replay_segment({'start_frame': 268, 'end_frame': 270})
18:15:51 [INFO]   工具结果：轨迹 399 帧 268-270，原始 2 帧，展示 2 帧（步长 1）
18:15:53 [INFO]   步骤 5：调用 compare_appearances({'frame_id_1': 268, 'frame_id_2': 269})
18:15:53 [INFO]   工具结果：轨迹 399：帧268 vs 帧269，外观基本一致，非 ID 切换
18:15:54 [INFO]   步骤 6：调用 replay_segment({'start_frame': 267, 'end_frame': 271})
18:15:54 [INFO]   工具结果：轨迹 399 帧 267-271，原始 3 帧，展示 3 帧（步长 1）
18:15:54 [WARNING] 轨迹 399 达到最大调查步数，使用初始判断
18:15:54 [INFO]   → 确认：调查步数耗尽，沿用阶段一结论：最大位移帧为269，位置异常跳变。
18:15:54 [INFO] [8/8] 调查轨迹 401
18:15:54 [INFO] 开始调查轨迹 401（drift）
18:15:54 [INFO]   步骤 1：调用 replay_segment({'start_frame': 171, 'end_frame': 1202})
18:15:54 [INFO]   工具结果：轨迹 401 帧 171-1202，原始 47 帧，展示 32 帧（步长 22）
18:15:56 [INFO]   步骤 2：调用 check_nearby_tracks({'track_id': 401, 'frame_ids': [171, 1202]})
18:15:56 [INFO]   工具结果：帧 171 轨迹 401 附近（150px）：发现 7 个附近轨迹：ID 394（距离60.1px），ID 395（距离11.1px），ID 396（距离95.4px），ID 397（距离13.9px
18:15:57 [INFO]   步骤 3：调用 compare_appearances({'frame_id': 171, 'track_id': 401, 'reference_frame_id': 1202})
18:15:57 [INFO]   工具结果：所需帧数据不存在
18:15:58 [INFO]   步骤 4：调用 replay_segment({'start_frame': 171, 'end_frame': 1202})
18:15:58 [INFO]   工具结果：轨迹 401 帧 171-1202，原始 47 帧，展示 32 帧（步长 22）
18:16:00 [WARNING]   步骤 5：LLM 输出解析失败，终止调查
18:16:00 [WARNING] 轨迹 401 达到最大调查步数，使用初始判断
18:16:00 [INFO]   → 确认：调查步数耗尽，沿用阶段一结论：最大位移较大，存在异常跳变。
18:16:00 [INFO] ========================================
18:16:00 [INFO] [dancetrack0038] 阶段三：轨迹修正
18:16:00 [INFO] ========================================
18:16:00 [INFO] 正在分析轨迹 394（长度 1180 帧）...
18:16:02 [INFO] 修正回滚：track=394 type=drift
18:16:02 [INFO] 正在分析轨迹 396（长度 101 帧）...
18:16:03 [INFO] 修正生效：track=396 type=miss frames=83-92
18:16:03 [INFO] 正在分析轨迹 399（长度 1001 帧）...
18:16:05 [INFO] 修正回滚：track=399 type=drift
18:16:05 [INFO] [dancetrack0038] 修正后 MOT 已保存至 /public/home/lyh_npu/code/PostMOT/corrected_mot/dancetrack0038.txt
18:16:05 [INFO] [dancetrack0038] 报告已保存至 /public/home/lyh_npu/code/PostMOT/pipeline_report_batch_seq_reports/dancetrack0038.json
18:16:05 [INFO] [12/35] 处理序列 dancetrack0040
18:16:54 [INFO] 加载轨迹 13 条
18:16:54 [INFO] ========================================
18:16:54 [INFO] [dancetrack0040] 阶段一：VLM 轨迹巡检
18:16:54 [INFO] ========================================
18:16:54 [INFO] 正在分析轨迹 305（长度 1283 帧）...
18:16:56 [INFO] [可疑] 轨迹 305 — drift 置信度 0.80：目标在第679帧至第707帧间位置异常跳变，不符合运动规律。
18:16:56 [INFO] 正在分析轨迹 306（长度 1283 帧）...
18:16:57 [INFO] [可疑] 轨迹 306 — drift 置信度 0.80：最大位移较大，存在异常跳变。
18:16:57 [INFO] 正在分析轨迹 307（长度 1253 帧）...
18:16:59 [INFO] [可疑] 轨迹 307 — miss 置信度 0.90：轨迹在1252帧后中断，持续8帧。
18:16:59 [INFO] 正在分析轨迹 308（长度 1238 帧）...
18:17:00 [INFO] [可疑] 轨迹 308 — drift 置信度 0.90：最大位移帧353处目标位置异常跳变
18:17:00 [INFO] 正在分析轨迹 309（长度 1283 帧）...
18:17:01 [INFO] 正在分析轨迹 310（长度 1283 帧）...
18:17:03 [INFO] [可疑] 轨迹 310 — drift 置信度 0.80：最大位移较大，存在异常跳变。
18:17:03 [INFO] 正在分析轨迹 311（长度 1252 帧）...
18:17:04 [INFO] [可疑] 轨迹 311 — miss 置信度 0.90：轨迹在1248帧后中断，持续至1272帧。
18:17:04 [INFO] 正在分析轨迹 312（长度 1283 帧）...
18:17:06 [INFO] [可疑] 轨迹 312 — drift 置信度 0.80：最大位移较大，存在异常跳变。
18:17:06 [INFO] 正在分析轨迹 313（长度 1280 帧）...
18:17:07 [INFO] [可疑] 轨迹 313 — drift 置信度 0.80：最大位移较大，存在异常跳变。
18:17:07 [INFO] 正在分析轨迹 314（长度 937 帧）...
18:17:09 [INFO] [可疑] 轨迹 314 — miss 置信度 0.80：目标在第353帧至第362帧间中断，未检测到目标。
18:17:09 [INFO] 正在分析轨迹 315（长度 30 帧）...
18:17:10 [INFO] [可疑] 轨迹 315 — miss 置信度 0.80：目标在第554帧后中断了19帧
18:17:10 [INFO] 正在分析轨迹 316（长度 9 帧）...
18:17:12 [INFO] [可疑] 轨迹 316 — miss 置信度 0.90：目标在585帧后消失，持续10帧。
18:17:12 [INFO] 正在分析轨迹 317（长度 35 帧）...
18:17:13 [INFO] [dancetrack0040] 阶段一完成：11 条可疑轨迹，已保存至 /public/home/lyh_npu/code/PostMOT/pipeline_report_batch_seq_reports/dancetrack0040_stage1.json
18:17:13 [INFO] ========================================
18:17:13 [INFO] [dancetrack0040] 阶段二：LLM 工具调用调查
18:17:13 [INFO] ========================================
18:17:13 [INFO] [1/11] 调查轨迹 305
18:17:13 [INFO] 开始调查轨迹 305（drift）
18:17:14 [INFO]   步骤 1：调用 replay_segment({'start_frame': 679, 'end_frame': 707})
18:17:14 [INFO]   工具结果：轨迹 305 帧 679-707，原始 29 帧，展示 29 帧（步长 1）
18:17:15 [INFO]   步骤 2：调用 check_nearby_tracks({'start_frame': 679, 'end_frame': 707})
18:17:15 [INFO]   工具结果：缺少 frame_id/track_id
18:17:16 [INFO]   步骤 3：调用 replay_segment({'start_frame': 679, 'end_frame': 707})
18:17:16 [INFO]   工具结果：轨迹 305 帧 679-707，原始 29 帧，展示 29 帧（步长 1）
18:17:17 [INFO]   步骤 4：调用 zoom_region({'frame_id': 699, 'region': [600, 400, 650, 500]})
18:17:17 [INFO]   工具结果：轨迹 305 第 699 帧放大 3.0x，已锐化
18:17:19 [INFO]   步骤 5：调用 compare_appearances({'frame_id_1': 698, 'frame_id_2': 699})
18:17:19 [INFO]   工具结果：轨迹 305：帧698 vs 帧699，外观基本一致，非 ID 切换
18:17:21 [INFO]   步骤 6：调用 replay_segment({'start_frame': 679, 'end_frame': 707})
18:17:21 [INFO]   工具结果：轨迹 305 帧 679-707，原始 29 帧，展示 29 帧（步长 1）
18:17:21 [WARNING] 轨迹 305 达到最大调查步数，使用初始判断
18:17:21 [INFO]   → 确认：调查步数耗尽，沿用阶段一结论：目标在第679帧至第707帧间位置异常跳变，不符合运动规律。
18:17:21 [INFO] [2/11] 调查轨迹 306
18:17:21 [INFO] 开始调查轨迹 306（drift）
18:17:21 [INFO]   步骤 1：调用 replay_segment({'start_frame': 1, 'end_frame': 1283})
18:17:21 [INFO]   工具结果：轨迹 306 帧 1-1283，原始 48 帧，展示 32 帧（步长 27）
18:17:26 [INFO]   步骤 2：调用 check_nearby_tracks({'track_id': 306, 'frame_ids': [1, 28, 82, 109, 163, 190, 244, 271, 325, 352, 406, 433, 487, 514, 568, 595, 649, 676, 730, 757, 811, 838, 892, 919, 973, 1000, 1054, 1081, 1135, 1162, 1216, 1270]})
18:17:26 [INFO]   工具结果：帧 1 轨迹 306 附近（150px）：发现 1 个附近轨迹：ID 308（距离116.2px）
18:17:27 [INFO]   步骤 3：调用 compare_appearances({'frame_id': 1, 'track_id': 306, 'nearby_track_id': 308})
18:17:27 [INFO]   工具结果：轨迹 306：帧1 vs 帧2，外观基本一致，非 ID 切换
18:17:28 [INFO]   步骤 4：调用 replay_segment({'start_frame': 1, 'end_frame': 2})
18:17:28 [INFO]   工具结果：轨迹 306 帧 1-2，原始 2 帧，展示 2 帧（步长 1）
18:17:29 [INFO]   步骤 5：调用 zoom_region({'frame_id': 1, 'region': [1138.68, 230.27, 163.23, 334.18]})
18:17:29 [INFO]   工具结果：轨迹 306 第 1 帧放大 3.0x，已锐化
18:17:38 [INFO]   步骤 6：调用 replay_segment({'start_frame': 1, 'end_frame': 2})
18:17:38 [INFO]   工具结果：轨迹 306 帧 1-2，原始 2 帧，展示 2 帧（步长 1）
18:17:38 [WARNING] 轨迹 306 达到最大调查步数，使用初始判断
18:17:38 [INFO]   → 确认：调查步数耗尽，沿用阶段一结论：最大位移较大，存在异常跳变。
18:17:38 [INFO] [3/11] 调查轨迹 307
18:17:38 [INFO] 开始调查轨迹 307（miss）
18:17:38 [INFO]   步骤 1：调用 replay_segment({'start_frame': 1252, 'end_frame': 1272})
18:17:38 [INFO]   工具结果：轨迹 307 帧 1252-1272，原始 4 帧，展示 4 帧（步长 1）
18:17:39 [INFO]   步骤 2：调用 check_nearby_tracks({'frame_id': 1252, 'radius': 10})
18:17:39 [INFO]   工具结果：帧 1252 轨迹 307 附近（10px）：附近无其他轨迹
18:17:40 [INFO]   步骤 3：调用 replay_segment({'start_frame': 1261, 'end_frame': 1264})
18:17:40 [INFO]   工具结果：轨迹 307 帧 1261-1264，原始 2 帧，展示 2 帧（步长 1）
18:17:41 [INFO]   步骤 4：调用 check_nearby_tracks({'frame_id': 1261, 'radius': 10})
18:17:41 [INFO]   工具结果：帧 1261 轨迹 307 附近（10px）：发现 1 个附近轨迹：ID 311（距离1.6px）
18:17:42 [INFO]   步骤 5：调用 replay_segment({'start_frame': 1264, 'end_frame': 1272})
18:17:42 [INFO]   工具结果：轨迹 307 帧 1264-1272，原始 2 帧，展示 2 帧（步长 1）
18:17:43 [INFO]   步骤 6：调用 check_nearby_tracks({'frame_id': 1264, 'radius': 10})
18:17:43 [INFO]   工具结果：帧 1264 轨迹 307 附近（10px）：发现 1 个附近轨迹：ID 311（距离0.5px）
18:17:43 [WARNING] 轨迹 307 达到最大调查步数，使用初始判断
18:17:43 [INFO]   → 确认：调查步数耗尽，沿用阶段一结论：轨迹在1252帧后中断，持续8帧。
18:17:43 [INFO] [4/11] 调查轨迹 308
18:17:43 [INFO] 开始调查轨迹 308（drift）
18:17:43 [INFO]   步骤 1：调用 replay_segment({'start_frame': 353, 'end_frame': 353})
18:17:43 [INFO]   工具结果：轨迹 308 帧 353-353，原始 1 帧，展示 1 帧（步长 1）
18:17:44 [INFO]   步骤 2：调用 check_nearby_tracks({'frame_id': 353})
18:17:44 [INFO]   工具结果：帧 353 轨迹 308 附近（150px）：发现 2 个附近轨迹：ID 314（距离1.0px），ID 316（距离36.4px）
18:17:45 [INFO]   步骤 3：调用 compare_appearances({'frame_id': 353, 'track_id': 308, 'nearby_track_id': 314})
18:17:45 [INFO]   工具结果：轨迹 308：帧353 vs 帧354，外观基本一致，非 ID 切换
18:17:46 [INFO]   步骤 4：调用 compare_appearances({'frame_id': 353, 'track_id': 308, 'nearby_track_id': 316})
18:17:46 [INFO]   工具结果：轨迹 308：帧353 vs 帧354，外观基本一致，非 ID 切换
18:17:47 [INFO]   步骤 5：调用 compare_appearances({'frame_id': 353, 'track_id': 308, 'nearby_track_id': None})
18:17:47 [INFO]   工具结果：轨迹 308：帧353 vs 帧354，外观基本一致，非 ID 切换
18:17:48 [INFO]   步骤 6：调用 replay_segment({'start_frame': 353, 'end_frame': 354})
18:17:48 [INFO]   工具结果：轨迹 308 帧 353-354，原始 1 帧，展示 1 帧（步长 1）
18:17:48 [WARNING] 轨迹 308 达到最大调查步数，使用初始判断
18:17:48 [INFO]   → 确认：调查步数耗尽，沿用阶段一结论：最大位移帧353处目标位置异常跳变
18:17:48 [INFO] [5/11] 调查轨迹 310
18:17:48 [INFO] 开始调查轨迹 310（drift）
18:17:48 [INFO]   步骤 1：调用 replay_segment({'start_frame': 1, 'end_frame': 1283})
18:17:48 [INFO]   工具结果：轨迹 310 帧 1-1283，原始 48 帧，展示 32 帧（步长 27）
18:17:52 [INFO]   步骤 2：调用 check_nearby_tracks({'track_id': 310, 'frame_ids': [1, 28, 82, 109, 163, 190, 244, 271, 325, 352, 406, 433, 487, 514, 568, 595, 649, 676, 730, 757, 811, 838, 892, 919, 973, 1000, 1054, 1081, 1135, 1162, 1216, 1270]})
18:17:53 [INFO]   工具结果：帧 1 轨迹 310 附近（150px）：发现 1 个附近轨迹：ID 317（距离138.1px）
18:17:54 [INFO]   步骤 3：调用 compare_appearances({'frame_id': 1, 'track_id': 310, 'nearby_track_id': 317})
18:17:54 [INFO]   工具结果：轨迹 310：帧1 vs 帧2，外观基本一致，非 ID 切换
18:17:55 [INFO]   步骤 4：调用 replay_segment({'start_frame': 1, 'end_frame': 2, 'track_id': 310})
18:17:55 [INFO]   工具结果：轨迹 310 帧 1-2，原始 2 帧，展示 2 帧（步长 1）
18:17:56 [INFO]   步骤 5：调用 replay_segment({'start_frame': 1, 'end_frame': 1283, 'track_id': 310})
18:17:56 [INFO]   工具结果：轨迹 310 帧 1-1283，原始 48 帧，展示 32 帧（步长 27）
18:18:01 [INFO]   步骤 6：调用 check_nearby_tracks({'track_id': 310, 'frame_ids': [1, 28, 82, 109, 163, 190, 244, 271, 325, 352, 406, 433, 487, 514, 568, 595, 649, 676, 730, 757, 811, 838, 892, 919, 973, 1000, 1054, 1081, 1135, 1162, 1216, 1270]})
18:18:01 [INFO]   工具结果：帧 1 轨迹 310 附近（150px）：发现 1 个附近轨迹：ID 317（距离138.1px）
18:18:01 [WARNING] 轨迹 310 达到最大调查步数，使用初始判断
18:18:01 [INFO]   → 确认：调查步数耗尽，沿用阶段一结论：最大位移较大，存在异常跳变。
18:18:01 [INFO] [6/11] 调查轨迹 311
18:18:01 [INFO] 开始调查轨迹 311（miss）
18:18:02 [INFO]   步骤 1：调用 replay_segment({'start_frame': 1248, 'end_frame': 1272})
18:18:02 [INFO]   工具结果：轨迹 311 帧 1248-1272，原始 5 帧，展示 5 帧（步长 1）
18:18:02 [INFO]   步骤 2：调用 check_nearby_tracks({'frame_id': 1248, 'radius': 10})
18:18:02 [INFO]   工具结果：帧 1248 轨迹 311 附近（10px）：发现 1 个附近轨迹：ID 307（距离2.5px）
18:18:03 [INFO]   步骤 3：调用 check_nearby_tracks({'frame_id': 1261, 'radius': 10})
18:18:03 [INFO]   工具结果：帧 1261 轨迹 311 附近（10px）：发现 1 个附近轨迹：ID 307（距离1.6px）
18:18:04 [INFO]   步骤 4：调用 check_nearby_tracks({'frame_id': 1264, 'radius': 10})
18:18:04 [INFO]   工具结果：帧 1264 轨迹 311 附近（10px）：发现 1 个附近轨迹：ID 307（距离0.5px）
18:18:05 [INFO]   步骤 5：调用 check_nearby_tracks({'frame_id': 1265, 'radius': 10})
18:18:05 [INFO]   工具结果：帧 1265 轨迹 311 附近（10px）：发现 1 个附近轨迹：ID 307（距离5.1px）
18:18:06 [INFO]   步骤 6：调用 check_nearby_tracks({'frame_id': 1272, 'radius': 10})
18:18:06 [INFO]   工具结果：帧 1272 轨迹 311 附近（10px）：发现 1 个附近轨迹：ID 307（距离1.3px）
18:18:06 [WARNING] 轨迹 311 达到最大调查步数，使用初始判断
18:18:06 [INFO]   → 确认：调查步数耗尽，沿用阶段一结论：轨迹在1248帧后中断，持续至1272帧。
18:18:06 [INFO] [7/11] 调查轨迹 312
18:18:06 [INFO] 开始调查轨迹 312（drift）
18:18:07 [INFO]   步骤 1：调用 replay_segment({'track_id': 312, 'start_frame': 1, 'end_frame': 1283})
18:18:07 [INFO]   工具结果：轨迹 312 帧 1-1283，原始 48 帧，展示 32 帧（步长 27）
18:18:08 [INFO]   步骤 2：调用 check_nearby_tracks({'track_id': 312, 'start_frame': 1, 'end_frame': 1283})
18:18:08 [INFO]   工具结果：缺少 frame_id/track_id
18:18:09 [INFO]   步骤 3：调用 zoom_region({'frame_id': 697, 'track_id': 312})
18:18:09 [INFO]   工具结果：轨迹 312 第 697 帧放大 3.0x，已锐化
18:18:11 [INFO]   步骤 4：调用 compare_appearances({'frame_id': 696, 'track_id': 312, 'compare_frame_id': 697, 'track_id_compare': 312})
18:18:11 [INFO]   工具结果：轨迹 312：帧696 vs 帧697，外观基本一致，非 ID 切换
18:18:13 [INFO]   步骤 5：调用 replay_segment({'track_id': 312, 'start_frame': 696, 'end_frame': 697})
18:18:13 [INFO]   工具结果：轨迹 312 帧 696-697，原始 2 帧，展示 2 帧（步长 1）
18:18:14 [INFO]   步骤 6：调用 check_nearby_tracks({'track_id': 312, 'start_frame': 696, 'end_frame': 697})
18:18:14 [INFO]   工具结果：缺少 frame_id/track_id
18:18:14 [WARNING] 轨迹 312 达到最大调查步数，使用初始判断
18:18:14 [INFO]   → 确认：调查步数耗尽，沿用阶段一结论：最大位移较大，存在异常跳变。
18:18:14 [INFO] [8/11] 调查轨迹 313
18:18:14 [INFO] 开始调查轨迹 313（drift）
18:18:15 [INFO]   步骤 1：调用 replay_segment({'start_frame': 1, 'end_frame': 1283})
18:18:15 [INFO]   工具结果：轨迹 313 帧 1-1283，原始 48 帧，展示 32 帧（步长 27）
18:18:19 [INFO]   步骤 2：调用 check_nearby_tracks({'track_id': 313, 'frame_ids': [1, 28, 82, 109, 163, 190, 244, 271, 325, 352, 406, 433, 487, 514, 568, 595, 649, 676, 730, 757, 811, 838, 892, 919, 973, 1000, 1054, 1081, 1135, 1162, 1216, 1272]})
18:18:19 [INFO]   工具结果：帧 1 轨迹 313 附近（150px）：附近无其他轨迹
18:18:21 [INFO]   步骤 3：调用 zoom_region({'frame_id': 1, 'region': [400, 118, 520, 288]})
18:18:21 [INFO]   工具结果：轨迹 313 第 1 帧放大 3.0x，已锐化
18:18:23 [INFO]   步骤 4：调用 compare_appearances({'frame_id': 1, 'target_id': 313, 'reference_id': 313, 'reference_frame_id': 28})
18:18:23 [INFO]   工具结果：轨迹 313：帧28 vs 帧29，外观基本一致，非 ID 切换
18:18:25 [INFO]   步骤 5：调用 replay_segment({'start_frame': 28, 'end_frame': 1283})
18:18:25 [INFO]   工具结果：轨迹 313 帧 28-1283，原始 47 帧，展示 32 帧（步长 27）
18:18:30 [INFO]   步骤 6：调用 check_nearby_tracks({'track_id': 313, 'frame_ids': [28, 55, 82, 136, 163, 217, 244, 298, 325, 379, 406, 460, 487, 541, 568, 622, 649, 703, 730, 784, 811, 865, 892, 946, 973, 1027, 1054, 1108, 1135, 1189, 1216, 1272]})
18:18:30 [INFO]   工具结果：帧 28 轨迹 313 附近（150px）：发现 2 个附近轨迹：ID 314（距离143.3px），ID 316（距离127.9px）
18:18:30 [WARNING] 轨迹 313 达到最大调查步数，使用初始判断
18:18:30 [INFO]   → 确认：调查步数耗尽，沿用阶段一结论：最大位移较大，存在异常跳变。
18:18:30 [INFO] [9/11] 调查轨迹 314
18:18:30 [INFO] 开始调查轨迹 314（miss）
18:18:31 [INFO]   步骤 1：调用 replay_segment({'start_frame': 353, 'end_frame': 362})
18:18:31 [INFO]   工具结果：轨迹 314 帧 353-362，原始 2 帧，展示 2 帧（步长 1）
18:18:32 [INFO]   步骤 2：调用 check_nearby_tracks({'frame_id': 353, 'radius': 10})
18:18:32 [INFO]   工具结果：帧 353 轨迹 314 附近（10px）：发现 1 个附近轨迹：ID 308（距离1.0px）
18:18:32 [INFO]   步骤 3：调用 check_nearby_tracks({'frame_id': 362, 'radius': 10})
18:18:32 [INFO]   工具结果：帧 362 轨迹 314 附近（10px）：发现 1 个附近轨迹：ID 308（距离6.6px）
18:18:34 [INFO]   步骤 4：调用 compare_appearances({'frame_id': 353, 'target_track_id': 314, 'reference_track_id': 308})
18:18:34 [INFO]   工具结果：轨迹 314：帧353 vs 帧354，外观基本一致，非 ID 切换
18:18:40 [INFO]   步骤 5：调用 compare_appearances({'frame_id': 362, 'target_track_id': 314, 'reference_track_id': 308})
18:18:40 [INFO]   工具结果：轨迹 314：帧362 vs 帧363，外观基本一致，非 ID 切换
18:18:41 [INFO]   步骤 6：调用 replay_segment({'start_frame': 353, 'end_frame': 362})
18:18:41 [INFO]   工具结果：轨迹 314 帧 353-362，原始 2 帧，展示 2 帧（步长 1）
18:18:41 [WARNING] 轨迹 314 达到最大调查步数，使用初始判断
18:18:41 [INFO]   → 确认：调查步数耗尽，沿用阶段一结论：目标在第353帧至第362帧间中断，未检测到目标。
18:18:41 [INFO] [10/11] 调查轨迹 315
18:18:41 [INFO] 开始调查轨迹 315（miss）
18:18:42 [INFO]   步骤 1：调用 replay_segment({'start_frame': 554, 'end_frame': 573})
18:18:42 [INFO]   工具结果：轨迹 315 帧 554-573，原始 2 帧，展示 2 帧（步长 1）
18:18:42 [INFO]   步骤 2：调用 check_nearby_tracks({'track_id': 315, 'frame_range': [554, 573]})
18:18:42 [INFO]   工具结果：帧 563 轨迹 315 附近（150px）：发现 2 个附近轨迹：ID 308（距离75.7px），ID 314（距离75.7px）
18:18:43 [INFO]   步骤 3：调用 replay_segment({'start_frame': 554, 'end_frame': 573})
18:18:43 [INFO]   工具结果：轨迹 315 帧 554-573，原始 2 帧，展示 2 帧（步长 1）
18:18:44 [INFO]   步骤 4：调用 compare_appearances({'frame1': 554, 'frame2': 573})
18:18:44 [INFO]   工具结果：缺少 frame_id_a/frame_id_b
18:18:45 [INFO]   步骤 5：调用 replay_segment({'start_frame': 554, 'end_frame': 573})
18:18:45 [INFO]   工具结果：轨迹 315 帧 554-573，原始 2 帧，展示 2 帧（步长 1）
18:18:46 [INFO]   步骤 6：调用 check_nearby_tracks({'track_id': 315, 'frame_range': [554, 573]})
18:18:46 [INFO]   工具结果：帧 563 轨迹 315 附近（150px）：发现 2 个附近轨迹：ID 308（距离75.7px），ID 314（距离75.7px）
18:18:46 [WARNING] 轨迹 315 达到最大调查步数，使用初始判断
18:18:46 [INFO]   → 确认：调查步数耗尽，沿用阶段一结论：目标在第554帧后中断了19帧
18:18:46 [INFO] [11/11] 调查轨迹 316
18:18:46 [INFO] 开始调查轨迹 316（miss）
18:18:47 [INFO]   步骤 1：调用 replay_segment({'start_frame': 580, 'end_frame': 599})
18:18:47 [INFO]   工具结果：轨迹 316 帧 580-599，原始 9 帧，展示 9 帧（步长 1）
18:18:48 [INFO]   步骤 2：调用 check_nearby_tracks({'track_id': 316, 'frame_range': [585, 595]})
18:18:48 [INFO]   工具结果：帧 590 轨迹 316 附近（150px）：发现 1 个附近轨迹：ID 309（距离19.5px）
18:18:48 [INFO]   步骤 3：调用 replay_segment({'start_frame': 590, 'end_frame': 595})
18:18:48 [INFO]   工具结果：轨迹 316 帧 590-595，原始 1 帧，展示 1 帧（步长 1）
18:18:49 [INFO]   步骤 4：调用 compare_appearances({'frame_1': 585, 'frame_2': 595})
18:18:49 [INFO]   工具结果：轨迹 316：帧585 vs 帧595，外观基本一致，非 ID 切换
18:18:50 [INFO]   步骤 5：调用 replay_segment({'start_frame': 585, 'end_frame': 595})
18:18:50 [INFO]   工具结果：轨迹 316 帧 585-595，原始 2 帧，展示 2 帧（步长 1）
18:18:52 [INFO]   步骤 6：调用 check_nearby_tracks({'track_id': 316, 'frame_range': [585, 595]})
18:18:52 [INFO]   工具结果：帧 590 轨迹 316 附近（150px）：发现 1 个附近轨迹：ID 309（距离19.5px）
18:18:52 [WARNING] 轨迹 316 达到最大调查步数，使用初始判断
18:18:52 [INFO]   → 确认：调查步数耗尽，沿用阶段一结论：目标在585帧后消失，持续10帧。
18:18:52 [INFO] ========================================
18:18:52 [INFO] [dancetrack0040] 阶段三：轨迹修正
18:18:52 [INFO] ========================================
18:18:52 [INFO] 正在分析轨迹 307（长度 1270 帧）...
18:18:53 [INFO] 修正生效：track=307 type=miss frames=1252-1272
18:18:53 [INFO] 正在分析轨迹 308（长度 1238 帧）...
18:18:55 [INFO] 修正回滚：track=308 type=drift
18:18:55 [INFO] 修正跳过/失败：track=311 type=miss detail=缺少前后锚点，无法插值补全
18:18:55 [INFO] 正在分析轨迹 316（长度 18 帧）...
18:18:56 [INFO] 修正生效：track=316 type=miss frames=585-595
18:18:56 [INFO] [dancetrack0040] 修正后 MOT 已保存至 /public/home/lyh_npu/code/PostMOT/corrected_mot/dancetrack0040.txt
18:18:56 [INFO] [dancetrack0040] 报告已保存至 /public/home/lyh_npu/code/PostMOT/pipeline_report_batch_seq_reports/dancetrack0040.json
18:18:56 [INFO] [13/35] 处理序列 dancetrack0042
18:19:23 [INFO] 加载轨迹 36 条
18:19:23 [INFO] ========================================
18:19:23 [INFO] [dancetrack0042] 阶段一：VLM 轨迹巡检
18:19:23 [INFO] ========================================
18:19:23 [INFO] 正在分析轨迹 517（长度 139 帧）...
18:19:25 [INFO] [可疑] 轨迹 517 — drift 置信度 0.80：最大位移84.5，表明目标位置发生了异常跳变。
18:19:25 [INFO] 正在分析轨迹 518（长度 735 帧）...
18:19:27 [INFO] [可疑] 轨迹 518 — drift 置信度 0.80：最大位移帧687处目标位置异常跳变
18:19:27 [INFO] 正在分析轨迹 519（长度 791 帧）...
18:19:28 [INFO] [可疑] 轨迹 519 — drift 置信度 0.90：目标在第110帧和第111帧间位置异常跳变，不符合运动规律。
18:19:28 [INFO] 正在分析轨迹 520（长度 402 帧）...
18:19:30 [INFO] [可疑] 轨迹 520 — drift 置信度 0.90：最大位移点处目标位置异常跳变
18:19:30 [INFO] 正在分析轨迹 521（长度 359 帧）...
18:19:31 [INFO] [可疑] 轨迹 521 — drift 置信度 0.80：最大位移达到100.61，表明目标位置发生了异常跳变。
18:19:31 [INFO] 正在分析轨迹 522（长度 545 帧）...
18:19:33 [INFO] [可疑] 轨迹 522 — miss 置信度 0.90：目标在第187帧至第193帧间中断
18:19:33 [INFO] 正在分析轨迹 523（长度 343 帧）...
18:19:34 [INFO] [可疑] 轨迹 523 — miss 置信度 0.90：轨迹在346帧后中断，持续15帧。
18:19:34 [INFO] 正在分析轨迹 524（长度 235 帧）...
18:19:35 [INFO] [可疑] 轨迹 524 — drift 置信度 0.80：最大位移较大，存在异常跳变
18:19:35 [INFO] 正在分析轨迹 525（长度 96 帧）...
18:19:37 [INFO] [可疑] 轨迹 525 — miss 置信度 0.80：目标在第13帧至第25帧间中断，消失超过5帧。
18:19:37 [INFO] 正在分析轨迹 527（长度 3 帧）...
18:19:45 [INFO] 正在分析轨迹 528（长度 100 帧）...
18:19:46 [INFO] [可疑] 轨迹 528 — miss 置信度 0.80：目标在第95帧到第108帧间中断，消失超过5帧。
18:19:46 [INFO] 正在分析轨迹 529（长度 431 帧）...
18:19:48 [INFO] [可疑] 轨迹 529 — miss 置信度 0.90：轨迹在688帧后中断，目标消失。
18:19:48 [INFO] 正在分析轨迹 530（长度 25 帧）...
18:19:49 [INFO] 正在分析轨迹 531（长度 8 帧）...
18:19:51 [INFO] [可疑] 轨迹 531 — miss 置信度 0.80：目标在第210帧至第218帧间中断，消失超过5帧。
18:19:51 [INFO] 正在分析轨迹 532（长度 549 帧）...
18:19:52 [INFO] [可疑] 轨迹 532 — drift 置信度 0.80：最大位移较大，且存在多次跳跃帧
18:19:52 [INFO] 正在分析轨迹 533（长度 191 帧）...
18:19:53 [INFO] [可疑] 轨迹 533 — miss 置信度 0.90：目标在第419帧后中断，消失超过5帧。
18:19:53 [INFO] 正在分析轨迹 534（长度 11 帧）...
18:19:55 [INFO] 正在分析轨迹 535（长度 27 帧）...
18:19:56 [INFO] [可疑] 轨迹 535 — drift 置信度 0.80：最大位移较大，且在第391帧出现异常跳变。
18:19:56 [INFO] 正在分析轨迹 536（长度 405 帧）...
18:19:58 [INFO] [可疑] 轨迹 536 — drift 置信度 0.80：最大位移75.11帧内有异常跳变
18:19:58 [INFO] 正在分析轨迹 537（长度 383 帧）...
18:20:00 [INFO] [可疑] 轨迹 537 — drift 置信度 0.80：最大位移65.32，表明存在异常跳变。
18:20:00 [INFO] 正在分析轨迹 538（长度 8 帧）...
18:20:01 [INFO] 正在分析轨迹 539（长度 78 帧）...
18:20:03 [INFO] [可疑] 轨迹 539 — drift 置信度 0.80：最大位移较大，且在特定帧出现异常跳变。
18:20:03 [INFO] 正在分析轨迹 540（长度 3 帧）...
18:20:04 [INFO] 正在分析轨迹 541（长度 38 帧）...
18:20:06 [INFO] 正在分析轨迹 542（长度 214 帧）...
18:20:07 [INFO] [可疑] 轨迹 542 — drift 置信度 0.80：最大位移35.44帧内有异常跳变
18:20:07 [INFO] 正在分析轨迹 544（长度 184 帧）...
18:20:09 [INFO] [可疑] 轨迹 544 — drift 置信度 0.80：最大位移较大且有多个异常跳变帧
18:20:09 [INFO] 正在分析轨迹 545（长度 208 帧）...
18:20:10 [INFO] [可疑] 轨迹 545 — drift 置信度 0.80：最大位移较大，存在异常跳变。
18:20:10 [INFO] 正在分析轨迹 547（长度 5 帧）...
18:20:12 [INFO] [可疑] 轨迹 547 — miss 置信度 0.80：目标在第648帧至第656帧间中断，消失超过5帧。
18:20:12 [INFO] 正在分析轨迹 548（长度 4 帧）...
18:20:14 [INFO] [可疑] 轨迹 548 — miss 置信度 0.90：目标在第682帧后消失，持续10帧。
18:20:14 [INFO] 正在分析轨迹 549（长度 15 帧）...
18:20:15 [INFO] [可疑] 轨迹 549 — miss 置信度 0.90：轨迹在783帧后中断，目标消失超过5帧。
18:20:15 [INFO] 正在分析轨迹 550（长度 7 帧）...
18:20:17 [INFO] [可疑] 轨迹 550 — miss 置信度 0.80：目标在778帧后消失，持续了14帧。
18:20:17 [INFO] [dancetrack0042] 阶段一完成：25 条可疑轨迹，已保存至 /public/home/lyh_npu/code/PostMOT/pipeline_report_batch_seq_reports/dancetrack0042_stage1.json
18:20:17 [INFO] ========================================
18:20:17 [INFO] [dancetrack0042] 阶段二：LLM 工具调用调查
18:20:17 [INFO] ========================================
18:20:17 [INFO] [1/25] 调查轨迹 517
18:20:17 [INFO] 开始调查轨迹 517（drift）
18:20:17 [INFO]   步骤 1：调用 replay_segment({'start_frame': 94, 'end_frame': 95})
18:20:17 [INFO]   工具结果：轨迹 517 帧 94-95，原始 2 帧，展示 2 帧（步长 1）
18:20:18 [INFO]   步骤 2：调用 zoom_region({'frame_id': 94, 'region': [100, 100, 100, 100]})
18:20:18 [INFO]   工具结果：轨迹 517 第 94 帧放大 3.0x，已锐化
18:20:20 [INFO]   步骤 3：调用 zoom_region({'frame_id': 95, 'region': [100, 100, 100, 100]})
18:20:20 [INFO]   工具结果：轨迹 517 第 95 帧放大 3.0x，已锐化
18:20:21 [INFO]   步骤 4：调用 compare_appearances({'frame_id_1': 94, 'frame_id_2': 95})
18:20:21 [INFO]   工具结果：轨迹 517：帧94 vs 帧95，外观基本一致，非 ID 切换
18:20:23 [INFO]   步骤 5：调用 check_nearby_tracks({'frame_id': 94, 'radius': 50})
18:20:23 [INFO]   工具结果：帧 94 轨迹 517 附近（50px）：附近无其他轨迹
18:20:24 [INFO]   步骤 6：调用 check_nearby_tracks({'frame_id': 95, 'radius': 50})
18:20:24 [INFO]   工具结果：帧 95 轨迹 517 附近（50px）：发现 1 个附近轨迹：ID 520（距离23.1px）
18:20:24 [WARNING] 轨迹 517 达到最大调查步数，使用初始判断
18:20:24 [INFO]   → 确认：调查步数耗尽，沿用阶段一结论：最大位移84.5，表明目标位置发生了异常跳变。
18:20:24 [INFO] [2/25] 调查轨迹 518
18:20:24 [INFO] 开始调查轨迹 518（drift）
18:20:25 [INFO]   步骤 1：调用 replay_segment({'start_frame': 687, 'end_frame': 699})
18:20:25 [INFO]   工具结果：轨迹 518 帧 687-699，原始 2 帧，展示 2 帧（步长 1）
18:20:26 [INFO]   步骤 2：调用 zoom_region({'frame_id': 687, 'region': [0, 128, 128, 256], 'frame_id_2': 699, 'region_2': [0, 128, 128, 256]})
18:20:26 [INFO]   工具结果：轨迹 518 第 687 帧放大 3.0x，已锐化
18:20:28 [INFO]   步骤 3：调用 zoom_region({'frame_id': 699, 'region': [0, 128, 128, 256], 'frame_id_2': 699, 'region_2': [0, 128, 128, 256]})
18:20:28 [INFO]   工具结果：轨迹 518 第 699 帧放大 3.0x，已锐化
18:20:30 [INFO]   步骤 4：调用 compare_appearances({'frame_id_1': 687, 'frame_id_2': 699})
18:20:30 [INFO]   工具结果：轨迹 518：帧687 vs 帧699，外观基本一致，非 ID 切换
18:20:32 [INFO]   步骤 5：调用 check_nearby_tracks({'frame_id': 687, 'radius': 10})
18:20:32 [INFO]   工具结果：帧 687 轨迹 518 附近（10px）：发现 1 个附近轨迹：ID 529（距离5.2px）
18:20:33 [INFO]   步骤 6：调用 check_nearby_tracks({'frame_id': 699, 'radius': 10})
18:20:33 [INFO]   工具结果：帧 699 轨迹 518 附近（10px）：附近无其他轨迹
18:20:33 [WARNING] 轨迹 518 达到最大调查步数，使用初始判断
18:20:33 [INFO]   → 确认：调查步数耗尽，沿用阶段一结论：最大位移帧687处目标位置异常跳变
18:20:33 [INFO] [3/25] 调查轨迹 519
18:20:33 [INFO] 开始调查轨迹 519（drift）
18:20:34 [INFO]   步骤 1：调用 replay_segment({'start_frame': 110, 'end_frame': 111})
18:20:34 [INFO]   工具结果：轨迹 519 帧 110-111，原始 2 帧，展示 2 帧（步长 1）
18:20:35 [INFO]   步骤 2：调用 zoom_region({'frame_id': 110, 'region': [100, 100, 200, 200]})
18:20:35 [INFO]   工具结果：轨迹 519 第 110 帧放大 3.0x，已锐化
18:20:36 [INFO]   步骤 3：调用 zoom_region({'frame_id': 111, 'region': [100, 100, 200, 200]})
18:20:36 [INFO]   工具结果：轨迹 519 第 111 帧放大 3.0x，已锐化
18:20:38 [INFO]   步骤 4：调用 compare_appearances({'frame_id_1': 110, 'frame_id_2': 111})
18:20:38 [INFO]   工具结果：轨迹 519：帧110 vs 帧111，外观基本一致，非 ID 切换
18:20:39 [INFO]   步骤 5：调用 check_nearby_tracks({'frame_id': 110, 'radius': 10})
18:20:39 [INFO]   工具结果：帧 110 轨迹 519 附近（10px）：附近无其他轨迹
18:20:47 [INFO]   步骤 6：调用 check_nearby_tracks({'frame_id': 111, 'radius': 10})
18:20:47 [INFO]   工具结果：帧 111 轨迹 519 附近（10px）：附近无其他轨迹
18:20:47 [WARNING] 轨迹 519 达到最大调查步数，使用初始判断
18:20:47 [INFO]   → 确认：调查步数耗尽，沿用阶段一结论：目标在第110帧和第111帧间位置异常跳变，不符合运动规律。
18:20:47 [INFO] [4/25] 调查轨迹 520
18:20:47 [INFO] 开始调查轨迹 520（drift）
18:20:48 [INFO]   步骤 1：调用 replay_segment({'start_frame': 276, 'end_frame': 280})
18:20:48 [INFO]   工具结果：轨迹 520 帧 276-280，原始 3 帧，展示 3 帧（步长 1）
18:20:49 [INFO]   步骤 2：调用 check_nearby_tracks({'track_id': 520, 'frame_ids': [276, 280]})
18:20:49 [INFO]   工具结果：帧 276 轨迹 520 附近（150px）：发现 7 个附近轨迹：ID 517（距离67.2px），ID 521（距离142.4px），ID 529（距离44.5px），ID 534（距离96.2p
18:20:50 [INFO]   步骤 3：调用 compare_appearances({'frame_id': 276, 'target_id': 520, 'compare_id': 521, 'threshold': 0.5})
18:20:50 [INFO]   工具结果：轨迹 520：帧276 vs 帧277，外观基本一致，非 ID 切换
18:20:51 [INFO]   步骤 4：调用 compare_appearances({'frame_id': 277, 'target_id': 520, 'compare_id': 521, 'threshold': 0.5})
18:20:51 [INFO]   工具结果：轨迹 520：帧277 vs 帧278，外观基本一致，非 ID 切换
18:20:52 [INFO]   步骤 5：调用 compare_appearances({'frame_id': 278, 'target_id': 520, 'compare_id': 521, 'threshold': 0.5})
18:20:52 [INFO]   工具结果：轨迹 520：帧278 vs 帧279，外观基本一致，非 ID 切换
18:20:54 [INFO]   步骤 6：调用 compare_appearances({'frame_id': 279, 'target_id': 520, 'compare_id': 521, 'threshold': 0.5})
18:20:54 [INFO]   工具结果：轨迹 520：帧279 vs 帧280，外观基本一致，非 ID 切换
18:20:54 [WARNING] 轨迹 520 达到最大调查步数，使用初始判断
18:20:54 [INFO]   → 确认：调查步数耗尽，沿用阶段一结论：最大位移点处目标位置异常跳变
18:20:54 [INFO] [5/25] 调查轨迹 521
18:20:54 [INFO] 开始调查轨迹 521（drift）
18:20:54 [INFO]   步骤 1：调用 replay_segment({'start_frame': 215, 'end_frame': 362})
18:20:54 [INFO]   工具结果：轨迹 521 帧 215-362，原始 31 帧，展示 31 帧（步长 4）
18:20:56 [INFO]   步骤 2：调用 check_nearby_tracks({'track_id': 521, 'frame_range': [215, 362]})
18:20:56 [INFO]   工具结果：帧 288 轨迹 521 附近（150px）：发现 7 个附近轨迹：ID 517（距离63.3px），ID 520（距离125.8px），ID 529（距离46.1px），ID 534（距离118.1
18:20:57 [INFO]   步骤 3：调用 compare_appearances({'frame_id': 278, 'track_id': 521, 'reference_frame_id': 279})
18:20:57 [INFO]   工具结果：轨迹 521：帧279 vs 帧280，外观基本一致，非 ID 切换
18:20:58 [INFO]   步骤 4：调用 replay_segment({'start_frame': 215, 'end_frame': 362})
18:20:58 [INFO]   工具结果：轨迹 521 帧 215-362，原始 31 帧，展示 31 帧（步长 4）
18:20:59 [INFO]   步骤 5：调用 check_nearby_tracks({'track_id': 521, 'frame_range': [215, 362]})
18:20:59 [INFO]   工具结果：帧 288 轨迹 521 附近（150px）：发现 7 个附近轨迹：ID 517（距离63.3px），ID 520（距离125.8px），ID 529（距离46.1px），ID 534（距离118.1
18:21:01 [INFO]   步骤 6：调用 compare_appearances({'frame_id': 278, 'track_id': 521, 'reference_frame_id': 279})
18:21:01 [INFO]   工具结果：轨迹 521：帧279 vs 帧280，外观基本一致，非 ID 切换
18:21:01 [WARNING] 轨迹 521 达到最大调查步数，使用初始判断
18:21:01 [INFO]   → 确认：调查步数耗尽，沿用阶段一结论：最大位移达到100.61，表明目标位置发生了异常跳变。
18:21:01 [INFO] [6/25] 调查轨迹 522
18:21:01 [INFO] 开始调查轨迹 522（miss）
18:21:01 [INFO]   步骤 1：调用 replay_segment({'start_frame': 187, 'end_frame': 193})
18:21:01 [INFO]   工具结果：轨迹 522 帧 187-193，原始 2 帧，展示 2 帧（步长 1）
18:21:02 [INFO]   步骤 2：调用 check_nearby_tracks({'track_id': 522, 'frame_ids': [187, 193]})
18:21:02 [INFO]   工具结果：帧 187 轨迹 522 附近（150px）：发现 7 个附近轨迹：ID 521（距离127.9px），ID 525（距离71.8px），ID 532（距离25.4px），ID 537（距离20.5p
18:21:03 [INFO]   步骤 3：调用 replay_segment({'start_frame': 186, 'end_frame': 194})
18:21:03 [INFO]   工具结果：轨迹 522 帧 186-194，原始 4 帧，展示 4 帧（步长 1）
18:21:04 [INFO]   步骤 4：调用 check_nearby_tracks({'track_id': 522, 'frame_ids': [186, 194]})
18:21:04 [INFO]   工具结果：帧 186 轨迹 522 附近（150px）：发现 7 个附近轨迹：ID 521（距离131.5px），ID 525（距离69.5px），ID 532（距离27.1px），ID 537（距离20.4p
18:21:05 [INFO]   步骤 5：调用 replay_segment({'start_frame': 185, 'end_frame': 195})
18:21:05 [INFO]   工具结果：轨迹 522 帧 185-195，原始 6 帧，展示 6 帧（步长 1）
18:21:06 [INFO]   步骤 6：调用 check_nearby_tracks({'track_id': 522, 'frame_ids': [185, 195]})
18:21:06 [INFO]   工具结果：帧 185 轨迹 522 附近（150px）：发现 7 个附近轨迹：ID 521（距离135.0px），ID 525（距离68.6px），ID 532（距离32.7px），ID 537（距离19.3p
18:21:06 [WARNING] 轨迹 522 达到最大调查步数，使用初始判断
18:21:06 [INFO]   → 确认：调查步数耗尽，沿用阶段一结论：目标在第187帧至第193帧间中断
18:21:06 [INFO] [7/25] 调查轨迹 523
18:21:06 [INFO] 开始调查轨迹 523（miss）
18:21:07 [INFO]   步骤 1：调用 replay_segment({'start_frame': 346, 'end_frame': 386})
18:21:07 [INFO]   工具结果：轨迹 523 帧 346-386，原始 9 帧，展示 9 帧（步长 1）
18:21:07 [INFO]   步骤 2：调用 check_nearby_tracks({'track_id': 523, 'frame_range': [346, 386]})
18:21:07 [INFO]   工具结果：帧 366 轨迹 523 附近（150px）：发现 10 个附近轨迹：ID 518（距离87.1px），ID 522（距离34.9px），ID 530（距离97.6px），ID 536（距离56.4p
18:21:08 [INFO]   步骤 3：调用 replay_segment({'start_frame': 346, 'end_frame': 386})
18:21:08 [INFO]   工具结果：轨迹 523 帧 346-386，原始 9 帧，展示 9 帧（步长 1）
18:21:10 [INFO]   步骤 4：调用 check_nearby_tracks({'track_id': 523, 'frame_range': [346, 386]})
18:21:10 [INFO]   工具结果：帧 366 轨迹 523 附近（150px）：发现 10 个附近轨迹：ID 518（距离87.1px），ID 522（距离34.9px），ID 530（距离97.6px），ID 536（距离56.4p
18:21:11 [INFO]   步骤 5：调用 replay_segment({'start_frame': 346, 'end_frame': 386})
18:21:11 [INFO]   工具结果：轨迹 523 帧 346-386，原始 9 帧，展示 9 帧（步长 1）
18:21:12 [INFO]   步骤 6：调用 check_nearby_tracks({'track_id': 523, 'frame_range': [346, 386]})
18:21:12 [INFO]   工具结果：帧 366 轨迹 523 附近（150px）：发现 10 个附近轨迹：ID 518（距离87.1px），ID 522（距离34.9px），ID 530（距离97.6px），ID 536（距离56.4p
18:21:12 [WARNING] 轨迹 523 达到最大调查步数，使用初始判断
18:21:12 [INFO]   → 确认：调查步数耗尽，沿用阶段一结论：轨迹在346帧后中断，持续15帧。
18:21:12 [INFO] [8/25] 调查轨迹 524
18:21:12 [INFO] 开始调查轨迹 524（drift）
18:21:13 [INFO]   步骤 1：调用 replay_segment({'track_id': 524, 'start_frame': 1, 'end_frame': 251})
18:21:13 [INFO]   工具结果：轨迹 524 帧 1-251，原始 40 帧，展示 32 帧（步长 6）
18:21:14 [INFO]   步骤 2：调用 check_nearby_tracks({'track_id': 524, 'start_frame': 1, 'end_frame': 251})
18:21:14 [INFO]   工具结果：缺少 frame_id/track_id
18:21:16 [INFO]   步骤 3：调用 compare_appearances({'track_id': 524, 'start_frame': 1, 'end_frame': 251, 'jump_frames': [49, 79, 144, 148, 149, 151, 154, 155, 156]})
18:21:16 [INFO]   工具结果：轨迹 524：帧250 vs 帧251，外观基本一致，非 ID 切换
18:21:18 [INFO]   步骤 4：调用 zoom_region({'track_id': 524, 'start_frame': 250, 'end_frame': 251, 'jump_frames': [49, 79, 144, 148, 149, 151, 154, 155, 156]})
18:21:18 [INFO]   工具结果：缺少 frame_id
18:21:20 [INFO]   步骤 5：调用 replay_segment({'track_id': 524, 'start_frame': 250, 'end_frame': 251, 'jump_frames': [49, 79, 144, 148, 149, 151, 154, 155, 156]})
18:21:20 [INFO]   工具结果：轨迹 524 帧 250-251，原始 2 帧，展示 2 帧（步长 1）
18:21:22 [INFO]   步骤 6：调用 check_nearby_tracks({'track_id': 524, 'start_frame': 250, 'end_frame': 251, 'jump_frames': [49, 79, 144, 148, 149, 151, 154, 155, 156]})
18:21:22 [INFO]   工具结果：缺少 frame_id/track_id
18:21:22 [WARNING] 轨迹 524 达到最大调查步数，使用初始判断
18:21:22 [INFO]   → 确认：调查步数耗尽，沿用阶段一结论：最大位移较大，存在异常跳变
18:21:22 [INFO] [9/25] 调查轨迹 525
18:21:22 [INFO] 开始调查轨迹 525（miss）
18:21:23 [INFO]   步骤 1：调用 replay_segment({'start_frame': 13, 'end_frame': 25})
18:21:23 [INFO]   工具结果：轨迹 525 帧 13-25，原始 2 帧，展示 2 帧（步长 1）
18:21:23 [INFO]   步骤 2：调用 check_nearby_tracks({'track_id': 525, 'frame_ids': [13, 25]})
18:21:23 [INFO]   工具结果：帧 13 轨迹 525 附近（150px）：发现 9 个附近轨迹：ID 520（距离132.0px），ID 522（距离109.5px），ID 527（距离76.2px），ID 529（距离119.3
18:21:24 [INFO]   步骤 3：调用 replay_segment({'start_frame': 12, 'end_frame': 26})
18:21:24 [INFO]   工具结果：轨迹 525 帧 12-26，原始 3 帧，展示 3 帧（步长 1）
18:21:25 [INFO]   步骤 4：调用 compare_appearances({'frame_ids': [13, 25]})
18:21:25 [INFO]   工具结果：轨迹 525：帧13 vs 帧25，外观基本一致，非 ID 切换
18:21:26 [INFO]   步骤 5：调用 replay_segment({'start_frame': 12, 'end_frame': 26})
18:21:26 [INFO]   工具结果：轨迹 525 帧 12-26，原始 3 帧，展示 3 帧（步长 1）
18:21:27 [INFO]   步骤 6：调用 check_nearby_tracks({'track_id': 525, 'frame_ids': [12, 26]})
18:21:27 [INFO]   工具结果：帧 12 轨迹 525 附近（150px）：发现 9 个附近轨迹：ID 520（距离132.2px），ID 522（距离111.4px），ID 527（距离82.3px），ID 529（距离123.9
18:21:27 [WARNING] 轨迹 525 达到最大调查步数，使用初始判断
18:21:27 [INFO]   → 确认：调查步数耗尽，沿用阶段一结论：目标在第13帧至第25帧间中断，消失超过5帧。
18:21:27 [INFO] [10/25] 调查轨迹 528
18:21:27 [INFO] 开始调查轨迹 528（miss）
18:21:27 [INFO]   步骤 1：调用 replay_segment({'start_frame': 95, 'end_frame': 108})
18:21:27 [INFO]   工具结果：轨迹 528 帧 95-108，原始 2 帧，展示 2 帧（步长 1）
18:21:28 [INFO]   步骤 2：调用 check_nearby_tracks({'track_id': 528, 'frame_ids': [95, 108]})
18:21:28 [INFO]   工具结果：帧 95 轨迹 528 附近（150px）：发现 7 个附近轨迹：ID 522（距离30.0px），ID 527（距离85.9px），ID 532（距离30.6px），ID 537（距离67.5px）
18:21:29 [INFO]   步骤 3：调用 replay_segment({'start_frame': 108, 'end_frame': 127})
18:21:29 [INFO]   工具结果：轨迹 528 帧 108-127，原始 2 帧，展示 2 帧（步长 1）
18:21:30 [INFO]   步骤 4：调用 check_nearby_tracks({'track_id': 528, 'frame_ids': [108, 127]})
18:21:30 [INFO]   工具结果：帧 108 轨迹 528 附近（150px）：发现 11 个附近轨迹：ID 522（距离81.4px），ID 525（距离23.1px），ID 527（距离45.1px），ID 532（距离92.5p
18:21:31 [INFO]   步骤 5：调用 replay_segment({'start_frame': 127, 'end_frame': 140})
18:21:31 [INFO]   工具结果：轨迹 528 帧 127-140，原始 11 帧，展示 11 帧（步长 1）
18:21:32 [INFO]   步骤 6：调用 check_nearby_tracks({'track_id': 528, 'frame_ids': [127, 140]})
18:21:32 [INFO]   工具结果：帧 127 轨迹 528 附近（150px）：发现 9 个附近轨迹：ID 522（距离69.8px），ID 525（距离13.4px），ID 527（距离72.2px），ID 532（距离66.8px
18:21:32 [WARNING] 轨迹 528 达到最大调查步数，使用初始判断
18:21:32 [INFO]   → 确认：调查步数耗尽，沿用阶段一结论：目标在第95帧到第108帧间中断，消失超过5帧。
18:21:32 [INFO] [11/25] 调查轨迹 529
18:21:32 [INFO] 开始调查轨迹 529（miss）
18:21:33 [INFO]   步骤 1：调用 replay_segment({'start_frame': 688, 'end_frame': 707})
18:21:33 [INFO]   工具结果：轨迹 529 帧 688-707，原始 4 帧，展示 4 帧（步长 1）
18:21:33 [INFO]   步骤 2：调用 check_nearby_tracks({'frame_id': 688, 'radius': 10})
18:21:33 [INFO]   工具结果：帧 688 轨迹 529 附近（10px）：发现 1 个附近轨迹：ID 518（距离5.2px）
18:21:34 [INFO]   步骤 3：调用 check_nearby_tracks({'frame_id': 707, 'radius': 10})
18:21:34 [INFO]   工具结果：帧 707 轨迹 529 附近（10px）：发现 1 个附近轨迹：ID 549（距离8.6px）
18:21:35 [INFO]   步骤 4：调用 compare_appearances({'frame_id': 688, 'target_id': 529, 'reference_id': 518})
18:21:35 [INFO]   工具结果：轨迹 529：帧688 vs 帧689，外观基本一致，非 ID 切换
18:21:36 [INFO]   步骤 5：调用 compare_appearances({'frame_id': 705, 'target_id': 529, 'reference_id': 549})
18:21:36 [INFO]   工具结果：轨迹 529：帧705 vs 帧706，外观基本一致，非 ID 切换
18:21:37 [INFO]   步骤 6：调用 compare_appearances({'frame_id': 706, 'target_id': 529, 'reference_id': 549})
18:21:37 [INFO]   工具结果：轨迹 529：帧706 vs 帧707，外观基本一致，非 ID 切换
18:21:37 [WARNING] 轨迹 529 达到最大调查步数，使用初始判断
18:21:37 [INFO]   → 确认：调查步数耗尽，沿用阶段一结论：轨迹在688帧后中断，目标消失。
18:21:37 [INFO] [12/25] 调查轨迹 531
18:21:37 [INFO] 开始调查轨迹 531（miss）
18:21:38 [INFO]   步骤 1：调用 replay_segment({'start_frame': 209, 'end_frame': 247})
18:21:38 [INFO]   工具结果：轨迹 531 帧 209-247，原始 8 帧，展示 8 帧（步长 1）
18:21:39 [INFO]   步骤 2：调用 check_nearby_tracks({'track_id': 531, 'frame_range': [210, 218]})
18:21:39 [INFO]   工具结果：帧 214 轨迹 531 附近（150px）：发现 5 个附近轨迹：ID 518（距离146.7px），ID 523（距离27.0px），ID 526（距离46.5px），ID 539（距离75.3p
18:21:40 [INFO]   步骤 3：调用 replay_segment({'start_frame': 210, 'end_frame': 218})
18:21:40 [INFO]   工具结果：轨迹 531 帧 210-218，原始 2 帧，展示 2 帧（步长 1）
18:21:41 [INFO]   步骤 4：调用 compare_appearances({'frame1': 210, 'frame2': 218})
18:21:41 [INFO]   工具结果：缺少 frame_id_a/frame_id_b
18:21:41 [INFO]   步骤 5：调用 replay_segment({'start_frame': 210, 'end_frame': 218})
18:21:41 [INFO]   工具结果：轨迹 531 帧 210-218，原始 2 帧，展示 2 帧（步长 1）
18:21:42 [INFO]   步骤 6：调用 compare_appearances({'frame1': 210, 'frame2': 218})
18:21:42 [INFO]   工具结果：缺少 frame_id_a/frame_id_b
18:21:42 [WARNING] 轨迹 531 达到最大调查步数，使用初始判断
18:21:42 [INFO]   → 确认：调查步数耗尽，沿用阶段一结论：目标在第210帧至第218帧间中断，消失超过5帧。
18:21:42 [INFO] [13/25] 调查轨迹 532
18:21:42 [INFO] 开始调查轨迹 532（drift）
18:21:43 [INFO]   步骤 1：调用 replay_segment({'start_frame': 218, 'end_frame': 803})
18:21:43 [INFO]   工具结果：轨迹 532 帧 218-803，原始 43 帧，展示 32 帧（步长 13）
18:21:50 [INFO]   步骤 2：调用 check_nearby_tracks({'track_id': 532, 'frame_range': [218, 803]})
18:21:50 [INFO]   工具结果：帧 510 轨迹 532 附近（150px）：发现 8 个附近轨迹：ID 517（距离114.2px），ID 527（距离85.7px），ID 529（距离3.7px），ID 534（距离78.9px
18:21:51 [INFO]   步骤 3：调用 compare_appearances({'frame_id': 218, 'target_id': 532, 'compare_id': 529})
18:21:51 [INFO]   工具结果：轨迹 532：帧218 vs 帧219，外观基本一致，非 ID 切换
18:21:52 [INFO]   步骤 4：调用 compare_appearances({'frame_id': 219, 'target_id': 532, 'compare_id': 529})
18:21:52 [INFO]   工具结果：轨迹 532：帧219 vs 帧220，外观基本一致，非 ID 切换
18:21:54 [INFO]   步骤 5：调用 compare_appearances({'frame_id': 220, 'target_id': 532, 'compare_id': 529})
18:21:54 [INFO]   工具结果：轨迹 532：帧220 vs 帧221，外观基本一致，非 ID 切换
18:21:55 [INFO]   步骤 6：调用 compare_appearances({'frame_id': 221, 'target_id': 532, 'compare_id': 529})
18:21:55 [INFO]   工具结果：轨迹 532：帧221 vs 帧222，外观基本一致，非 ID 切换
18:21:55 [WARNING] 轨迹 532 达到最大调查步数，使用初始判断
18:21:55 [INFO]   → 确认：调查步数耗尽，沿用阶段一结论：最大位移较大，且存在多次跳跃帧
18:21:55 [INFO] [14/25] 调查轨迹 533
18:21:55 [INFO] 开始调查轨迹 533（miss）
18:21:56 [INFO]   步骤 1：调用 replay_segment({'start_frame': 419, 'end_frame': 430})
18:21:56 [INFO]   工具结果：轨迹 533 帧 419-430，原始 2 帧，展示 2 帧（步长 1）
18:21:57 [INFO]   步骤 2：调用 check_nearby_tracks({'track_id': 533, 'frame_range': [419, 430]})
18:21:57 [INFO]   工具结果：帧 424 轨迹 533 附近（150px）：发现 3 个附近轨迹：ID 524（距离6.1px），ID 541（距离25.1px），ID 544（距离26.2px）
18:21:57 [INFO]   步骤 3：调用 replay_segment({'start_frame': 424, 'end_frame': 430})
18:21:57 [INFO]   工具结果：轨迹 533 帧 424-430，原始 1 帧，展示 1 帧（步长 1）
18:21:58 [INFO]   步骤 4：调用 check_nearby_tracks({'track_id': 533, 'frame_range': [424, 430]})
18:21:58 [INFO]   工具结果：帧 427 轨迹 533 附近（150px）：发现 3 个附近轨迹：ID 524（距离16.5px），ID 541（距离14.9px），ID 544（距离27.7px）
18:21:59 [INFO]   步骤 5：调用 replay_segment({'start_frame': 427, 'end_frame': 430})
18:21:59 [INFO]   工具结果：轨迹 533 帧 427-430，原始 1 帧，展示 1 帧（步长 1）
18:22:00 [INFO]   步骤 6：调用 check_nearby_tracks({'track_id': 533, 'frame_range': [427, 430]})
18:22:00 [INFO]   工具结果：帧 428 轨迹 533 附近（150px）：发现 3 个附近轨迹：ID 524（距离16.5px），ID 541（距离14.9px），ID 544（距离27.7px）
18:22:00 [WARNING] 轨迹 533 达到最大调查步数，使用初始判断
18:22:00 [INFO]   → 确认：调查步数耗尽，沿用阶段一结论：目标在第419帧后中断，消失超过5帧。
18:22:00 [INFO] [15/25] 调查轨迹 535
18:22:00 [INFO] 开始调查轨迹 535（drift）
18:22:01 [INFO]   步骤 1：调用 replay_segment({'start_frame': 367, 'end_frame': 404})
18:22:01 [INFO]   工具结果：轨迹 535 帧 367-404，原始 27 帧，展示 27 帧（步长 1）
18:22:02 [INFO]   步骤 2：调用 check_nearby_tracks({'track_id': 535, 'frame_range': [367, 404]})
18:22:02 [INFO]   工具结果：帧 385 轨迹 535 附近（150px）：发现 9 个附近轨迹：ID 517（距离111.3px），ID 525（距离123.3px），ID 527（距离45.9px），ID 529（距离136.
18:22:03 [INFO]   步骤 3：调用 compare_appearances({'frame_id': 391, 'track_id': 535})
18:22:03 [INFO]   工具结果：轨迹 535：帧391 vs 帧392，外观基本一致，非 ID 切换
18:22:05 [INFO]   步骤 4：调用 replay_segment({'start_frame': 367, 'end_frame': 404})
18:22:05 [INFO]   工具结果：轨迹 535 帧 367-404，原始 27 帧，展示 27 帧（步长 1）
18:22:06 [INFO]   步骤 5：调用 check_nearby_tracks({'track_id': 535, 'frame_range': [367, 404]})
18:22:06 [INFO]   工具结果：帧 385 轨迹 535 附近（150px）：发现 9 个附近轨迹：ID 517（距离111.3px），ID 525（距离123.3px），ID 527（距离45.9px），ID 529（距离136.
18:22:08 [INFO]   步骤 6：调用 compare_appearances({'frame_id': 391, 'track_id': 535})
18:22:08 [INFO]   工具结果：轨迹 535：帧391 vs 帧392，外观基本一致，非 ID 切换
18:22:08 [WARNING] 轨迹 535 达到最大调查步数，使用初始判断
18:22:08 [INFO]   → 确认：调查步数耗尽，沿用阶段一结论：最大位移较大，且在第391帧出现异常跳变。
18:22:08 [INFO] [16/25] 调查轨迹 536
18:22:08 [INFO] 开始调查轨迹 536（drift）
18:22:08 [INFO]   步骤 1：调用 replay_segment({'start_frame': 581, 'end_frame': 629})
18:22:08 [INFO]   工具结果：轨迹 536 帧 581-629，原始 14 帧，展示 14 帧（步长 2）
18:22:09 [INFO]   步骤 2：调用 check_nearby_tracks({'track_id': 536, 'frame_range': [581, 629]})
18:22:09 [INFO]   工具结果：帧 605 轨迹 536 附近（150px）：发现 7 个附近轨迹：ID 519（距离85.0px），ID 526（距离73.6px），ID 531（距离26.6px），ID 532（距离148.7p
18:22:10 [INFO]   步骤 3：调用 compare_appearances({'frame_id': 581, 'compare_frame_id': 605})
18:22:10 [INFO]   工具结果：轨迹 536：帧581 vs 帧605，外观基本一致，非 ID 切换
18:22:12 [INFO]   步骤 4：调用 compare_appearances({'frame_id': 605, 'compare_frame_id': 629})
18:22:12 [INFO]   工具结果：轨迹 536：帧605 vs 帧629，外观基本一致，非 ID 切换
18:22:13 [INFO]   步骤 5：调用 replay_segment({'start_frame': 581, 'end_frame': 629})
18:22:13 [INFO]   工具结果：轨迹 536 帧 581-629，原始 14 帧，展示 14 帧（步长 2）
18:22:14 [INFO]   步骤 6：调用 check_nearby_tracks({'track_id': 536, 'frame_range': [581, 629]})
18:22:14 [INFO]   工具结果：帧 605 轨迹 536 附近（150px）：发现 7 个附近轨迹：ID 519（距离85.0px），ID 526（距离73.6px），ID 531（距离26.6px），ID 532（距离148.7p
18:22:14 [WARNING] 轨迹 536 达到最大调查步数，使用初始判断
18:22:14 [INFO]   → 确认：调查步数耗尽，沿用阶段一结论：最大位移75.11帧内有异常跳变
18:22:14 [INFO] [17/25] 调查轨迹 537
18:22:14 [INFO] 开始调查轨迹 537（drift）
18:22:15 [INFO]   步骤 1：调用 replay_segment({'start_frame': 368, 'end_frame': 803})
18:22:15 [INFO]   工具结果：轨迹 537 帧 368-803，原始 39 帧，展示 32 帧（步长 10）
18:22:16 [INFO]   步骤 2：调用 check_nearby_tracks({'track_id': 537, 'frame_range': [368, 803]})
18:22:16 [INFO]   工具结果：帧 585 轨迹 537 附近（150px）：发现 8 个附近轨迹：ID 520（距离29.2px），ID 522（距离138.3px），ID 523（距离63.3px），ID 538（距离83.8p
18:22:18 [INFO]   步骤 3：调用 compare_appearances({'frame_id': 370, 'frame_id_2': 375})
18:22:18 [INFO]   工具结果：轨迹 537：帧370 vs 帧375，外观基本一致，非 ID 切换
18:22:19 [INFO]   步骤 4：调用 replay_segment({'start_frame': 368, 'end_frame': 375})
18:22:19 [INFO]   工具结果：轨迹 537 帧 368-375，原始 5 帧，展示 5 帧（步长 1）
18:22:20 [INFO]   步骤 5：调用 replay_segment({'start_frame': 375, 'end_frame': 388})
18:22:20 [INFO]   工具结果：轨迹 537 帧 375-388，原始 2 帧，展示 2 帧（步长 1）
18:22:21 [INFO]   步骤 6：调用 replay_segment({'start_frame': 388, 'end_frame': 407})
18:22:21 [INFO]   工具结果：轨迹 537 帧 388-407，原始 16 帧，展示 16 帧（步长 1）
18:22:21 [WARNING] 轨迹 537 达到最大调查步数，使用初始判断
18:22:21 [INFO]   → 确认：调查步数耗尽，沿用阶段一结论：最大位移65.32，表明存在异常跳变。
18:22:21 [INFO] [18/25] 调查轨迹 539
18:22:21 [INFO] 开始调查轨迹 539（drift）
18:22:21 [INFO]   步骤 1：调用 replay_segment({'start_frame': 535, 'end_frame': 541})
18:22:21 [INFO]   工具结果：轨迹 539 帧 535-541，原始 3 帧，展示 3 帧（步长 1）
18:22:22 [INFO]   步骤 2：调用 check_nearby_tracks({'track_id': 539, 'frame_ids': [535, 540, 541]})
18:22:22 [INFO]   工具结果：帧 535 轨迹 539 附近（150px）：发现 5 个附近轨迹：ID 519（距离33.7px），ID 526（距离71.6px），ID 531（距离52.8px），ID 540（距离108.8p
18:22:24 [INFO]   步骤 3：调用 zoom_region({'frame_id': 535, 'region': [198, 275, 332, 450]})
18:22:24 [INFO]   工具结果：轨迹 539 第 535 帧放大 3.0x，已锐化
18:22:25 [INFO]   步骤 4：调用 zoom_region({'frame_id': 540, 'region': [198, 275, 332, 450]})
18:22:25 [INFO]   工具结果：轨迹 539 第 540 帧放大 3.0x，已锐化
18:22:28 [INFO]   步骤 5：调用 zoom_region({'frame_id': 541, 'region': [198, 275, 332, 450]})
18:22:28 [INFO]   工具结果：轨迹 539 第 541 帧放大 3.0x，已锐化
18:22:30 [INFO]   步骤 6：调用 compare_appearances({'frame_id_1': 535, 'frame_id_2': 540})
18:22:30 [INFO]   工具结果：轨迹 539：帧535 vs 帧540，外观基本一致，非 ID 切换
18:22:30 [WARNING] 轨迹 539 达到最大调查步数，使用初始判断
18:22:30 [INFO]   → 确认：调查步数耗尽，沿用阶段一结论：最大位移较大，且在特定帧出现异常跳变。
18:22:30 [INFO] [19/25] 调查轨迹 542
18:22:30 [INFO] 开始调查轨迹 542（drift）
18:22:30 [INFO]   步骤 1：调用 replay_segment({'start_frame': 557, 'end_frame': 675})
18:22:30 [INFO]   工具结果：轨迹 542 帧 557-675，原始 32 帧，展示 32 帧（步长 3）
18:22:31 [INFO]   步骤 2：调用 check_nearby_tracks({'frame_ids': [557, 675]})
18:22:31 [INFO]   工具结果：帧 557 轨迹 542 附近（150px）：发现 5 个附近轨迹：ID 522（距离11.3px），ID 530（距离7.8px），ID 538（距离92.2px），ID 547（距离52.7px）
18:22:33 [INFO]   步骤 3：调用 compare_appearances({'frame_id': 557, 'target_track_id': 542, 'reference_track_id': 542, 'frames': [557, 675]})
18:22:33 [INFO]   工具结果：轨迹 542：帧557 vs 帧675，外观有差异，可能存在遮挡或光照变化
18:22:34 [INFO]   步骤 4：调用 replay_segment({'start_frame': 557, 'end_frame': 675})
18:22:34 [INFO]   工具结果：轨迹 542 帧 557-675，原始 32 帧，展示 32 帧（步长 3）
18:22:35 [INFO]   步骤 5：调用 check_nearby_tracks({'frame_ids': [557, 675]})
18:22:35 [INFO]   工具结果：帧 557 轨迹 542 附近（150px）：发现 5 个附近轨迹：ID 522（距离11.3px），ID 530（距离7.8px），ID 538（距离92.2px），ID 547（距离52.7px）
18:22:37 [INFO]   步骤 6：调用 compare_appearances({'frame_id': 557, 'target_track_id': 542, 'reference_track_id': 542, 'frames': [557, 675]})
18:22:37 [INFO]   工具结果：轨迹 542：帧557 vs 帧675，外观有差异，可能存在遮挡或光照变化
18:22:37 [WARNING] 轨迹 542 达到最大调查步数，使用初始判断
18:22:37 [INFO]   → 确认：调查步数耗尽，沿用阶段一结论：最大位移35.44帧内有异常跳变
18:22:37 [INFO] [20/25] 调查轨迹 544
18:22:37 [INFO] 开始调查轨迹 544（drift）
18:22:38 [INFO]   步骤 1：调用 replay_segment({'start_frame': 607, 'end_frame': 799})
18:22:38 [INFO]   工具结果：轨迹 544 帧 607-799，原始 33 帧，展示 32 帧（步长 5）
18:22:39 [INFO]   步骤 2：调用 check_nearby_tracks({'track_id': 544, 'frame_range': [607, 799]})
18:22:39 [INFO]   工具结果：帧 703 轨迹 544 附近（150px）：发现 3 个附近轨迹：ID 524（距离34.7px），ID 533（距离28.4px），ID 541（距离17.2px）
18:22:40 [INFO]   步骤 3：调用 replay_segment({'start_frame': 703, 'end_frame': 799})
18:22:40 [INFO]   工具结果：轨迹 544 帧 703-799，原始 27 帧，展示 27 帧（步长 3）
18:22:41 [INFO]   步骤 4：调用 compare_appearances({'frame1': 703, 'frame2': 707})
18:22:41 [INFO]   工具结果：缺少 frame_id_a/frame_id_b
18:22:42 [INFO]   步骤 5：调用 compare_appearances({'frame1': 703, 'frame2': 706})
18:22:42 [INFO]   工具结果：缺少 frame_id_a/frame_id_b
18:22:44 [INFO]   步骤 6：调用 compare_appearances({'frame1': 703, 'frame2': 709})
18:22:44 [INFO]   工具结果：缺少 frame_id_a/frame_id_b
18:22:44 [WARNING] 轨迹 544 达到最大调查步数，使用初始判断
18:22:44 [INFO]   → 确认：调查步数耗尽，沿用阶段一结论：最大位移较大且有多个异常跳变帧
18:22:44 [INFO] [21/25] 调查轨迹 545
18:22:44 [INFO] 开始调查轨迹 545（drift）
18:22:44 [INFO]   步骤 1：调用 replay_segment({'start_frame': 594, 'end_frame': 803})
18:22:44 [INFO]   工具结果：轨迹 545 帧 594-803，原始 42 帧，展示 32 帧（步长 5）
18:22:45 [INFO]   步骤 2：调用 check_nearby_tracks({'track_id': 545, 'frame_range': [594, 803]})
18:22:45 [INFO]   工具结果：帧 698 轨迹 545 附近（150px）：发现 9 个附近轨迹：ID 517（距离71.2px），ID 518（距离96.3px），ID 527（距离87.2px），ID 529（距离48.3px
18:22:53 [INFO]   步骤 3：调用 compare_appearances({'frame_id': 698, 'track_id': 545})
18:22:53 [INFO]   工具结果：轨迹 545：帧698 vs 帧699，外观基本一致，非 ID 切换
18:22:54 [INFO]   步骤 4：调用 replay_segment({'start_frame': 675, 'end_frame': 700})
18:22:54 [INFO]   工具结果：轨迹 545 帧 675-700，原始 26 帧，展示 26 帧（步长 1）
18:22:56 [INFO]   步骤 5：调用 check_nearby_tracks({'track_id': 545, 'frame_range': [675, 700]})
18:22:56 [INFO]   工具结果：帧 687 轨迹 545 附近（150px）：发现 6 个附近轨迹：ID 517（距离89.0px），ID 527（距离97.6px），ID 534（距离75.3px），ID 546（距离141.1p
18:22:57 [INFO]   步骤 6：调用 compare_appearances({'frame_id': 687, 'track_id': 545})
18:22:57 [INFO]   工具结果：轨迹 545：帧687 vs 帧688，外观基本一致，非 ID 切换
18:22:57 [WARNING] 轨迹 545 达到最大调查步数，使用初始判断
18:22:57 [INFO]   → 确认：调查步数耗尽，沿用阶段一结论：最大位移较大，存在异常跳变。
18:22:57 [INFO] [22/25] 调查轨迹 547
18:22:57 [INFO] 开始调查轨迹 547（miss）
18:22:58 [INFO]   步骤 1：调用 replay_segment({'start_frame': 643, 'end_frame': 658})
18:22:58 [INFO]   工具结果：轨迹 547 帧 643-658，原始 5 帧，展示 5 帧（步长 1）
18:22:59 [INFO]   步骤 2：调用 check_nearby_tracks({'track_id': 547, 'frame_range': [648, 656]})
18:22:59 [INFO]   工具结果：帧 652 轨迹 547 附近（150px）：发现 6 个附近轨迹：ID 522（距离79.2px），ID 530（距离39.4px），ID 537（距离99.2px），ID 538（距离133.3p
18:23:00 [INFO]   步骤 3：调用 compare_appearances({'frame_id': 652, 'track_id': 547})
18:23:00 [INFO]   工具结果：轨迹 547：帧652 vs 帧653，外观基本一致，非 ID 切换
18:23:00 [INFO]   步骤 4：调用 replay_segment({'start_frame': 648, 'end_frame': 656})
18:23:00 [INFO]   工具结果：轨迹 547 帧 648-656，原始 2 帧，展示 2 帧（步长 1）
18:23:01 [INFO]   步骤 5：调用 check_nearby_tracks({'track_id': 547, 'frame_range': [648, 656]})
18:23:01 [INFO]   工具结果：帧 652 轨迹 547 附近（150px）：发现 6 个附近轨迹：ID 522（距离79.2px），ID 530（距离39.4px），ID 537（距离99.2px），ID 538（距离133.3p
18:23:02 [INFO]   步骤 6：调用 compare_appearances({'frame_id': 652, 'track_id': 547})
18:23:02 [INFO]   工具结果：轨迹 547：帧652 vs 帧653，外观基本一致，非 ID 切换
18:23:02 [WARNING] 轨迹 547 达到最大调查步数，使用初始判断
18:23:02 [INFO]   → 确认：调查步数耗尽，沿用阶段一结论：目标在第648帧至第656帧间中断，消失超过5帧。
18:23:02 [INFO] [23/25] 调查轨迹 548
18:23:02 [INFO] 开始调查轨迹 548（miss）
18:23:03 [INFO]   步骤 1：调用 replay_segment({'start_frame': 680, 'end_frame': 692})
18:23:03 [INFO]   工具结果：轨迹 548 帧 680-692，原始 4 帧，展示 4 帧（步长 1）
18:23:04 [INFO]   步骤 2：调用 check_nearby_tracks({'track_id': 548, 'frame_range': [680, 692]})
18:23:04 [INFO]   工具结果：帧 686 轨迹 548 附近（150px）：发现 7 个附近轨迹：ID 519（距离74.1px），ID 520（距离34.7px），ID 522（距离132.3px），ID 523（距离69.5p
18:23:05 [INFO]   步骤 3：调用 compare_appearances({'frame_id': 686, 'track_id': 548})
18:23:05 [INFO]   工具结果：轨迹 548：帧686 vs 帧687，外观基本一致，非 ID 切换
18:23:06 [INFO]   步骤 4：调用 zoom_region({'frame_id': 686, 'track_id': 548, 'region': [100, 100, 150, 150]})
18:23:06 [INFO]   工具结果：轨迹 548 第 686 帧放大 3.0x，已锐化
18:23:07 [INFO]   步骤 5：调用 replay_segment({'start_frame': 680, 'end_frame': 692})
18:23:07 [INFO]   工具结果：轨迹 548 帧 680-692，原始 4 帧，展示 4 帧（步长 1）
18:23:09 [INFO]   步骤 6：调用 check_nearby_tracks({'track_id': 548, 'frame_range': [680, 692]})
18:23:09 [INFO]   工具结果：帧 686 轨迹 548 附近（150px）：发现 7 个附近轨迹：ID 519（距离74.1px），ID 520（距离34.7px），ID 522（距离132.3px），ID 523（距离69.5p
18:23:09 [WARNING] 轨迹 548 达到最大调查步数，使用初始判断
18:23:09 [INFO]   → 确认：调查步数耗尽，沿用阶段一结论：目标在第682帧后消失，持续10帧。
18:23:09 [INFO] [24/25] 调查轨迹 549
18:23:09 [INFO] 开始调查轨迹 549（miss）
18:23:09 [INFO]   步骤 1：调用 replay_segment({'start_frame': 783, 'end_frame': 799})
18:23:09 [INFO]   工具结果：轨迹 549 帧 783-799，原始 2 帧，展示 2 帧（步长 1）
18:23:10 [INFO]   步骤 2：调用 check_nearby_tracks({'track_id': 549, 'frame_range': [783, 799]})
18:23:10 [INFO]   工具结果：帧 791 轨迹 549 附近（150px）：发现 7 个附近轨迹：ID 517（距离9.9px），ID 518（距离135.8px），ID 527（距离146.2px），ID 529（距离41.6p
18:23:11 [INFO]   步骤 3：调用 compare_appearances({'track_id': 549, 'frame_range': [783, 799]})
18:23:11 [INFO]   工具结果：轨迹 549：帧791 vs 帧799，外观基本一致，非 ID 切换
18:23:12 [INFO]   步骤 4：调用 replay_segment({'start_frame': 783, 'end_frame': 799})
18:23:12 [INFO]   工具结果：轨迹 549 帧 783-799，原始 2 帧，展示 2 帧（步长 1）
18:23:13 [INFO]   步骤 5：调用 check_nearby_tracks({'track_id': 549, 'frame_range': [783, 799]})
18:23:13 [INFO]   工具结果：帧 791 轨迹 549 附近（150px）：发现 7 个附近轨迹：ID 517（距离9.9px），ID 518（距离135.8px），ID 527（距离146.2px），ID 529（距离41.6p
18:23:14 [INFO]   步骤 6：调用 compare_appearances({'track_id': 549, 'frame_range': [783, 799]})
18:23:14 [INFO]   工具结果：轨迹 549：帧791 vs 帧799，外观基本一致，非 ID 切换
18:23:14 [WARNING] 轨迹 549 达到最大调查步数，使用初始判断
18:23:14 [INFO]   → 确认：调查步数耗尽，沿用阶段一结论：轨迹在783帧后中断，目标消失超过5帧。
18:23:14 [INFO] [25/25] 调查轨迹 550
18:23:14 [INFO] 开始调查轨迹 550（miss）
18:23:15 [INFO]   步骤 1：调用 replay_segment({'start_frame': 776, 'end_frame': 803})
18:23:15 [INFO]   工具结果：轨迹 550 帧 776-803，原始 7 帧，展示 7 帧（步长 1）
18:23:16 [INFO]   步骤 2：调用 check_nearby_tracks({'track_id': 550, 'frame_range': [776, 803]})
18:23:16 [INFO]   工具结果：帧 789 轨迹 550 附近（150px）：发现 6 个附近轨迹：ID 522（距离60.5px），ID 530（距离19.5px），ID 537（距离16.4px），ID 538（距离115.6p
18:23:17 [INFO]   步骤 3：调用 replay_segment({'start_frame': 787, 'end_frame': 801})
18:23:17 [INFO]   工具结果：轨迹 550 帧 787-801，原始 2 帧，展示 2 帧（步长 1）
18:23:18 [INFO]   步骤 4：调用 check_nearby_tracks({'track_id': 550, 'frame_range': [787, 801]})
18:23:18 [INFO]   工具结果：帧 794 轨迹 550 附近（150px）：发现 6 个附近轨迹：ID 522（距离60.5px），ID 530（距离19.5px），ID 537（距离28.4px），ID 538（距离115.6p
18:23:19 [INFO]   步骤 5：调用 replay_segment({'start_frame': 787, 'end_frame': 801})
18:23:19 [INFO]   工具结果：轨迹 550 帧 787-801，原始 2 帧，展示 2 帧（步长 1）
18:23:20 [INFO]   步骤 6：调用 check_nearby_tracks({'track_id': 550, 'frame_range': [787, 801]})
18:23:20 [INFO]   工具结果：帧 794 轨迹 550 附近（150px）：发现 6 个附近轨迹：ID 522（距离60.5px），ID 530（距离19.5px），ID 537（距离28.4px），ID 538（距离115.6p
18:23:20 [WARNING] 轨迹 550 达到最大调查步数，使用初始判断
18:23:20 [INFO]   → 确认：调查步数耗尽，沿用阶段一结论：目标在778帧后消失，持续了14帧。
18:23:20 [INFO] ========================================
18:23:20 [INFO] [dancetrack0042] 阶段三：轨迹修正
18:23:20 [INFO] ========================================
18:23:20 [INFO] 正在分析轨迹 519（长度 791 帧）...
18:23:21 [INFO] 修正回滚：track=519 type=drift
18:23:21 [INFO] 正在分析轨迹 520（长度 402 帧）...
18:23:22 [INFO] 修正回滚：track=520 type=drift
18:23:23 [INFO] 正在分析轨迹 522（长度 550 帧）...
18:23:24 [INFO] 修正回滚：track=522 type=miss
18:23:24 [INFO] 正在分析轨迹 523（长度 375 帧）...
18:23:26 [INFO] 修正生效：track=523 type=miss frames=346-386
18:23:26 [INFO] 修正跳过/失败：track=529 type=miss detail=缺少前后锚点，无法插值补全
18:23:26 [INFO] 正在分析轨迹 533（长度 201 帧）...
18:23:27 [INFO] 修正生效：track=533 type=miss frames=419-430
18:23:27 [INFO] 修正跳过/失败：track=548 type=miss detail=缺少前后锚点，无法插值补全
18:23:27 [INFO] 正在分析轨迹 549（长度 30 帧）...
18:23:29 [INFO] 修正生效：track=549 type=miss frames=783-799
18:23:29 [INFO] [dancetrack0042] 修正后 MOT 已保存至 /public/home/lyh_npu/code/PostMOT/corrected_mot/dancetrack0042.txt
18:23:29 [INFO] [dancetrack0042] 报告已保存至 /public/home/lyh_npu/code/PostMOT/pipeline_report_batch_seq_reports/dancetrack0042.json
18:23:29 [INFO] [14/35] 处理序列 dancetrack0046
18:24:04 [INFO] 加载轨迹 67 条
18:24:04 [INFO] ========================================
18:24:04 [INFO] [dancetrack0046] 阶段一：VLM 轨迹巡检
18:24:04 [INFO] ========================================
18:24:04 [INFO] 正在分析轨迹 553（长度 755 帧）...
18:24:05 [INFO] [可疑] 轨迹 553 — miss 置信度 0.80：目标在216帧至306帧间丢失
18:24:05 [INFO] 正在分析轨迹 554（长度 628 帧）...
18:24:07 [INFO] [可疑] 轨迹 554 — drift 置信度 0.80：最大位移93.41帧内有显著跳变，不符合预期运动规律。
18:24:07 [INFO] 正在分析轨迹 555（长度 276 帧）...
18:24:08 [INFO] [可疑] 轨迹 555 — drift 置信度 0.80：最大位移较大，且存在跳跃帧，表明目标位置异常。
18:24:08 [INFO] 正在分析轨迹 556（长度 204 帧）...
18:24:10 [INFO] [可疑] 轨迹 556 — miss 置信度 0.90：在第217帧至第232帧间，目标轨迹中断，未检测到目标。
18:24:10 [INFO] 正在分析轨迹 557（长度 149 帧）...
18:24:11 [INFO] [可疑] 轨迹 557 — drift 置信度 0.90：最大位移80.83，表明目标位置有异常跳变。
18:24:11 [INFO] 正在分析轨迹 558（长度 259 帧）...
18:24:13 [INFO] [可疑] 轨迹 558 — drift 置信度 0.90：最大位移为70.35，表明目标位置发生了异常跳变。
18:24:13 [INFO] 正在分析轨迹 559（长度 60 帧）...
18:24:14 [INFO] [可疑] 轨迹 559 — miss 置信度 0.90：目标在第9帧到第20帧间中断，未检测到目标。
18:24:14 [INFO] 正在分析轨迹 560（长度 32 帧）...
18:24:15 [INFO] [可疑] 轨迹 560 — miss 置信度 0.90：目标在第18帧至第24帧间中断，消失超过5帧。
18:24:15 [INFO] 正在分析轨迹 561（长度 65 帧）...
18:24:17 [INFO] 正在分析轨迹 562（长度 684 帧）...
18:24:18 [INFO] [可疑] 轨迹 562 — drift 置信度 0.80：最大位移点处目标位置异常跳变
18:24:18 [INFO] 正在分析轨迹 563（长度 43 帧）...
18:24:19 [INFO] [可疑] 轨迹 563 — miss 置信度 0.80：目标在第16帧至第25帧间中断，消失超过5帧。
18:24:19 [INFO] 正在分析轨迹 564（长度 179 帧）...
18:24:21 [INFO] [可疑] 轨迹 564 — miss 置信度 0.90：目标在172帧后消失，持续8帧。
18:24:21 [INFO] 正在分析轨迹 565（长度 245 帧）...
18:24:22 [INFO] [可疑] 轨迹 565 — miss 置信度 0.80：轨迹中断，目标消失超过5帧
18:24:22 [INFO] 正在分析轨迹 566（长度 164 帧）...
18:24:23 [INFO] [可疑] 轨迹 566 — drift 置信度 0.90：最大位移帧153处目标位置异常跳变
18:24:23 [INFO] 正在分析轨迹 568（长度 785 帧）...
18:24:25 [INFO] [可疑] 轨迹 568 — drift 置信度 0.90：最大位移帧为342，可能存在异常跳变。
18:24:25 [INFO] 正在分析轨迹 569（长度 107 帧）...
18:24:26 [INFO] [可疑] 轨迹 569 — miss 置信度 0.90：轨迹在130帧后中断，目标消失超过5帧。
18:24:26 [INFO] 正在分析轨迹 570（长度 31 帧）...
18:24:28 [INFO] [可疑] 轨迹 570 — drift 置信度 0.90：最大位移发生在第55帧，位置异常跳变。
18:24:28 [INFO] 正在分析轨迹 571（长度 7 帧）...
18:24:29 [INFO] [可疑] 轨迹 571 — miss 置信度 0.80：目标在第60帧到第73帧间中断，未检测到目标。
18:24:29 [INFO] 正在分析轨迹 572（长度 107 帧）...
18:24:31 [INFO] [可疑] 轨迹 572 — miss 置信度 0.90：在第70帧到第84帧间，目标轨迹中断，消失超过5帧。
18:24:31 [INFO] 正在分析轨迹 573（长度 192 帧）...
18:24:32 [INFO] [可疑] 轨迹 573 — drift 置信度 0.80：最大位移较大，且在特定帧出现异常跳变。
18:24:32 [INFO] 正在分析轨迹 574（长度 208 帧）...
18:24:34 [INFO] [可疑] 轨迹 574 — drift 置信度 0.80：最大位移较大，存在异常跳变。
18:24:34 [INFO] 正在分析轨迹 575（长度 538 帧）...
18:24:35 [INFO] [可疑] 轨迹 575 — drift 置信度 0.80：目标在221至268帧间位置异常跳变，不符合运动规律。
18:24:35 [INFO] 正在分析轨迹 576（长度 839 帧）...
18:24:37 [INFO] [可疑] 轨迹 576 — drift 置信度 0.80：目标位置在第680帧至第697帧间出现异常跳变，不符合运动规律。
18:24:37 [INFO] 正在分析轨迹 577（长度 9 帧）...
18:24:39 [INFO] 正在分析轨迹 578（长度 31 帧）...
18:24:40 [INFO] [可疑] 轨迹 578 — drift 置信度 0.80：最大位移较大，且在第204帧出现异常跳变。
18:24:40 [INFO] 正在分析轨迹 579（长度 4 帧）...
18:24:42 [INFO] 正在分析轨迹 580（长度 50 帧）...
18:24:43 [INFO] [可疑] 轨迹 580 — miss 置信度 0.90：目标在294帧后消失，持续6帧。
18:24:43 [INFO] 正在分析轨迹 581（长度 338 帧）...
18:24:45 [INFO] [可疑] 轨迹 581 — miss 置信度 0.90：目标在第263帧至第275帧间中断，消失超过5帧。
18:24:45 [INFO] 正在分析轨迹 582（长度 12 帧）...
18:24:46 [INFO] 正在分析轨迹 584（长度 593 帧）...
18:24:48 [INFO] [可疑] 轨迹 584 — drift 置信度 0.90：最大位移帧为332，位置异常跳变。
18:24:48 [INFO] 正在分析轨迹 585（长度 647 帧）...
18:24:49 [INFO] [可疑] 轨迹 585 — drift 置信度 0.80：最大位移较大，且存在多次跳跃帧
18:24:49 [INFO] 正在分析轨迹 586（长度 413 帧）...
18:24:51 [INFO] [可疑] 轨迹 586 — drift 置信度 0.80：最大位移47.92，表明目标位置有异常跳变。
18:24:51 [INFO] 正在分析轨迹 587（长度 383 帧）...
18:24:52 [INFO] [可疑] 轨迹 587 — drift 置信度 0.80：最大位移较大且在特定帧出现异常跳变
18:24:52 [INFO] 正在分析轨迹 588（长度 311 帧）...
18:25:00 [INFO] [可疑] 轨迹 588 — drift 置信度 0.80：最大位移34.0，表明目标位置有异常跳变。
18:25:00 [INFO] 正在分析轨迹 589（长度 268 帧）...
18:25:02 [INFO] [可疑] 轨迹 589 — drift 置信度 0.80：最大位移较大，且存在多个异常跳变帧。
18:25:02 [INFO] 正在分析轨迹 590（长度 3 帧）...
18:25:03 [INFO] 正在分析轨迹 591（长度 6 帧）...
18:25:05 [INFO] 正在分析轨迹 592（长度 282 帧）...
18:25:06 [INFO] [可疑] 轨迹 592 — drift 置信度 0.80：最大位移40.74帧内有异常跳变
18:25:06 [INFO] 正在分析轨迹 593（长度 478 帧）...
18:25:08 [INFO] [可疑] 轨迹 593 — drift 置信度 0.80：目标在第649帧和第652帧间位置异常跳变。
18:25:08 [INFO] 正在分析轨迹 594（长度 65 帧）...
18:25:10 [INFO] [可疑] 轨迹 594 — miss 置信度 0.90：目标在第400帧至408帧间中断，持续8帧。
18:25:10 [INFO] 正在分析轨迹 595（长度 195 帧）...
18:25:12 [INFO] [可疑] 轨迹 595 — miss 置信度 0.90：目标在第422帧至428帧间中断，持续6帧。
18:25:12 [INFO] 正在分析轨迹 596（长度 397 帧）...
18:25:13 [INFO] [可疑] 轨迹 596 — drift 置信度 0.90：最大位移帧715处目标位置异常跳变
18:25:13 [INFO] 正在分析轨迹 597（长度 42 帧）...
18:25:15 [INFO] [可疑] 轨迹 597 — drift 置信度 0.90：最大位移帧687处目标位置异常跳变
18:25:15 [INFO] 正在分析轨迹 598（长度 105 帧）...
18:25:16 [INFO] [可疑] 轨迹 598 — miss 置信度 0.90：轨迹在最后几帧中断，目标消失超过5帧。
18:25:16 [INFO] 正在分析轨迹 599（长度 20 帧）...
18:25:18 [INFO] [可疑] 轨迹 599 — miss 置信度 0.90：目标在689帧后消失，持续15帧。
18:25:18 [INFO] 正在分析轨迹 600（长度 316 帧）...
18:25:20 [INFO] [可疑] 轨迹 600 — drift 置信度 0.80：最大位移较大，且在特定帧出现异常跳变
18:25:20 [INFO] 正在分析轨迹 601（长度 24 帧）...
18:25:21 [INFO] 正在分析轨迹 602（长度 16 帧）...
18:25:23 [INFO] [可疑] 轨迹 602 — drift 置信度 0.80：最大位移较大，且在第713帧出现异常跳变。
18:25:23 [INFO] 正在分析轨迹 603（长度 153 帧）...
18:25:24 [INFO] [可疑] 轨迹 603 — drift 置信度 0.80：最大位移44.14帧内有异常跳变
18:25:25 [INFO] 正在分析轨迹 604（长度 90 帧）...
18:25:26 [INFO] [可疑] 轨迹 604 — drift 置信度 0.80：最大位移较大，且在第825帧出现异常跳变。
18:25:26 [INFO] 正在分析轨迹 607（长度 73 帧）...
18:25:28 [INFO] [可疑] 轨迹 607 — drift 置信度 0.80：最大位移发生在第874帧，位置异常跳变。
18:25:28 [INFO] 正在分析轨迹 608（长度 79 帧）...
18:25:29 [INFO] [可疑] 轨迹 608 — drift 置信度 0.80：最大位移发生在第823帧，之后目标位置出现异常跳变。
18:25:29 [INFO] 正在分析轨迹 609（长度 29 帧）...
18:25:31 [INFO] [可疑] 轨迹 609 — drift 置信度 0.80：最大位移较大，且在第834帧出现异常跳变。
18:25:31 [INFO] 正在分析轨迹 611（长度 148 帧）...
18:25:32 [INFO] [可疑] 轨迹 611 — miss 置信度 0.90：轨迹在971帧后中断，目标消失超过5帧。
18:25:32 [INFO] 正在分析轨迹 612（长度 93 帧）...
18:25:34 [INFO] [可疑] 轨迹 612 — miss 置信度 0.80：轨迹在890帧至912帧间中断，持续超过5帧。
18:25:34 [INFO] 正在分析轨迹 613（长度 78 帧）...
18:25:35 [INFO] [可疑] 轨迹 613 — miss 置信度 0.90：轨迹中断，目标消失超过5帧
18:25:35 [INFO] 正在分析轨迹 614（长度 70 帧）...
18:25:37 [INFO] [可疑] 轨迹 614 — drift 置信度 0.80：最大位移较大，且在特定帧出现异常跳变。
18:25:37 [INFO] 正在分析轨迹 615（长度 79 帧）...
18:25:38 [INFO] [可疑] 轨迹 615 — drift 置信度 0.80：最大位移帧992处目标位置异常跳变
18:25:38 [INFO] 正在分析轨迹 616（长度 26 帧）...
18:25:40 [INFO] [可疑] 轨迹 616 — miss 置信度 0.90：目标在第960帧后中断，持续14帧。
18:25:40 [INFO] 正在分析轨迹 618（长度 11 帧）...
18:25:42 [INFO] [dancetrack0046] 阶段一完成：52 条可疑轨迹，已保存至 /public/home/lyh_npu/code/PostMOT/pipeline_report_batch_seq_reports/dancetrack0046_stage1.json
18:25:42 [INFO] ========================================
18:25:42 [INFO] [dancetrack0046] 阶段二：LLM 工具调用调查
18:25:42 [INFO] ========================================
18:25:42 [INFO] [1/52] 调查轨迹 553
18:25:42 [INFO] 开始调查轨迹 553（miss）
18:25:42 [INFO]   步骤 1：调用 replay_segment({'start_frame': 216, 'end_frame': 306})
18:25:42 [INFO]   工具结果：轨迹 553 帧 216-306，原始 15 帧，展示 15 帧（步长 2）
18:25:43 [INFO]   步骤 2：调用 check_nearby_tracks({'frame_start': 216, 'frame_end': 306})
18:25:43 [INFO]   工具结果：缺少 frame_id/track_id
18:25:44 [INFO]   步骤 3：调用 replay_segment({'start_frame': 216, 'end_frame': 306})
18:25:44 [INFO]   工具结果：轨迹 553 帧 216-306，原始 15 帧，展示 15 帧（步长 2）
18:25:45 [INFO]   步骤 4：调用 check_nearby_tracks({'frame_start': 216, 'frame_end': 306})
18:25:45 [INFO]   工具结果：缺少 frame_id/track_id
18:25:46 [INFO]   步骤 5：调用 replay_segment({'start_frame': 216, 'end_frame': 306})
18:25:46 [INFO]   工具结果：轨迹 553 帧 216-306，原始 15 帧，展示 15 帧（步长 2）
18:25:47 [INFO]   步骤 6：调用 check_nearby_tracks({'frame_start': 216, 'frame_end': 306})
18:25:47 [INFO]   工具结果：缺少 frame_id/track_id
18:25:47 [WARNING] 轨迹 553 达到最大调查步数，使用初始判断
18:25:47 [INFO]   → 确认：调查步数耗尽，沿用阶段一结论：目标在216帧至306帧间丢失
18:25:47 [INFO] [2/52] 调查轨迹 554
18:25:47 [INFO] 开始调查轨迹 554（drift）
18:25:48 [INFO]   步骤 1：调用 replay_segment({'track_id': 554, 'start_frame': 1, 'end_frame': 635})
18:25:48 [INFO]   工具结果：轨迹 554 帧 1-635，原始 45 帧，展示 32 帧（步长 14）
18:25:49 [INFO]   步骤 2：调用 check_nearby_tracks({'track_id': 554, 'start_frame': 1, 'end_frame': 635})
18:25:49 [INFO]   工具结果：缺少 frame_id/track_id
18:25:51 [INFO]   步骤 3：调用 compare_appearances({'track_id': 554, 'start_frame': 1, 'end_frame': 635, 'jump_frames': [19, 88, 90, 212, 216, 223, 329, 337, 343, 356, 357]})
18:25:51 [INFO]   工具结果：轨迹 554：帧634 vs 帧635，外观基本一致，非 ID 切换
18:25:53 [INFO]   步骤 4：调用 zoom_region({'track_id': 554, 'frame_id': 634, 'region': [0, 0, 128, 128]})
18:25:53 [INFO]   工具结果：轨迹 554 第 634 帧放大 3.0x，已锐化
18:25:54 [INFO]   步骤 5：调用 zoom_region({'track_id': 554, 'frame_id': 635, 'region': [0, 0, 128, 128]})
18:25:54 [INFO]   工具结果：轨迹 554 第 635 帧放大 3.0x，已锐化
18:26:03 [INFO]   步骤 6：调用 compare_appearances({'track_id': 554, 'start_frame': 634, 'end_frame': 635, 'jump_frames': [19, 88, 90, 212, 216, 223, 329, 337, 343, 356, 357]})
18:26:03 [INFO]   工具结果：轨迹 554：帧634 vs 帧635，外观基本一致，非 ID 切换
18:26:03 [WARNING] 轨迹 554 达到最大调查步数，使用初始判断
18:26:03 [INFO]   → 确认：调查步数耗尽，沿用阶段一结论：最大位移93.41帧内有显著跳变，不符合预期运动规律。
18:26:03 [INFO] [3/52] 调查轨迹 555
18:26:03 [INFO] 开始调查轨迹 555（drift）
18:26:04 [INFO]   步骤 1：调用 replay_segment({'track_id': 555, 'start_frame': 1, 'end_frame': 284})
18:26:04 [INFO]   工具结果：轨迹 555 帧 1-284，原始 46 帧，展示 32 帧（步长 6）
18:26:05 [INFO]   步骤 2：调用 check_nearby_tracks({'track_id': 555, 'start_frame': 1, 'end_frame': 284})
18:26:05 [INFO]   工具结果：缺少 frame_id/track_id
18:26:06 [INFO]   步骤 3：调用 replay_segment({'track_id': 555, 'start_frame': 281, 'end_frame': 284})
18:26:06 [INFO]   工具结果：轨迹 555 帧 281-284，原始 4 帧，展示 4 帧（步长 1）
18:26:07 [INFO]   步骤 4：调用 zoom_region({'track_id': 555, 'frame_id': 280, 'region': [0, 0, 100, 100]})
18:26:07 [INFO]   工具结果：轨迹 555 第 280 帧放大 3.0x，已锐化
18:26:09 [INFO]   步骤 5：调用 compare_appearances({'track_id': 555, 'frame_id': 280, 'reference_frame_id': 279})
18:26:09 [INFO]   工具结果：轨迹 555：帧279 vs 帧280，外观基本一致，非 ID 切换
18:26:10 [INFO]   步骤 6：调用 replay_segment({'track_id': 555, 'start_frame': 279, 'end_frame': 284})
18:26:10 [INFO]   工具结果：轨迹 555 帧 279-284，原始 6 帧，展示 6 帧（步长 1）
18:26:10 [WARNING] 轨迹 555 达到最大调查步数，使用初始判断
18:26:10 [INFO]   → 确认：调查步数耗尽，沿用阶段一结论：最大位移较大，且存在跳跃帧，表明目标位置异常。
18:26:10 [INFO] [4/52] 调查轨迹 556
18:26:10 [INFO] 开始调查轨迹 556（miss）
18:26:11 [INFO]   步骤 1：调用 replay_segment({'start_frame': 217, 'end_frame': 232})
18:26:11 [INFO]   工具结果：轨迹 556 帧 217-232，原始 2 帧，展示 2 帧（步长 1）
18:26:11 [INFO]   步骤 2：调用 check_nearby_tracks({'track_id': 556, 'frame_ids': [217, 232]})
18:26:11 [INFO]   工具结果：帧 217 轨迹 556 附近（150px）：发现 17 个附近轨迹：ID 554（距离68.0px），ID 564（距离123.6px），ID 566（距离96.6px），ID 572（距离122.
18:26:12 [INFO]   步骤 3：调用 compare_appearances({'track_id': 556, 'frame_ids': [217, 232]})
18:26:12 [INFO]   工具结果：轨迹 556：帧217 vs 帧232，外观基本一致，非 ID 切换
18:26:13 [INFO]   步骤 4：调用 replay_segment({'start_frame': 217, 'end_frame': 232})
18:26:13 [INFO]   工具结果：轨迹 556 帧 217-232，原始 2 帧，展示 2 帧（步长 1）
18:26:14 [INFO]   步骤 5：调用 check_nearby_tracks({'track_id': 556, 'frame_ids': [217, 232]})
18:26:14 [INFO]   工具结果：帧 217 轨迹 556 附近（150px）：发现 17 个附近轨迹：ID 554（距离68.0px），ID 564（距离123.6px），ID 566（距离96.6px），ID 572（距离122.
18:26:16 [INFO]   步骤 6：调用 compare_appearances({'track_id': 556, 'frame_ids': [217, 232]})
18:26:16 [INFO]   工具结果：轨迹 556：帧217 vs 帧232，外观基本一致，非 ID 切换
18:26:16 [WARNING] 轨迹 556 达到最大调查步数，使用初始判断
18:26:16 [INFO]   → 确认：调查步数耗尽，沿用阶段一结论：在第217帧至第232帧间，目标轨迹中断，未检测到目标。
18:26:16 [INFO] [5/52] 调查轨迹 557
18:26:16 [INFO] 开始调查轨迹 557（drift）
18:26:16 [INFO]   步骤 1：调用 replay_segment({'start_frame': 57, 'end_frame': 57})
18:26:16 [INFO]   工具结果：轨迹 557 帧 57-57，原始 1 帧，展示 1 帧（步长 1）
18:26:17 [INFO]   步骤 2：调用 zoom_region({'frame_id': 57, 'region': [100, 100, 100, 100]})
18:26:17 [INFO]   工具结果：轨迹 557 第 57 帧放大 3.0x，已锐化
18:26:18 [INFO]   步骤 3：调用 check_nearby_tracks({'frame_id': 57, 'radius': 10})
18:26:18 [INFO]   工具结果：帧 57 轨迹 557 附近（10px）：发现 1 个附近轨迹：ID 567（距离8.1px）
18:26:19 [INFO]   步骤 4：调用 compare_appearances({'frame_id': 57, 'track_id': 557, 'reference_track_id': 567})
18:26:19 [INFO]   工具结果：轨迹 557：帧57 vs 帧58，外观基本一致，非 ID 切换
18:26:20 [INFO]   步骤 5：调用 replay_segment({'start_frame': 56, 'end_frame': 58})
18:26:20 [INFO]   工具结果：轨迹 557 帧 56-58，原始 3 帧，展示 3 帧（步长 1）
18:26:21 [INFO]   步骤 6：调用 check_nearby_tracks({'frame_id': 57, 'radius': 10})
18:26:21 [INFO]   工具结果：帧 57 轨迹 557 附近（10px）：发现 1 个附近轨迹：ID 567（距离8.1px）
18:26:21 [WARNING] 轨迹 557 达到最大调查步数，使用初始判断
18:26:21 [INFO]   → 确认：调查步数耗尽，沿用阶段一结论：最大位移80.83，表明目标位置有异常跳变。
18:26:21 [INFO] [6/52] 调查轨迹 558
18:26:21 [INFO] 开始调查轨迹 558（drift）
18:26:22 [INFO]   步骤 1：调用 replay_segment({'start_frame': 215, 'end_frame': 215})
18:26:22 [INFO]   工具结果：轨迹 558 帧 215-215，原始 1 帧，展示 1 帧（步长 1）
18:26:23 [INFO]   步骤 2：调用 zoom_region({'frame_id': 215, 'region': [100, 100, 100, 100]})
18:26:23 [INFO]   工具结果：轨迹 558 第 215 帧放大 3.0x，已锐化
18:26:23 [INFO]   步骤 3：调用 check_nearby_tracks({'frame_id': 215, 'radius': 10})
18:26:23 [INFO]   工具结果：帧 215 轨迹 558 附近（10px）：附近无其他轨迹
18:26:24 [INFO]   步骤 4：调用 replay_segment({'start_frame': 214, 'end_frame': 216})
18:26:24 [INFO]   工具结果：轨迹 558 帧 214-216，原始 2 帧，展示 2 帧（步长 1）
18:26:25 [INFO]   步骤 5：调用 compare_appearances({'frame_id_1': 214, 'frame_id_2': 215})
18:26:25 [INFO]   工具结果：轨迹 558：帧214 vs 帧215，外观基本一致，非 ID 切换
18:26:26 [INFO]   步骤 6：调用 replay_segment({'start_frame': 214, 'end_frame': 216})
18:26:26 [INFO]   工具结果：轨迹 558 帧 214-216，原始 2 帧，展示 2 帧（步长 1）
18:26:26 [WARNING] 轨迹 558 达到最大调查步数，使用初始判断
18:26:26 [INFO]   → 确认：调查步数耗尽，沿用阶段一结论：最大位移为70.35，表明目标位置发生了异常跳变。
18:26:26 [INFO] [7/52] 调查轨迹 559
18:26:26 [INFO] 开始调查轨迹 559（miss）
18:26:27 [INFO]   步骤 1：调用 replay_segment({'start_frame': 9, 'end_frame': 20})
18:26:27 [INFO]   工具结果：轨迹 559 帧 9-20，原始 2 帧，展示 2 帧（步长 1）
18:26:28 [INFO]   步骤 2：调用 check_nearby_tracks({'track_id': 559, 'frame_ids': [9, 20]})
18:26:28 [INFO]   工具结果：帧 9 轨迹 559 附近（150px）：发现 21 个附近轨迹：ID 554（距离86.2px），ID 555（距离64.9px），ID 560（距离23.7px），ID 562（距离122.7px
18:26:28 [INFO]   步骤 3：调用 replay_segment({'start_frame': 21, 'end_frame': 25})
18:26:28 [INFO]   工具结果：轨迹 559 帧 21-25，原始 5 帧，展示 5 帧（步长 1）
18:26:29 [INFO]   步骤 4：调用 check_nearby_tracks({'track_id': 559, 'frame_ids': [21, 25]})
18:26:29 [INFO]   工具结果：帧 21 轨迹 559 附近（150px）：发现 21 个附近轨迹：ID 554（距离69.1px），ID 555（距离146.9px），ID 556（距离95.5px），ID 560（距离2.2px
18:26:31 [INFO]   步骤 5：调用 replay_segment({'start_frame': 21, 'end_frame': 25})
18:26:31 [INFO]   工具结果：轨迹 559 帧 21-25，原始 5 帧，展示 5 帧（步长 1）
18:26:32 [INFO]   步骤 6：调用 check_nearby_tracks({'track_id': 559, 'frame_ids': [21, 25]})
18:26:32 [INFO]   工具结果：帧 21 轨迹 559 附近（150px）：发现 21 个附近轨迹：ID 554（距离69.1px），ID 555（距离146.9px），ID 556（距离95.5px），ID 560（距离2.2px
18:26:32 [WARNING] 轨迹 559 达到最大调查步数，使用初始判断
18:26:32 [INFO]   → 确认：调查步数耗尽，沿用阶段一结论：目标在第9帧到第20帧间中断，未检测到目标。
18:26:32 [INFO] [8/52] 调查轨迹 560
18:26:32 [INFO] 开始调查轨迹 560（miss）
18:26:32 [INFO]   步骤 1：调用 replay_segment({'start_frame': 18, 'end_frame': 24})
18:26:32 [INFO]   工具结果：轨迹 560 帧 18-24，原始 2 帧，展示 2 帧（步长 1）
18:26:33 [INFO]   步骤 2：调用 check_nearby_tracks({'track_id': 560, 'frame_range': [18, 24]})
18:26:33 [INFO]   工具结果：帧 21 轨迹 560 附近（150px）：发现 21 个附近轨迹：ID 554（距离68.4px），ID 555（距离147.5px），ID 556（距离95.0px），ID 559（距离2.2px
18:26:34 [INFO]   步骤 3：调用 replay_segment({'start_frame': 18, 'end_frame': 24})
18:26:34 [INFO]   工具结果：轨迹 560 帧 18-24，原始 2 帧，展示 2 帧（步长 1）
18:26:35 [INFO]   步骤 4：调用 check_nearby_tracks({'track_id': 560, 'frame_range': [18, 24]})
18:26:35 [INFO]   工具结果：帧 21 轨迹 560 附近（150px）：发现 21 个附近轨迹：ID 554（距离68.4px），ID 555（距离147.5px），ID 556（距离95.0px），ID 559（距离2.2px
18:26:36 [INFO]   步骤 5：调用 replay_segment({'start_frame': 18, 'end_frame': 24})
18:26:36 [INFO]   工具结果：轨迹 560 帧 18-24，原始 2 帧，展示 2 帧（步长 1）
18:26:38 [INFO]   步骤 6：调用 check_nearby_tracks({'track_id': 560, 'frame_range': [18, 24]})
18:26:38 [INFO]   工具结果：帧 21 轨迹 560 附近（150px）：发现 21 个附近轨迹：ID 554（距离68.4px），ID 555（距离147.5px），ID 556（距离95.0px），ID 559（距离2.2px
18:26:38 [WARNING] 轨迹 560 达到最大调查步数，使用初始判断
18:26:38 [INFO]   → 确认：调查步数耗尽，沿用阶段一结论：目标在第18帧至第24帧间中断，消失超过5帧。
18:26:38 [INFO] [9/52] 调查轨迹 562
18:26:38 [INFO] 开始调查轨迹 562（drift）
18:26:38 [INFO]   步骤 1：调用 replay_segment({'start_frame': 270, 'end_frame': 275})
18:26:38 [INFO]   工具结果：轨迹 562 帧 270-275，原始 5 帧，展示 5 帧（步长 1）
18:26:39 [INFO]   步骤 2：调用 check_nearby_tracks({'track_id': 562, 'frame_range': [270, 275]})
18:26:39 [INFO]   工具结果：帧 272 轨迹 562 附近（150px）：发现 20 个附近轨迹：ID 555（距离97.4px），ID 556（距离102.4px），ID 564（距离69.3px），ID 566（距离119.
18:26:40 [INFO]   步骤 3：调用 compare_appearances({'track_id': 562, 'frame_range': [270, 275]})
18:26:40 [INFO]   工具结果：轨迹 562：帧272 vs 帧275，外观基本一致，非 ID 切换
18:26:41 [INFO]   步骤 4：调用 replay_segment({'start_frame': 270, 'end_frame': 275})
18:26:41 [INFO]   工具结果：轨迹 562 帧 270-275，原始 5 帧，展示 5 帧（步长 1）
18:26:42 [INFO]   步骤 5：调用 check_nearby_tracks({'track_id': 562, 'frame_range': [270, 275]})
18:26:42 [INFO]   工具结果：帧 272 轨迹 562 附近（150px）：发现 20 个附近轨迹：ID 555（距离97.4px），ID 556（距离102.4px），ID 564（距离69.3px），ID 566（距离119.
18:26:44 [INFO]   步骤 6：调用 compare_appearances({'track_id': 562, 'frame_range': [270, 275]})
18:26:44 [INFO]   工具结果：轨迹 562：帧272 vs 帧275，外观基本一致，非 ID 切换
18:26:44 [WARNING] 轨迹 562 达到最大调查步数，使用初始判断
18:26:44 [INFO]   → 确认：调查步数耗尽，沿用阶段一结论：最大位移点处目标位置异常跳变
18:26:44 [INFO] [10/52] 调查轨迹 563
18:26:44 [INFO] 开始调查轨迹 563（miss）
18:26:44 [INFO]   步骤 1：调用 replay_segment({'start_frame': 16, 'end_frame': 25})
18:26:44 [INFO]   工具结果：轨迹 563 帧 16-25，原始 2 帧，展示 2 帧（步长 1）
18:26:45 [INFO]   步骤 2：调用 check_nearby_tracks({'track_id': 563, 'frame_range': [16, 25]})
18:26:45 [INFO]   工具结果：帧 20 轨迹 563 附近（150px）：发现 14 个附近轨迹：ID 557（距离51.7px），ID 565（距离61.6px），ID 567（距离65.8px），ID 568（距离144.0p
18:26:46 [INFO]   步骤 3：调用 replay_segment({'start_frame': 16, 'end_frame': 25})
18:26:46 [INFO]   工具结果：轨迹 563 帧 16-25，原始 2 帧，展示 2 帧（步长 1）
18:26:47 [INFO]   步骤 4：调用 check_nearby_tracks({'track_id': 563, 'frame_range': [16, 25]})
18:26:47 [INFO]   工具结果：帧 20 轨迹 563 附近（150px）：发现 14 个附近轨迹：ID 557（距离51.7px），ID 565（距离61.6px），ID 567（距离65.8px），ID 568（距离144.0p
18:26:48 [INFO]   步骤 5：调用 replay_segment({'start_frame': 16, 'end_frame': 25})
18:26:48 [INFO]   工具结果：轨迹 563 帧 16-25，原始 2 帧，展示 2 帧（步长 1）
18:26:49 [INFO]   步骤 6：调用 check_nearby_tracks({'track_id': 563, 'frame_range': [16, 25]})
18:26:49 [INFO]   工具结果：帧 20 轨迹 563 附近（150px）：发现 14 个附近轨迹：ID 557（距离51.7px），ID 565（距离61.6px），ID 567（距离65.8px），ID 568（距离144.0p
18:26:49 [WARNING] 轨迹 563 达到最大调查步数，使用初始判断
18:26:49 [INFO]   → 确认：调查步数耗尽，沿用阶段一结论：目标在第16帧至第25帧间中断，消失超过5帧。
18:26:49 [INFO] [11/52] 调查轨迹 564
18:26:49 [INFO] 开始调查轨迹 564（miss）
18:26:50 [INFO]   步骤 1：调用 replay_segment({'start_frame': 172, 'end_frame': 180})
18:26:50 [INFO]   工具结果：轨迹 564 帧 172-180，原始 2 帧，展示 2 帧（步长 1）
18:26:51 [INFO]   步骤 2：调用 check_nearby_tracks({'track_id': 564, 'frame_range': [172, 180]})
18:26:51 [INFO]   工具结果：帧 176 轨迹 564 附近（150px）：发现 16 个附近轨迹：ID 555（距离49.0px），ID 562（距离148.8px），ID 572（距离42.7px），ID 575（距离125.
18:26:52 [INFO]   步骤 3：调用 check_nearby_tracks({'track_id': 564, 'frame_range': [172, 180]})
18:26:52 [INFO]   工具结果：帧 176 轨迹 564 附近（150px）：发现 16 个附近轨迹：ID 555（距离49.0px），ID 562（距离148.8px），ID 572（距离42.7px），ID 575（距离125.
18:26:53 [INFO]   步骤 4：调用 check_nearby_tracks({'track_id': 564, 'frame_range': [172, 180]})
18:26:53 [INFO]   工具结果：帧 176 轨迹 564 附近（150px）：发现 16 个附近轨迹：ID 555（距离49.0px），ID 562（距离148.8px），ID 572（距离42.7px），ID 575（距离125.
18:26:54 [INFO]   步骤 5：调用 check_nearby_tracks({'track_id': 564, 'frame_range': [172, 180]})
18:26:54 [INFO]   工具结果：帧 176 轨迹 564 附近（150px）：发现 16 个附近轨迹：ID 555（距离49.0px），ID 562（距离148.8px），ID 572（距离42.7px），ID 575（距离125.
18:26:56 [INFO]   步骤 6：调用 check_nearby_tracks({'track_id': 564, 'frame_range': [172, 180]})
18:26:56 [INFO]   工具结果：帧 176 轨迹 564 附近（150px）：发现 16 个附近轨迹：ID 555（距离49.0px），ID 562（距离148.8px），ID 572（距离42.7px），ID 575（距离125.
18:26:56 [WARNING] 轨迹 564 达到最大调查步数，使用初始判断
18:26:56 [INFO]   → 确认：调查步数耗尽，沿用阶段一结论：目标在172帧后消失，持续8帧。
18:26:56 [INFO] [12/52] 调查轨迹 565
18:26:56 [INFO] 开始调查轨迹 565（miss）
18:26:57 [INFO]   步骤 1：调用 replay_segment({'start_frame': 278, 'end_frame': 295})
18:26:57 [INFO]   工具结果：轨迹 565 帧 278-295，原始 2 帧，展示 2 帧（步长 1）
18:26:57 [INFO]   步骤 2：调用 check_nearby_tracks({'frame_id': 278, 'radius': 10})
18:26:57 [INFO]   工具结果：帧 278 轨迹 565 附近（10px）：附近无其他轨迹
18:26:58 [INFO]   步骤 3：调用 check_nearby_tracks({'frame_id': 295, 'radius': 10})
18:26:58 [INFO]   工具结果：帧 295 轨迹 565 附近（10px）：发现 1 个附近轨迹：ID 596（距离3.4px）
18:27:05 [INFO]   步骤 4：调用 compare_appearances({'frame_id': 278, 'target_id': 565, 'compare_id': 596})
18:27:05 [INFO]   工具结果：轨迹 565：帧278 vs 帧279，外观基本一致，非 ID 切换
18:27:06 [INFO]   步骤 5：调用 compare_appearances({'frame_id': 279, 'target_id': 565, 'compare_id': 596})
18:27:06 [INFO]   工具结果：轨迹 565：帧279 vs 帧280，外观基本一致，非 ID 切换
18:27:07 [INFO]   步骤 6：调用 compare_appearances({'frame_id': 280, 'target_id': 565, 'compare_id': 596})
18:27:07 [INFO]   工具结果：轨迹 565：帧280 vs 帧281，外观基本一致，非 ID 切换
18:27:07 [WARNING] 轨迹 565 达到最大调查步数，使用初始判断
18:27:07 [INFO]   → 确认：调查步数耗尽，沿用阶段一结论：轨迹中断，目标消失超过5帧
18:27:07 [INFO] [13/52] 调查轨迹 566
18:27:07 [INFO] 开始调查轨迹 566（drift）
18:27:08 [INFO]   步骤 1：调用 replay_segment({'start_frame': 152, 'end_frame': 154})
18:27:08 [INFO]   工具结果：轨迹 566 帧 152-154，原始 2 帧，展示 2 帧（步长 1）
18:27:09 [INFO]   步骤 2：调用 zoom_region({'frame_id': 153, 'region': [100, 100, 200, 200]})
18:27:09 [INFO]   工具结果：轨迹 566 第 153 帧放大 3.0x，已锐化
18:27:09 [INFO]   步骤 3：调用 check_nearby_tracks({'frame_id': 153, 'radius': 10})
18:27:09 [INFO]   工具结果：帧 153 轨迹 566 附近（10px）：附近无其他轨迹
18:27:11 [INFO]   步骤 4：调用 compare_appearances({'frame_id': 152, 'target_id': 566, 'compare_id': 566})
18:27:11 [INFO]   工具结果：轨迹 566：帧152 vs 帧153，外观基本一致，非 ID 切换
18:27:11 [INFO]   步骤 5：调用 replay_segment({'start_frame': 152, 'end_frame': 154})
18:27:11 [INFO]   工具结果：轨迹 566 帧 152-154，原始 2 帧，展示 2 帧（步长 1）
18:27:13 [INFO]   步骤 6：调用 compare_appearances({'frame_id': 152, 'target_id': 566, 'compare_id': 566})
18:27:13 [INFO]   工具结果：轨迹 566：帧152 vs 帧153，外观基本一致，非 ID 切换
18:27:13 [WARNING] 轨迹 566 达到最大调查步数，使用初始判断
18:27:13 [INFO]   → 确认：调查步数耗尽，沿用阶段一结论：最大位移帧153处目标位置异常跳变
18:27:13 [INFO] [14/52] 调查轨迹 568
18:27:13 [INFO] 开始调查轨迹 568（drift）
18:27:13 [INFO]   步骤 1：调用 replay_segment({'start_frame': 342, 'end_frame': 342})
18:27:13 [INFO]   工具结果：轨迹 568 帧 342-342，原始 1 帧，展示 1 帧（步长 1）
18:27:14 [INFO]   步骤 2：调用 zoom_region({'frame_id': 342, 'region': [100, 100, 200, 200]})
18:27:14 [INFO]   工具结果：轨迹 568 第 342 帧放大 3.0x，已锐化
18:27:15 [INFO]   步骤 3：调用 check_nearby_tracks({'frame_id': 342, 'radius': 50})
18:27:15 [INFO]   工具结果：帧 342 轨迹 568 附近（50px）：发现 10 个附近轨迹：ID 558（距离15.9px），ID 561（距离9.9px），ID 565（距离17.0px），ID 569（距离17.4px）
18:27:17 [INFO]   步骤 4：调用 compare_appearances({'frame_id': 342, 'track_id': 568, 'reference_frame_id': 341, 'reference_track_id': 568})
18:27:17 [INFO]   工具结果：轨迹 568：帧341 vs 帧342，外观基本一致，非 ID 切换
18:27:18 [INFO]   步骤 5：调用 replay_segment({'start_frame': 341, 'end_frame': 342})
18:27:18 [INFO]   工具结果：轨迹 568 帧 341-342，原始 2 帧，展示 2 帧（步长 1）
18:27:19 [INFO]   步骤 6：调用 check_nearby_tracks({'frame_id': 342, 'radius': 50})
18:27:19 [INFO]   工具结果：帧 342 轨迹 568 附近（50px）：发现 10 个附近轨迹：ID 558（距离15.9px），ID 561（距离9.9px），ID 565（距离17.0px），ID 569（距离17.4px）
18:27:19 [WARNING] 轨迹 568 达到最大调查步数，使用初始判断
18:27:19 [INFO]   → 确认：调查步数耗尽，沿用阶段一结论：最大位移帧为342，可能存在异常跳变。
18:27:19 [INFO] [15/52] 调查轨迹 569
18:27:19 [INFO] 开始调查轨迹 569（miss）
18:27:20 [INFO]   步骤 1：调用 replay_segment({'start_frame': 130, 'end_frame': 150})
18:27:20 [INFO]   工具结果：轨迹 569 帧 130-150，原始 2 帧，展示 2 帧（步长 1）
18:27:21 [INFO]   步骤 2：调用 check_nearby_tracks({'track_id': 569, 'frame_range': [130, 150]})
18:27:21 [INFO]   工具结果：帧 140 轨迹 569 附近（150px）：发现 18 个附近轨迹：ID 553（距离137.0px），ID 561（距离35.4px），ID 570（距离21.4px），ID 573（距离143.
18:27:22 [INFO]   步骤 3：调用 check_nearby_tracks({'track_id': 569, 'frame_range': [130, 150]})
18:27:22 [INFO]   工具结果：帧 140 轨迹 569 附近（150px）：发现 18 个附近轨迹：ID 553（距离137.0px），ID 561（距离35.4px），ID 570（距离21.4px），ID 573（距离143.
18:27:23 [INFO]   步骤 4：调用 replay_segment({'start_frame': 130, 'end_frame': 150})
18:27:23 [INFO]   工具结果：轨迹 569 帧 130-150，原始 2 帧，展示 2 帧（步长 1）
18:27:24 [INFO]   步骤 5：调用 replay_segment({'start_frame': 130, 'end_frame': 150})
18:27:24 [INFO]   工具结果：轨迹 569 帧 130-150，原始 2 帧，展示 2 帧（步长 1）
18:27:25 [INFO]   步骤 6：调用 replay_segment({'start_frame': 130, 'end_frame': 150})
18:27:25 [INFO]   工具结果：轨迹 569 帧 130-150，原始 2 帧，展示 2 帧（步长 1）
18:27:25 [WARNING] 轨迹 569 达到最大调查步数，使用初始判断
18:27:25 [INFO]   → 确认：调查步数耗尽，沿用阶段一结论：轨迹在130帧后中断，目标消失超过5帧。
18:27:25 [INFO] [16/52] 调查轨迹 570
18:27:25 [INFO] 开始调查轨迹 570（drift）
18:27:26 [INFO]   步骤 1：调用 replay_segment({'start_frame': 55, 'end_frame': 55})
18:27:26 [INFO]   工具结果：轨迹 570 帧 55-55，原始 1 帧，展示 1 帧（步长 1）
18:27:26 [INFO]   步骤 2：调用 check_nearby_tracks({'track_id': 570, 'frame_range': [54, 56]})
18:27:26 [INFO]   工具结果：帧 55 轨迹 570 附近（150px）：发现 19 个附近轨迹：ID 553（距离111.6px），ID 561（距离89.9px），ID 566（距离120.5px），ID 569（距离41.8
18:27:27 [INFO]   步骤 3：调用 compare_appearances({'track_id': 570, 'frame_range': [54, 56]})
18:27:27 [INFO]   工具结果：轨迹 570：帧55 vs 帧56，外观基本一致，非 ID 切换
18:27:28 [INFO]   步骤 4：调用 replay_segment({'start_frame': 54, 'end_frame': 56})
18:27:28 [INFO]   工具结果：轨迹 570 帧 54-56，原始 3 帧，展示 3 帧（步长 1）
18:27:30 [INFO]   步骤 5：调用 check_nearby_tracks({'track_id': 570, 'frame_range': [53, 57]})
18:27:30 [INFO]   工具结果：帧 55 轨迹 570 附近（150px）：发现 19 个附近轨迹：ID 553（距离111.6px），ID 561（距离89.9px），ID 566（距离120.5px），ID 569（距离41.8
18:27:31 [INFO]   步骤 6：调用 compare_appearances({'track_id': 570, 'frame_range': [53, 57]})
18:27:31 [INFO]   工具结果：轨迹 570：帧55 vs 帧57，外观基本一致，非 ID 切换
18:27:31 [WARNING] 轨迹 570 达到最大调查步数，使用初始判断
18:27:31 [INFO]   → 确认：调查步数耗尽，沿用阶段一结论：最大位移发生在第55帧，位置异常跳变。
18:27:31 [INFO] [17/52] 调查轨迹 571
18:27:31 [INFO] 开始调查轨迹 571（miss）
18:27:31 [INFO]   步骤 1：调用 replay_segment({'start_frame': 59, 'end_frame': 83})
18:27:31 [INFO]   工具结果：轨迹 571 帧 59-83，原始 7 帧，展示 7 帧（步长 1）
18:27:32 [INFO]   步骤 2：调用 check_nearby_tracks({'track_id': 571, 'frame_range': [60, 73]})
18:27:32 [INFO]   工具结果：帧 66 轨迹 571 附近（150px）：发现 17 个附近轨迹：ID 553（距离85.5px），ID 557（距离78.6px），ID 563（距离34.6px），ID 565（距离84.8px
18:27:33 [INFO]   步骤 3：调用 compare_appearances({'track_id': 571, 'frame_range': [60, 73]})
18:27:33 [INFO]   工具结果：轨迹 571：帧66 vs 帧73，外观基本一致，非 ID 切换
18:27:34 [INFO]   步骤 4：调用 replay_segment({'start_frame': 59, 'end_frame': 83})
18:27:34 [INFO]   工具结果：轨迹 571 帧 59-83，原始 7 帧，展示 7 帧（步长 1）
18:27:36 [INFO]   步骤 5：调用 check_nearby_tracks({'track_id': 571, 'frame_range': [60, 73]})
18:27:36 [INFO]   工具结果：帧 66 轨迹 571 附近（150px）：发现 17 个附近轨迹：ID 553（距离85.5px），ID 557（距离78.6px），ID 563（距离34.6px），ID 565（距离84.8px
18:27:37 [INFO]   步骤 6：调用 compare_appearances({'track_id': 571, 'frame_range': [60, 73]})
18:27:37 [INFO]   工具结果：轨迹 571：帧66 vs 帧73，外观基本一致，非 ID 切换
18:27:37 [WARNING] 轨迹 571 达到最大调查步数，使用初始判断
18:27:37 [INFO]   → 确认：调查步数耗尽，沿用阶段一结论：目标在第60帧到第73帧间中断，未检测到目标。
18:27:37 [INFO] [18/52] 调查轨迹 572
18:27:37 [INFO] 开始调查轨迹 572（miss）
18:27:38 [INFO]   步骤 1：调用 replay_segment({'start_frame': 70, 'end_frame': 84})
18:27:38 [INFO]   工具结果：轨迹 572 帧 70-84，原始 2 帧，展示 2 帧（步长 1）
18:27:39 [INFO]   步骤 2：调用 check_nearby_tracks({'track_id': 572, 'frame_ids': [70, 84]})
18:27:39 [INFO]   工具结果：帧 70 轨迹 572 附近（150px）：发现 18 个附近轨迹：ID 554（距离42.7px），ID 555（距离47.1px），ID 559（距离129.2px），ID 564（距离95.8p
18:27:40 [INFO]   步骤 3：调用 compare_appearances({'track_id': 572, 'frame_ids': [70, 84]})
18:27:40 [INFO]   工具结果：轨迹 572：帧70 vs 帧84，外观基本一致，非 ID 切换
18:27:41 [INFO]   步骤 4：调用 replay_segment({'start_frame': 62, 'end_frame': 70})
18:27:41 [INFO]   工具结果：轨迹 572 帧 62-70，原始 5 帧，展示 5 帧（步长 1）
18:27:42 [INFO]   步骤 5：调用 replay_segment({'start_frame': 84, 'end_frame': 90})
18:27:42 [INFO]   工具结果：轨迹 572 帧 84-90，原始 5 帧，展示 5 帧（步长 1）
18:27:43 [INFO]   步骤 6：调用 check_nearby_tracks({'track_id': 572, 'frame_ids': [84, 89]})
18:27:43 [INFO]   工具结果：帧 84 轨迹 572 附近（150px）：发现 20 个附近轨迹：ID 554（距离20.8px），ID 555（距离61.4px），ID 556（距离111.6px），ID 559（距离144.4
18:27:43 [WARNING] 轨迹 572 达到最大调查步数，使用初始判断
18:27:43 [INFO]   → 确认：调查步数耗尽，沿用阶段一结论：在第70帧到第84帧间，目标轨迹中断，消失超过5帧。
18:27:43 [INFO] [19/52] 调查轨迹 573
18:27:43 [INFO] 开始调查轨迹 573（drift）
18:27:44 [INFO]   步骤 1：调用 replay_segment({'start_frame': 88, 'end_frame': 89})
18:27:44 [INFO]   工具结果：轨迹 573 帧 88-89，原始 2 帧，展示 2 帧（步长 1）
18:27:45 [INFO]   步骤 2：调用 zoom_region({'frame_id': 88, 'region': [10, 10, 100, 100]})
18:27:45 [INFO]   工具结果：轨迹 573 第 88 帧放大 3.0x，已锐化
18:27:46 [INFO]   步骤 3：调用 zoom_region({'frame_id': 89, 'region': [10, 10, 100, 100]})
18:27:46 [INFO]   工具结果：轨迹 573 第 89 帧放大 3.0x，已锐化
18:27:47 [INFO]   步骤 4：调用 check_nearby_tracks({'frame_id': 88, 'radius': 10})
18:27:47 [INFO]   工具结果：帧 88 轨迹 573 附近（10px）：附近无其他轨迹
18:27:49 [INFO]   步骤 5：调用 check_nearby_tracks({'frame_id': 89, 'radius': 10})
18:27:49 [INFO]   工具结果：帧 89 轨迹 573 附近（10px）：附近无其他轨迹
18:27:50 [INFO]   步骤 6：调用 compare_appearances({'frame_id': 88, 'target_id': 573, 'compare_id': 573, 'next_frame_id': 89})
18:27:50 [INFO]   工具结果：轨迹 573：帧88 vs 帧89，外观基本一致，非 ID 切换
18:27:50 [WARNING] 轨迹 573 达到最大调查步数，使用初始判断
18:27:50 [INFO]   → 确认：调查步数耗尽，沿用阶段一结论：最大位移较大，且在特定帧出现异常跳变。
18:27:50 [INFO] [20/52] 调查轨迹 574
18:27:50 [INFO] 开始调查轨迹 574（drift）
18:27:51 [INFO]   步骤 1：调用 replay_segment({'track_id': 574, 'start_frame': 70, 'end_frame': 277})
18:27:51 [INFO]   工具结果：轨迹 574 帧 70-277，原始 42 帧，展示 32 帧（步长 5）
18:27:52 [INFO]   步骤 2：调用 check_nearby_tracks({'track_id': 574, 'start_frame': 70, 'end_frame': 277})
18:27:52 [INFO]   工具结果：缺少 frame_id/track_id
18:27:53 [INFO]   步骤 3：调用 replay_segment({'track_id': 574, 'start_frame': 86, 'end_frame': 86})
18:27:53 [INFO]   工具结果：轨迹 574 帧 86-86，原始 1 帧，展示 1 帧（步长 1）
18:27:55 [INFO]   步骤 4：调用 zoom_region({'track_id': 574, 'frame_id': 86, 'region': [100, 100, 200, 200]})
18:27:55 [INFO]   工具结果：轨迹 574 第 86 帧放大 3.0x，已锐化
18:27:56 [INFO]   步骤 5：调用 compare_appearances({'track_id': 574, 'frame_id': 86, 'reference_frame_id': 85})
18:27:56 [INFO]   工具结果：轨迹 574：帧85 vs 帧86，外观基本一致，非 ID 切换
18:27:57 [INFO]   步骤 6：调用 replay_segment({'track_id': 574, 'start_frame': 149, 'end_frame': 149})
18:27:57 [INFO]   工具结果：轨迹 574 帧 149-149，原始 1 帧，展示 1 帧（步长 1）
18:27:57 [WARNING] 轨迹 574 达到最大调查步数，使用初始判断
18:27:57 [INFO]   → 确认：调查步数耗尽，沿用阶段一结论：最大位移较大，存在异常跳变。
18:27:57 [INFO] [21/52] 调查轨迹 575
18:27:57 [INFO] 开始调查轨迹 575（drift）
18:27:58 [INFO]   步骤 1：调用 replay_segment({'start_frame': 221, 'end_frame': 268})
18:27:58 [INFO]   工具结果：轨迹 575 帧 221-268，原始 37 帧，展示 32 帧（步长 1）
18:27:59 [INFO]   步骤 2：调用 check_nearby_tracks({'start_frame': 221, 'end_frame': 268})
18:27:59 [INFO]   工具结果：缺少 frame_id/track_id
18:28:00 [INFO]   步骤 3：调用 replay_segment({'start_frame': 221, 'end_frame': 268})
18:28:00 [INFO]   工具结果：轨迹 575 帧 221-268，原始 37 帧，展示 32 帧（步长 1）
18:28:01 [INFO]   步骤 4：调用 zoom_region({'frame_id': 230, 'region': [221, 268]})
18:28:01 [INFO]   工具结果：轨迹 575 第 230 帧放大 3.0x，已锐化
18:28:08 [INFO]   步骤 5：调用 compare_appearances({'frame_id_1': 229, 'frame_id_2': 230})
18:28:08 [INFO]   工具结果：轨迹 575：帧229 vs 帧230，外观基本一致，非 ID 切换
18:28:10 [INFO]   步骤 6：调用 replay_segment({'start_frame': 221, 'end_frame': 268})
18:28:10 [INFO]   工具结果：轨迹 575 帧 221-268，原始 37 帧，展示 32 帧（步长 1）
18:28:10 [WARNING] 轨迹 575 达到最大调查步数，使用初始判断
18:28:10 [INFO]   → 确认：调查步数耗尽，沿用阶段一结论：目标在221至268帧间位置异常跳变，不符合运动规律。
18:28:10 [INFO] [22/52] 调查轨迹 576
18:28:10 [INFO] 开始调查轨迹 576（drift）
18:28:10 [INFO]   步骤 1：调用 replay_segment({'start_frame': 680, 'end_frame': 697})
18:28:10 [INFO]   工具结果：轨迹 576 帧 680-697，原始 18 帧，展示 18 帧（步长 1）
18:28:11 [INFO]   步骤 2：调用 check_nearby_tracks({'start_frame': 680, 'end_frame': 697})
18:28:11 [INFO]   工具结果：缺少 frame_id/track_id
18:28:12 [INFO]   步骤 3：调用 replay_segment({'start_frame': 680, 'end_frame': 697})
18:28:12 [INFO]   工具结果：轨迹 576 帧 680-697，原始 18 帧，展示 18 帧（步长 1）
18:28:13 [INFO]   步骤 4：调用 check_nearby_tracks({'start_frame': 680, 'end_frame': 697})
18:28:13 [INFO]   工具结果：缺少 frame_id/track_id
18:28:14 [INFO]   步骤 5：调用 replay_segment({'start_frame': 680, 'end_frame': 697})
18:28:14 [INFO]   工具结果：轨迹 576 帧 680-697，原始 18 帧，展示 18 帧（步长 1）
18:28:15 [INFO]   步骤 6：调用 check_nearby_tracks({'start_frame': 680, 'end_frame': 697})
18:28:15 [INFO]   工具结果：缺少 frame_id/track_id
18:28:15 [WARNING] 轨迹 576 达到最大调查步数，使用初始判断
18:28:15 [INFO]   → 确认：调查步数耗尽，沿用阶段一结论：目标位置在第680帧至第697帧间出现异常跳变，不符合运动规律。
18:28:15 [INFO] [23/52] 调查轨迹 578
18:28:15 [INFO] 开始调查轨迹 578（drift）
18:28:16 [INFO]   步骤 1：调用 replay_segment({'start_frame': 180, 'end_frame': 214})
18:28:16 [INFO]   工具结果：轨迹 578 帧 180-214，原始 31 帧，展示 31 帧（步长 1）
18:28:17 [INFO]   步骤 2：调用 check_nearby_tracks({'track_id': 578, 'frame_range': [180, 214]})
18:28:17 [INFO]   工具结果：帧 197 轨迹 578 附近（150px）：发现 18 个附近轨迹：ID 553（距离118.1px），ID 561（距离36.7px），ID 569（距离43.1px），ID 570（距离66.5
18:28:18 [INFO]   步骤 3：调用 compare_appearances({'frame_id': 204, 'track_id': 578})
18:28:18 [INFO]   工具结果：轨迹 578：帧204 vs 帧205，外观基本一致，非 ID 切换
18:28:19 [INFO]   步骤 4：调用 replay_segment({'start_frame': 180, 'end_frame': 214})
18:28:19 [INFO]   工具结果：轨迹 578 帧 180-214，原始 31 帧，展示 31 帧（步长 1）
18:28:21 [INFO]   步骤 5：调用 check_nearby_tracks({'track_id': 578, 'frame_range': [180, 214]})
18:28:21 [INFO]   工具结果：帧 197 轨迹 578 附近（150px）：发现 18 个附近轨迹：ID 553（距离118.1px），ID 561（距离36.7px），ID 569（距离43.1px），ID 570（距离66.5
18:28:22 [INFO]   步骤 6：调用 compare_appearances({'frame_id': 204, 'track_id': 578})
18:28:22 [INFO]   工具结果：轨迹 578：帧204 vs 帧205，外观基本一致，非 ID 切换
18:28:22 [WARNING] 轨迹 578 达到最大调查步数，使用初始判断
18:28:22 [INFO]   → 确认：调查步数耗尽，沿用阶段一结论：最大位移较大，且在第204帧出现异常跳变。
18:28:22 [INFO] [24/52] 调查轨迹 580
18:28:22 [INFO] 开始调查轨迹 580（miss）
18:28:23 [INFO]   步骤 1：调用 replay_segment({'start_frame': 294, 'end_frame': 300})
18:28:23 [INFO]   工具结果：轨迹 580 帧 294-300，原始 2 帧，展示 2 帧（步长 1）
18:28:24 [INFO]   步骤 2：调用 check_nearby_tracks({'track_id': 580, 'frame_range': [294, 300]})
18:28:24 [INFO]   工具结果：帧 297 轨迹 580 附近（150px）：发现 25 个附近轨迹：ID 553（距离48.9px），ID 558（距离46.6px），ID 561（距离73.3px），ID 565（距离15.0p
18:28:24 [INFO]   步骤 3：调用 replay_segment({'start_frame': 294, 'end_frame': 300})
18:28:24 [INFO]   工具结果：轨迹 580 帧 294-300，原始 2 帧，展示 2 帧（步长 1）
18:28:26 [INFO]   步骤 4：调用 check_nearby_tracks({'track_id': 580, 'frame_range': [294, 300]})
18:28:26 [INFO]   工具结果：帧 297 轨迹 580 附近（150px）：发现 25 个附近轨迹：ID 553（距离48.9px），ID 558（距离46.6px），ID 561（距离73.3px），ID 565（距离15.0p
18:28:27 [INFO]   步骤 5：调用 replay_segment({'start_frame': 294, 'end_frame': 300})
18:28:27 [INFO]   工具结果：轨迹 580 帧 294-300，原始 2 帧，展示 2 帧（步长 1）
18:28:28 [INFO]   步骤 6：调用 check_nearby_tracks({'track_id': 580, 'frame_range': [294, 300]})
18:28:28 [INFO]   工具结果：帧 297 轨迹 580 附近（150px）：发现 25 个附近轨迹：ID 553（距离48.9px），ID 558（距离46.6px），ID 561（距离73.3px），ID 565（距离15.0p
18:28:28 [WARNING] 轨迹 580 达到最大调查步数，使用初始判断
18:28:28 [INFO]   → 确认：调查步数耗尽，沿用阶段一结论：目标在294帧后消失，持续6帧。
18:28:28 [INFO] [25/52] 调查轨迹 581
18:28:28 [INFO] 开始调查轨迹 581（miss）
18:28:29 [INFO]   步骤 1：调用 replay_segment({'start_frame': 263, 'end_frame': 275})
18:28:29 [INFO]   工具结果：轨迹 581 帧 263-275，原始 2 帧，展示 2 帧（步长 1）
18:28:29 [INFO]   步骤 2：调用 check_nearby_tracks({'track_id': 581, 'frame_ids': [263, 275]})
18:28:29 [INFO]   工具结果：帧 263 轨迹 581 附近（150px）：发现 17 个附近轨迹：ID 555（距离33.5px），ID 556（距离126.9px），ID 562（距离63.5px），ID 564（距离35.4
18:28:30 [INFO]   步骤 3：调用 replay_segment({'start_frame': 247, 'end_frame': 262})
18:28:30 [INFO]   工具结果：轨迹 581 帧 247-262，原始 13 帧，展示 13 帧（步长 1）
18:28:31 [INFO]   步骤 4：调用 replay_segment({'start_frame': 263, 'end_frame': 275})
18:28:31 [INFO]   工具结果：轨迹 581 帧 263-275，原始 2 帧，展示 2 帧（步长 1）
18:28:32 [INFO]   步骤 5：调用 check_nearby_tracks({'track_id': 581, 'frame_ids': [263, 275]})
18:28:32 [INFO]   工具结果：帧 263 轨迹 581 附近（150px）：发现 17 个附近轨迹：ID 555（距离33.5px），ID 556（距离126.9px），ID 562（距离63.5px），ID 564（距离35.4
18:28:34 [INFO]   步骤 6：调用 replay_segment({'start_frame': 247, 'end_frame': 262})
18:28:34 [INFO]   工具结果：轨迹 581 帧 247-262，原始 13 帧，展示 13 帧（步长 1）
18:28:34 [WARNING] 轨迹 581 达到最大调查步数，使用初始判断
18:28:34 [INFO]   → 确认：调查步数耗尽，沿用阶段一结论：目标在第263帧至第275帧间中断，消失超过5帧。
18:28:34 [INFO] [26/52] 调查轨迹 584
18:28:34 [INFO] 开始调查轨迹 584（drift）
18:28:34 [INFO]   步骤 1：调用 replay_segment({'start_frame': 332, 'end_frame': 332})
18:28:34 [INFO]   工具结果：轨迹 584 帧 332-332，原始 1 帧，展示 1 帧（步长 1）
18:28:35 [INFO]   步骤 2：调用 zoom_region({'frame_id': 332, 'region': [100, 100, 200, 200]})
18:28:35 [INFO]   工具结果：轨迹 584 第 332 帧放大 3.0x，已锐化
18:28:36 [INFO]   步骤 3：调用 check_nearby_tracks({'frame_id': 332, 'radius': 50})
18:28:36 [INFO]   工具结果：帧 332 轨迹 584 附近（50px）：发现 5 个附近轨迹：ID 564（距离26.0px），ID 572（距离41.2px），ID 589（距离44.6px），ID 599（距离30.0px）
18:28:38 [INFO]   步骤 4：调用 compare_appearances({'frame_id': 332, 'track_id': 584, 'reference_frame_id': 331})
18:28:38 [INFO]   工具结果：轨迹 584：帧331 vs 帧332，外观基本一致，非 ID 切换
18:28:39 [INFO]   步骤 5：调用 replay_segment({'start_frame': 331, 'end_frame': 333})
18:28:39 [INFO]   工具结果：轨迹 584 帧 331-333，原始 3 帧，展示 3 帧（步长 1）
18:28:40 [INFO]   步骤 6：调用 check_nearby_tracks({'frame_id': 332, 'radius': 50})
18:28:40 [INFO]   工具结果：帧 332 轨迹 584 附近（50px）：发现 5 个附近轨迹：ID 564（距离26.0px），ID 572（距离41.2px），ID 589（距离44.6px），ID 599（距离30.0px）
18:28:40 [WARNING] 轨迹 584 达到最大调查步数，使用初始判断
18:28:40 [INFO]   → 确认：调查步数耗尽，沿用阶段一结论：最大位移帧为332，位置异常跳变。
18:28:40 [INFO] [27/52] 调查轨迹 585
18:28:40 [INFO] 开始调查轨迹 585（drift）
18:28:41 [INFO]   步骤 1：调用 replay_segment({'start_frame': 324, 'end_frame': 1003})
18:28:41 [INFO]   工具结果：轨迹 585 帧 324-1003，原始 44 帧，展示 32 帧（步长 15）
18:28:42 [INFO]   步骤 2：调用 check_nearby_tracks({'track_id': 585, 'frame_range': [324, 1003]})
18:28:42 [INFO]   工具结果：帧 663 轨迹 585 附近（150px）：发现 14 个附近轨迹：ID 564（距离50.0px），ID 572（距离72.2px），ID 581（距离67.3px），ID 588（距离147.4
18:28:43 [INFO]   步骤 3：调用 compare_appearances({'frame_id': 357, 'prev_frame_id': 356, 'track_id': 585})
18:28:43 [INFO]   工具结果：轨迹 585：帧357 vs 帧358，外观基本一致，非 ID 切换
18:28:44 [INFO]   步骤 4：调用 replay_segment({'start_frame': 357, 'end_frame': 358})
18:28:44 [INFO]   工具结果：轨迹 585 帧 357-358，原始 2 帧，展示 2 帧（步长 1）
18:28:45 [INFO]   步骤 5：调用 check_nearby_tracks({'track_id': 585, 'frame_range': [357, 358]})
18:28:45 [INFO]   工具结果：帧 357 轨迹 585 附近（150px）：发现 8 个附近轨迹：ID 562（距离145.5px），ID 581（距离90.4px），ID 588（距离60.0px），ID 603（距离29.1p
18:28:47 [INFO]   步骤 6：调用 compare_appearances({'frame_id': 357, 'prev_frame_id': 356, 'track_id': 585})
18:28:47 [INFO]   工具结果：轨迹 585：帧357 vs 帧358，外观基本一致，非 ID 切换
18:28:47 [WARNING] 轨迹 585 达到最大调查步数，使用初始判断
18:28:47 [INFO]   → 确认：调查步数耗尽，沿用阶段一结论：最大位移较大，且存在多次跳跃帧
18:28:47 [INFO] [28/52] 调查轨迹 586
18:28:47 [INFO] 开始调查轨迹 586（drift）
18:28:47 [INFO]   步骤 1：调用 replay_segment({'start_frame': 332, 'end_frame': 339})
18:28:47 [INFO]   工具结果：轨迹 586 帧 332-339，原始 8 帧，展示 8 帧（步长 1）
18:28:48 [INFO]   步骤 2：调用 check_nearby_tracks({'frame_id': 339})
18:28:48 [INFO]   工具结果：帧 339 轨迹 586 附近（150px）：发现 25 个附近轨迹：ID 558（距离103.5px），ID 561（距离121.6px），ID 563（距离126.8px），ID 565（距离10
18:28:49 [INFO]   步骤 3：调用 compare_appearances({'frame_id': 332, 'target_track_id': 586, 'reference_track_id': 573})
18:28:49 [INFO]   工具结果：轨迹 586：帧332 vs 帧333，外观基本一致，非 ID 切换
18:28:50 [INFO]   步骤 4：调用 compare_appearances({'frame_id': 333, 'target_track_id': 586, 'reference_track_id': 573})
18:28:50 [INFO]   工具结果：轨迹 586：帧333 vs 帧334，外观基本一致，非 ID 切换
18:28:52 [INFO]   步骤 5：调用 compare_appearances({'frame_id': 334, 'target_track_id': 586, 'reference_track_id': 573})
18:28:52 [INFO]   工具结果：轨迹 586：帧334 vs 帧335，外观基本一致，非 ID 切换
18:28:53 [INFO]   步骤 6：调用 compare_appearances({'frame_id': 335, 'target_track_id': 586, 'reference_track_id': 573})
18:28:53 [INFO]   工具结果：轨迹 586：帧335 vs 帧336，外观基本一致，非 ID 切换
18:28:53 [WARNING] 轨迹 586 达到最大调查步数，使用初始判断
18:28:53 [INFO]   → 确认：调查步数耗尽，沿用阶段一结论：最大位移47.92，表明目标位置有异常跳变。
18:28:53 [INFO] [29/52] 调查轨迹 587
18:28:53 [INFO] 开始调查轨迹 587（drift）
18:28:53 [INFO]   步骤 1：调用 replay_segment({'start_frame': 609, 'end_frame': 625})
18:28:53 [INFO]   工具结果：轨迹 587 帧 609-625，原始 6 帧，展示 6 帧（步长 1）
18:28:54 [INFO]   步骤 2：调用 check_nearby_tracks({'track_id': 587, 'frame_range': [609, 625]})
18:28:54 [INFO]   工具结果：帧 617 轨迹 587 附近（150px）：发现 6 个附近轨迹：ID 557（距离148.1px），ID 576（距离58.1px），ID 595（距离66.7px），ID 602（距离134.0
18:28:55 [INFO]   步骤 3：调用 replay_segment({'start_frame': 609, 'end_frame': 625})
18:28:55 [INFO]   工具结果：轨迹 587 帧 609-625，原始 6 帧，展示 6 帧（步长 1）
18:28:56 [INFO]   步骤 4：调用 zoom_region({'frame_id': 625, 'region': [100, 100, 200, 200]})
18:28:56 [INFO]   工具结果：轨迹 587 第 625 帧放大 3.0x，已锐化
18:28:57 [INFO]   步骤 5：调用 compare_appearances({'frame_id_1': 624, 'frame_id_2': 625})
18:28:57 [INFO]   工具结果：轨迹 587：帧624 vs 帧625，外观基本一致，非 ID 切换
18:28:58 [INFO]   步骤 6：调用 replay_segment({'start_frame': 609, 'end_frame': 625})
18:28:58 [INFO]   工具结果：轨迹 587 帧 609-625，原始 6 帧，展示 6 帧（步长 1）
18:28:58 [WARNING] 轨迹 587 达到最大调查步数，使用初始判断
18:28:58 [INFO]   → 确认：调查步数耗尽，沿用阶段一结论：最大位移较大且在特定帧出现异常跳变
18:28:58 [INFO] [30/52] 调查轨迹 588
18:28:58 [INFO] 开始调查轨迹 588（drift）
18:28:59 [INFO]   步骤 1：调用 replay_segment({'start_frame': 361, 'end_frame': 677})
18:28:59 [INFO]   工具结果：轨迹 588 帧 361-677，原始 45 帧，展示 32 帧（步长 7）
18:29:00 [INFO]   步骤 2：调用 check_nearby_tracks({'track_id': 588, 'frame_range': [361, 677]})
18:29:00 [INFO]   工具结果：帧 519 轨迹 588 附近（150px）：发现 6 个附近轨迹：ID 581（距离136.0px），ID 585（距离116.7px），ID 603（距离60.1px），ID 605（距离52.9
18:29:01 [INFO]   步骤 3：调用 compare_appearances({'frame_id': 519, 'track_id': 588})
18:29:01 [INFO]   工具结果：轨迹 588：帧519 vs 帧520，外观基本一致，非 ID 切换
18:29:02 [INFO]   步骤 4：调用 replay_segment({'start_frame': 445, 'end_frame': 452})
18:29:02 [INFO]   工具结果：轨迹 588 帧 445-452，原始 8 帧，展示 8 帧（步长 1）
18:29:03 [INFO]   步骤 5：调用 check_nearby_tracks({'track_id': 588, 'frame_range': [445, 452]})
18:29:03 [INFO]   工具结果：帧 448 轨迹 588 附近（150px）：发现 8 个附近轨迹：ID 581（距离135.3px），ID 585（距离113.6px），ID 599（距离132.2px），ID 603（距离57.
18:29:04 [INFO]   步骤 6：调用 compare_appearances({'frame_id': 448, 'track_id': 588})
18:29:04 [INFO]   工具结果：轨迹 588：帧448 vs 帧449，外观基本一致，非 ID 切换
18:29:04 [WARNING] 轨迹 588 达到最大调查步数，使用初始判断
18:29:04 [INFO]   → 确认：调查步数耗尽，沿用阶段一结论：最大位移34.0，表明目标位置有异常跳变。
18:29:04 [INFO] [31/52] 调查轨迹 589
18:29:04 [INFO] 开始调查轨迹 589（drift）
18:29:05 [INFO]   步骤 1：调用 replay_segment({'start_frame': 364, 'end_frame': 633})
18:29:05 [INFO]   工具结果：轨迹 589 帧 364-633，原始 45 帧，展示 32 帧（步长 6）
18:29:12 [INFO]   步骤 2：调用 check_nearby_tracks({'track_id': 589, 'frame_range': [364, 633]})
18:29:12 [INFO]   工具结果：帧 498 轨迹 589 附近（150px）：发现 17 个附近轨迹：ID 554（距离136.3px），ID 556（距离115.8px），ID 562（距离40.1px），ID 564（距离50.
18:29:13 [INFO]   步骤 3：调用 compare_appearances({'frame_id': 568, 'track_id': 589})
18:29:13 [INFO]   工具结果：轨迹 589：帧568 vs 帧569，外观基本一致，非 ID 切换
18:29:14 [INFO]   步骤 4：调用 replay_segment({'start_frame': 568, 'end_frame': 573})
18:29:14 [INFO]   工具结果：轨迹 589 帧 568-573，原始 6 帧，展示 6 帧（步长 1）
18:29:16 [INFO]   步骤 5：调用 check_nearby_tracks({'track_id': 589, 'frame_range': [568, 573]})
18:29:16 [INFO]   工具结果：帧 570 轨迹 589 附近（150px）：发现 17 个附近轨迹：ID 554（距离139.3px），ID 556（距离111.6px），ID 562（距离53.2px），ID 564（距离54.
18:29:17 [INFO]   步骤 6：调用 compare_appearances({'frame_id': 570, 'track_id': 589})
18:29:17 [INFO]   工具结果：轨迹 589：帧570 vs 帧571，外观基本一致，非 ID 切换
18:29:17 [WARNING] 轨迹 589 达到最大调查步数，使用初始判断
18:29:17 [INFO]   → 确认：调查步数耗尽，沿用阶段一结论：最大位移较大，且存在多个异常跳变帧。
18:29:17 [INFO] [32/52] 调查轨迹 592
18:29:17 [INFO] 开始调查轨迹 592（drift）
18:29:18 [INFO]   步骤 1：调用 replay_segment({'start_frame': 510, 'end_frame': 651})
18:29:18 [INFO]   工具结果：轨迹 592 帧 510-651，原始 47 帧，展示 32 帧（步长 3）
18:29:19 [INFO]   步骤 2：调用 check_nearby_tracks({'track_id': 592, 'frame_range': [510, 651]})
18:29:19 [INFO]   工具结果：帧 580 轨迹 592 附近（150px）：发现 21 个附近轨迹：ID 555（距离147.1px），ID 558（距离11.7px），ID 561（距离27.4px），ID 565（距离7.6p
18:29:20 [INFO]   步骤 3：调用 compare_appearances({'frame_id': 510, 'frame_id_2': 651})
18:29:20 [INFO]   工具结果：轨迹 592：帧510 vs 帧651，外观基本一致，非 ID 切换
18:29:21 [INFO]   步骤 4：调用 replay_segment({'start_frame': 510, 'end_frame': 651})
18:29:21 [INFO]   工具结果：轨迹 592 帧 510-651，原始 47 帧，展示 32 帧（步长 3）
18:29:22 [INFO]   步骤 5：调用 check_nearby_tracks({'track_id': 592, 'frame_range': [510, 651]})
18:29:22 [INFO]   工具结果：帧 580 轨迹 592 附近（150px）：发现 21 个附近轨迹：ID 555（距离147.1px），ID 558（距离11.7px），ID 561（距离27.4px），ID 565（距离7.6p
18:29:24 [INFO]   步骤 6：调用 compare_appearances({'frame_id': 510, 'frame_id_2': 651})
18:29:24 [INFO]   工具结果：轨迹 592：帧510 vs 帧651，外观基本一致，非 ID 切换
18:29:24 [WARNING] 轨迹 592 达到最大调查步数，使用初始判断
18:29:24 [INFO]   → 确认：调查步数耗尽，沿用阶段一结论：最大位移40.74帧内有异常跳变
18:29:24 [INFO] [33/52] 调查轨迹 593
18:29:24 [INFO] 开始调查轨迹 593（drift）
18:29:25 [INFO]   步骤 1：调用 replay_segment({'start_frame': 649, 'end_frame': 652})
18:29:25 [INFO]   工具结果：轨迹 593 帧 649-652，原始 3 帧，展示 3 帧（步长 1）
18:29:26 [INFO]   步骤 2：调用 zoom_region({'frame_id': 650, 'region': [100, 100, 150, 150]})
18:29:26 [INFO]   工具结果：轨迹 593 第 650 帧放大 3.0x，已锐化
18:29:27 [INFO]   步骤 3：调用 check_nearby_tracks({'frame_id': 650, 'radius': 50})
18:29:27 [INFO]   工具结果：帧 650 轨迹 593 附近（50px）：发现 5 个附近轨迹：ID 554（距离49.5px），ID 566（距离41.5px），ID 590（距离36.6px），ID 598（距离35.2px）
18:29:28 [INFO]   步骤 4：调用 compare_appearances({'frame_id': 649, 'target_id': 593, 'compare_id': 554, 'region': [100, 100, 150, 150]})
18:29:28 [INFO]   工具结果：轨迹 593：帧649 vs 帧650，外观基本一致，非 ID 切换
18:29:30 [INFO]   步骤 5：调用 compare_appearances({'frame_id': 650, 'target_id': 593, 'compare_id': 566, 'region': [100, 100, 150, 150]})
18:29:30 [INFO]   工具结果：轨迹 593：帧650 vs 帧651，外观基本一致，非 ID 切换
18:29:32 [INFO]   步骤 6：调用 compare_appearances({'frame_id': 651, 'target_id': 593, 'compare_id': 590, 'region': [100, 100, 150, 150]})
18:29:32 [INFO]   工具结果：轨迹 593：帧651 vs 帧652，外观基本一致，非 ID 切换
18:29:32 [WARNING] 轨迹 593 达到最大调查步数，使用初始判断
18:29:32 [INFO]   → 确认：调查步数耗尽，沿用阶段一结论：目标在第649帧和第652帧间位置异常跳变。
18:29:32 [INFO] [34/52] 调查轨迹 594
18:29:32 [INFO] 开始调查轨迹 594（miss）
18:29:32 [INFO]   步骤 1：调用 replay_segment({'start_frame': 400, 'end_frame': 408})
18:29:32 [INFO]   工具结果：轨迹 594 帧 400-408，原始 2 帧，展示 2 帧（步长 1）
18:29:33 [INFO]   步骤 2：调用 check_nearby_tracks({'track_id': 594, 'frame_range': [400, 408]})
18:29:33 [INFO]   工具结果：帧 404 轨迹 594 附近（150px）：发现 23 个附近轨迹：ID 558（距离66.8px），ID 561（距离84.0px），ID 565（距离65.5px），ID 568（距离136.8
18:29:34 [INFO]   步骤 3：调用 replay_segment({'start_frame': 408, 'end_frame': 418})
18:29:34 [INFO]   工具结果：轨迹 594 帧 408-418，原始 2 帧，展示 2 帧（步长 1）
18:29:35 [INFO]   步骤 4：调用 check_nearby_tracks({'track_id': 594, 'frame_range': [408, 418]})
18:29:35 [INFO]   工具结果：帧 413 轨迹 594 附近（150px）：发现 23 个附近轨迹：ID 558（距离69.1px），ID 561（距离86.1px），ID 565（距离68.1px），ID 568（距离131.7
18:29:36 [INFO]   步骤 5：调用 replay_segment({'start_frame': 418, 'end_frame': 428})
18:29:36 [INFO]   工具结果：轨迹 594 帧 418-428，原始 10 帧，展示 10 帧（步长 1）
18:29:38 [INFO]   步骤 6：调用 check_nearby_tracks({'track_id': 594, 'frame_range': [418, 428]})
18:29:38 [INFO]   工具结果：帧 423 轨迹 594 附近（150px）：发现 24 个附近轨迹：ID 558（距离50.0px），ID 561（距离67.0px），ID 565（距离49.1px），ID 568（距离123.8
18:29:38 [WARNING] 轨迹 594 达到最大调查步数，使用初始判断
18:29:38 [INFO]   → 确认：调查步数耗尽，沿用阶段一结论：目标在第400帧至408帧间中断，持续8帧。
18:29:38 [INFO] [35/52] 调查轨迹 595
18:29:38 [INFO] 开始调查轨迹 595（miss）
18:29:38 [INFO]   步骤 1：调用 replay_segment({'start_frame': 422, 'end_frame': 428})
18:29:38 [INFO]   工具结果：轨迹 595 帧 422-428，原始 2 帧，展示 2 帧（步长 1）
18:29:39 [INFO]   步骤 2：调用 check_nearby_tracks({'track_id': 595, 'frame_range': [422, 428]})
18:29:39 [INFO]   工具结果：帧 425 轨迹 595 附近（150px）：发现 9 个附近轨迹：ID 553（距离62.5px），ID 557（距离49.0px），ID 563（距离121.3px），ID 567（距离138.9
18:29:40 [INFO]   步骤 3：调用 replay_segment({'start_frame': 422, 'end_frame': 428})
18:29:40 [INFO]   工具结果：轨迹 595 帧 422-428，原始 2 帧，展示 2 帧（步长 1）
18:29:41 [INFO]   步骤 4：调用 compare_appearances({'frame1': 422, 'frame2': 428})
18:29:41 [INFO]   工具结果：缺少 frame_id_a/frame_id_b
18:29:42 [INFO]   步骤 5：调用 replay_segment({'start_frame': 422, 'end_frame': 428})
18:29:42 [INFO]   工具结果：轨迹 595 帧 422-428，原始 2 帧，展示 2 帧（步长 1）
18:29:43 [INFO]   步骤 6：调用 compare_appearances({'frame1': 422, 'frame2': 428})
18:29:43 [INFO]   工具结果：缺少 frame_id_a/frame_id_b
18:29:43 [WARNING] 轨迹 595 达到最大调查步数，使用初始判断
18:29:43 [INFO]   → 确认：调查步数耗尽，沿用阶段一结论：目标在第422帧至428帧间中断，持续6帧。
18:29:43 [INFO] [36/52] 调查轨迹 596
18:29:43 [INFO] 开始调查轨迹 596（drift）
18:29:43 [INFO]   步骤 1：调用 replay_segment({'start_frame': 715, 'end_frame': 715})
18:29:43 [INFO]   工具结果：轨迹 596 帧 715-715，原始 1 帧，展示 1 帧（步长 1）
18:29:44 [INFO]   步骤 2：调用 zoom_region({'frame_id': 715, 'region': [100, 100, 200, 200]})
18:29:44 [INFO]   工具结果：轨迹 596 第 715 帧放大 3.0x，已锐化
18:29:45 [INFO]   步骤 3：调用 check_nearby_tracks({'frame_id': 715, 'radius': 50})
18:29:45 [INFO]   工具结果：帧 715 轨迹 596 附近（50px）：发现 4 个附近轨迹：ID 578（距离12.7px），ID 583（距离29.1px），ID 591（距离34.3px），ID 600（距离36.5px）
18:29:46 [INFO]   步骤 4：调用 compare_appearances({'frame_id': 715, 'track_id': 596, 'reference_frame_id': 714})
18:29:46 [INFO]   工具结果：轨迹 596：帧714 vs 帧715，外观基本一致，非 ID 切换
18:29:48 [INFO]   步骤 5：调用 replay_segment({'start_frame': 714, 'end_frame': 715})
18:29:48 [INFO]   工具结果：轨迹 596 帧 714-715，原始 2 帧，展示 2 帧（步长 1）
18:29:49 [INFO]   步骤 6：调用 check_nearby_tracks({'frame_id': 715, 'radius': 50})
18:29:49 [INFO]   工具结果：帧 715 轨迹 596 附近（50px）：发现 4 个附近轨迹：ID 578（距离12.7px），ID 583（距离29.1px），ID 591（距离34.3px），ID 600（距离36.5px）
18:29:49 [WARNING] 轨迹 596 达到最大调查步数，使用初始判断
18:29:49 [INFO]   → 确认：调查步数耗尽，沿用阶段一结论：最大位移帧715处目标位置异常跳变
18:29:49 [INFO] [37/52] 调查轨迹 597
18:29:49 [INFO] 开始调查轨迹 597（drift）
18:29:49 [INFO]   步骤 1：调用 replay_segment({'start_frame': 654, 'end_frame': 714})
18:29:49 [INFO]   工具结果：轨迹 597 帧 654-714，原始 21 帧，展示 21 帧（步长 2）
18:29:50 [INFO]   步骤 2：调用 check_nearby_tracks({'track_id': 597, 'frame_range': [687, 707]})
18:29:50 [INFO]   工具结果：帧 697 轨迹 597 附近（150px）：发现 14 个附近轨迹：ID 556（距离146.4px），ID 562（距离104.2px），ID 564（距离21.0px），ID 572（距离53.
18:29:52 [INFO]   步骤 3：调用 compare_appearances({'frame_id': 687, 'prev_frame_id': 686, 'next_frame_id': 688})
18:29:52 [INFO]   工具结果：轨迹 597：帧687 vs 帧688，外观基本一致，非 ID 切换
18:29:53 [INFO]   步骤 4：调用 replay_segment({'start_frame': 686, 'end_frame': 688})
18:29:53 [INFO]   工具结果：轨迹 597 帧 686-688，原始 2 帧，展示 2 帧（步长 1）
18:29:54 [INFO]   步骤 5：调用 zoom_region({'frame_id': 687, 'region': [300, 100, 400, 200]})
18:29:54 [INFO]   工具结果：轨迹 597 第 687 帧放大 3.0x，已锐化
18:29:55 [INFO]   步骤 6：调用 replay_segment({'start_frame': 686, 'end_frame': 688})
18:29:55 [INFO]   工具结果：轨迹 597 帧 686-688，原始 2 帧，展示 2 帧（步长 1）
18:29:55 [WARNING] 轨迹 597 达到最大调查步数，使用初始判断
18:29:55 [INFO]   → 确认：调查步数耗尽，沿用阶段一结论：最大位移帧687处目标位置异常跳变
18:29:55 [INFO] [38/52] 调查轨迹 598
18:29:55 [INFO] 开始调查轨迹 598（miss）
18:29:56 [INFO]   步骤 1：调用 replay_segment({'start_frame': 799, 'end_frame': 818})
18:29:56 [INFO]   工具结果：轨迹 598 帧 799-818，原始 2 帧，展示 2 帧（步长 1）
18:29:57 [INFO]   步骤 2：调用 check_nearby_tracks({'track_id': 598, 'frame_ids': [799, 818]})
18:29:57 [INFO]   工具结果：帧 799 轨迹 598 附近（150px）：发现 23 个附近轨迹：ID 554（距离75.8px），ID 555（距离146.2px），ID 556（距离54.1px），ID 559（距离131.
18:29:58 [INFO]   步骤 3：调用 replay_segment({'start_frame': 799, 'end_frame': 818, 'step': 1})
18:29:58 [INFO]   工具结果：轨迹 598 帧 799-818，原始 2 帧，展示 2 帧（步长 1）
18:29:59 [INFO]   步骤 4：调用 check_nearby_tracks({'track_id': 598, 'frame_ids': [799, 818]})
18:29:59 [INFO]   工具结果：帧 799 轨迹 598 附近（150px）：发现 23 个附近轨迹：ID 554（距离75.8px），ID 555（距离146.2px），ID 556（距离54.1px），ID 559（距离131.
18:30:00 [INFO]   步骤 5：调用 replay_segment({'start_frame': 799, 'end_frame': 818, 'step': 1})
18:30:00 [INFO]   工具结果：轨迹 598 帧 799-818，原始 2 帧，展示 2 帧（步长 1）
18:30:01 [INFO]   步骤 6：调用 check_nearby_tracks({'track_id': 598, 'frame_ids': [799, 818]})
18:30:01 [INFO]   工具结果：帧 799 轨迹 598 附近（150px）：发现 23 个附近轨迹：ID 554（距离75.8px），ID 555（距离146.2px），ID 556（距离54.1px），ID 559（距离131.
18:30:01 [WARNING] 轨迹 598 达到最大调查步数，使用初始判断
18:30:01 [INFO]   → 确认：调查步数耗尽，沿用阶段一结论：轨迹在最后几帧中断，目标消失超过5帧。
18:30:01 [INFO] [39/52] 调查轨迹 599
18:30:01 [INFO] 开始调查轨迹 599（miss）
18:30:02 [INFO]   步骤 1：调用 replay_segment({'start_frame': 674, 'end_frame': 716})
18:30:02 [INFO]   工具结果：轨迹 599 帧 674-716，原始 20 帧，展示 20 帧（步长 1）
18:30:03 [INFO]   步骤 2：调用 check_nearby_tracks({'track_id': 599, 'frame_range': [674, 716]})
18:30:03 [INFO]   工具结果：帧 695 轨迹 599 附近（150px）：发现 13 个附近轨迹：ID 562（距离99.5px），ID 564（距离15.8px），ID 572（距离46.9px），ID 581（距离3.7px
18:30:04 [INFO]   步骤 3：调用 replay_segment({'start_frame': 674, 'end_frame': 716})
18:30:04 [INFO]   工具结果：轨迹 599 帧 674-716，原始 20 帧，展示 20 帧（步长 1）
18:30:05 [INFO]   步骤 4：调用 check_nearby_tracks({'track_id': 599, 'frame_range': [674, 716]})
18:30:05 [INFO]   工具结果：帧 695 轨迹 599 附近（150px）：发现 13 个附近轨迹：ID 562（距离99.5px），ID 564（距离15.8px），ID 572（距离46.9px），ID 581（距离3.7px
18:30:07 [INFO]   步骤 5：调用 replay_segment({'start_frame': 674, 'end_frame': 716})
18:30:07 [INFO]   工具结果：轨迹 599 帧 674-716，原始 20 帧，展示 20 帧（步长 1）
18:30:08 [INFO]   步骤 6：调用 check_nearby_tracks({'track_id': 599, 'frame_range': [674, 716]})
18:30:08 [INFO]   工具结果：帧 695 轨迹 599 附近（150px）：发现 13 个附近轨迹：ID 562（距离99.5px），ID 564（距离15.8px），ID 572（距离46.9px），ID 581（距离3.7px
18:30:08 [WARNING] 轨迹 599 达到最大调查步数，使用初始判断
18:30:08 [INFO]   → 确认：调查步数耗尽，沿用阶段一结论：目标在689帧后消失，持续15帧。
18:30:08 [INFO] [40/52] 调查轨迹 600
18:30:08 [INFO] 开始调查轨迹 600（drift）
18:30:15 [INFO]   步骤 1：调用 replay_segment({'start_frame': 750, 'end_frame': 755})
18:30:15 [INFO]   工具结果：轨迹 600 帧 750-755，原始 6 帧，展示 6 帧（步长 1）
18:30:16 [INFO]   步骤 2：调用 check_nearby_tracks({'track_id': 600, 'frame_range': [750, 755]})
18:30:16 [INFO]   工具结果：帧 752 轨迹 600 附近（150px）：发现 24 个附近轨迹：ID 558（距离41.3px），ID 561（距离58.1px），ID 565（距离37.4px），ID 568（距离147.1
18:30:17 [INFO]   步骤 3：调用 compare_appearances({'frame_id': 750, 'target_track_id': 600, 'reference_track_id': 558, 'threshold': 0.5})
18:30:17 [INFO]   工具结果：轨迹 600：帧750 vs 帧751，外观基本一致，非 ID 切换
18:30:19 [INFO]   步骤 4：调用 compare_appearances({'frame_id': 751, 'target_track_id': 600, 'reference_track_id': 561, 'threshold': 0.5})
18:30:19 [INFO]   工具结果：轨迹 600：帧751 vs 帧752，外观基本一致，非 ID 切换
18:30:21 [INFO]   步骤 5：调用 compare_appearances({'frame_id': 752, 'target_track_id': 600, 'reference_track_id': 565, 'threshold': 0.5})
18:30:21 [INFO]   工具结果：轨迹 600：帧752 vs 帧753，外观基本一致，非 ID 切换
18:30:22 [INFO]   步骤 6：调用 compare_appearances({'frame_id': 753, 'target_track_id': 600, 'reference_track_id': 568, 'threshold': 0.5})
18:30:22 [INFO]   工具结果：轨迹 600：帧753 vs 帧754，外观基本一致，非 ID 切换
18:30:22 [WARNING] 轨迹 600 达到最大调查步数，使用初始判断
18:30:22 [INFO]   → 确认：调查步数耗尽，沿用阶段一结论：最大位移较大，且在特定帧出现异常跳变
18:30:22 [INFO] [41/52] 调查轨迹 602
18:30:22 [INFO] 开始调查轨迹 602（drift）
18:30:23 [INFO]   步骤 1：调用 replay_segment({'start_frame': 702, 'end_frame': 717})
18:30:23 [INFO]   工具结果：轨迹 602 帧 702-717，原始 16 帧，展示 16 帧（步长 1）
18:30:24 [INFO]   步骤 2：调用 check_nearby_tracks({'track_id': 602, 'frame_range': [702, 717]})
18:30:24 [INFO]   工具结果：帧 709 轨迹 602 附近（150px）：发现 10 个附近轨迹：ID 553（距离117.6px），ID 557（距离59.3px），ID 563（距离87.6px），ID 567（距离115.
18:30:25 [INFO]   步骤 3：调用 compare_appearances({'frame_id': 713, 'track_id': 602, 'reference_frame_id': 712})
18:30:25 [INFO]   工具结果：轨迹 602：帧712 vs 帧713，外观基本一致，非 ID 切换
18:30:26 [INFO]   步骤 4：调用 replay_segment({'start_frame': 702, 'end_frame': 717})
18:30:26 [INFO]   工具结果：轨迹 602 帧 702-717，原始 16 帧，展示 16 帧（步长 1）
18:30:27 [INFO]   步骤 5：调用 check_nearby_tracks({'track_id': 602, 'frame_range': [702, 717]})
18:30:27 [INFO]   工具结果：帧 709 轨迹 602 附近（150px）：发现 10 个附近轨迹：ID 553（距离117.6px），ID 557（距离59.3px），ID 563（距离87.6px），ID 567（距离115.
18:30:28 [INFO]   步骤 6：调用 compare_appearances({'frame_id': 713, 'track_id': 602, 'reference_frame_id': 712})
18:30:28 [INFO]   工具结果：轨迹 602：帧712 vs 帧713，外观基本一致，非 ID 切换
18:30:28 [WARNING] 轨迹 602 达到最大调查步数，使用初始判断
18:30:28 [INFO]   → 确认：调查步数耗尽，沿用阶段一结论：最大位移较大，且在第713帧出现异常跳变。
18:30:28 [INFO] [42/52] 调查轨迹 603
18:30:28 [INFO] 开始调查轨迹 603（drift）
18:30:29 [INFO]   步骤 1：调用 replay_segment({'start_frame': 765, 'end_frame': 873})
18:30:29 [INFO]   工具结果：轨迹 603 帧 765-873，原始 22 帧，展示 22 帧（步长 3）
18:30:30 [INFO]   步骤 2：调用 check_nearby_tracks({'frame_ids': [765, 873]})
18:30:30 [INFO]   工具结果：帧 765 轨迹 603 附近（150px）：发现 7 个附近轨迹：ID 572（距离134.9px），ID 585（距离122.1px），ID 588（距离34.3px），ID 605（距离56.4
18:30:31 [INFO]   步骤 3：调用 compare_appearances({'frame_ids': [765, 873]})
18:30:31 [INFO]   工具结果：轨迹 603：帧765 vs 帧873，外观基本一致，非 ID 切换
18:30:32 [INFO]   步骤 4：调用 replay_segment({'start_frame': 765, 'end_frame': 873})
18:30:32 [INFO]   工具结果：轨迹 603 帧 765-873，原始 22 帧，展示 22 帧（步长 3）
18:30:33 [INFO]   步骤 5：调用 check_nearby_tracks({'frame_ids': [765, 873]})
18:30:33 [INFO]   工具结果：帧 765 轨迹 603 附近（150px）：发现 7 个附近轨迹：ID 572（距离134.9px），ID 585（距离122.1px），ID 588（距离34.3px），ID 605（距离56.4
18:30:34 [INFO]   步骤 6：调用 compare_appearances({'frame_ids': [765, 873]})
18:30:34 [INFO]   工具结果：轨迹 603：帧765 vs 帧873，外观基本一致，非 ID 切换
18:30:34 [WARNING] 轨迹 603 达到最大调查步数，使用初始判断
18:30:34 [INFO]   → 确认：调查步数耗尽，沿用阶段一结论：最大位移44.14帧内有异常跳变
18:30:34 [INFO] [43/52] 调查轨迹 604
18:30:34 [INFO] 开始调查轨迹 604（drift）
18:30:35 [INFO]   步骤 1：调用 replay_segment({'start_frame': 752, 'end_frame': 844})
18:30:35 [INFO]   工具结果：轨迹 604 帧 752-844，原始 45 帧，展示 32 帧（步长 2）
18:30:36 [INFO]   步骤 2：调用 check_nearby_tracks({'track_id': 604, 'frame_range': [752, 844]})
18:30:36 [INFO]   工具结果：帧 798 轨迹 604 附近（150px）：发现 20 个附近轨迹：ID 554（距离144.7px），ID 556（距离114.2px），ID 562（距离67.8px），ID 564（距离67.
18:30:37 [INFO]   步骤 3：调用 compare_appearances({'frame_id': 825, 'track_id': 604})
18:30:37 [INFO]   工具结果：轨迹 604：帧825 vs 帧826，外观基本一致，非 ID 切换
18:30:38 [INFO]   步骤 4：调用 replay_segment({'start_frame': 825, 'end_frame': 826})
18:30:38 [INFO]   工具结果：轨迹 604 帧 825-826，原始 2 帧，展示 2 帧（步长 1）
18:30:39 [INFO]   步骤 5：调用 check_nearby_tracks({'track_id': 604, 'frame_range': [825, 826]})
18:30:39 [INFO]   工具结果：帧 825 轨迹 604 附近（150px）：发现 22 个附近轨迹：ID 554（距离129.8px），ID 556（距离96.3px），ID 562（距离61.5px），ID 564（距离73.8
18:30:41 [INFO]   步骤 6：调用 replay_segment({'start_frame': 825, 'end_frame': 826})
18:30:41 [INFO]   工具结果：轨迹 604 帧 825-826，原始 2 帧，展示 2 帧（步长 1）
18:30:41 [WARNING] 轨迹 604 达到最大调查步数，使用初始判断
18:30:41 [INFO]   → 确认：调查步数耗尽，沿用阶段一结论：最大位移较大，且在第825帧出现异常跳变。
18:30:41 [INFO] [44/52] 调查轨迹 607
18:30:41 [INFO] 开始调查轨迹 607（drift）
18:30:41 [INFO]   步骤 1：调用 replay_segment({'start_frame': 869, 'end_frame': 874})
18:30:41 [INFO]   工具结果：轨迹 607 帧 869-874，原始 6 帧，展示 6 帧（步长 1）
18:30:42 [INFO]   步骤 2：调用 check_nearby_tracks({'track_id': 607, 'frame_range': [869, 874]})
18:30:42 [INFO]   工具结果：帧 871 轨迹 607 附近（150px）：发现 16 个附近轨迹：ID 553（距离25.0px），ID 557（距离116.5px），ID 563（距离65.2px），ID 567（距离36.0
18:30:44 [INFO]   步骤 3：调用 compare_appearances({'frame_id': 869, 'track_id': 607, 'frame_id_2': 874, 'track_id_2': 607})
18:30:44 [INFO]   工具结果：轨迹 607：帧869 vs 帧874，外观基本一致，非 ID 切换
18:30:44 [INFO]   步骤 4：调用 replay_segment({'start_frame': 869, 'end_frame': 874})
18:30:44 [INFO]   工具结果：轨迹 607 帧 869-874，原始 6 帧，展示 6 帧（步长 1）
18:30:45 [INFO]   步骤 5：调用 check_nearby_tracks({'track_id': 607, 'frame_range': [869, 874]})
18:30:45 [INFO]   工具结果：帧 871 轨迹 607 附近（150px）：发现 16 个附近轨迹：ID 553（距离25.0px），ID 557（距离116.5px），ID 563（距离65.2px），ID 567（距离36.0
18:30:47 [INFO]   步骤 6：调用 compare_appearances({'frame_id': 869, 'track_id': 607, 'frame_id_2': 874, 'track_id_2': 607})
18:30:47 [INFO]   工具结果：轨迹 607：帧869 vs 帧874，外观基本一致，非 ID 切换
18:30:47 [WARNING] 轨迹 607 达到最大调查步数，使用初始判断
18:30:47 [INFO]   → 确认：调查步数耗尽，沿用阶段一结论：最大位移发生在第874帧，位置异常跳变。
18:30:47 [INFO] [45/52] 调查轨迹 608
18:30:47 [INFO] 开始调查轨迹 608（drift）
18:30:48 [INFO]   步骤 1：调用 replay_segment({'start_frame': 823, 'end_frame': 885})
18:30:48 [INFO]   工具结果：轨迹 608 帧 823-885，原始 32 帧，展示 32 帧（步长 2）
18:30:49 [INFO]   步骤 2：调用 check_nearby_tracks({'track_id': 608, 'frame_range': [823, 885]})
18:30:49 [INFO]   工具结果：帧 854 轨迹 608 附近（150px）：发现 7 个附近轨迹：ID 557（距离75.9px），ID 563（距离145.5px），ID 576（距离92.3px），ID 587（距离63.6p
18:30:50 [INFO]   步骤 3：调用 compare_appearances({'frame_id': 823, 'target_id': 608, 'compare_id': 595})
18:30:50 [INFO]   工具结果：轨迹 608：帧823 vs 帧824，外观基本一致，非 ID 切换
18:30:51 [INFO]   步骤 4：调用 compare_appearances({'frame_id': 885, 'target_id': 608, 'compare_id': 595})
18:30:51 [INFO]   工具结果：轨迹 608：帧885 vs 帧886，外观基本一致，非 ID 切换
18:30:52 [INFO]   步骤 5：调用 replay_segment({'start_frame': 823, 'end_frame': 885})
18:30:52 [INFO]   工具结果：轨迹 608 帧 823-885，原始 32 帧，展示 32 帧（步长 2）
18:30:53 [INFO]   步骤 6：调用 check_nearby_tracks({'track_id': 608, 'frame_range': [823, 885]})
18:30:53 [INFO]   工具结果：帧 854 轨迹 608 附近（150px）：发现 7 个附近轨迹：ID 557（距离75.9px），ID 563（距离145.5px），ID 576（距离92.3px），ID 587（距离63.6p
18:30:53 [WARNING] 轨迹 608 达到最大调查步数，使用初始判断
18:30:53 [INFO]   → 确认：调查步数耗尽，沿用阶段一结论：最大位移发生在第823帧，之后目标位置出现异常跳变。
18:30:53 [INFO] [46/52] 调查轨迹 609
18:30:53 [INFO] 开始调查轨迹 609（drift）
18:30:54 [INFO]   步骤 1：调用 replay_segment({'start_frame': 817, 'end_frame': 851})
18:30:54 [INFO]   工具结果：轨迹 609 帧 817-851，原始 29 帧，展示 29 帧（步长 1）
18:30:55 [INFO]   步骤 2：调用 check_nearby_tracks({'start_frame': 817, 'end_frame': 851})
18:30:55 [INFO]   工具结果：缺少 frame_id/track_id
18:30:56 [INFO]   步骤 3：调用 replay_segment({'start_frame': 834, 'end_frame': 834})
18:30:56 [INFO]   工具结果：轨迹 609 帧 834-834，原始 1 帧，展示 1 帧（步长 1）
18:30:57 [INFO]   步骤 4：调用 zoom_region({'frame_id': 834, 'region': [100, 100, 200, 200]})
18:30:57 [INFO]   工具结果：轨迹 609 第 834 帧放大 3.0x，已锐化
18:30:58 [INFO]   步骤 5：调用 compare_appearances({'frame_id_1': 833, 'frame_id_2': 834})
18:30:58 [INFO]   工具结果：轨迹 609：帧833 vs 帧834，外观基本一致，非 ID 切换
18:30:59 [INFO]   步骤 6：调用 replay_segment({'start_frame': 833, 'end_frame': 834})
18:30:59 [INFO]   工具结果：轨迹 609 帧 833-834，原始 2 帧，展示 2 帧（步长 1）
18:30:59 [WARNING] 轨迹 609 达到最大调查步数，使用初始判断
18:30:59 [INFO]   → 确认：调查步数耗尽，沿用阶段一结论：最大位移较大，且在第834帧出现异常跳变。
18:30:59 [INFO] [47/52] 调查轨迹 611
18:30:59 [INFO] 开始调查轨迹 611（miss）
18:31:00 [INFO]   步骤 1：调用 replay_segment({'start_frame': 971, 'end_frame': 1003})
18:31:00 [INFO]   工具结果：轨迹 611 帧 971-1003，原始 22 帧，展示 22 帧（步长 1）
18:31:01 [INFO]   步骤 2：调用 check_nearby_tracks({'track_id': 611, 'frame_range': [971, 1003]})
18:31:01 [INFO]   工具结果：帧 987 轨迹 611 附近（150px）：发现 25 个附近轨迹：ID 555（距离111.5px），ID 558（距离28.6px），ID 560（距离145.2px），ID 561（距离10.
18:31:02 [INFO]   步骤 3：调用 replay_segment({'start_frame': 971, 'end_frame': 1003})
18:31:02 [INFO]   工具结果：轨迹 611 帧 971-1003，原始 22 帧，展示 22 帧（步长 1）
18:31:03 [INFO]   步骤 4：调用 check_nearby_tracks({'track_id': 611, 'frame_range': [971, 1003]})
18:31:03 [INFO]   工具结果：帧 987 轨迹 611 附近（150px）：发现 25 个附近轨迹：ID 555（距离111.5px），ID 558（距离28.6px），ID 560（距离145.2px），ID 561（距离10.
18:31:05 [INFO]   步骤 5：调用 replay_segment({'start_frame': 971, 'end_frame': 1003})
18:31:05 [INFO]   工具结果：轨迹 611 帧 971-1003，原始 22 帧，展示 22 帧（步长 1）
18:31:06 [INFO]   步骤 6：调用 check_nearby_tracks({'track_id': 611, 'frame_range': [971, 1003]})
18:31:06 [INFO]   工具结果：帧 987 轨迹 611 附近（150px）：发现 25 个附近轨迹：ID 555（距离111.5px），ID 558（距离28.6px），ID 560（距离145.2px），ID 561（距离10.
18:31:06 [WARNING] 轨迹 611 达到最大调查步数，使用初始判断
18:31:06 [INFO]   → 确认：调查步数耗尽，沿用阶段一结论：轨迹在971帧后中断，目标消失超过5帧。
18:31:06 [INFO] [48/52] 调查轨迹 612
18:31:06 [INFO] 开始调查轨迹 612（miss）
18:31:07 [INFO]   步骤 1：调用 replay_segment({'start_frame': 890, 'end_frame': 912})
18:31:07 [INFO]   工具结果：轨迹 612 帧 890-912，原始 4 帧，展示 4 帧（步长 1）
18:31:08 [INFO]   步骤 2：调用 check_nearby_tracks({'frame_id': 890, 'radius': 10})
18:31:08 [INFO]   工具结果：帧 890 轨迹 612 附近（10px）：附近无其他轨迹
18:31:08 [INFO]   步骤 3：调用 replay_segment({'start_frame': 868, 'end_frame': 890})
18:31:08 [INFO]   工具结果：轨迹 612 帧 868-890，原始 21 帧，展示 21 帧（步长 1）
18:31:09 [INFO]   步骤 4：调用 replay_segment({'start_frame': 912, 'end_frame': 936})
18:31:09 [INFO]   工具结果：轨迹 612 帧 912-936，原始 8 帧，展示 8 帧（步长 1）
18:31:10 [INFO]   步骤 5：调用 check_nearby_tracks({'frame_id': 912, 'radius': 10})
18:31:10 [INFO]   工具结果：帧 912 轨迹 612 附近（10px）：发现 1 个附近轨迹：ID 553（距离3.9px）
18:31:18 [INFO]   步骤 6：调用 replay_segment({'start_frame': 898, 'end_frame': 912})
18:31:18 [INFO]   工具结果：轨迹 612 帧 898-912，原始 2 帧，展示 2 帧（步长 1）
18:31:18 [WARNING] 轨迹 612 达到最大调查步数，使用初始判断
18:31:18 [INFO]   → 确认：调查步数耗尽，沿用阶段一结论：轨迹在890帧至912帧间中断，持续超过5帧。
18:31:18 [INFO] [49/52] 调查轨迹 613
18:31:18 [INFO] 开始调查轨迹 613（miss）
18:31:18 [INFO]   步骤 1：调用 replay_segment({'start_frame': 979, 'end_frame': 996})
18:31:18 [INFO]   工具结果：轨迹 613 帧 979-996，原始 2 帧，展示 2 帧（步长 1）
18:31:19 [INFO]   步骤 2：调用 check_nearby_tracks({'track_id': 613, 'frame_range': [979, 996]})
18:31:19 [INFO]   工具结果：帧 987 轨迹 613 附近（150px）：发现 11 个附近轨迹：ID 564（距离86.6px），ID 572（距离118.6px），ID 581（距离103.0px），ID 589（距离105
18:31:20 [INFO]   步骤 3：调用 compare_appearances({'track_id': 613, 'frame_range': [979, 996]})
18:31:20 [INFO]   工具结果：轨迹 613：帧987 vs 帧996，外观基本一致，非 ID 切换
18:31:21 [INFO]   步骤 4：调用 replay_segment({'start_frame': 979, 'end_frame': 996})
18:31:21 [INFO]   工具结果：轨迹 613 帧 979-996，原始 2 帧，展示 2 帧（步长 1）
18:31:22 [INFO]   步骤 5：调用 check_nearby_tracks({'track_id': 613, 'frame_range': [979, 996]})
18:31:22 [INFO]   工具结果：帧 987 轨迹 613 附近（150px）：发现 11 个附近轨迹：ID 564（距离86.6px），ID 572（距离118.6px），ID 581（距离103.0px），ID 589（距离105
18:31:23 [INFO]   步骤 6：调用 compare_appearances({'track_id': 613, 'frame_range': [979, 996]})
18:31:23 [INFO]   工具结果：轨迹 613：帧987 vs 帧996，外观基本一致，非 ID 切换
18:31:23 [WARNING] 轨迹 613 达到最大调查步数，使用初始判断
18:31:23 [INFO]   → 确认：调查步数耗尽，沿用阶段一结论：轨迹中断，目标消失超过5帧
18:31:23 [INFO] [50/52] 调查轨迹 614
18:31:23 [INFO] 开始调查轨迹 614（drift）
18:31:24 [INFO]   步骤 1：调用 replay_segment({'start_frame': 971, 'end_frame': 972})
18:31:24 [INFO]   工具结果：轨迹 614 帧 971-972，原始 2 帧，展示 2 帧（步长 1）
18:31:25 [INFO]   步骤 2：调用 check_nearby_tracks({'track_id': 614, 'frame_range': [971, 972]})
18:31:25 [INFO]   工具结果：帧 971 轨迹 614 附近（150px）：发现 12 个附近轨迹：ID 564（距离85.2px），ID 572（距离109.9px），ID 581（距离102.4px），ID 588（距离142
18:31:26 [INFO]   步骤 3：调用 compare_appearances({'track_id': 614, 'frame_range': [971, 972]})
18:31:26 [INFO]   工具结果：轨迹 614：帧971 vs 帧972，外观基本一致，非 ID 切换
18:31:27 [INFO]   步骤 4：调用 replay_segment({'start_frame': 971, 'end_frame': 973})
18:31:27 [INFO]   工具结果：轨迹 614 帧 971-973，原始 3 帧，展示 3 帧（步长 1）
18:31:28 [INFO]   步骤 5：调用 check_nearby_tracks({'track_id': 614, 'frame_range': [971, 973]})
18:31:28 [INFO]   工具结果：帧 972 轨迹 614 附近（150px）：发现 12 个附近轨迹：ID 564（距离109.9px），ID 572（距离127.3px），ID 581（距离127.2px），ID 588（距离12
18:31:29 [INFO]   步骤 6：调用 compare_appearances({'track_id': 614, 'frame_range': [972, 973]})
18:31:29 [INFO]   工具结果：轨迹 614：帧972 vs 帧973，外观基本一致，非 ID 切换
18:31:29 [WARNING] 轨迹 614 达到最大调查步数，使用初始判断
18:31:29 [INFO]   → 确认：调查步数耗尽，沿用阶段一结论：最大位移较大，且在特定帧出现异常跳变。
18:31:29 [INFO] [51/52] 调查轨迹 615
18:31:29 [INFO] 开始调查轨迹 615（drift）
18:31:30 [INFO]   步骤 1：调用 replay_segment({'start_frame': 992, 'end_frame': 992})
18:31:30 [INFO]   工具结果：轨迹 615 帧 992-992，原始 1 帧，展示 1 帧（步长 1）
18:31:30 [INFO]   步骤 2：调用 check_nearby_tracks({'track_id': 615, 'frame_range': [991, 993]})
18:31:30 [INFO]   工具结果：帧 992 轨迹 615 附近（150px）：发现 22 个附近轨迹：ID 553（距离131.5px），ID 558（距离75.6px），ID 561（距离88.3px），ID 565（距离71.5
18:31:31 [INFO]   步骤 3：调用 compare_appearances({'frame_id': 992, 'track_id': 615, 'reference_frame_id': 991})
18:31:31 [INFO]   工具结果：轨迹 615：帧991 vs 帧992，外观基本一致，非 ID 切换
18:31:32 [INFO]   步骤 4：调用 replay_segment({'start_frame': 991, 'end_frame': 993})
18:31:32 [INFO]   工具结果：轨迹 615 帧 991-993，原始 3 帧，展示 3 帧（步长 1）
18:31:33 [INFO]   步骤 5：调用 check_nearby_tracks({'track_id': 615, 'frame_range': [991, 993]})
18:31:33 [INFO]   工具结果：帧 992 轨迹 615 附近（150px）：发现 22 个附近轨迹：ID 553（距离131.5px），ID 558（距离75.6px），ID 561（距离88.3px），ID 565（距离71.5
18:31:35 [INFO]   步骤 6：调用 replay_segment({'start_frame': 991, 'end_frame': 993})
18:31:35 [INFO]   工具结果：轨迹 615 帧 991-993，原始 3 帧，展示 3 帧（步长 1）
18:31:35 [WARNING] 轨迹 615 达到最大调查步数，使用初始判断
18:31:35 [INFO]   → 确认：调查步数耗尽，沿用阶段一结论：最大位移帧992处目标位置异常跳变
18:31:35 [INFO] [52/52] 调查轨迹 616
18:31:35 [INFO] 开始调查轨迹 616（miss）
18:31:35 [INFO]   步骤 1：调用 replay_segment({'start_frame': 953, 'end_frame': 1003})
18:31:35 [INFO]   工具结果：轨迹 616 帧 953-1003，原始 13 帧，展示 13 帧（步长 2）
18:31:36 [INFO]   步骤 2：调用 check_nearby_tracks({'track_id': 616, 'frame_range': [953, 1003]})
18:31:36 [INFO]   工具结果：帧 978 轨迹 616 附近（150px）：发现 17 个附近轨迹：ID 553（距离24.9px），ID 563（距离88.9px），ID 567（距离77.7px），ID 569（距离149.5
18:31:37 [INFO]   步骤 3：调用 replay_segment({'start_frame': 953, 'end_frame': 1003})
18:31:37 [INFO]   工具结果：轨迹 616 帧 953-1003，原始 13 帧，展示 13 帧（步长 2）
18:31:38 [INFO]   步骤 4：调用 check_nearby_tracks({'track_id': 616, 'frame_range': [953, 1003]})
18:31:38 [INFO]   工具结果：帧 978 轨迹 616 附近（150px）：发现 17 个附近轨迹：ID 553（距离24.9px），ID 563（距离88.9px），ID 567（距离77.7px），ID 569（距离149.5
18:31:40 [INFO]   步骤 5：调用 replay_segment({'start_frame': 953, 'end_frame': 1003})
18:31:40 [INFO]   工具结果：轨迹 616 帧 953-1003，原始 13 帧，展示 13 帧（步长 2）
18:31:41 [INFO]   步骤 6：调用 check_nearby_tracks({'track_id': 616, 'frame_range': [953, 1003]})
18:31:41 [INFO]   工具结果：帧 978 轨迹 616 附近（150px）：发现 17 个附近轨迹：ID 553（距离24.9px），ID 563（距离88.9px），ID 567（距离77.7px），ID 569（距离149.5
18:31:41 [WARNING] 轨迹 616 达到最大调查步数，使用初始判断
18:31:41 [INFO]   → 确认：调查步数耗尽，沿用阶段一结论：目标在第960帧后中断，持续14帧。
18:31:41 [INFO] ========================================
18:31:41 [INFO] [dancetrack0046] 阶段三：轨迹修正
18:31:41 [INFO] ========================================
18:31:41 [INFO] 正在分析轨迹 556（长度 218 帧）...
18:31:43 [INFO] 修正回滚：track=556 type=miss
18:31:43 [INFO] 正在分析轨迹 557（长度 149 帧）...
18:31:44 [INFO] 修正生效：track=557 type=drift frames=57-57
18:31:44 [INFO] 正在分析轨迹 558（长度 259 帧）...
18:31:46 [INFO] 修正回滚：track=558 type=drift
18:31:46 [INFO] 正在分析轨迹 559（长度 70 帧）...
18:31:47 [INFO] 修正生效：track=559 type=miss frames=9-20
18:31:47 [INFO] 正在分析轨迹 560（长度 37 帧）...
18:31:49 [INFO] 修正生效：track=560 type=miss frames=18-24
18:31:49 [INFO] 正在分析轨迹 564（长度 186 帧）...
18:31:50 [INFO] 修正生效：track=564 type=miss frames=172-180
18:31:50 [INFO] 正在分析轨迹 566（长度 164 帧）...
18:31:51 [INFO] 修正生效：track=566 type=drift frames=153-153
18:31:52 [INFO] 正在分析轨迹 568（长度 785 帧）...
18:31:53 [INFO] 修正回滚：track=568 type=drift
18:31:53 [INFO] 正在分析轨迹 569（长度 126 帧）...
18:31:55 [INFO] 修正生效：track=569 type=miss frames=130-150
18:31:55 [INFO] 正在分析轨迹 570（长度 31 帧）...
18:31:56 [INFO] 修正生效：track=570 type=drift frames=55-55
18:31:56 [INFO] 正在分析轨迹 572（长度 120 帧）...
18:31:58 [INFO] 修正回滚：track=572 type=miss
18:31:58 [INFO] 修正跳过/失败：track=580 type=miss detail=缺少前后锚点，无法插值补全
18:31:58 [INFO] 正在分析轨迹 581（长度 349 帧）...
18:31:59 [INFO] 修正回滚：track=581 type=miss
18:31:59 [INFO] 正在分析轨迹 584（长度 593 帧）...
18:32:01 [INFO] 修正生效：track=584 type=drift frames=332-332
18:32:01 [INFO] 正在分析轨迹 594（长度 72 帧）...
18:32:02 [INFO] 修正生效：track=594 type=miss frames=400-408
18:32:02 [INFO] 正在分析轨迹 595（长度 200 帧）...
18:32:04 [INFO] 修正生效：track=595 type=miss frames=422-428
18:32:04 [INFO] 正在分析轨迹 596（长度 397 帧）...
18:32:05 [INFO] 修正回滚：track=596 type=drift
18:32:05 [INFO] 正在分析轨迹 597（长度 42 帧）...
18:32:07 [INFO] 修正回滚：track=597 type=drift
18:32:07 [INFO] 修正跳过/失败：track=598 type=miss detail=缺少前后锚点，无法插值补全
18:32:07 [INFO] 修正跳过/失败：track=599 type=miss detail=缺少前后锚点，无法插值补全
18:32:07 [INFO] 修正跳过/失败：track=611 type=miss detail=缺少前后锚点，无法插值补全
18:32:07 [INFO] 正在分析轨迹 613（长度 94 帧）...
18:32:09 [INFO] 修正生效：track=613 type=miss frames=979-996
18:32:09 [INFO] 正在分析轨迹 616（长度 39 帧）...
18:32:10 [INFO] 修正回滚：track=616 type=miss
18:32:10 [INFO] [dancetrack0046] 修正后 MOT 已保存至 /public/home/lyh_npu/code/PostMOT/corrected_mot/dancetrack0046.txt
18:32:10 [INFO] [dancetrack0046] 报告已保存至 /public/home/lyh_npu/code/PostMOT/pipeline_report_batch_seq_reports/dancetrack0046.json
18:32:10 [INFO] [15/35] 处理序列 dancetrack0048
18:32:54 [INFO] 加载轨迹 14 条
18:32:54 [INFO] ========================================
18:32:54 [INFO] [dancetrack0048] 阶段一：VLM 轨迹巡检
18:32:54 [INFO] ========================================
18:32:54 [INFO] 正在分析轨迹 657（长度 1193 帧）...
18:32:56 [INFO] [可疑] 轨迹 657 — drift 置信度 0.80：最大位移较大，存在异常跳变。
18:32:56 [INFO] 正在分析轨迹 658（长度 1189 帧）...
18:32:57 [INFO] [可疑] 轨迹 658 — drift 置信度 0.80：最大位移较大，存在异常跳变。
18:32:57 [INFO] 正在分析轨迹 659（长度 1197 帧）...
18:32:59 [INFO] [可疑] 轨迹 659 — miss 置信度 0.90：目标在第1004帧至第1010帧间中断，消失超过5帧。
18:32:59 [INFO] 正在分析轨迹 660（长度 989 帧）...
18:33:00 [INFO] [可疑] 轨迹 660 — drift 置信度 0.80：最大位移较大，存在异常跳变。
18:33:00 [INFO] 正在分析轨迹 661（长度 236 帧）...
18:33:02 [INFO] [可疑] 轨迹 661 — miss 置信度 0.80：目标在242帧后消失，持续7帧。
18:33:02 [INFO] 正在分析轨迹 662（长度 463 帧）...
18:33:03 [INFO] [可疑] 轨迹 662 — miss 置信度 0.80：轨迹在441帧后中断，持续至516帧。
18:33:03 [INFO] 正在分析轨迹 663（长度 238 帧）...
18:33:05 [INFO] [可疑] 轨迹 663 — drift 置信度 0.80：最大位移91.71，表明存在显著位置跳变。
18:33:05 [INFO] 正在分析轨迹 664（长度 759 帧）...
18:33:06 [INFO] [可疑] 轨迹 664 — drift 置信度 0.90：最大位移帧为520，位置异常跳变。
18:33:07 [INFO] 正在分析轨迹 665（长度 753 帧）...
18:33:08 [INFO] [可疑] 轨迹 665 — drift 置信度 0.80：最大位移较大，存在异常跳变。
18:33:08 [INFO] 正在分析轨迹 666（长度 49 帧）...
18:33:10 [INFO] [可疑] 轨迹 666 — miss 置信度 0.80：目标在第667帧至第673帧间中断，消失超过5帧。
18:33:10 [INFO] 正在分析轨迹 667（长度 19 帧）...
18:33:11 [INFO] 正在分析轨迹 668（长度 275 帧）...
18:33:13 [INFO] [可疑] 轨迹 668 — drift 置信度 0.80：最大位移60.69，存在异常跳变。
18:33:13 [INFO] 正在分析轨迹 669（长度 127 帧）...
18:33:14 [INFO] [可疑] 轨迹 669 — drift 置信度 0.80：最大位移74.95帧内有异常跳变
18:33:15 [INFO] 正在分析轨迹 670（长度 16 帧）...
18:33:16 [INFO] [可疑] 轨迹 670 — miss 置信度 0.90：目标在1187帧后消失，持续8帧。
18:33:16 [INFO] [dancetrack0048] 阶段一完成：13 条可疑轨迹，已保存至 /public/home/lyh_npu/code/PostMOT/pipeline_report_batch_seq_reports/dancetrack0048_stage1.json
18:33:16 [INFO] ========================================
18:33:16 [INFO] [dancetrack0048] 阶段二：LLM 工具调用调查
18:33:16 [INFO] ========================================
18:33:16 [INFO] [1/13] 调查轨迹 657
18:33:16 [INFO] 开始调查轨迹 657（drift）
18:33:17 [INFO]   步骤 1：调用 replay_segment({'start_frame': 1, 'end_frame': 1202})
18:33:17 [INFO]   工具结果：轨迹 657 帧 1-1202，原始 46 帧，展示 32 帧（步长 26）
18:33:27 [INFO]   步骤 2：调用 check_nearby_tracks({'track_id': 657, 'frame_ids': [1, 27, 53, 105, 131, 188, 214, 270, 296, 348, 374, 400, 452, 478, 530, 556, 608, 634, 686, 712, 764, 790, 816, 868, 894, 946, 972, 1024, 1050, 1102, 1128, 1180]})
18:33:27 [INFO]   工具结果：帧 1 轨迹 657 附近（150px）：发现 1 个附近轨迹：ID 668（距离31.0px）
18:33:28 [INFO]   步骤 3：调用 zoom_region({'frame_id': 1, 'region': [525, 235, 647, 485]})
18:33:28 [INFO]   工具结果：轨迹 657 第 1 帧放大 3.0x，已锐化
18:33:31 [INFO]   步骤 4：调用 compare_appearances({'frame_id': 1, 'target_track_id': 657, 'reference_track_id': 668, 'region': [1248.97, 583.08, 213.17, 461.96]})
18:33:31 [INFO]   工具结果：轨迹 657：帧1 vs 帧2，外观基本一致，非 ID 切换
18:33:33 [INFO]   步骤 5：调用 replay_segment({'start_frame': 1, 'end_frame': 2})
18:33:33 [INFO]   工具结果：轨迹 657 帧 1-2，原始 2 帧，展示 2 帧（步长 1）
18:33:35 [INFO]   步骤 6：调用 compare_appearances({'frame_id': 1, 'target_track_id': 657, 'reference_track_id': 657, 'region': [1248.97, 583.08, 213.17, 461.96]})
18:33:35 [INFO]   工具结果：轨迹 657：帧1 vs 帧2，外观基本一致，非 ID 切换
18:33:35 [WARNING] 轨迹 657 达到最大调查步数，使用初始判断
18:33:35 [INFO]   → 确认：调查步数耗尽，沿用阶段一结论：最大位移较大，存在异常跳变。
18:33:35 [INFO] [2/13] 调查轨迹 658
18:33:35 [INFO] 开始调查轨迹 658（drift）
18:33:36 [INFO]   步骤 1：调用 replay_segment({'start_frame': 119, 'end_frame': 145})
18:33:36 [INFO]   工具结果：轨迹 658 帧 119-145，原始 25 帧，展示 25 帧（步长 1）
18:33:37 [INFO]   步骤 2：调用 check_nearby_tracks({'frame_id': 145, 'radius': 50})
18:33:37 [INFO]   工具结果：帧 145 轨迹 658 附近（50px）：附近无其他轨迹
18:33:38 [INFO]   步骤 3：调用 replay_segment({'start_frame': 145, 'end_frame': 145})
18:33:38 [INFO]   工具结果：轨迹 658 帧 145-145，原始 1 帧，展示 1 帧（步长 1）
18:33:39 [INFO]   步骤 4：调用 zoom_region({'frame_id': 145, 'region': [145, 145]})
18:33:39 [INFO]   工具结果：轨迹 658 第 145 帧放大 3.0x，已锐化
18:33:41 [INFO]   步骤 5：调用 compare_appearances({'frame_id': 145, 'reference_frame_id': 144})
18:33:41 [INFO]   工具结果：轨迹 658：帧144 vs 帧145，外观基本一致，非 ID 切换
18:33:42 [INFO]   步骤 6：调用 replay_segment({'start_frame': 145, 'end_frame': 145})
18:33:42 [INFO]   工具结果：轨迹 658 帧 145-145，原始 1 帧，展示 1 帧（步长 1）
18:33:42 [WARNING] 轨迹 658 达到最大调查步数，使用初始判断
18:33:42 [INFO]   → 确认：调查步数耗尽，沿用阶段一结论：最大位移较大，存在异常跳变。
18:33:42 [INFO] [3/13] 调查轨迹 659
18:33:42 [INFO] 开始调查轨迹 659（miss）
18:33:43 [INFO]   步骤 1：调用 replay_segment({'start_frame': 1004, 'end_frame': 1010})
18:33:43 [INFO]   工具结果：轨迹 659 帧 1004-1010，原始 2 帧，展示 2 帧（步长 1）
18:33:44 [INFO]   步骤 2：调用 check_nearby_tracks({'track_id': 659, 'frame_range': [1004, 1010]})
18:33:44 [INFO]   工具结果：帧 1007 轨迹 659 附近（150px）：发现 3 个附近轨迹：ID 657（距离129.8px），ID 661（距离76.6px），ID 668（距离13.4px）
18:33:45 [INFO]   步骤 3：调用 compare_appearances({'frame_id': 1004, 'target_id': 659, 'compare_id': 668})
18:33:45 [INFO]   工具结果：轨迹 659：帧1004 vs 帧1005，外观基本一致，非 ID 切换
18:33:46 [INFO]   步骤 4：调用 replay_segment({'start_frame': 1004, 'end_frame': 1010})
18:33:46 [INFO]   工具结果：轨迹 659 帧 1004-1010，原始 2 帧，展示 2 帧（步长 1）
18:33:47 [INFO]   步骤 5：调用 check_nearby_tracks({'track_id': 659, 'frame_range': [1004, 1010]})
18:33:47 [INFO]   工具结果：帧 1007 轨迹 659 附近（150px）：发现 3 个附近轨迹：ID 657（距离129.8px），ID 661（距离76.6px），ID 668（距离13.4px）
18:33:48 [INFO]   步骤 6：调用 compare_appearances({'frame_id': 1004, 'target_id': 659, 'compare_id': 668})
18:33:48 [INFO]   工具结果：轨迹 659：帧1004 vs 帧1005，外观基本一致，非 ID 切换
18:33:48 [WARNING] 轨迹 659 达到最大调查步数，使用初始判断
18:33:48 [INFO]   → 确认：调查步数耗尽，沿用阶段一结论：目标在第1004帧至第1010帧间中断，消失超过5帧。
18:33:48 [INFO] [4/13] 调查轨迹 660
18:33:48 [INFO] 开始调查轨迹 660（drift）
18:33:49 [INFO]   步骤 1：调用 replay_segment({'track_id': 660, 'start_frame': 1, 'end_frame': 1009})
18:33:49 [INFO]   工具结果：轨迹 660 帧 1-1009，原始 45 帧，展示 32 帧（步长 22）
18:33:50 [INFO]   步骤 2：调用 check_nearby_tracks({'track_id': 660, 'start_frame': 289, 'end_frame': 302})
18:33:50 [INFO]   工具结果：缺少 frame_id/track_id
18:33:51 [INFO]   步骤 3：调用 replay_segment({'track_id': 660, 'start_frame': 289, 'end_frame': 302})
18:33:51 [INFO]   工具结果：轨迹 660 帧 289-302，原始 2 帧，展示 2 帧（步长 1）
18:33:52 [INFO]   步骤 4：调用 compare_appearances({'track_id': 660, 'frame_ids': [289, 302]})
18:33:52 [INFO]   工具结果：轨迹 660：帧289 vs 帧302，外观基本一致，非 ID 切换
18:33:53 [INFO]   步骤 5：调用 replay_segment({'track_id': 660, 'start_frame': 289, 'end_frame': 302})
18:33:53 [INFO]   工具结果：轨迹 660 帧 289-302，原始 2 帧，展示 2 帧（步长 1）
18:33:55 [INFO]   步骤 6：调用 zoom_region({'track_id': 660, 'frame_id': 289, 'region': [100, 100, 150, 150]})
18:33:55 [INFO]   工具结果：轨迹 660 第 289 帧放大 3.0x，已锐化
18:33:55 [WARNING] 轨迹 660 达到最大调查步数，使用初始判断
18:33:55 [INFO]   → 确认：调查步数耗尽，沿用阶段一结论：最大位移较大，存在异常跳变。
18:33:55 [INFO] [5/13] 调查轨迹 661
18:33:55 [INFO] 开始调查轨迹 661（miss）
18:33:55 [INFO]   步骤 1：调用 replay_segment({'start_frame': 242, 'end_frame': 249})
18:33:55 [INFO]   工具结果：轨迹 661 帧 242-249，原始 2 帧，展示 2 帧（步长 1）
18:33:56 [INFO]   步骤 2：调用 check_nearby_tracks({'track_id': 661, 'frame_range': [242, 249]})
18:33:56 [INFO]   工具结果：帧 245 轨迹 661 附近（150px）：发现 2 个附近轨迹：ID 657（距离76.3px），ID 668（距离15.5px）
18:33:57 [INFO]   步骤 3：调用 replay_segment({'start_frame': 242, 'end_frame': 249})
18:33:57 [INFO]   工具结果：轨迹 661 帧 242-249，原始 2 帧，展示 2 帧（步长 1）
18:33:58 [INFO]   步骤 4：调用 check_nearby_tracks({'track_id': 661, 'frame_range': [242, 249]})
18:33:58 [INFO]   工具结果：帧 245 轨迹 661 附近（150px）：发现 2 个附近轨迹：ID 657（距离76.3px），ID 668（距离15.5px）
18:33:59 [INFO]   步骤 5：调用 replay_segment({'start_frame': 242, 'end_frame': 249})
18:33:59 [INFO]   工具结果：轨迹 661 帧 242-249，原始 2 帧，展示 2 帧（步长 1）
18:34:00 [INFO]   步骤 6：调用 check_nearby_tracks({'track_id': 661, 'frame_range': [242, 249]})
18:34:00 [INFO]   工具结果：帧 245 轨迹 661 附近（150px）：发现 2 个附近轨迹：ID 657（距离76.3px），ID 668（距离15.5px）
18:34:00 [WARNING] 轨迹 661 达到最大调查步数，使用初始判断
18:34:00 [INFO]   → 确认：调查步数耗尽，沿用阶段一结论：目标在242帧后消失，持续7帧。
18:34:00 [INFO] [6/13] 调查轨迹 662
18:34:00 [INFO] 开始调查轨迹 662（miss）
18:34:01 [INFO]   步骤 1：调用 replay_segment({'start_frame': 441, 'end_frame': 516})
18:34:01 [INFO]   工具结果：轨迹 662 帧 441-516，原始 12 帧，展示 12 帧（步长 2）
18:34:02 [INFO]   步骤 2：调用 check_nearby_tracks({'track_id': 662, 'frame_range': [441, 516]})
18:34:02 [INFO]   工具结果：帧 478 轨迹 662 附近（150px）：发现 5 个附近轨迹：ID 660（距离89.8px），ID 664（距离118.7px），ID 665（距离60.9px），ID 669（距离137.4
18:34:03 [INFO]   步骤 3：调用 compare_appearances({'frame_id': 441, 'target_id': 662, 'compare_id': 660})
18:34:03 [INFO]   工具结果：轨迹 662：帧441 vs 帧442，外观基本一致，非 ID 切换
18:34:04 [INFO]   步骤 4：调用 compare_appearances({'frame_id': 441, 'target_id': 662, 'compare_id': 664})
18:34:04 [INFO]   工具结果：轨迹 662：帧441 vs 帧442，外观基本一致，非 ID 切换
18:34:05 [INFO]   步骤 5：调用 compare_appearances({'frame_id': 441, 'target_id': 662, 'compare_id': 665})
18:34:05 [INFO]   工具结果：轨迹 662：帧441 vs 帧442，外观基本一致，非 ID 切换
18:34:06 [INFO]   步骤 6：调用 compare_appearances({'frame_id': 441, 'target_id': 662, 'compare_id': 669})
18:34:06 [INFO]   工具结果：轨迹 662：帧441 vs 帧442，外观基本一致，非 ID 切换
18:34:06 [WARNING] 轨迹 662 达到最大调查步数，使用初始判断
18:34:06 [INFO]   → 确认：调查步数耗尽，沿用阶段一结论：轨迹在441帧后中断，持续至516帧。
18:34:06 [INFO] [7/13] 调查轨迹 663
18:34:06 [INFO] 开始调查轨迹 663（drift）
18:34:07 [INFO]   步骤 1：调用 replay_segment({'track_id': 663, 'start_frame': 1, 'end_frame': 246})
18:34:07 [INFO]   工具结果：轨迹 663 帧 1-246，原始 40 帧，展示 32 帧（步长 6）
18:34:08 [INFO]   步骤 2：调用 check_nearby_tracks({'track_id': 663, 'start_frame': 1, 'end_frame': 246})
18:34:08 [INFO]   工具结果：缺少 frame_id/track_id
18:34:10 [INFO]   步骤 3：调用 zoom_region({'track_id': 663, 'frame_id': 240, 'region': [500, 500, 500, 500]})
18:34:10 [INFO]   工具结果：轨迹 663 第 240 帧放大 3.0x，已锐化
18:34:11 [INFO]   步骤 4：调用 compare_appearances({'track_id': 663, 'frame_id': 240, 'reference_frame_id': 239})
18:34:11 [INFO]   工具结果：轨迹 663：帧239 vs 帧240，外观基本一致，非 ID 切换
18:34:13 [INFO]   步骤 5：调用 replay_segment({'track_id': 663, 'start_frame': 239, 'end_frame': 240})
18:34:13 [INFO]   工具结果：轨迹 663 帧 239-240，原始 2 帧，展示 2 帧（步长 1）
18:34:15 [INFO]   步骤 6：调用 check_nearby_tracks({'track_id': 663, 'start_frame': 239, 'end_frame': 240})
18:34:15 [INFO]   工具结果：缺少 frame_id/track_id
18:34:15 [WARNING] 轨迹 663 达到最大调查步数，使用初始判断
18:34:15 [INFO]   → 确认：调查步数耗尽，沿用阶段一结论：最大位移91.71，表明存在显著位置跳变。
18:34:15 [INFO] [8/13] 调查轨迹 664
18:34:15 [INFO] 开始调查轨迹 664（drift）
18:34:16 [INFO]   步骤 1：调用 replay_segment({'start_frame': 517, 'end_frame': 542})
18:34:16 [INFO]   工具结果：轨迹 664 帧 517-542，原始 9 帧，展示 9 帧（步长 1）
18:34:17 [INFO]   步骤 2：调用 check_nearby_tracks({'track_id': 664, 'frame_range': [517, 542]})
18:34:17 [INFO]   工具结果：帧 529 轨迹 664 附近（150px）：发现 5 个附近轨迹：ID 659（距离94.3px），ID 660（距离70.2px），ID 662（距离68.6px），ID 663（距离122.7p
18:34:18 [INFO]   步骤 3：调用 compare_appearances({'frame_id': 520, 'track_id': 664, 'reference_frame_id': 519})
18:34:18 [INFO]   工具结果：轨迹 664：帧519 vs 帧520，外观基本一致，非 ID 切换
18:34:19 [INFO]   步骤 4：调用 replay_segment({'start_frame': 517, 'end_frame': 542})
18:34:19 [INFO]   工具结果：轨迹 664 帧 517-542，原始 9 帧，展示 9 帧（步长 1）
18:34:20 [INFO]   步骤 5：调用 check_nearby_tracks({'track_id': 664, 'frame_range': [517, 542]})
18:34:20 [INFO]   工具结果：帧 529 轨迹 664 附近（150px）：发现 5 个附近轨迹：ID 659（距离94.3px），ID 660（距离70.2px），ID 662（距离68.6px），ID 663（距离122.7p
18:34:27 [INFO]   步骤 6：调用 compare_appearances({'frame_id': 520, 'track_id': 664, 'reference_frame_id': 519})
18:34:27 [INFO]   工具结果：轨迹 664：帧519 vs 帧520，外观基本一致，非 ID 切换
18:34:27 [WARNING] 轨迹 664 达到最大调查步数，使用初始判断
18:34:27 [INFO]   → 确认：调查步数耗尽，沿用阶段一结论：最大位移帧为520，位置异常跳变。
18:34:27 [INFO] [9/13] 调查轨迹 665
18:34:27 [INFO] 开始调查轨迹 665（drift）
18:34:28 [INFO]   步骤 1：调用 replay_segment({'start_frame': 420, 'end_frame': 1202})
18:34:28 [INFO]   工具结果：轨迹 665 帧 420-1202，原始 45 帧，展示 32 帧（步长 17）
18:34:29 [INFO]   步骤 2：调用 check_nearby_tracks({'track_id': 665, 'frame_range': [420, 1202]})
18:34:29 [INFO]   工具结果：帧 811 轨迹 665 附近（150px）：附近无其他轨迹
18:34:30 [INFO]   步骤 3：调用 replay_segment({'start_frame': 811, 'end_frame': 811})
18:34:30 [INFO]   工具结果：轨迹 665 帧 811-811，原始 1 帧，展示 1 帧（步长 1）
18:34:31 [INFO]   步骤 4：调用 zoom_region({'frame_id': 811, 'region': [100, 100, 200, 200]})
18:34:31 [INFO]   工具结果：轨迹 665 第 811 帧放大 3.0x，已锐化
18:34:33 [INFO]   步骤 5：调用 compare_appearances({'frame_1': 810, 'frame_2': 811})
18:34:33 [INFO]   工具结果：轨迹 665：帧810 vs 帧811，外观基本一致，非 ID 切换
18:34:34 [INFO]   步骤 6：调用 replay_segment({'start_frame': 810, 'end_frame': 811})
18:34:34 [INFO]   工具结果：轨迹 665 帧 810-811，原始 2 帧，展示 2 帧（步长 1）
18:34:34 [WARNING] 轨迹 665 达到最大调查步数，使用初始判断
18:34:34 [INFO]   → 确认：调查步数耗尽，沿用阶段一结论：最大位移较大，存在异常跳变。
18:34:34 [INFO] [10/13] 调查轨迹 666
18:34:34 [INFO] 开始调查轨迹 666（miss）
18:34:35 [INFO]   步骤 1：调用 replay_segment({'start_frame': 667, 'end_frame': 673})
18:34:35 [INFO]   工具结果：轨迹 666 帧 667-673，原始 2 帧，展示 2 帧（步长 1）
18:34:35 [INFO]   步骤 2：调用 check_nearby_tracks({'track_id': 666, 'frame_range': [667, 673]})
18:34:35 [INFO]   工具结果：帧 670 轨迹 666 附近（150px）：发现 4 个附近轨迹：ID 660（距离71.2px），ID 664（距离130.3px），ID 665（距离68.4px），ID 667（距离23.4p
18:34:37 [INFO]   步骤 3：调用 compare_appearances({'frame_id': 667, 'track_id': 666, 'compare_frame_id': 673, 'compare_track_id': 666})
18:34:37 [INFO]   工具结果：轨迹 666：帧667 vs 帧673，外观基本一致，非 ID 切换
18:34:38 [INFO]   步骤 4：调用 replay_segment({'start_frame': 665, 'end_frame': 675})
18:34:38 [INFO]   工具结果：轨迹 666 帧 665-675，原始 6 帧，展示 6 帧（步长 1）
18:34:39 [INFO]   步骤 5：调用 check_nearby_tracks({'track_id': 666, 'frame_range': [665, 675]})
18:34:39 [INFO]   工具结果：帧 670 轨迹 666 附近（150px）：发现 4 个附近轨迹：ID 660（距离71.2px），ID 664（距离130.3px），ID 665（距离68.4px），ID 667（距离23.4p
18:34:40 [INFO]   步骤 6：调用 compare_appearances({'frame_id': 667, 'track_id': 666, 'compare_frame_id': 673, 'compare_track_id': 666})
18:34:40 [INFO]   工具结果：轨迹 666：帧667 vs 帧673，外观基本一致，非 ID 切换
18:34:40 [WARNING] 轨迹 666 达到最大调查步数，使用初始判断
18:34:40 [INFO]   → 确认：调查步数耗尽，沿用阶段一结论：目标在第667帧至第673帧间中断，消失超过5帧。
18:34:40 [INFO] [11/13] 调查轨迹 668
18:34:40 [INFO] 开始调查轨迹 668（drift）
18:34:41 [INFO]   步骤 1：调用 replay_segment({'start_frame': 810, 'end_frame': 1128})
18:34:41 [INFO]   工具结果：轨迹 668 帧 810-1128，原始 40 帧，展示 32 帧（步长 7）
18:34:42 [INFO]   步骤 2：调用 check_nearby_tracks({'start_frame': 810, 'end_frame': 1128})
18:34:42 [INFO]   工具结果：缺少 frame_id/track_id
18:34:43 [INFO]   步骤 3：调用 compare_appearances({'frame_id': 1117, 'track_id': 668})
18:34:43 [INFO]   工具结果：轨迹 668：帧1117 vs 帧1118，外观基本一致，非 ID 切换
18:34:44 [INFO]   步骤 4：调用 replay_segment({'start_frame': 1098, 'end_frame': 1128})
18:34:44 [INFO]   工具结果：轨迹 668 帧 1098-1128，原始 10 帧，展示 10 帧（步长 1）
18:34:45 [INFO]   步骤 5：调用 check_nearby_tracks({'start_frame': 1098, 'end_frame': 1128})
18:34:45 [INFO]   工具结果：缺少 frame_id/track_id
18:34:47 [INFO]   步骤 6：调用 zoom_region({'frame_id': 1117, 'region': [400, 40, 450, 100]})
18:34:47 [INFO]   工具结果：轨迹 668 第 1117 帧放大 3.0x，已锐化
18:34:47 [WARNING] 轨迹 668 达到最大调查步数，使用初始判断
18:34:47 [INFO]   → 确认：调查步数耗尽，沿用阶段一结论：最大位移60.69，存在异常跳变。
18:34:47 [INFO] [12/13] 调查轨迹 669
18:34:47 [INFO] 开始调查轨迹 669（drift）
18:34:48 [INFO]   步骤 1：调用 replay_segment({'start_frame': 1047, 'end_frame': 1051})
18:34:48 [INFO]   工具结果：轨迹 669 帧 1047-1051，原始 2 帧，展示 2 帧（步长 1）
18:34:49 [INFO]   步骤 2：调用 zoom_region({'frame_id': 1047, 'region': [100, 100, 100, 100]})
18:34:49 [INFO]   工具结果：轨迹 669 第 1047 帧放大 3.0x，已锐化
18:34:50 [INFO]   步骤 3：调用 zoom_region({'frame_id': 1051, 'region': [100, 100, 100, 100]})
18:34:50 [INFO]   工具结果：轨迹 669 第 1051 帧放大 3.0x，已锐化
18:34:52 [INFO]   步骤 4：调用 check_nearby_tracks({'frame_id': 1047, 'radius': 10})
18:34:52 [INFO]   工具结果：帧 1047 轨迹 669 附近（10px）：附近无其他轨迹
18:34:54 [INFO]   步骤 5：调用 check_nearby_tracks({'frame_id': 1051, 'radius': 10})
18:34:54 [INFO]   工具结果：帧 1051 轨迹 669 附近（10px）：附近无其他轨迹
18:34:56 [INFO]   步骤 6：调用 compare_appearances({'frame_id_1': 1047, 'frame_id_2': 1051})
18:34:56 [INFO]   工具结果：轨迹 669：帧1047 vs 帧1051，外观基本一致，非 ID 切换
18:34:56 [WARNING] 轨迹 669 达到最大调查步数，使用初始判断
18:34:56 [INFO]   → 确认：调查步数耗尽，沿用阶段一结论：最大位移74.95帧内有异常跳变
18:34:56 [INFO] [13/13] 调查轨迹 670
18:34:56 [INFO] 开始调查轨迹 670（miss）
18:34:56 [INFO]   步骤 1：调用 replay_segment({'start_frame': 1187, 'end_frame': 1195})
18:34:56 [INFO]   工具结果：轨迹 670 帧 1187-1195，原始 2 帧，展示 2 帧（步长 1）
18:34:57 [INFO]   步骤 2：调用 check_nearby_tracks({'track_id': 670, 'frame_range': [1187, 1195]})
18:34:57 [INFO]   工具结果：帧 1191 轨迹 670 附近（150px）：发现 4 个附近轨迹：ID 657（距离75.8px），ID 659（距离54.2px），ID 661（距离52.3px），ID 668（距离103.3
18:34:58 [INFO]   步骤 3：调用 compare_appearances({'track_id': 670, 'frame_range': [1187, 1195]})
18:34:58 [INFO]   工具结果：轨迹 670：帧1191 vs 帧1195，外观基本一致，非 ID 切换
18:34:59 [INFO]   步骤 4：调用 replay_segment({'start_frame': 1187, 'end_frame': 1195})
18:34:59 [INFO]   工具结果：轨迹 670 帧 1187-1195，原始 2 帧，展示 2 帧（步长 1）
18:35:00 [INFO]   步骤 5：调用 check_nearby_tracks({'track_id': 670, 'frame_range': [1187, 1195]})
18:35:00 [INFO]   工具结果：帧 1191 轨迹 670 附近（150px）：发现 4 个附近轨迹：ID 657（距离75.8px），ID 659（距离54.2px），ID 661（距离52.3px），ID 668（距离103.3
18:35:01 [INFO]   步骤 6：调用 compare_appearances({'track_id': 670, 'frame_range': [1187, 1195]})
18:35:01 [INFO]   工具结果：轨迹 670：帧1191 vs 帧1195，外观基本一致，非 ID 切换
18:35:01 [WARNING] 轨迹 670 达到最大调查步数，使用初始判断
18:35:01 [INFO]   → 确认：调查步数耗尽，沿用阶段一结论：目标在1187帧后消失，持续8帧。
18:35:01 [INFO] ========================================
18:35:01 [INFO] [dancetrack0048] 阶段三：轨迹修正
18:35:01 [INFO] ========================================
18:35:01 [INFO] 正在分析轨迹 659（长度 1202 帧）...
18:35:03 [INFO] 修正生效：track=659 type=miss frames=1004-1010
18:35:03 [INFO] 正在分析轨迹 664（长度 759 帧）...
18:35:04 [INFO] 修正回滚：track=664 type=drift
18:35:04 [INFO] 正在分析轨迹 670（长度 23 帧）...
18:35:06 [INFO] 修正生效：track=670 type=miss frames=1187-1195
18:35:06 [INFO] [dancetrack0048] 修正后 MOT 已保存至 /public/home/lyh_npu/code/PostMOT/corrected_mot/dancetrack0048.txt
18:35:06 [INFO] [dancetrack0048] 报告已保存至 /public/home/lyh_npu/code/PostMOT/pipeline_report_batch_seq_reports/dancetrack0048.json
18:35:06 [INFO] [16/35] 处理序列 dancetrack0050
18:35:48 [INFO] 加载轨迹 19 条
18:35:48 [INFO] ========================================
18:35:48 [INFO] [dancetrack0050] 阶段一：VLM 轨迹巡检
18:35:48 [INFO] ========================================
18:35:48 [INFO] 正在分析轨迹 671（长度 305 帧）...
18:35:50 [INFO] [可疑] 轨迹 671 — miss 置信度 0.90：目标在295帧至308帧间中断，消失超过5帧。
18:35:50 [INFO] 正在分析轨迹 672（长度 804 帧）...
18:35:52 [INFO] [可疑] 轨迹 672 — miss 置信度 0.80：目标在第469帧至第478帧间中断
18:35:52 [INFO] 正在分析轨迹 673（长度 1171 帧）...
18:35:53 [INFO] [可疑] 轨迹 673 — drift 置信度 0.80：目标在第461帧出现异常跳变，位置变化过大。
18:35:53 [INFO] 正在分析轨迹 674（长度 507 帧）...
18:35:55 [INFO] [可疑] 轨迹 674 — drift 置信度 0.80：最大位移较大且有多个异常跳变帧
18:35:55 [INFO] 正在分析轨迹 675（长度 455 帧）...
18:35:56 [INFO] [可疑] 轨迹 675 — miss 置信度 0.80：轨迹中断，目标消失超过5帧
18:35:56 [INFO] 正在分析轨迹 676（长度 1066 帧）...
18:35:57 [INFO] [可疑] 轨迹 676 — drift 置信度 0.90：最大位移70.56，表明目标位置发生了异常跳变。
18:35:57 [INFO] 正在分析轨迹 677（长度 732 帧）...
18:35:59 [INFO] [可疑] 轨迹 677 — drift 置信度 0.80：最大位移帧462处目标位置异常跳变
18:35:59 [INFO] 正在分析轨迹 678（长度 445 帧）...
18:36:01 [INFO] [可疑] 轨迹 678 — drift 置信度 0.80：最大位移70.31，且在417帧出现异常跳变。
18:36:01 [INFO] 正在分析轨迹 679（长度 1045 帧）...
18:36:02 [INFO] [可疑] 轨迹 679 — drift 置信度 0.90：最大位移异常跳变，可能为跟踪错误。
18:36:02 [INFO] 正在分析轨迹 680（长度 142 帧）...
18:36:04 [INFO] [可疑] 轨迹 680 — miss 置信度 0.80：目标在第295帧到第308帧间中断，消失超过5帧。
18:36:04 [INFO] 正在分析轨迹 681（长度 617 帧）...
18:36:05 [INFO] [可疑] 轨迹 681 — miss 置信度 0.80：在第974帧后目标消失，持续了约27帧。
18:36:05 [INFO] 正在分析轨迹 682（长度 617 帧）...
18:36:07 [INFO] [可疑] 轨迹 682 — miss 置信度 0.90：目标在第588帧到第598帧间中断，消失超过5帧。
18:36:07 [INFO] 正在分析轨迹 683（长度 442 帧）...
18:36:08 [INFO] [可疑] 轨迹 683 — drift 置信度 0.80：最大位移较大，且存在跳跃帧，表明目标位置异常。
18:36:08 [INFO] 正在分析轨迹 684（长度 554 帧）...
18:36:10 [INFO] [可疑] 轨迹 684 — miss 置信度 0.80：在第762帧到第779帧间，目标轨迹中断，未检测到目标。
18:36:10 [INFO] 正在分析轨迹 686（长度 364 帧）...
18:36:11 [INFO] [可疑] 轨迹 686 — drift 置信度 0.80：目标位置在某些帧出现异常跳变，不符合运动规律。
18:36:11 [INFO] 正在分析轨迹 687（长度 213 帧）...
18:36:13 [INFO] [可疑] 轨迹 687 — drift 置信度 0.80：目标在903帧至911帧间位置异常跳变，不符合运动规律。
18:36:13 [INFO] 正在分析轨迹 688（长度 174 帧）...
18:36:15 [INFO] [可疑] 轨迹 688 — drift 置信度 0.80：最大位移52.87，表明目标位置有异常跳变。
18:36:15 [INFO] 正在分析轨迹 689（长度 53 帧）...
18:36:16 [INFO] [dancetrack0050] 阶段一完成：17 条可疑轨迹，已保存至 /public/home/lyh_npu/code/PostMOT/pipeline_report_batch_seq_reports/dancetrack0050_stage1.json
18:36:16 [INFO] ========================================
18:36:16 [INFO] [dancetrack0050] 阶段二：LLM 工具调用调查
18:36:16 [INFO] ========================================
18:36:16 [INFO] [1/17] 调查轨迹 671
18:36:16 [INFO] 开始调查轨迹 671（miss）
18:36:17 [INFO]   步骤 1：调用 replay_segment({'start_frame': 295, 'end_frame': 308})
18:36:17 [INFO]   工具结果：轨迹 671 帧 295-308，原始 2 帧，展示 2 帧（步长 1）
18:36:18 [INFO]   步骤 2：调用 check_nearby_tracks({'track_id': 671, 'frame_range': [295, 308]})
18:36:18 [INFO]   工具结果：帧 301 轨迹 671 附近（150px）：发现 5 个附近轨迹：ID 679（距离22.8px），ID 680（距离13.2px），ID 681（距离57.8px），ID 684（距离88.3px
18:36:19 [INFO]   步骤 3：调用 compare_appearances({'track_id': 671, 'frame_range': [295, 308]})
18:36:19 [INFO]   工具结果：轨迹 671：帧301 vs 帧308，外观基本一致，非 ID 切换
18:36:20 [INFO]   步骤 4：调用 replay_segment({'start_frame': 290, 'end_frame': 308})
18:36:20 [INFO]   工具结果：轨迹 671 帧 290-308，原始 7 帧，展示 7 帧（步长 1）
18:36:21 [INFO]   步骤 5：调用 check_nearby_tracks({'track_id': 671, 'frame_range': [290, 308]})
18:36:21 [INFO]   工具结果：帧 299 轨迹 671 附近（150px）：发现 6 个附近轨迹：ID 674（距离150.0px），ID 679（距离19.9px），ID 680（距离13.2px），ID 681（距离57.8p
18:36:22 [INFO]   步骤 6：调用 compare_appearances({'track_id': 671, 'frame_range': [290, 308]})
18:36:22 [INFO]   工具结果：轨迹 671：帧299 vs 帧308，外观基本一致，非 ID 切换
18:36:22 [WARNING] 轨迹 671 达到最大调查步数，使用初始判断
18:36:22 [INFO]   → 确认：调查步数耗尽，沿用阶段一结论：目标在295帧至308帧间中断，消失超过5帧。
18:36:22 [INFO] [2/17] 调查轨迹 672
18:36:22 [INFO] 开始调查轨迹 672（miss）
18:36:23 [INFO]   步骤 1：调用 replay_segment({'start_frame': 469, 'end_frame': 478})
18:36:23 [INFO]   工具结果：轨迹 672 帧 469-478，原始 2 帧，展示 2 帧（步长 1）
18:36:23 [INFO]   步骤 2：调用 check_nearby_tracks({'track_id': 672, 'frame_range': [469, 478]})
18:36:23 [INFO]   工具结果：帧 473 轨迹 672 附近（150px）：发现 3 个附近轨迹：ID 676（距离7.0px），ID 683（距离105.1px），ID 687（距离25.6px）
18:36:25 [INFO]   步骤 3：调用 compare_appearances({'frame_id': 469, 'track_id': 672, 'compare_frame_id': 478, 'compare_track_id': 672})
18:36:25 [INFO]   工具结果：轨迹 672：帧469 vs 帧478，外观基本一致，非 ID 切换
18:36:26 [INFO]   步骤 4：调用 replay_segment({'start_frame': 469, 'end_frame': 478})
18:36:26 [INFO]   工具结果：轨迹 672 帧 469-478，原始 2 帧，展示 2 帧（步长 1）
18:36:33 [INFO]   步骤 5：调用 check_nearby_tracks({'track_id': 672, 'frame_range': [469, 478]})
18:36:33 [INFO]   工具结果：帧 473 轨迹 672 附近（150px）：发现 3 个附近轨迹：ID 676（距离7.0px），ID 683（距离105.1px），ID 687（距离25.6px）
18:36:34 [INFO]   步骤 6：调用 compare_appearances({'frame_id': 469, 'track_id': 672, 'compare_frame_id': 478, 'compare_track_id': 672})
18:36:34 [INFO]   工具结果：轨迹 672：帧469 vs 帧478，外观基本一致，非 ID 切换
18:36:34 [WARNING] 轨迹 672 达到最大调查步数，使用初始判断
18:36:34 [INFO]   → 确认：调查步数耗尽，沿用阶段一结论：目标在第469帧至第478帧间中断
18:36:34 [INFO] [3/17] 调查轨迹 673
18:36:34 [INFO] 开始调查轨迹 673（drift）
18:36:35 [INFO]   步骤 1：调用 replay_segment({'start_frame': 461, 'end_frame': 492})
18:36:35 [INFO]   工具结果：轨迹 673 帧 461-492，原始 12 帧，展示 12 帧（步长 1）
18:36:37 [INFO]   步骤 2：调用 check_nearby_tracks({'frame_ids': [461, 481, 482, 483, 484, 485, 486, 487, 488, 489, 491, 492]})
18:36:37 [INFO]   工具结果：帧 461 轨迹 673 附近（150px）：发现 4 个附近轨迹：ID 675（距离9.4px），ID 683（距离114.7px），ID 685（距离64.6px），ID 688（距离47.4px
18:36:39 [INFO]   步骤 3：调用 compare_appearances({'frame_ids': [461, 481, 482, 483, 484, 485, 486, 487, 488, 489, 491, 492]})
18:36:39 [INFO]   工具结果：轨迹 673：帧461 vs 帧492，外观基本一致，非 ID 切换
18:36:40 [INFO]   步骤 4：调用 replay_segment({'start_frame': 461, 'end_frame': 492})
18:36:40 [INFO]   工具结果：轨迹 673 帧 461-492，原始 12 帧，展示 12 帧（步长 1）
18:36:42 [INFO]   步骤 5：调用 check_nearby_tracks({'frame_ids': [461, 481, 482, 483, 484, 485, 486, 487, 488, 489, 491, 492]})
18:36:42 [INFO]   工具结果：帧 461 轨迹 673 附近（150px）：发现 4 个附近轨迹：ID 675（距离9.4px），ID 683（距离114.7px），ID 685（距离64.6px），ID 688（距离47.4px
18:36:44 [INFO]   步骤 6：调用 compare_appearances({'frame_ids': [461, 481, 482, 483, 484, 485, 486, 487, 488, 489, 491, 492]})
18:36:44 [INFO]   工具结果：轨迹 673：帧461 vs 帧492，外观基本一致，非 ID 切换
18:36:44 [WARNING] 轨迹 673 达到最大调查步数，使用初始判断
18:36:44 [INFO]   → 确认：调查步数耗尽，沿用阶段一结论：目标在第461帧出现异常跳变，位置变化过大。
18:36:44 [INFO] [4/17] 调查轨迹 674
18:36:44 [INFO] 开始调查轨迹 674（drift）
18:36:45 [INFO]   步骤 1：调用 replay_segment({'start_frame': 236, 'end_frame': 527})
18:36:45 [INFO]   工具结果：轨迹 674 帧 236-527，原始 39 帧，展示 32 帧（步长 7）
18:36:49 [INFO]   步骤 2：调用 check_nearby_tracks({'frame_ids': [236, 243, 250, 257, 264, 278, 285, 292, 299, 313, 320, 327, 334, 341, 355, 362, 369, 376, 390, 397, 404, 411, 418, 432, 439, 446, 453, 480, 489, 496, 503, 522]})
18:36:49 [INFO]   工具结果：帧 236 轨迹 674 附近（150px）：发现 8 个附近轨迹：ID 671（距离138.2px），ID 676（距离110.5px），ID 679（距离85.9px），ID 680（距离88.9
18:36:50 [INFO]   步骤 3：调用 compare_appearances({'frame_id': 236, 'target_track_id': 674, 'reference_track_id': 671})
18:36:50 [INFO]   工具结果：轨迹 674：帧236 vs 帧237，外观基本一致，非 ID 切换
18:36:51 [INFO]   步骤 4：调用 compare_appearances({'frame_id': 237, 'target_track_id': 674, 'reference_track_id': 671})
18:36:51 [INFO]   工具结果：轨迹 674：帧237 vs 帧238，外观基本一致，非 ID 切换
18:36:53 [INFO]   步骤 5：调用 compare_appearances({'frame_id': 238, 'target_track_id': 674, 'reference_track_id': 671})
18:36:53 [INFO]   工具结果：轨迹 674：帧238 vs 帧239，外观基本一致，非 ID 切换
18:36:54 [INFO]   步骤 6：调用 compare_appearances({'frame_id': 239, 'target_track_id': 674, 'reference_track_id': 671})
18:36:54 [INFO]   工具结果：轨迹 674：帧239 vs 帧240，外观基本一致，非 ID 切换
18:36:54 [WARNING] 轨迹 674 达到最大调查步数，使用初始判断
18:36:54 [INFO]   → 确认：调查步数耗尽，沿用阶段一结论：最大位移较大且有多个异常跳变帧
18:36:54 [INFO] [5/17] 调查轨迹 675
18:36:54 [INFO] 开始调查轨迹 675（miss）
18:36:55 [INFO]   步骤 1：调用 replay_segment({'start_frame': 441, 'end_frame': 447})
18:36:55 [INFO]   工具结果：轨迹 675 帧 441-447，原始 2 帧，展示 2 帧（步长 1）
18:36:56 [INFO]   步骤 2：调用 check_nearby_tracks({'track_id': 675, 'frame_range': [441, 447]})
18:36:56 [INFO]   工具结果：帧 444 轨迹 675 附近（150px）：发现 4 个附近轨迹：ID 673（距离12.1px），ID 683（距离90.5px），ID 685（距离20.5px），ID 688（距离80.0px
18:36:57 [INFO]   步骤 3：调用 compare_appearances({'frame_id': 441, 'track_id': 675, 'compare_frame_id': 447, 'compare_track_id': 675})
18:36:57 [INFO]   工具结果：轨迹 675：帧441 vs 帧447，外观基本一致，非 ID 切换
18:36:58 [INFO]   步骤 4：调用 replay_segment({'start_frame': 441, 'end_frame': 447})
18:36:58 [INFO]   工具结果：轨迹 675 帧 441-447，原始 2 帧，展示 2 帧（步长 1）
18:36:59 [INFO]   步骤 5：调用 check_nearby_tracks({'track_id': 675, 'frame_range': [441, 447]})
18:36:59 [INFO]   工具结果：帧 444 轨迹 675 附近（150px）：发现 4 个附近轨迹：ID 673（距离12.1px），ID 683（距离90.5px），ID 685（距离20.5px），ID 688（距离80.0px
18:37:00 [INFO]   步骤 6：调用 compare_appearances({'frame_id': 441, 'track_id': 675, 'compare_frame_id': 447, 'compare_track_id': 675})
18:37:00 [INFO]   工具结果：轨迹 675：帧441 vs 帧447，外观基本一致，非 ID 切换
18:37:00 [WARNING] 轨迹 675 达到最大调查步数，使用初始判断
18:37:00 [INFO]   → 确认：调查步数耗尽，沿用阶段一结论：轨迹中断，目标消失超过5帧
18:37:00 [INFO] [6/17] 调查轨迹 676
18:37:00 [INFO] 开始调查轨迹 676（drift）
18:37:01 [INFO]   步骤 1：调用 replay_segment({'start_frame': 467, 'end_frame': 469})
18:37:01 [INFO]   工具结果：轨迹 676 帧 467-469，原始 1 帧，展示 1 帧（步长 1）
18:37:02 [INFO]   步骤 2：调用 zoom_region({'frame_id': 468, 'region': [100, 100, 200, 200]})
18:37:02 [INFO]   工具结果：轨迹 676 第 468 帧放大 3.0x，已锐化
18:37:03 [INFO]   步骤 3：调用 check_nearby_tracks({'frame_id': 468, 'radius': 50})
18:37:03 [INFO]   工具结果：帧 468 轨迹 676 附近（50px）：发现 2 个附近轨迹：ID 672（距离5.0px），ID 687（距离32.5px）
18:37:05 [INFO]   步骤 4：调用 compare_appearances({'frame_id': 467, 'track_id': 676, 'frame_id_2': 468, 'track_id_2': 676})
18:37:05 [INFO]   工具结果：轨迹 676：帧467 vs 帧468，外观基本一致，非 ID 切换
18:37:06 [INFO]   步骤 5：调用 replay_segment({'start_frame': 467, 'end_frame': 469})
18:37:06 [INFO]   工具结果：轨迹 676 帧 467-469，原始 1 帧，展示 1 帧（步长 1）
18:37:07 [INFO]   步骤 6：调用 check_nearby_tracks({'frame_id': 468, 'radius': 50})
18:37:07 [INFO]   工具结果：帧 468 轨迹 676 附近（50px）：发现 2 个附近轨迹：ID 672（距离5.0px），ID 687（距离32.5px）
18:37:07 [WARNING] 轨迹 676 达到最大调查步数，使用初始判断
18:37:07 [INFO]   → 确认：调查步数耗尽，沿用阶段一结论：最大位移70.56，表明目标位置发生了异常跳变。
18:37:07 [INFO] [7/17] 调查轨迹 677
18:37:07 [INFO] 开始调查轨迹 677（drift）
18:37:08 [INFO]   步骤 1：调用 replay_segment({'start_frame': 462, 'end_frame': 469})
18:37:08 [INFO]   工具结果：轨迹 677 帧 462-469，原始 2 帧，展示 2 帧（步长 1）
18:37:09 [INFO]   步骤 2：调用 zoom_region({'frame_id': 462, 'region': [10, 10, 100, 100]})
18:37:09 [INFO]   工具结果：轨迹 677 第 462 帧放大 3.0x，已锐化
18:37:10 [INFO]   步骤 3：调用 zoom_region({'frame_id': 469, 'region': [10, 10, 100, 100]})
18:37:10 [INFO]   工具结果：轨迹 677 第 469 帧放大 3.0x，已锐化
18:37:12 [INFO]   步骤 4：调用 compare_appearances({'frame_1': 462, 'frame_2': 469})
18:37:12 [INFO]   工具结果：轨迹 677：帧462 vs 帧469，外观基本一致，非 ID 切换
18:37:13 [INFO]   步骤 5：调用 check_nearby_tracks({'frame_id': 462, 'radius': 10})
18:37:13 [INFO]   工具结果：帧 462 轨迹 677 附近（10px）：附近无其他轨迹
18:37:15 [INFO]   步骤 6：调用 check_nearby_tracks({'frame_id': 469, 'radius': 10})
18:37:15 [INFO]   工具结果：帧 469 轨迹 677 附近（10px）：附近无其他轨迹
18:37:15 [WARNING] 轨迹 677 达到最大调查步数，使用初始判断
18:37:15 [INFO]   → 确认：调查步数耗尽，沿用阶段一结论：最大位移帧462处目标位置异常跳变
18:37:15 [INFO] [8/17] 调查轨迹 678
18:37:15 [INFO] 开始调查轨迹 678（drift）
18:37:16 [INFO]   步骤 1：调用 replay_segment({'start_frame': 417, 'end_frame': 432})
18:37:16 [INFO]   工具结果：轨迹 678 帧 417-432，原始 2 帧，展示 2 帧（步长 1）
18:37:16 [INFO]   步骤 2：调用 check_nearby_tracks({'track_id': 678, 'frame_range': [417, 432]})
18:37:16 [INFO]   工具结果：帧 424 轨迹 678 附近（150px）：发现 3 个附近轨迹：ID 677（距离49.7px），ID 682（距离77.6px），ID 686（距离138.8px）
18:37:17 [INFO]   步骤 3：调用 compare_appearances({'track_id': 678, 'frame_range': [417, 432]})
18:37:17 [INFO]   工具结果：轨迹 678：帧424 vs 帧432，外观基本一致，非 ID 切换
18:37:18 [INFO]   步骤 4：调用 replay_segment({'start_frame': 417, 'end_frame': 432})
18:37:18 [INFO]   工具结果：轨迹 678 帧 417-432，原始 2 帧，展示 2 帧（步长 1）
18:37:19 [INFO]   步骤 5：调用 check_nearby_tracks({'track_id': 678, 'frame_range': [417, 432]})
18:37:19 [INFO]   工具结果：帧 424 轨迹 678 附近（150px）：发现 3 个附近轨迹：ID 677（距离49.7px），ID 682（距离77.6px），ID 686（距离138.8px）
18:37:20 [INFO]   步骤 6：调用 compare_appearances({'track_id': 678, 'frame_range': [417, 432]})
18:37:20 [INFO]   工具结果：轨迹 678：帧424 vs 帧432，外观基本一致，非 ID 切换
18:37:20 [WARNING] 轨迹 678 达到最大调查步数，使用初始判断
18:37:20 [INFO]   → 确认：调查步数耗尽，沿用阶段一结论：最大位移70.31，且在417帧出现异常跳变。
18:37:20 [INFO] [9/17] 调查轨迹 679
18:37:20 [INFO] 开始调查轨迹 679（drift）
18:37:21 [INFO]   步骤 1：调用 replay_segment({'start_frame': 976, 'end_frame': 978})
18:37:21 [INFO]   工具结果：轨迹 679 帧 976-978，原始 2 帧，展示 2 帧（步长 1）
18:37:22 [INFO]   步骤 2：调用 zoom_region({'frame_id': 977, 'region': [100, 100, 100, 100]})
18:37:22 [INFO]   工具结果：轨迹 679 第 977 帧放大 3.0x，已锐化
18:37:23 [INFO]   步骤 3：调用 compare_appearances({'frame_id_1': 976, 'frame_id_2': 977})
18:37:23 [INFO]   工具结果：轨迹 679：帧976 vs 帧977，外观基本一致，非 ID 切换
18:37:24 [INFO]   步骤 4：调用 check_nearby_tracks({'frame_id': 977, 'radius': 100})
18:37:24 [INFO]   工具结果：帧 977 轨迹 679 附近（100px）：发现 4 个附近轨迹：ID 677（距离27.5px），ID 682（距离67.9px），ID 684（距离17.9px），ID 686（距离23.4px
18:37:26 [INFO]   步骤 5：调用 replay_segment({'start_frame': 976, 'end_frame': 990})
18:37:26 [INFO]   工具结果：轨迹 679 帧 976-990，原始 3 帧，展示 3 帧（步长 1）
18:37:27 [INFO]   步骤 6：调用 check_nearby_tracks({'frame_id': 990, 'radius': 100})
18:37:27 [INFO]   工具结果：帧 990 轨迹 679 附近（100px）：发现 3 个附近轨迹：ID 678（距离23.9px），ID 684（距离90.3px），ID 686（距离6.2px）
18:37:27 [WARNING] 轨迹 679 达到最大调查步数，使用初始判断
18:37:27 [INFO]   → 确认：调查步数耗尽，沿用阶段一结论：最大位移异常跳变，可能为跟踪错误。
18:37:27 [INFO] [10/17] 调查轨迹 680
18:37:27 [INFO] 开始调查轨迹 680（miss）
18:37:27 [INFO]   步骤 1：调用 replay_segment({'start_frame': 295, 'end_frame': 308})
18:37:27 [INFO]   工具结果：轨迹 680 帧 295-308，原始 2 帧，展示 2 帧（步长 1）
18:37:28 [INFO]   步骤 2：调用 check_nearby_tracks({'track_id': 680, 'frame_range': [295, 308]})
18:37:28 [INFO]   工具结果：帧 301 轨迹 680 附近（150px）：发现 5 个附近轨迹：ID 671（距离13.2px），ID 679（距离12.5px），ID 681（距离45.3px），ID 684（距离99.7px
18:37:36 [INFO]   步骤 3：调用 compare_appearances({'track_id': 680, 'frame_range': [295, 308]})
18:37:36 [INFO]   工具结果：轨迹 680：帧301 vs 帧308，外观基本一致，非 ID 切换
18:37:37 [INFO]   步骤 4：调用 replay_segment({'start_frame': 295, 'end_frame': 308})
18:37:37 [INFO]   工具结果：轨迹 680 帧 295-308，原始 2 帧，展示 2 帧（步长 1）
18:37:38 [INFO]   步骤 5：调用 check_nearby_tracks({'track_id': 680, 'frame_range': [295, 308]})
18:37:38 [INFO]   工具结果：帧 301 轨迹 680 附近（150px）：发现 5 个附近轨迹：ID 671（距离13.2px），ID 679（距离12.5px），ID 681（距离45.3px），ID 684（距离99.7px
18:37:39 [INFO]   步骤 6：调用 compare_appearances({'track_id': 680, 'frame_range': [295, 308]})
18:37:39 [INFO]   工具结果：轨迹 680：帧301 vs 帧308，外观基本一致，非 ID 切换
18:37:39 [WARNING] 轨迹 680 达到最大调查步数，使用初始判断
18:37:39 [INFO]   → 确认：调查步数耗尽，沿用阶段一结论：目标在第295帧到第308帧间中断，消失超过5帧。
18:37:39 [INFO] [11/17] 调查轨迹 681
18:37:39 [INFO] 开始调查轨迹 681（miss）
18:37:40 [INFO]   步骤 1：调用 replay_segment({'start_frame': 974, 'end_frame': 1001})
18:37:40 [INFO]   工具结果：轨迹 681 帧 974-1001，原始 20 帧，展示 20 帧（步长 1）
18:37:41 [INFO]   步骤 2：调用 check_nearby_tracks({'track_id': 681, 'frame_range': [974, 1001]})
18:37:41 [INFO]   工具结果：帧 987 轨迹 681 附近（150px）：发现 5 个附近轨迹：ID 675（距离125.5px），ID 676（距离88.7px），ID 683（距离28.4px），ID 685（距离132.3
18:37:42 [INFO]   步骤 3：调用 compare_appearances({'frame_id': 974, 'target_id': 681, 'reference_id': 681, 'frame_range': [974, 1001]})
18:37:42 [INFO]   工具结果：轨迹 681：帧974 vs 帧1001，外观基本一致，非 ID 切换
18:37:44 [INFO]   步骤 4：调用 replay_segment({'start_frame': 974, 'end_frame': 1001})
18:37:44 [INFO]   工具结果：轨迹 681 帧 974-1001，原始 20 帧，展示 20 帧（步长 1）
18:37:45 [INFO]   步骤 5：调用 check_nearby_tracks({'track_id': 681, 'frame_range': [974, 1001]})
18:37:45 [INFO]   工具结果：帧 987 轨迹 681 附近（150px）：发现 5 个附近轨迹：ID 675（距离125.5px），ID 676（距离88.7px），ID 683（距离28.4px），ID 685（距离132.3
18:37:47 [INFO]   步骤 6：调用 compare_appearances({'frame_id': 974, 'target_id': 681, 'reference_id': 681, 'frame_range': [974, 1001]})
18:37:47 [INFO]   工具结果：轨迹 681：帧974 vs 帧1001，外观基本一致，非 ID 切换
18:37:47 [WARNING] 轨迹 681 达到最大调查步数，使用初始判断
18:37:47 [INFO]   → 确认：调查步数耗尽，沿用阶段一结论：在第974帧后目标消失，持续了约27帧。
18:37:47 [INFO] [12/17] 调查轨迹 682
18:37:47 [INFO] 开始调查轨迹 682（miss）
18:37:47 [INFO]   步骤 1：调用 replay_segment({'start_frame': 588, 'end_frame': 598})
18:37:47 [INFO]   工具结果：轨迹 682 帧 588-598，原始 2 帧，展示 2 帧（步长 1）
18:37:48 [INFO]   步骤 2：调用 check_nearby_tracks({'frame_id': 588, 'radius': 10})
18:37:48 [INFO]   工具结果：帧 588 轨迹 682 附近（10px）：附近无其他轨迹
18:37:49 [INFO]   步骤 3：调用 replay_segment({'start_frame': 598, 'end_frame': 608})
18:37:49 [INFO]   工具结果：轨迹 682 帧 598-608，原始 11 帧，展示 11 帧（步长 1）
18:37:50 [INFO]   步骤 4：调用 check_nearby_tracks({'frame_id': 608, 'radius': 10})
18:37:50 [INFO]   工具结果：帧 608 轨迹 682 附近（10px）：附近无其他轨迹
18:37:51 [INFO]   步骤 5：调用 replay_segment({'start_frame': 608, 'end_frame': 618})
18:37:51 [INFO]   工具结果：轨迹 682 帧 608-618，原始 11 帧，展示 11 帧（步长 1）
18:37:52 [INFO]   步骤 6：调用 check_nearby_tracks({'frame_id': 618, 'radius': 10})
18:37:52 [INFO]   工具结果：帧 618 轨迹 682 附近（10px）：附近无其他轨迹
18:37:52 [WARNING] 轨迹 682 达到最大调查步数，使用初始判断
18:37:52 [INFO]   → 确认：调查步数耗尽，沿用阶段一结论：目标在第588帧到第598帧间中断，消失超过5帧。
18:37:52 [INFO] [13/17] 调查轨迹 683
18:37:52 [INFO] 开始调查轨迹 683（drift）
18:37:53 [INFO]   步骤 1：调用 replay_segment({'start_frame': 508, 'end_frame': 981})
18:37:53 [INFO]   工具结果：轨迹 683 帧 508-981，原始 45 帧，展示 32 帧（步长 10）
18:37:54 [INFO]   步骤 2：调用 check_nearby_tracks({'track_id': 683, 'frame_range': [508, 981]})
18:37:54 [INFO]   工具结果：帧 744 轨迹 683 附近（150px）：发现 5 个附近轨迹：ID 675（距离117.8px），ID 676（距离62.9px），ID 681（距离137.6px），ID 685（距离101.
18:37:55 [INFO]   步骤 3：调用 compare_appearances({'frame_id': 744, 'track_id': 683})
18:37:55 [INFO]   工具结果：轨迹 683：帧744 vs 帧745，外观基本一致，非 ID 切换
18:37:56 [INFO]   步骤 4：调用 replay_segment({'start_frame': 744, 'end_frame': 745})
18:37:56 [INFO]   工具结果：轨迹 683 帧 744-745，原始 2 帧，展示 2 帧（步长 1）
18:37:57 [INFO]   步骤 5：调用 check_nearby_tracks({'track_id': 683, 'frame_range': [744, 745]})
18:37:57 [INFO]   工具结果：帧 744 轨迹 683 附近（150px）：发现 5 个附近轨迹：ID 675（距离117.8px），ID 676（距离62.9px），ID 681（距离137.6px），ID 685（距离101.
18:37:58 [INFO]   步骤 6：调用 compare_appearances({'frame_id': 744, 'track_id': 683})
18:37:58 [INFO]   工具结果：轨迹 683：帧744 vs 帧745，外观基本一致，非 ID 切换
18:37:58 [WARNING] 轨迹 683 达到最大调查步数，使用初始判断
18:37:58 [INFO]   → 确认：调查步数耗尽，沿用阶段一结论：最大位移较大，且存在跳跃帧，表明目标位置异常。
18:37:58 [INFO] [14/17] 调查轨迹 684
18:37:58 [INFO] 开始调查轨迹 684（miss）
18:37:59 [INFO]   步骤 1：调用 replay_segment({'start_frame': 762, 'end_frame': 779})
18:37:59 [INFO]   工具结果：轨迹 684 帧 762-779，原始 2 帧，展示 2 帧（步长 1）
18:38:00 [INFO]   步骤 2：调用 check_nearby_tracks({'track_id': 684, 'frame_range': [762, 779]})
18:38:00 [INFO]   工具结果：帧 770 轨迹 684 附近（150px）：发现 8 个附近轨迹：ID 671（距离33.1px），ID 674（距离19.8px），ID 677（距离128.7px），ID 679（距离46.2p
18:38:01 [INFO]   步骤 3：调用 compare_appearances({'frame_id': 762, 'target_id': 684, 'compare_id': 684, 'end_frame_id': 779})
18:38:01 [INFO]   工具结果：轨迹 684：帧762 vs 帧763，外观基本一致，非 ID 切换
18:38:02 [INFO]   步骤 4：调用 replay_segment({'start_frame': 762, 'end_frame': 779})
18:38:02 [INFO]   工具结果：轨迹 684 帧 762-779，原始 2 帧，展示 2 帧（步长 1）
18:38:03 [INFO]   步骤 5：调用 check_nearby_tracks({'track_id': 684, 'frame_range': [762, 779]})
18:38:03 [INFO]   工具结果：帧 770 轨迹 684 附近（150px）：发现 8 个附近轨迹：ID 671（距离33.1px），ID 674（距离19.8px），ID 677（距离128.7px），ID 679（距离46.2p
18:38:05 [INFO]   步骤 6：调用 compare_appearances({'frame_id': 762, 'target_id': 684, 'compare_id': 684, 'end_frame_id': 779})
18:38:05 [INFO]   工具结果：轨迹 684：帧762 vs 帧763，外观基本一致，非 ID 切换
18:38:05 [WARNING] 轨迹 684 达到最大调查步数，使用初始判断
18:38:05 [INFO]   → 确认：调查步数耗尽，沿用阶段一结论：在第762帧到第779帧间，目标轨迹中断，未检测到目标。
18:38:05 [INFO] [15/17] 调查轨迹 686
18:38:05 [INFO] 开始调查轨迹 686（drift）
18:38:05 [INFO]   步骤 1：调用 replay_segment({'start_frame': 990, 'end_frame': 1196})
18:38:05 [INFO]   工具结果：轨迹 686 帧 990-1196，原始 36 帧，展示 32 帧（步长 5）
18:38:06 [INFO]   步骤 2：调用 check_nearby_tracks({'frame_ids': [990, 1196]})
18:38:06 [INFO]   工具结果：帧 990 轨迹 686 附近（150px）：发现 4 个附近轨迹：ID 677（距离119.3px），ID 678（距离27.7px），ID 679（距离6.2px），ID 684（距离84.1px
18:38:08 [INFO]   步骤 3：调用 compare_appearances({'frame_id': 990, 'target_track_id': 686, 'nearby_track_ids': [677, 678, 679, 684]})
18:38:08 [INFO]   工具结果：轨迹 686：帧990 vs 帧991，外观基本一致，非 ID 切换
18:38:09 [INFO]   步骤 4：调用 replay_segment({'start_frame': 1000, 'end_frame': 1196})
18:38:09 [INFO]   工具结果：轨迹 686 帧 1000-1196，原始 34 帧，展示 32 帧（步长 5）
18:38:10 [INFO]   步骤 5：调用 check_nearby_tracks({'frame_ids': [1000, 1196]})
18:38:10 [INFO]   工具结果：帧 1000 轨迹 686 附近（150px）：发现 2 个附近轨迹：ID 678（距离107.7px），ID 679（距离73.4px）
18:38:12 [INFO]   步骤 6：调用 compare_appearances({'frame_id': 1000, 'target_track_id': 686, 'nearby_track_ids': [678, 679]})
18:38:12 [INFO]   工具结果：轨迹 686：帧1000 vs 帧1001，外观基本一致，非 ID 切换
18:38:12 [WARNING] 轨迹 686 达到最大调查步数，使用初始判断
18:38:12 [INFO]   → 确认：调查步数耗尽，沿用阶段一结论：目标位置在某些帧出现异常跳变，不符合运动规律。
18:38:12 [INFO] [16/17] 调查轨迹 687
18:38:12 [INFO] 开始调查轨迹 687（drift）
18:38:13 [INFO]   步骤 1：调用 replay_segment({'start_frame': 903, 'end_frame': 911})
18:38:13 [INFO]   工具结果：轨迹 687 帧 903-911，原始 2 帧，展示 2 帧（步长 1）
18:38:14 [INFO]   步骤 2：调用 zoom_region({'frame_id': 903, 'region': [10, 10, 100, 100]})
18:38:14 [INFO]   工具结果：轨迹 687 第 903 帧放大 3.0x，已锐化
18:38:15 [INFO]   步骤 3：调用 zoom_region({'frame_id': 911, 'region': [10, 10, 100, 100]})
18:38:15 [INFO]   工具结果：轨迹 687 第 911 帧放大 3.0x，已锐化
18:38:17 [INFO]   步骤 4：调用 compare_appearances({'frame_id_1': 903, 'frame_id_2': 911})
18:38:17 [INFO]   工具结果：轨迹 687：帧903 vs 帧911，外观基本一致，非 ID 切换
18:38:19 [INFO]   步骤 5：调用 check_nearby_tracks({'frame_id': 903, 'radius': 10})
18:38:19 [INFO]   工具结果：帧 903 轨迹 687 附近（10px）：附近无其他轨迹
18:38:20 [INFO]   步骤 6：调用 check_nearby_tracks({'frame_id': 911, 'radius': 10})
18:38:20 [INFO]   工具结果：帧 911 轨迹 687 附近（10px）：附近无其他轨迹
18:38:20 [WARNING] 轨迹 687 达到最大调查步数，使用初始判断
18:38:20 [INFO]   → 确认：调查步数耗尽，沿用阶段一结论：目标在903帧至911帧间位置异常跳变，不符合运动规律。
18:38:20 [INFO] [17/17] 调查轨迹 688
18:38:20 [INFO] 开始调查轨迹 688（drift）
18:38:21 [INFO]   步骤 1：调用 replay_segment({'start_frame': 1112, 'end_frame': 1191})
18:38:21 [INFO]   工具结果：轨迹 688 帧 1112-1191，原始 21 帧，展示 21 帧（步长 2）
18:38:22 [INFO]   步骤 2：调用 check_nearby_tracks({'frame_ids': [1112, 1191]})
18:38:22 [INFO]   工具结果：帧 1112 轨迹 688 附近（150px）：发现 4 个附近轨迹：ID 675（距离88.4px），ID 676（距离44.1px），ID 685（距离128.5px），ID 687（距离113.
18:38:23 [INFO]   步骤 3：调用 compare_appearances({'frame_id': 1112, 'target_track_id': 688, 'nearby_track_ids': [675, 676, 685, 687]})
18:38:23 [INFO]   工具结果：轨迹 688：帧1112 vs 帧1113，外观基本一致，非 ID 切换
18:38:24 [INFO]   步骤 4：调用 replay_segment({'start_frame': 1112, 'end_frame': 1191})
18:38:24 [INFO]   工具结果：轨迹 688 帧 1112-1191，原始 21 帧，展示 21 帧（步长 2）
18:38:25 [INFO]   步骤 5：调用 check_nearby_tracks({'frame_ids': [1112, 1191]})
18:38:25 [INFO]   工具结果：帧 1112 轨迹 688 附近（150px）：发现 4 个附近轨迹：ID 675（距离88.4px），ID 676（距离44.1px），ID 685（距离128.5px），ID 687（距离113.
18:38:27 [INFO]   步骤 6：调用 compare_appearances({'frame_id': 1112, 'target_track_id': 688, 'nearby_track_ids': [675, 676, 685, 687]})
18:38:27 [INFO]   工具结果：轨迹 688：帧1112 vs 帧1113，外观基本一致，非 ID 切换
18:38:27 [WARNING] 轨迹 688 达到最大调查步数，使用初始判断
18:38:27 [INFO]   → 确认：调查步数耗尽，沿用阶段一结论：最大位移52.87，表明目标位置有异常跳变。
18:38:27 [INFO] ========================================
18:38:27 [INFO] [dancetrack0050] 阶段三：轨迹修正
18:38:27 [INFO] ========================================
18:38:28 [INFO] 正在分析轨迹 671（长度 317 帧）...
18:38:29 [INFO] 修正生效：track=671 type=miss frames=295-308
18:38:29 [INFO] 正在分析轨迹 676（长度 1066 帧）...
18:38:31 [INFO] 修正回滚：track=676 type=drift
18:38:31 [INFO] 正在分析轨迹 679（长度 1045 帧）...
18:38:32 [INFO] 修正回滚：track=679 type=drift
18:38:32 [INFO] 正在分析轨迹 682（长度 626 帧）...
18:38:40 [INFO] 修正回滚：track=682 type=miss
18:38:40 [INFO] [dancetrack0050] 修正后 MOT 已保存至 /public/home/lyh_npu/code/PostMOT/corrected_mot/dancetrack0050.txt
18:38:40 [INFO] [dancetrack0050] 报告已保存至 /public/home/lyh_npu/code/PostMOT/pipeline_report_batch_seq_reports/dancetrack0050.json
18:38:40 [INFO] [17/35] 处理序列 dancetrack0054
18:39:09 [INFO] 加载轨迹 8 条
18:39:09 [INFO] ========================================
18:39:09 [INFO] [dancetrack0054] 阶段一：VLM 轨迹巡检
18:39:09 [INFO] ========================================
18:39:09 [INFO] 正在分析轨迹 277（长度 676 帧）...
18:39:11 [INFO] [可疑] 轨迹 277 — miss 置信度 0.90：目标在第659帧后消失，持续7帧。
18:39:11 [INFO] 正在分析轨迹 278（长度 841 帧）...
18:39:12 [INFO] 正在分析轨迹 279（长度 815 帧）...
18:39:14 [INFO] [可疑] 轨迹 279 — miss 置信度 0.90：目标在667帧后消失，持续18帧。
18:39:14 [INFO] 正在分析轨迹 280（长度 843 帧）...
18:39:15 [INFO] 正在分析轨迹 281（长度 823 帧）...
18:39:17 [INFO] [可疑] 轨迹 281 — drift 置信度 0.80：目标在219帧至234帧间位置异常跳变，不符合运动规律。
18:39:17 [INFO] 正在分析轨迹 282（长度 5 帧）...
18:39:18 [INFO] [可疑] 轨迹 282 — miss 置信度 0.90：目标在208帧至216帧间中断，未检测到目标。
18:39:18 [INFO] 正在分析轨迹 283（长度 3 帧）...
18:39:20 [INFO] 正在分析轨迹 284（长度 190 帧）...
18:39:21 [INFO] [可疑] 轨迹 284 — drift 置信度 0.80：最大位移较大，且在特定帧出现异常跳变。
18:39:21 [INFO] [dancetrack0054] 阶段一完成：5 条可疑轨迹，已保存至 /public/home/lyh_npu/code/PostMOT/pipeline_report_batch_seq_reports/dancetrack0054_stage1.json
18:39:21 [INFO] ========================================
18:39:21 [INFO] [dancetrack0054] 阶段二：LLM 工具调用调查
18:39:21 [INFO] ========================================
18:39:21 [INFO] [1/5] 调查轨迹 277
18:39:21 [INFO] 开始调查轨迹 277（miss）
18:39:22 [INFO]   步骤 1：调用 replay_segment({'start_frame': 659, 'end_frame': 666})
18:39:22 [INFO]   工具结果：轨迹 277 帧 659-666，原始 2 帧，展示 2 帧（步长 1）
18:39:23 [INFO]   步骤 2：调用 check_nearby_tracks({'track_id': 277, 'frame_ids': [659, 666]})
18:39:23 [INFO]   工具结果：帧 659 轨迹 277 附近（150px）：发现 2 个附近轨迹：ID 278（距离36.7px），ID 281（距离52.3px）
18:39:24 [INFO]   步骤 3：调用 replay_segment({'start_frame': 659, 'end_frame': 666})
18:39:24 [INFO]   工具结果：轨迹 277 帧 659-666，原始 2 帧，展示 2 帧（步长 1）
18:39:24 [INFO]   步骤 4：调用 compare_appearances({'frame_ids': [659, 666]})
18:39:24 [INFO]   工具结果：轨迹 277：帧659 vs 帧666，外观基本一致，非 ID 切换
18:39:25 [INFO]   步骤 5：调用 replay_segment({'start_frame': 659, 'end_frame': 666})
18:39:25 [INFO]   工具结果：轨迹 277 帧 659-666，原始 2 帧，展示 2 帧（步长 1）
18:39:26 [INFO]   步骤 6：调用 check_nearby_tracks({'track_id': 277, 'frame_ids': [659, 666]})
18:39:26 [INFO]   工具结果：帧 659 轨迹 277 附近（150px）：发现 2 个附近轨迹：ID 278（距离36.7px），ID 281（距离52.3px）
18:39:26 [WARNING] 轨迹 277 达到最大调查步数，使用初始判断
18:39:26 [INFO]   → 确认：调查步数耗尽，沿用阶段一结论：目标在第659帧后消失，持续7帧。
18:39:26 [INFO] [2/5] 调查轨迹 279
18:39:26 [INFO] 开始调查轨迹 279（miss）
18:39:27 [INFO]   步骤 1：调用 replay_segment({'start_frame': 667, 'end_frame': 696})
18:39:27 [INFO]   工具结果：轨迹 279 帧 667-696，原始 5 帧，展示 5 帧（步长 1）
18:39:27 [INFO]   步骤 2：调用 check_nearby_tracks({'frame_id': 678})
18:39:27 [INFO]   工具结果：帧 678 轨迹 279 附近（150px）：发现 2 个附近轨迹：ID 277（距离9.1px），ID 280（距离60.4px）
18:39:28 [INFO]   步骤 3：调用 replay_segment({'start_frame': 678, 'end_frame': 696})
18:39:28 [INFO]   工具结果：轨迹 279 帧 678-696，原始 2 帧，展示 2 帧（步长 1）
18:39:29 [INFO]   步骤 4：调用 check_nearby_tracks({'frame_id': 678})
18:39:29 [INFO]   工具结果：帧 678 轨迹 279 附近（150px）：发现 2 个附近轨迹：ID 277（距离9.1px），ID 280（距离60.4px）
18:39:30 [INFO]   步骤 5：调用 replay_segment({'start_frame': 678, 'end_frame': 696})
18:39:30 [INFO]   工具结果：轨迹 279 帧 678-696，原始 2 帧，展示 2 帧（步长 1）
18:39:31 [INFO]   步骤 6：调用 check_nearby_tracks({'frame_id': 678})
18:39:31 [INFO]   工具结果：帧 678 轨迹 279 附近（150px）：发现 2 个附近轨迹：ID 277（距离9.1px），ID 280（距离60.4px）
18:39:31 [WARNING] 轨迹 279 达到最大调查步数，使用初始判断
18:39:31 [INFO]   → 确认：调查步数耗尽，沿用阶段一结论：目标在667帧后消失，持续18帧。
18:39:31 [INFO] [3/5] 调查轨迹 281
18:39:31 [INFO] 开始调查轨迹 281（drift）
18:39:31 [INFO]   步骤 1：调用 replay_segment({'start_frame': 219, 'end_frame': 234})
18:39:31 [INFO]   工具结果：轨迹 281 帧 219-234，原始 2 帧，展示 2 帧（步长 1）
18:39:32 [INFO]   步骤 2：调用 check_nearby_tracks({'track_id': 281, 'frame_ids': [219, 234]})
18:39:32 [INFO]   工具结果：帧 219 轨迹 281 附近（150px）：发现 1 个附近轨迹：ID 282（距离46.8px）
18:39:34 [INFO]   步骤 3：调用 zoom_region({'frame_id': 219, 'region': [1756.8, 561.72, 163.77, 205.71]})
18:39:34 [INFO]   工具结果：轨迹 281 第 219 帧放大 3.0x，已锐化
18:39:35 [INFO]   步骤 4：调用 compare_appearances({'frame_id': 219, 'target_id': 281, 'reference_frame_id': 234})
18:39:35 [INFO]   工具结果：轨迹 281：帧234 vs 帧235，外观基本一致，非 ID 切换
18:39:36 [INFO]   步骤 5：调用 replay_segment({'start_frame': 219, 'end_frame': 234})
18:39:36 [INFO]   工具结果：轨迹 281 帧 219-234，原始 2 帧，展示 2 帧（步长 1）
18:39:43 [INFO]   步骤 6：调用 check_nearby_tracks({'track_id': 281, 'frame_ids': [219, 234]})
18:39:43 [INFO]   工具结果：帧 219 轨迹 281 附近（150px）：发现 1 个附近轨迹：ID 282（距离46.8px）
18:39:43 [WARNING] 轨迹 281 达到最大调查步数，使用初始判断
18:39:43 [INFO]   → 确认：调查步数耗尽，沿用阶段一结论：目标在219帧至234帧间位置异常跳变，不符合运动规律。
18:39:43 [INFO] [4/5] 调查轨迹 282
18:39:43 [INFO] 开始调查轨迹 282（miss）
18:39:44 [INFO]   步骤 1：调用 replay_segment({'start_frame': 206, 'end_frame': 219})
18:39:44 [INFO]   工具结果：轨迹 282 帧 206-219，原始 5 帧，展示 5 帧（步长 1）
18:39:45 [INFO]   步骤 2：调用 check_nearby_tracks({'track_id': 282, 'frame_range': [206, 219]})
18:39:45 [INFO]   工具结果：帧 212 轨迹 282 附近（150px）：发现 1 个附近轨迹：ID 281（距离71.0px）
18:39:46 [INFO]   步骤 3：调用 replay_segment({'start_frame': 206, 'end_frame': 219})
18:39:46 [INFO]   工具结果：轨迹 282 帧 206-219，原始 5 帧，展示 5 帧（步长 1）
18:39:47 [INFO]   步骤 4：调用 check_nearby_tracks({'track_id': 282, 'frame_range': [206, 219]})
18:39:47 [INFO]   工具结果：帧 212 轨迹 282 附近（150px）：发现 1 个附近轨迹：ID 281（距离71.0px）
18:39:47 [INFO]   步骤 5：调用 replay_segment({'start_frame': 206, 'end_frame': 219})
18:39:47 [INFO]   工具结果：轨迹 282 帧 206-219，原始 5 帧，展示 5 帧（步长 1）
18:39:49 [INFO]   步骤 6：调用 check_nearby_tracks({'track_id': 282, 'frame_range': [206, 219]})
18:39:49 [INFO]   工具结果：帧 212 轨迹 282 附近（150px）：发现 1 个附近轨迹：ID 281（距离71.0px）
18:39:49 [WARNING] 轨迹 282 达到最大调查步数，使用初始判断
18:39:49 [INFO]   → 确认：调查步数耗尽，沿用阶段一结论：目标在208帧至216帧间中断，未检测到目标。
18:39:49 [INFO] [5/5] 调查轨迹 284
18:39:49 [INFO] 开始调查轨迹 284（drift）
18:39:49 [INFO]   步骤 1：调用 replay_segment({'start_frame': 654, 'end_frame': 843})
18:39:49 [INFO]   工具结果：轨迹 284 帧 654-843，原始 48 帧，展示 32 帧（步长 4）
18:39:50 [INFO]   步骤 2：调用 check_nearby_tracks({'track_id': 284, 'frame_range': [654, 843]})
18:39:50 [INFO]   工具结果：帧 748 轨迹 284 附近（150px）：附近无其他轨迹
18:39:51 [INFO]   步骤 3：调用 replay_segment({'start_frame': 748, 'end_frame': 748})
18:39:51 [INFO]   工具结果：轨迹 284 帧 748-748，原始 1 帧，展示 1 帧（步长 1）
18:39:53 [INFO]   步骤 4：调用 zoom_region({'frame_id': 748, 'region': [200, 100, 400, 300]})
18:39:53 [INFO]   工具结果：轨迹 284 第 748 帧放大 3.0x，已锐化
18:39:55 [INFO]   步骤 5：调用 compare_appearances({'frame_id': 748, 'target_id': 284, 'reference_frame_id': 747})
18:39:55 [INFO]   工具结果：轨迹 284：帧747 vs 帧748，外观基本一致，非 ID 切换
18:39:56 [INFO]   步骤 6：调用 replay_segment({'start_frame': 747, 'end_frame': 748})
18:39:56 [INFO]   工具结果：轨迹 284 帧 747-748，原始 2 帧，展示 2 帧（步长 1）
18:39:56 [WARNING] 轨迹 284 达到最大调查步数，使用初始判断
18:39:56 [INFO]   → 确认：调查步数耗尽，沿用阶段一结论：最大位移较大，且在特定帧出现异常跳变。
18:39:56 [INFO] ========================================
18:39:56 [INFO] [dancetrack0054] 阶段三：轨迹修正
18:39:56 [INFO] ========================================
18:39:56 [INFO] 正在分析轨迹 277（长度 682 帧）...
18:39:58 [INFO] 修正生效：track=277 type=miss frames=659-666
18:39:58 [INFO] 正在分析轨迹 279（长度 840 帧）...
18:39:59 [INFO] 修正生效：track=279 type=miss frames=667-696
18:39:59 [INFO] 正在分析轨迹 282（长度 12 帧）...
18:40:01 [INFO] 修正生效：track=282 type=miss frames=208-216
18:40:01 [INFO] [dancetrack0054] 修正后 MOT 已保存至 /public/home/lyh_npu/code/PostMOT/corrected_mot/dancetrack0054.txt
18:40:01 [INFO] [dancetrack0054] 报告已保存至 /public/home/lyh_npu/code/PostMOT/pipeline_report_batch_seq_reports/dancetrack0054.json
18:40:01 [INFO] [18/35] 处理序列 dancetrack0056
18:40:32 [INFO] 加载轨迹 10 条
18:40:32 [INFO] ========================================
18:40:32 [INFO] [dancetrack0056] 阶段一：VLM 轨迹巡检
18:40:32 [INFO] ========================================
18:40:32 [INFO] 正在分析轨迹 452（长度 1202 帧）...
18:40:33 [INFO] [可疑] 轨迹 452 — drift 置信度 0.80：最大位移较大，且存在多次跳跃帧
18:40:33 [INFO] 正在分析轨迹 453（长度 1188 帧）...
18:40:35 [INFO] [可疑] 轨迹 453 — miss 置信度 0.90：目标在722帧至728帧间中断，消失超过5帧。
18:40:35 [INFO] 正在分析轨迹 454（长度 1202 帧）...
18:40:36 [INFO] [可疑] 轨迹 454 — drift 置信度 0.80：最大位移较大，存在异常跳变。
18:40:36 [INFO] 正在分析轨迹 455（长度 1197 帧）...
18:40:38 [INFO] [可疑] 轨迹 455 — miss 置信度 0.90：目标在第697帧至第703帧间中断，消失超过5帧。
18:40:38 [INFO] 正在分析轨迹 456（长度 1203 帧）...
18:40:39 [INFO] [可疑] 轨迹 456 — drift 置信度 0.80：最大位移较大，存在异常跳变。
18:40:39 [INFO] 正在分析轨迹 458（长度 3 帧）...
18:40:47 [INFO] [可疑] 轨迹 458 — miss 置信度 0.80：目标在第575帧后消失，持续了15帧。
18:40:47 [INFO] 正在分析轨迹 459（长度 18 帧）...
18:40:48 [INFO] [可疑] 轨迹 459 — miss 置信度 0.80：目标在887帧后至920帧间中断，消失超过5帧。
18:40:48 [INFO] 正在分析轨迹 460（长度 20 帧）...
18:40:50 [INFO] [可疑] 轨迹 460 — miss 置信度 0.80：目标在877帧后至907帧间中断，消失超过5帧。
18:40:50 [INFO] [dancetrack0056] 阶段一完成：8 条可疑轨迹，已保存至 /public/home/lyh_npu/code/PostMOT/pipeline_report_batch_seq_reports/dancetrack0056_stage1.json
18:40:50 [INFO] ========================================
18:40:50 [INFO] [dancetrack0056] 阶段二：LLM 工具调用调查
18:40:50 [INFO] ========================================
18:40:50 [INFO] [1/8] 调查轨迹 452
18:40:50 [INFO] 开始调查轨迹 452（drift）
18:40:50 [INFO]   步骤 1：调用 replay_segment({'start_frame': 1, 'end_frame': 1203})
18:40:50 [INFO]   工具结果：轨迹 452 帧 1-1203，原始 47 帧，展示 32 帧（步长 26）
18:40:52 [INFO]   步骤 2：调用 check_nearby_tracks({'track_id': 452, 'frame_ids': [1, 1203]})
18:40:52 [INFO]   工具结果：帧 1 轨迹 452 附近（150px）：发现 5 个附近轨迹：ID 454（距离127.2px），ID 456（距离117.1px），ID 457（距离93.3px），ID 458（距离55.8px
18:40:53 [INFO]   步骤 3：调用 compare_appearances({'frame_id': 1, 'track_id': 452, 'nearby_track_ids': [454, 456, 457, 458, 459]})
18:40:53 [INFO]   工具结果：轨迹 452：帧1 vs 帧2，外观基本一致，非 ID 切换
18:40:55 [INFO]   步骤 4：调用 compare_appearances({'frame_id': 1203, 'track_id': 452, 'nearby_track_ids': [454, 456, 457, 458, 459]})
18:40:55 [INFO]   工具结果：所需帧数据不存在
18:40:56 [INFO]   步骤 5：调用 replay_segment({'start_frame': 1199, 'end_frame': 1203})
18:40:56 [INFO]   工具结果：轨迹 452 帧 1199-1203，原始 5 帧，展示 5 帧（步长 1）
18:40:57 [INFO]   步骤 6：调用 check_nearby_tracks({'track_id': 452, 'frame_ids': [1199, 1203]})
18:40:57 [INFO]   工具结果：帧 1199 轨迹 452 附近（150px）：发现 2 个附近轨迹：ID 456（距离80.9px），ID 460（距离128.8px）
18:40:57 [WARNING] 轨迹 452 达到最大调查步数，使用初始判断
18:40:57 [INFO]   → 确认：调查步数耗尽，沿用阶段一结论：最大位移较大，且存在多次跳跃帧
18:40:57 [INFO] [2/8] 调查轨迹 453
18:40:57 [INFO] 开始调查轨迹 453（miss）
18:40:58 [INFO]   步骤 1：调用 replay_segment({'start_frame': 722, 'end_frame': 728})
18:40:58 [INFO]   工具结果：轨迹 453 帧 722-728，原始 2 帧，展示 2 帧（步长 1）
18:40:59 [INFO]   步骤 2：调用 check_nearby_tracks({'track_id': 453, 'frame_range': [722, 728]})
18:40:59 [INFO]   工具结果：帧 725 轨迹 453 附近（150px）：发现 1 个附近轨迹：ID 454（距离55.4px）
18:41:00 [INFO]   步骤 3：调用 replay_segment({'start_frame': 725, 'end_frame': 728})
18:41:00 [INFO]   工具结果：轨迹 453 帧 725-728，原始 1 帧，展示 1 帧（步长 1）
18:41:00 [INFO]   步骤 4：调用 replay_segment({'start_frame': 722, 'end_frame': 725})
18:41:00 [INFO]   工具结果：轨迹 453 帧 722-725，原始 1 帧，展示 1 帧（步长 1）
18:41:01 [INFO]   步骤 5：调用 replay_segment({'start_frame': 722, 'end_frame': 725})
18:41:01 [INFO]   工具结果：轨迹 453 帧 722-725，原始 1 帧，展示 1 帧（步长 1）
18:41:02 [INFO]   步骤 6：调用 replay_segment({'start_frame': 725, 'end_frame': 728})
18:41:02 [INFO]   工具结果：轨迹 453 帧 725-728，原始 1 帧，展示 1 帧（步长 1）
18:41:02 [WARNING] 轨迹 453 达到最大调查步数，使用初始判断
18:41:02 [INFO]   → 确认：调查步数耗尽，沿用阶段一结论：目标在722帧至728帧间中断，消失超过5帧。
18:41:02 [INFO] [3/8] 调查轨迹 454
18:41:02 [INFO] 开始调查轨迹 454（drift）
18:41:03 [INFO]   步骤 1：调用 replay_segment({'start_frame': 1, 'end_frame': 1203})
18:41:03 [INFO]   工具结果：轨迹 454 帧 1-1203，原始 47 帧，展示 32 帧（步长 26）
18:41:04 [INFO]   步骤 2：调用 check_nearby_tracks({'track_id': 454, 'frame_range': [1, 1203]})
18:41:04 [INFO]   工具结果：帧 602 轨迹 454 附近（150px）：发现 3 个附近轨迹：ID 453（距离83.3px），ID 457（距离76.2px），ID 459（距离73.8px）
18:41:05 [INFO]   步骤 3：调用 compare_appearances({'frame_id': 602, 'track_id': 454, 'nearby_track_ids': [453, 457, 459]})
18:41:05 [INFO]   工具结果：轨迹 454：帧602 vs 帧603，外观基本一致，非 ID 切换
18:41:06 [INFO]   步骤 4：调用 replay_segment({'start_frame': 599, 'end_frame': 605})
18:41:06 [INFO]   工具结果：轨迹 454 帧 599-605，原始 7 帧，展示 7 帧（步长 1）
18:41:07 [INFO]   步骤 5：调用 check_nearby_tracks({'track_id': 454, 'frame_range': [599, 605]})
18:41:07 [INFO]   工具结果：帧 602 轨迹 454 附近（150px）：发现 3 个附近轨迹：ID 453（距离83.3px），ID 457（距离76.2px），ID 459（距离73.8px）
18:41:09 [INFO]   步骤 6：调用 compare_appearances({'frame_id': 602, 'track_id': 454, 'nearby_track_ids': [453, 457, 459]})
18:41:09 [INFO]   工具结果：轨迹 454：帧602 vs 帧603，外观基本一致，非 ID 切换
18:41:09 [WARNING] 轨迹 454 达到最大调查步数，使用初始判断
18:41:09 [INFO]   → 确认：调查步数耗尽，沿用阶段一结论：最大位移较大，存在异常跳变。
18:41:09 [INFO] [4/8] 调查轨迹 455
18:41:09 [INFO] 开始调查轨迹 455（miss）
18:41:10 [INFO]   步骤 1：调用 replay_segment({'start_frame': 697, 'end_frame': 703})
18:41:10 [INFO]   工具结果：轨迹 455 帧 697-703，原始 2 帧，展示 2 帧（步长 1）
18:41:11 [INFO]   步骤 2：调用 check_nearby_tracks({'track_id': 455, 'frame_range': [697, 703]})
18:41:11 [INFO]   工具结果：帧 700 轨迹 455 附近（150px）：发现 6 个附近轨迹：ID 452（距离34.2px），ID 456（距离72.1px），ID 457（距离88.3px），ID 458（距离2.4px）
18:41:12 [INFO]   步骤 3：调用 compare_appearances({'frame_id': 697, 'target_id': 455, 'compare_id': 456, 'threshold': 0.5})
18:41:12 [INFO]   工具结果：轨迹 455：帧697 vs 帧698，外观基本一致，非 ID 切换
18:41:13 [INFO]   步骤 4：调用 compare_appearances({'frame_id': 703, 'target_id': 455, 'compare_id': 456, 'threshold': 0.5})
18:41:13 [INFO]   工具结果：轨迹 455：帧703 vs 帧704，外观基本一致，非 ID 切换
18:41:14 [INFO]   步骤 5：调用 compare_appearances({'frame_id': 703, 'target_id': 455, 'compare_id': 456, 'threshold': 0.5})
18:41:14 [INFO]   工具结果：轨迹 455：帧703 vs 帧704，外观基本一致，非 ID 切换
18:41:16 [INFO]   步骤 6：调用 compare_appearances({'frame_id': 703, 'target_id': 455, 'compare_id': 456, 'threshold': 0.5})
18:41:16 [INFO]   工具结果：轨迹 455：帧703 vs 帧704，外观基本一致，非 ID 切换
18:41:16 [WARNING] 轨迹 455 达到最大调查步数，使用初始判断
18:41:16 [INFO]   → 确认：调查步数耗尽，沿用阶段一结论：目标在第697帧至第703帧间中断，消失超过5帧。
18:41:16 [INFO] [5/8] 调查轨迹 456
18:41:16 [INFO] 开始调查轨迹 456（drift）
18:41:16 [INFO]   步骤 1：调用 replay_segment({'start_frame': 1, 'end_frame': 1203})
18:41:16 [INFO]   工具结果：轨迹 456 帧 1-1203，原始 47 帧，展示 32 帧（步长 26）
18:41:20 [INFO]   步骤 2：调用 check_nearby_tracks({'frame_ids': [1, 27, 53, 105, 131, 183, 209, 261, 287, 339, 365, 417, 443, 495, 521, 573, 599, 651, 677, 729, 755, 807, 833, 885, 911, 963, 989, 1041, 1067, 1119, 1145, 1197]})
18:41:20 [INFO]   工具结果：帧 1 轨迹 456 附近（150px）：发现 4 个附近轨迹：ID 452（距离117.1px），ID 458（距离117.1px），ID 460（距离54.7px），ID 461（距离145.8p
18:41:22 [INFO]   步骤 3：调用 compare_appearances({'frame_id': 1, 'track_id': 456, 'nearby_track_ids': [452, 458, 460, 461]})
18:41:22 [INFO]   工具结果：轨迹 456：帧1 vs 帧2，外观基本一致，非 ID 切换
18:41:23 [INFO]   步骤 4：调用 replay_segment({'start_frame': 1, 'end_frame': 1203})
18:41:23 [INFO]   工具结果：轨迹 456 帧 1-1203，原始 47 帧，展示 32 帧（步长 26）
18:41:27 [INFO]   步骤 5：调用 check_nearby_tracks({'frame_ids': [1, 27, 53, 105, 131, 183, 209, 261, 287, 339, 365, 417, 443, 495, 521, 573, 599, 651, 677, 729, 755, 807, 833, 885, 911, 963, 989, 1041, 1067, 1119, 1145, 1197]})
18:41:27 [INFO]   工具结果：帧 1 轨迹 456 附近（150px）：发现 4 个附近轨迹：ID 452（距离117.1px），ID 458（距离117.1px），ID 460（距离54.7px），ID 461（距离145.8p
18:41:29 [INFO]   步骤 6：调用 compare_appearances({'frame_id': 1, 'track_id': 456, 'nearby_track_ids': [452, 458, 460, 461]})
18:41:29 [INFO]   工具结果：轨迹 456：帧1 vs 帧2，外观基本一致，非 ID 切换
18:41:29 [WARNING] 轨迹 456 达到最大调查步数，使用初始判断
18:41:29 [INFO]   → 确认：调查步数耗尽，沿用阶段一结论：最大位移较大，存在异常跳变。
18:41:29 [INFO] [6/8] 调查轨迹 458
18:41:29 [INFO] 开始调查轨迹 458（miss）
18:41:30 [INFO]   步骤 1：调用 replay_segment({'start_frame': 575, 'end_frame': 591})
18:41:30 [INFO]   工具结果：轨迹 458 帧 575-591，原始 3 帧，展示 3 帧（步长 1）
18:41:31 [INFO]   步骤 2：调用 check_nearby_tracks({'track_id': 458, 'frame_range': [575, 591]})
18:41:31 [INFO]   工具结果：帧 583 轨迹 458 附近（150px）：发现 6 个附近轨迹：ID 453（距离140.5px），ID 454（距离111.9px），ID 456（距离24.4px），ID 457（距离91.4
18:41:32 [INFO]   步骤 3：调用 compare_appearances({'track_id': 458, 'frame_range': [575, 591]})
18:41:32 [INFO]   工具结果：轨迹 458：帧583 vs 帧591，外观基本一致，非 ID 切换
18:41:33 [INFO]   步骤 4：调用 replay_segment({'start_frame': 575, 'end_frame': 591})
18:41:33 [INFO]   工具结果：轨迹 458 帧 575-591，原始 3 帧，展示 3 帧（步长 1）
18:41:34 [INFO]   步骤 5：调用 check_nearby_tracks({'track_id': 458, 'frame_range': [575, 591]})
18:41:34 [INFO]   工具结果：帧 583 轨迹 458 附近（150px）：发现 6 个附近轨迹：ID 453（距离140.5px），ID 454（距离111.9px），ID 456（距离24.4px），ID 457（距离91.4
18:41:35 [INFO]   步骤 6：调用 compare_appearances({'track_id': 458, 'frame_range': [575, 591]})
18:41:35 [INFO]   工具结果：轨迹 458：帧583 vs 帧591，外观基本一致，非 ID 切换
18:41:35 [WARNING] 轨迹 458 达到最大调查步数，使用初始判断
18:41:35 [INFO]   → 确认：调查步数耗尽，沿用阶段一结论：目标在第575帧后消失，持续了15帧。
18:41:35 [INFO] [7/8] 调查轨迹 459
18:41:35 [INFO] 开始调查轨迹 459（miss）
18:41:35 [INFO]   步骤 1：调用 replay_segment({'start_frame': 887, 'end_frame': 920})
18:41:35 [INFO]   工具结果：轨迹 459 帧 887-920，原始 3 帧，展示 3 帧（步长 1）
18:41:36 [INFO]   步骤 2：调用 check_nearby_tracks({'track_id': 459, 'frame_range': [887, 920]})
18:41:36 [INFO]   工具结果：帧 903 轨迹 459 附近（150px）：发现 6 个附近轨迹：ID 453（距离87.9px），ID 454（距离22.7px），ID 455（距离103.2px），ID 457（距离20.3p
18:41:37 [INFO]   步骤 3：调用 compare_appearances({'track_id': 459, 'frame_range': [887, 920]})
18:41:37 [INFO]   工具结果：轨迹 459：帧903 vs 帧920，外观基本一致，非 ID 切换
18:41:38 [INFO]   步骤 4：调用 replay_segment({'start_frame': 887, 'end_frame': 920})
18:41:38 [INFO]   工具结果：轨迹 459 帧 887-920，原始 3 帧，展示 3 帧（步长 1）
18:41:39 [INFO]   步骤 5：调用 check_nearby_tracks({'track_id': 459, 'frame_range': [887, 920]})
18:41:39 [INFO]   工具结果：帧 903 轨迹 459 附近（150px）：发现 6 个附近轨迹：ID 453（距离87.9px），ID 454（距离22.7px），ID 455（距离103.2px），ID 457（距离20.3p
18:41:40 [INFO]   步骤 6：调用 compare_appearances({'track_id': 459, 'frame_range': [887, 920]})
18:41:40 [INFO]   工具结果：轨迹 459：帧903 vs 帧920，外观基本一致，非 ID 切换
18:41:40 [WARNING] 轨迹 459 达到最大调查步数，使用初始判断
18:41:40 [INFO]   → 确认：调查步数耗尽，沿用阶段一结论：目标在887帧后至920帧间中断，消失超过5帧。
18:41:40 [INFO] [8/8] 调查轨迹 460
18:41:40 [INFO] 开始调查轨迹 460（miss）
18:41:41 [INFO]   步骤 1：调用 replay_segment({'start_frame': 871, 'end_frame': 930})
18:41:41 [INFO]   工具结果：轨迹 460 帧 871-930，原始 10 帧，展示 10 帧（步长 2）
18:41:42 [INFO]   步骤 2：调用 check_nearby_tracks({'track_id': 460, 'frame_range': [877, 907]})
18:41:42 [INFO]   工具结果：帧 892 轨迹 460 附近（150px）：发现 5 个附近轨迹：ID 452（距离88.9px），ID 455（距离65.7px），ID 456（距离14.7px），ID 458（距离92.7px
18:41:50 [INFO]   步骤 3：调用 replay_segment({'start_frame': 889, 'end_frame': 907})
18:41:50 [INFO]   工具结果：轨迹 460 帧 889-907，原始 2 帧，展示 2 帧（步长 1）
18:41:51 [INFO]   步骤 4：调用 compare_appearances({'frame1': 889, 'frame2': 907})
18:41:51 [INFO]   工具结果：缺少 frame_id_a/frame_id_b
18:41:52 [INFO]   步骤 5：调用 replay_segment({'start_frame': 877, 'end_frame': 889})
18:41:52 [INFO]   工具结果：轨迹 460 帧 877-889，原始 5 帧，展示 5 帧（步长 1）
18:41:53 [INFO]   步骤 6：调用 replay_segment({'start_frame': 889, 'end_frame': 907})
18:41:53 [INFO]   工具结果：轨迹 460 帧 889-907，原始 2 帧，展示 2 帧（步长 1）
18:41:53 [WARNING] 轨迹 460 达到最大调查步数，使用初始判断
18:41:53 [INFO]   → 确认：调查步数耗尽，沿用阶段一结论：目标在877帧后至907帧间中断，消失超过5帧。
18:41:53 [INFO] ========================================
18:41:53 [INFO] [dancetrack0056] 阶段三：轨迹修正
18:41:53 [INFO] ========================================
18:41:53 [INFO] 正在分析轨迹 453（长度 1193 帧）...
18:41:54 [INFO] 修正生效：track=453 type=miss frames=722-728
18:41:54 [INFO] 正在分析轨迹 455（长度 1202 帧）...
18:41:56 [INFO] 修正生效：track=455 type=miss frames=697-703
18:41:56 [INFO] [dancetrack0056] 修正后 MOT 已保存至 /public/home/lyh_npu/code/PostMOT/corrected_mot/dancetrack0056.txt
18:41:56 [INFO] [dancetrack0056] 报告已保存至 /public/home/lyh_npu/code/PostMOT/pipeline_report_batch_seq_reports/dancetrack0056.json
18:41:56 [INFO] [19/35] 处理序列 dancetrack0059
18:42:32 [INFO] 加载轨迹 10 条
18:42:32 [INFO] ========================================
18:42:32 [INFO] [dancetrack0059] 阶段一：VLM 轨迹巡检
18:42:32 [INFO] ========================================
18:42:32 [INFO] 正在分析轨迹 136（长度 1202 帧）...
18:42:34 [INFO] [可疑] 轨迹 136 — drift 置信度 0.80：最大位移发生在第94帧，位置异常跳变。
18:42:34 [INFO] 正在分析轨迹 137（长度 889 帧）...
18:42:35 [INFO] [可疑] 轨迹 137 — miss 置信度 0.90：轨迹在887帧后中断，持续6帧。
18:42:35 [INFO] 正在分析轨迹 138（长度 891 帧）...
18:42:37 [INFO] [可疑] 轨迹 138 — miss 置信度 0.90：轨迹在893帧后中断，持续6帧。
18:42:37 [INFO] 正在分析轨迹 139（长度 1197 帧）...
18:42:38 [INFO] 正在分析轨迹 140（长度 1189 帧）...
18:42:40 [INFO] [可疑] 轨迹 140 — drift 置信度 0.90：最大位移帧为83，位置异常跳变。
18:42:40 [INFO] 正在分析轨迹 141（长度 9 帧）...
18:42:41 [INFO] [可疑] 轨迹 141 — miss 置信度 0.90：目标在582帧后消失，持续超过5帧。
18:42:41 [INFO] 正在分析轨迹 142（长度 47 帧）...
18:42:43 [INFO] [可疑] 轨迹 142 — drift 置信度 0.80：最大位移较大，且在特定帧出现异常跳变。
18:42:43 [INFO] 正在分析轨迹 143（长度 237 帧）...
18:42:44 [INFO] [可疑] 轨迹 143 — drift 置信度 0.80：最大位移较大，且在第794帧出现异常跳变。
18:42:44 [INFO] 正在分析轨迹 144（长度 304 帧）...
18:42:46 [INFO] [可疑] 轨迹 144 — drift 置信度 0.70：最大位移较大，且存在跳跃帧，表明目标位置异常。
18:42:46 [INFO] 正在分析轨迹 145（长度 282 帧）...
18:42:53 [INFO] [可疑] 轨迹 145 — drift 置信度 0.80：最大位移较大，存在异常跳变。
18:42:53 [INFO] [dancetrack0059] 阶段一完成：9 条可疑轨迹，已保存至 /public/home/lyh_npu/code/PostMOT/pipeline_report_batch_seq_reports/dancetrack0059_stage1.json
18:42:53 [INFO] ========================================
18:42:53 [INFO] [dancetrack0059] 阶段二：LLM 工具调用调查
18:42:53 [INFO] ========================================
18:42:53 [INFO] [1/9] 调查轨迹 136
18:42:53 [INFO] 开始调查轨迹 136（drift）
18:42:54 [INFO]   步骤 1：调用 replay_segment({'start_frame': 92, 'end_frame': 94})
18:42:54 [INFO]   工具结果：轨迹 136 帧 92-94，原始 3 帧，展示 3 帧（步长 1）
18:42:55 [INFO]   步骤 2：调用 check_nearby_tracks({'frame_id': 94})
18:42:55 [INFO]   工具结果：帧 94 轨迹 136 附近（150px）：发现 2 个附近轨迹：ID 137（距离71.3px），ID 140（距离3.4px）
18:42:56 [INFO]   步骤 3：调用 compare_appearances({'frame_id': 94, 'track_id': 136})
18:42:56 [INFO]   工具结果：轨迹 136：帧94 vs 帧95，外观基本一致，非 ID 切换
18:42:57 [INFO]   步骤 4：调用 replay_segment({'start_frame': 92, 'end_frame': 96})
18:42:57 [INFO]   工具结果：轨迹 136 帧 92-96，原始 4 帧，展示 4 帧（步长 1）
18:42:57 [INFO]   步骤 5：调用 check_nearby_tracks({'frame_id': 96})
18:42:57 [INFO]   工具结果：帧 96 轨迹 136 附近（150px）：附近无其他轨迹
18:42:58 [INFO]   步骤 6：调用 compare_appearances({'frame_id': 96, 'track_id': 136})
18:42:58 [INFO]   工具结果：轨迹 136：帧96 vs 帧97，外观基本一致，非 ID 切换
18:42:58 [WARNING] 轨迹 136 达到最大调查步数，使用初始判断
18:42:58 [INFO]   → 确认：调查步数耗尽，沿用阶段一结论：最大位移发生在第94帧，位置异常跳变。
18:42:58 [INFO] [2/9] 调查轨迹 137
18:42:58 [INFO] 开始调查轨迹 137（miss）
18:42:59 [INFO]   步骤 1：调用 replay_segment({'start_frame': 887, 'end_frame': 899})
18:42:59 [INFO]   工具结果：轨迹 137 帧 887-899，原始 3 帧，展示 3 帧（步长 1）
18:43:00 [INFO]   步骤 2：调用 check_nearby_tracks({'frame_id': 887, 'radius': 10})
18:43:00 [INFO]   工具结果：帧 887 轨迹 137 附近（10px）：附近无其他轨迹
18:43:00 [INFO]   步骤 3：调用 check_nearby_tracks({'frame_id': 893, 'radius': 10})
18:43:00 [INFO]   工具结果：帧 893 轨迹 137 附近（10px）：发现 1 个附近轨迹：ID 138（距离5.8px）
18:43:01 [INFO]   步骤 4：调用 check_nearby_tracks({'frame_id': 899, 'radius': 10})
18:43:01 [INFO]   工具结果：帧 899 轨迹 137 附近（10px）：发现 1 个附近轨迹：ID 138（距离0.1px）
18:43:02 [INFO]   步骤 5：调用 compare_appearances({'frame_id': 887, 'target_id': 137, 'reference_id': 138})
18:43:02 [INFO]   工具结果：轨迹 137：帧887 vs 帧888，外观基本一致，非 ID 切换
18:43:04 [INFO]   步骤 6：调用 compare_appearances({'frame_id': 893, 'target_id': 137, 'reference_id': 138})
18:43:04 [INFO]   工具结果：轨迹 137：帧893 vs 帧894，外观基本一致，非 ID 切换
18:43:04 [WARNING] 轨迹 137 达到最大调查步数，使用初始判断
18:43:04 [INFO]   → 确认：调查步数耗尽，沿用阶段一结论：轨迹在887帧后中断，持续6帧。
18:43:04 [INFO] [3/9] 调查轨迹 138
18:43:04 [INFO] 开始调查轨迹 138（miss）
18:43:04 [INFO]   步骤 1：调用 replay_segment({'start_frame': 893, 'end_frame': 899})
18:43:04 [INFO]   工具结果：轨迹 138 帧 893-899，原始 2 帧，展示 2 帧（步长 1）
18:43:05 [INFO]   步骤 2：调用 check_nearby_tracks({'track_id': 138, 'frame_ids': [893, 899]})
18:43:05 [INFO]   工具结果：帧 893 轨迹 138 附近（150px）：发现 3 个附近轨迹：ID 137（距离5.8px），ID 144（距离72.4px），ID 145（距离26.5px）
18:43:06 [INFO]   步骤 3：调用 replay_segment({'start_frame': 893, 'end_frame': 899})
18:43:06 [INFO]   工具结果：轨迹 138 帧 893-899，原始 2 帧，展示 2 帧（步长 1）
18:43:07 [INFO]   步骤 4：调用 compare_appearances({'frame_ids': [893, 899]})
18:43:07 [INFO]   工具结果：轨迹 138：帧893 vs 帧899，外观基本一致，非 ID 切换
18:43:07 [INFO]   步骤 5：调用 replay_segment({'start_frame': 893, 'end_frame': 899})
18:43:07 [INFO]   工具结果：轨迹 138 帧 893-899，原始 2 帧，展示 2 帧（步长 1）
18:43:08 [INFO]   步骤 6：调用 check_nearby_tracks({'track_id': 138, 'frame_ids': [893, 899]})
18:43:08 [INFO]   工具结果：帧 893 轨迹 138 附近（150px）：发现 3 个附近轨迹：ID 137（距离5.8px），ID 144（距离72.4px），ID 145（距离26.5px）
18:43:08 [WARNING] 轨迹 138 达到最大调查步数，使用初始判断
18:43:08 [INFO]   → 确认：调查步数耗尽，沿用阶段一结论：轨迹在893帧后中断，持续6帧。
18:43:08 [INFO] [4/9] 调查轨迹 140
18:43:08 [INFO] 开始调查轨迹 140（drift）
18:43:09 [INFO]   步骤 1：调用 replay_segment({'start_frame': 83, 'end_frame': 83})
18:43:09 [INFO]   工具结果：轨迹 140 帧 83-83，原始 1 帧，展示 1 帧（步长 1）
18:43:10 [INFO]   步骤 2：调用 zoom_region({'frame_id': 83, 'region': [100, 150, 200, 250]})
18:43:10 [INFO]   工具结果：轨迹 140 第 83 帧放大 3.0x，已锐化
18:43:11 [INFO]   步骤 3：调用 check_nearby_tracks({'frame_id': 83, 'radius': 50})
18:43:11 [INFO]   工具结果：帧 83 轨迹 140 附近（50px）：附近无其他轨迹
18:43:12 [INFO]   步骤 4：调用 replay_segment({'start_frame': 82, 'end_frame': 84})
18:43:12 [INFO]   工具结果：轨迹 140 帧 82-84，原始 3 帧，展示 3 帧（步长 1）
18:43:14 [INFO]   步骤 5：调用 compare_appearances({'frame_id_1': 82, 'frame_id_2': 83, 'frame_id_3': 84})
18:43:14 [INFO]   工具结果：轨迹 140：帧82 vs 帧83，外观基本一致，非 ID 切换
18:43:15 [INFO]   步骤 6：调用 compare_appearances({'frame_id_1': 83, 'frame_id_2': 84, 'frame_id_3': 85})
18:43:15 [INFO]   工具结果：轨迹 140：帧83 vs 帧84，外观基本一致，非 ID 切换
18:43:15 [WARNING] 轨迹 140 达到最大调查步数，使用初始判断
18:43:15 [INFO]   → 确认：调查步数耗尽，沿用阶段一结论：最大位移帧为83，位置异常跳变。
18:43:15 [INFO] [5/9] 调查轨迹 141
18:43:15 [INFO] 开始调查轨迹 141（miss）
18:43:16 [INFO]   步骤 1：调用 replay_segment({'start_frame': 576, 'end_frame': 587})
18:43:16 [INFO]   工具结果：轨迹 141 帧 576-587，原始 9 帧，展示 9 帧（步长 1）
18:43:16 [INFO]   步骤 2：调用 check_nearby_tracks({'track_id': 141, 'frame_range': [582, 587]})
18:43:16 [INFO]   工具结果：帧 584 轨迹 141 附近（150px）：发现 2 个附近轨迹：ID 142（距离40.9px），ID 143（距离21.6px）
18:43:17 [INFO]   步骤 3：调用 replay_segment({'start_frame': 582, 'end_frame': 587})
18:43:17 [INFO]   工具结果：轨迹 141 帧 582-587，原始 3 帧，展示 3 帧（步长 1）
18:43:18 [INFO]   步骤 4：调用 compare_appearances({'frame1': 582, 'frame2': 583})
18:43:18 [INFO]   工具结果：缺少 frame_id_a/frame_id_b
18:43:19 [INFO]   步骤 5：调用 compare_appearances({'frame1': 583, 'frame2': 587})
18:43:19 [INFO]   工具结果：缺少 frame_id_a/frame_id_b
18:43:20 [INFO]   步骤 6：调用 compare_appearances({'frame1': 582, 'frame2': 587})
18:43:20 [INFO]   工具结果：缺少 frame_id_a/frame_id_b
18:43:20 [WARNING] 轨迹 141 达到最大调查步数，使用初始判断
18:43:20 [INFO]   → 确认：调查步数耗尽，沿用阶段一结论：目标在582帧后消失，持续超过5帧。
18:43:20 [INFO] [6/9] 调查轨迹 142
18:43:20 [INFO] 开始调查轨迹 142（drift）
18:43:21 [INFO]   步骤 1：调用 replay_segment({'start_frame': 715, 'end_frame': 739})
18:43:21 [INFO]   工具结果：轨迹 142 帧 715-739，原始 25 帧，展示 25 帧（步长 1）
18:43:21 [INFO]   步骤 2：调用 check_nearby_tracks({'frame_id': 739})
18:43:21 [INFO]   工具结果：帧 739 轨迹 142 附近（150px）：发现 2 个附近轨迹：ID 141（距离75.7px），ID 143（距离57.5px）
18:43:22 [INFO]   步骤 3：调用 compare_appearances({'frame_id': 739, 'track_id': 142})
18:43:22 [INFO]   工具结果：轨迹 142：帧739 vs 帧740，外观基本一致，非 ID 切换
18:43:23 [INFO]   步骤 4：调用 replay_segment({'start_frame': 739, 'end_frame': 740})
18:43:23 [INFO]   工具结果：轨迹 142 帧 739-740，原始 2 帧，展示 2 帧（步长 1）
18:43:24 [INFO]   步骤 5：调用 check_nearby_tracks({'frame_id': 740})
18:43:24 [INFO]   工具结果：帧 740 轨迹 142 附近（150px）：发现 2 个附近轨迹：ID 141（距离45.8px），ID 143（距离30.5px）
18:43:25 [INFO]   步骤 6：调用 compare_appearances({'frame_id': 740, 'track_id': 142})
18:43:25 [INFO]   工具结果：轨迹 142：帧740 vs 帧741，外观基本一致，非 ID 切换
18:43:25 [WARNING] 轨迹 142 达到最大调查步数，使用初始判断
18:43:25 [INFO]   → 确认：调查步数耗尽，沿用阶段一结论：最大位移较大，且在特定帧出现异常跳变。
18:43:25 [INFO] [7/9] 调查轨迹 143
18:43:25 [INFO] 开始调查轨迹 143（drift）
18:43:26 [INFO]   步骤 1：调用 replay_segment({'start_frame': 787, 'end_frame': 1023})
18:43:26 [INFO]   工具结果：轨迹 143 帧 787-1023，原始 48 帧，展示 32 帧（步长 5）
18:43:27 [INFO]   步骤 2：调用 check_nearby_tracks({'track_id': 143, 'frame_range': [787, 1023]})
18:43:27 [INFO]   工具结果：帧 905 轨迹 143 附近（150px）：发现 2 个附近轨迹：ID 141（距离23.6px），ID 142（距离22.8px）
18:43:28 [INFO]   步骤 3：调用 replay_segment({'start_frame': 900, 'end_frame': 910})
18:43:28 [INFO]   工具结果：轨迹 143 帧 900-910，原始 11 帧，展示 11 帧（步长 1）
18:43:29 [INFO]   步骤 4：调用 compare_appearances({'frame1': 900, 'frame2': 901})
18:43:29 [INFO]   工具结果：缺少 frame_id_a/frame_id_b
18:43:31 [INFO]   步骤 5：调用 replay_segment({'start_frame': 900, 'end_frame': 901})
18:43:31 [INFO]   工具结果：轨迹 143 帧 900-901，原始 2 帧，展示 2 帧（步长 1）
18:43:32 [INFO]   步骤 6：调用 compare_appearances({'frame1': 900, 'frame2': 901})
18:43:32 [INFO]   工具结果：缺少 frame_id_a/frame_id_b
18:43:32 [WARNING] 轨迹 143 达到最大调查步数，使用初始判断
18:43:32 [INFO]   → 确认：调查步数耗尽，沿用阶段一结论：最大位移较大，且在第794帧出现异常跳变。
18:43:32 [INFO] [8/9] 调查轨迹 144
18:43:32 [INFO] 开始调查轨迹 144（drift）
18:43:32 [INFO]   步骤 1：调用 replay_segment({'start_frame': 900, 'end_frame': 1203})
18:43:32 [INFO]   工具结果：轨迹 144 帧 900-1203，原始 44 帧，展示 32 帧（步长 7）
18:43:33 [INFO]   步骤 2：调用 check_nearby_tracks({'track_id': 144, 'frame_range': [900, 1203]})
18:43:33 [INFO]   工具结果：帧 1051 轨迹 144 附近（150px）：发现 1 个附近轨迹：ID 145（距离90.0px）
18:43:35 [INFO]   步骤 3：调用 zoom_region({'frame_id': 1051, 'region': [574, 200, 736, 350]})
18:43:35 [INFO]   工具结果：轨迹 144 第 1051 帧放大 3.0x，已锐化
18:43:36 [INFO]   步骤 4：调用 compare_appearances({'frame_id_1': 1051, 'frame_id_2': 1052})
18:43:36 [INFO]   工具结果：轨迹 144：帧1051 vs 帧1052，外观基本一致，非 ID 切换
18:43:37 [INFO]   步骤 5：调用 replay_segment({'start_frame': 1051, 'end_frame': 1052})
18:43:37 [INFO]   工具结果：轨迹 144 帧 1051-1052，原始 2 帧，展示 2 帧（步长 1）
18:43:39 [INFO]   步骤 6：调用 check_nearby_tracks({'track_id': 144, 'frame_range': [1051, 1052]})
18:43:39 [INFO]   工具结果：帧 1051 轨迹 144 附近（150px）：发现 1 个附近轨迹：ID 145（距离90.0px）
18:43:39 [WARNING] 轨迹 144 达到最大调查步数，使用初始判断
18:43:39 [INFO]   → 确认：调查步数耗尽，沿用阶段一结论：最大位移较大，且存在跳跃帧，表明目标位置异常。
18:43:39 [INFO] [9/9] 调查轨迹 145
18:43:39 [INFO] 开始调查轨迹 145（drift）
18:43:39 [INFO]   步骤 1：调用 replay_segment({'start_frame': 920, 'end_frame': 1203})
18:43:39 [INFO]   工具结果：轨迹 145 帧 920-1203，原始 47 帧，展示 32 帧（步长 6）
18:43:41 [INFO]   步骤 2：调用 check_nearby_tracks({'start_frame': 920, 'end_frame': 1203})
18:43:41 [INFO]   工具结果：缺少 frame_id/track_id
18:43:42 [INFO]   步骤 3：调用 compare_appearances({'frame_id': 1042, 'track_id': 145})
18:43:42 [INFO]   工具结果：轨迹 145：帧1042 vs 帧1043，外观基本一致，非 ID 切换
18:43:43 [INFO]   步骤 4：调用 replay_segment({'start_frame': 1039, 'end_frame': 1045})
18:43:43 [INFO]   工具结果：轨迹 145 帧 1039-1045，原始 6 帧，展示 6 帧（步长 1）
18:43:44 [INFO]   步骤 5：调用 zoom_region({'frame_id': 1042, 'region': [300, 100, 400, 200]})
18:43:44 [INFO]   工具结果：轨迹 145 第 1042 帧放大 3.0x，已锐化
18:43:45 [INFO]   步骤 6：调用 replay_segment({'start_frame': 1039, 'end_frame': 1045})
18:43:45 [INFO]   工具结果：轨迹 145 帧 1039-1045，原始 6 帧，展示 6 帧（步长 1）
18:43:45 [WARNING] 轨迹 145 达到最大调查步数，使用初始判断
18:43:45 [INFO]   → 确认：调查步数耗尽，沿用阶段一结论：最大位移较大，存在异常跳变。
18:43:45 [INFO] ========================================
18:43:45 [INFO] [dancetrack0059] 阶段三：轨迹修正
18:43:45 [INFO] ========================================
18:43:46 [INFO] 修正跳过/失败：track=137 type=miss detail=缺少前后锚点，无法插值补全
18:43:46 [INFO] 修正跳过/失败：track=138 type=miss detail=缺少前后锚点，无法插值补全
18:43:46 [INFO] 正在分析轨迹 140（长度 1189 帧）...
18:43:47 [INFO] 修正生效：track=140 type=drift frames=83-83
18:43:47 [INFO] 修正跳过/失败：track=141 type=miss detail=缺少前后锚点，无法插值补全
18:43:47 [INFO] [dancetrack0059] 修正后 MOT 已保存至 /public/home/lyh_npu/code/PostMOT/corrected_mot/dancetrack0059.txt
18:43:47 [INFO] [dancetrack0059] 报告已保存至 /public/home/lyh_npu/code/PostMOT/pipeline_report_batch_seq_reports/dancetrack0059.json
18:43:47 [INFO] [20/35] 处理序列 dancetrack0060
18:44:26 [INFO] 加载轨迹 9 条
18:44:26 [INFO] ========================================
18:44:26 [INFO] [dancetrack0060] 阶段一：VLM 轨迹巡检
18:44:26 [INFO] ========================================
18:44:26 [INFO] 正在分析轨迹 318（长度 1126 帧）...
18:44:30 [INFO] [可疑] 轨迹 318 — miss 置信度 0.90：轨迹中断，目标消失超过5帧
18:44:30 [INFO] 正在分析轨迹 319（长度 625 帧）...
18:44:31 [INFO] [可疑] 轨迹 319 — drift 置信度 0.80：最大位移较大，存在异常跳变。
18:44:31 [INFO] 正在分析轨迹 320（长度 48 帧）...
18:44:33 [INFO] [可疑] 轨迹 320 — miss 置信度 0.90：目标在第28帧至第40帧间中断，消失超过5帧。
18:44:33 [INFO] 正在分析轨迹 321（长度 1193 帧）...
18:44:34 [INFO] [可疑] 轨迹 321 — drift 置信度 0.80：最大位移88.29帧内有显著跳变，不符合运动规律。
18:44:34 [INFO] 正在分析轨迹 322（长度 1201 帧）...
18:44:36 [INFO] [可疑] 轨迹 322 — drift 置信度 0.80：最大位移91.65帧，表明存在显著位置跳变。
18:44:36 [INFO] 正在分析轨迹 323（长度 7 帧）...
18:44:37 [INFO] [可疑] 轨迹 323 — miss 置信度 0.90：目标在第109帧后消失，持续9帧。
18:44:37 [INFO] 正在分析轨迹 325（长度 439 帧）...
18:44:39 [INFO] [可疑] 轨迹 325 — drift 置信度 0.80：目标位置在1004帧后出现异常跳变，最大位移达55.83。
18:44:39 [INFO] 正在分析轨迹 326（长度 36 帧）...
18:44:41 [INFO] [可疑] 轨迹 326 — miss 置信度 0.90：目标在第1160帧至第1167帧间中断，消失超过5帧。
18:44:41 [INFO] [dancetrack0060] 阶段一完成：8 条可疑轨迹，已保存至 /public/home/lyh_npu/code/PostMOT/pipeline_report_batch_seq_reports/dancetrack0060_stage1.json
18:44:41 [INFO] ========================================
18:44:41 [INFO] [dancetrack0060] 阶段二：LLM 工具调用调查
18:44:41 [INFO] ========================================
18:44:41 [INFO] [1/8] 调查轨迹 318
18:44:41 [INFO] 开始调查轨迹 318（miss）
18:44:42 [INFO]   步骤 1：调用 replay_segment({'start_frame': 1003, 'end_frame': 1012})
18:44:42 [INFO]   工具结果：轨迹 318 帧 1003-1012，原始 2 帧，展示 2 帧（步长 1）
18:44:42 [INFO]   步骤 2：调用 check_nearby_tracks({'track_id': 318, 'frame_range': [1003, 1012]})
18:44:42 [INFO]   工具结果：帧 1007 轨迹 318 附近（150px）：发现 6 个附近轨迹：ID 319（距离15.6px），ID 320（距离71.5px），ID 323（距离76.1px），ID 324（距离70.5p
18:44:44 [INFO]   步骤 3：调用 compare_appearances({'frame_id': 1003, 'target_id': 318, 'compare_id': 325})
18:44:44 [INFO]   工具结果：轨迹 318：帧1003 vs 帧1004，外观基本一致，非 ID 切换
18:44:45 [INFO]   步骤 4：调用 compare_appearances({'frame_id': 1004, 'target_id': 318, 'compare_id': 325})
18:44:45 [INFO]   工具结果：轨迹 318：帧1004 vs 帧1005，外观基本一致，非 ID 切换
18:44:46 [INFO]   步骤 5：调用 compare_appearances({'frame_id': 1005, 'target_id': 318, 'compare_id': 325})
18:44:46 [INFO]   工具结果：轨迹 318：帧1005 vs 帧1006，外观基本一致，非 ID 切换
18:44:47 [INFO]   步骤 6：调用 compare_appearances({'frame_id': 1006, 'target_id': 318, 'compare_id': 325})
18:44:47 [INFO]   工具结果：轨迹 318：帧1006 vs 帧1007，外观基本一致，非 ID 切换
18:44:47 [WARNING] 轨迹 318 达到最大调查步数，使用初始判断
18:44:47 [INFO]   → 确认：调查步数耗尽，沿用阶段一结论：轨迹中断，目标消失超过5帧
18:44:47 [INFO] [2/8] 调查轨迹 319
18:44:47 [INFO] 开始调查轨迹 319（drift）
18:44:48 [INFO]   步骤 1：调用 replay_segment({'track_id': 319, 'start_frame': 1, 'end_frame': 628})
18:44:48 [INFO]   工具结果：轨迹 319 帧 1-628，原始 45 帧，展示 32 帧（步长 14）
18:44:49 [INFO]   步骤 2：调用 check_nearby_tracks({'track_id': 319, 'frame_ids': [1, 628]})
18:44:49 [INFO]   工具结果：帧 1 轨迹 319 附近（150px）：发现 7 个附近轨迹：ID 318（距离109.9px），ID 320（距离24.9px），ID 321（距离93.1px），ID 323（距离15.6px）
18:44:50 [INFO]   步骤 3：调用 compare_appearances({'track_id': 319, 'frame_ids': [1, 628]})
18:44:50 [INFO]   工具结果：轨迹 319：帧1 vs 帧628，外观差异显著，高度怀疑 ID 切换
18:44:52 [INFO]   步骤 4：调用 zoom_region({'track_id': 319, 'frame_ids': [1, 628], 'region': [200, 200, 100, 100]})
18:44:52 [INFO]   工具结果：轨迹 319 第 1 帧放大 3.0x，已锐化
18:44:59 [INFO]   步骤 5：调用 zoom_region({'track_id': 319, 'frame_ids': [628], 'region': [200, 200, 100, 100]})
18:44:59 [INFO]   工具结果：轨迹 319 第 628 帧放大 3.0x，已锐化
18:45:00 [INFO]   步骤 6：调用 compare_appearances({'track_id': 319, 'frame_ids': [1, 628]})
18:45:00 [INFO]   工具结果：轨迹 319：帧1 vs 帧628，外观差异显著，高度怀疑 ID 切换
18:45:00 [WARNING] 轨迹 319 达到最大调查步数，使用初始判断
18:45:00 [INFO]   → 确认：调查步数耗尽，沿用阶段一结论：最大位移较大，存在异常跳变。
18:45:00 [INFO] [3/8] 调查轨迹 320
18:45:00 [INFO] 开始调查轨迹 320（miss）
18:45:01 [INFO]   步骤 1：调用 replay_segment({'start_frame': 28, 'end_frame': 40})
18:45:01 [INFO]   工具结果：轨迹 320 帧 28-40，原始 2 帧，展示 2 帧（步长 1）
18:45:02 [INFO]   步骤 2：调用 check_nearby_tracks({'track_id': 320, 'frame_range': [28, 40]})
18:45:02 [INFO]   工具结果：帧 34 轨迹 320 附近（150px）：发现 5 个附近轨迹：ID 318（距离71.7px），ID 319（距离47.6px），ID 323（距离59.5px），ID 325（距离95.3px）
18:45:03 [INFO]   步骤 3：调用 compare_appearances({'track_id': 320, 'frame_id': 28, 'compare_frame_id': 40})
18:45:03 [INFO]   工具结果：轨迹 320：帧28 vs 帧40，外观基本一致，非 ID 切换
18:45:04 [INFO]   步骤 4：调用 replay_segment({'start_frame': 28, 'end_frame': 40})
18:45:04 [INFO]   工具结果：轨迹 320 帧 28-40，原始 2 帧，展示 2 帧（步长 1）
18:45:05 [INFO]   步骤 5：调用 check_nearby_tracks({'track_id': 320, 'frame_range': [28, 40]})
18:45:05 [INFO]   工具结果：帧 34 轨迹 320 附近（150px）：发现 5 个附近轨迹：ID 318（距离71.7px），ID 319（距离47.6px），ID 323（距离59.5px），ID 325（距离95.3px）
18:45:07 [INFO]   步骤 6：调用 compare_appearances({'track_id': 320, 'frame_id': 28, 'compare_frame_id': 40})
18:45:07 [INFO]   工具结果：轨迹 320：帧28 vs 帧40，外观基本一致，非 ID 切换
18:45:07 [WARNING] 轨迹 320 达到最大调查步数，使用初始判断
18:45:07 [INFO]   → 确认：调查步数耗尽，沿用阶段一结论：目标在第28帧至第40帧间中断，消失超过5帧。
18:45:07 [INFO] [4/8] 调查轨迹 321
18:45:07 [INFO] 开始调查轨迹 321（drift）
18:45:07 [INFO]   步骤 1：调用 replay_segment({'start_frame': 290, 'end_frame': 798})
18:45:07 [INFO]   工具结果：轨迹 321 帧 290-798，原始 47 帧，展示 32 帧（步长 11）
18:45:08 [INFO]   步骤 2：调用 check_nearby_tracks({'start_frame': 290, 'end_frame': 798})
18:45:08 [INFO]   工具结果：缺少 frame_id/track_id
18:45:10 [INFO]   步骤 3：调用 zoom_region({'frame_id': 798, 'region': [400, 200, 600, 400]})
18:45:10 [INFO]   工具结果：轨迹 321 第 798 帧放大 3.0x，已锐化
18:45:11 [INFO]   步骤 4：调用 compare_appearances({'frame_1': 797, 'frame_2': 798})
18:45:11 [INFO]   工具结果：轨迹 321：帧797 vs 帧798，外观基本一致，非 ID 切换
18:45:13 [INFO]   步骤 5：调用 replay_segment({'start_frame': 290, 'end_frame': 798})
18:45:13 [INFO]   工具结果：轨迹 321 帧 290-798，原始 47 帧，展示 32 帧（步长 11）
18:45:14 [INFO]   步骤 6：调用 check_nearby_tracks({'start_frame': 290, 'end_frame': 798})
18:45:14 [INFO]   工具结果：缺少 frame_id/track_id
18:45:14 [WARNING] 轨迹 321 达到最大调查步数，使用初始判断
18:45:14 [INFO]   → 确认：调查步数耗尽，沿用阶段一结论：最大位移88.29帧内有显著跳变，不符合运动规律。
18:45:14 [INFO] [5/8] 调查轨迹 322
18:45:14 [INFO] 开始调查轨迹 322（drift）
18:45:15 [INFO]   步骤 1：调用 replay_segment({'start_frame': 1, 'end_frame': 1202})
18:45:15 [INFO]   工具结果：轨迹 322 帧 1-1202，原始 47 帧，展示 32 帧（步长 26）
18:45:16 [INFO]   步骤 2：调用 check_nearby_tracks({'track_id': 322, 'frame_ids': [1, 1202]})
18:45:16 [INFO]   工具结果：帧 1 轨迹 322 附近（150px）：发现 2 个附近轨迹：ID 321（距离120.8px），ID 324（距离79.4px）
18:45:17 [INFO]   步骤 3：调用 compare_appearances({'frame_id': 654, 'track_id': 322, 'reference_frame_id': 652})
18:45:17 [INFO]   工具结果：轨迹 322：帧652 vs 帧653，外观基本一致，非 ID 切换
18:45:19 [INFO]   步骤 4：调用 replay_segment({'start_frame': 652, 'end_frame': 654})
18:45:19 [INFO]   工具结果：轨迹 322 帧 652-654，原始 3 帧，展示 3 帧（步长 1）
18:45:20 [INFO]   步骤 5：调用 check_nearby_tracks({'track_id': 322, 'frame_ids': [652, 654]})
18:45:20 [INFO]   工具结果：帧 652 轨迹 322 附近（150px）：发现 6 个附近轨迹：ID 319（距离80.0px），ID 320（距离140.7px），ID 323（距离144.2px），ID 324（距离139.
18:45:21 [INFO]   步骤 6：调用 compare_appearances({'frame_id': 652, 'track_id': 322, 'reference_frame_id': 653})
18:45:21 [INFO]   工具结果：轨迹 322：帧653 vs 帧654，外观基本一致，非 ID 切换
18:45:21 [WARNING] 轨迹 322 达到最大调查步数，使用初始判断
18:45:21 [INFO]   → 确认：调查步数耗尽，沿用阶段一结论：最大位移91.65帧，表明存在显著位置跳变。
18:45:21 [INFO] [6/8] 调查轨迹 323
18:45:21 [INFO] 开始调查轨迹 323（miss）
18:45:22 [INFO]   步骤 1：调用 replay_segment({'start_frame': 105, 'end_frame': 119})
18:45:22 [INFO]   工具结果：轨迹 323 帧 105-119，原始 7 帧，展示 7 帧（步长 1）
18:45:23 [INFO]   步骤 2：调用 check_nearby_tracks({'track_id': 323, 'frame_range': [109, 118]})
18:45:23 [INFO]   工具结果：帧 113 轨迹 323 附近（150px）：发现 7 个附近轨迹：ID 318（距离145.9px），ID 319（距离8.3px），ID 320（距离19.0px），ID 321（距离129.1p
18:45:24 [INFO]   步骤 3：调用 replay_segment({'start_frame': 109, 'end_frame': 118})
18:45:24 [INFO]   工具结果：轨迹 323 帧 109-118，原始 2 帧，展示 2 帧（步长 1）
18:45:25 [INFO]   步骤 4：调用 compare_appearances({'frame1': 109, 'frame2': 118})
18:45:25 [INFO]   工具结果：缺少 frame_id_a/frame_id_b
18:45:26 [INFO]   步骤 5：调用 replay_segment({'start_frame': 109, 'end_frame': 118})
18:45:26 [INFO]   工具结果：轨迹 323 帧 109-118，原始 2 帧，展示 2 帧（步长 1）
18:45:27 [INFO]   步骤 6：调用 compare_appearances({'frame1': 109, 'frame2': 118})
18:45:27 [INFO]   工具结果：缺少 frame_id_a/frame_id_b
18:45:27 [WARNING] 轨迹 323 达到最大调查步数，使用初始判断
18:45:27 [INFO]   → 确认：调查步数耗尽，沿用阶段一结论：目标在第109帧后消失，持续9帧。
18:45:27 [INFO] [7/8] 调查轨迹 325
18:45:27 [INFO] 开始调查轨迹 325（drift）
18:45:28 [INFO]   步骤 1：调用 replay_segment({'start_frame': 1004, 'end_frame': 1195})
18:45:28 [INFO]   工具结果：轨迹 325 帧 1004-1195，原始 48 帧，展示 32 帧（步长 4）
18:45:29 [INFO]   步骤 2：调用 check_nearby_tracks({'start_frame': 1004, 'end_frame': 1195})
18:45:29 [INFO]   工具结果：缺少 frame_id/track_id
18:45:30 [INFO]   步骤 3：调用 zoom_region({'frame_id': 1004, 'region': [100, 100, 200, 200]})
18:45:30 [INFO]   工具结果：轨迹 325 第 1004 帧放大 3.0x，已锐化
18:45:32 [INFO]   步骤 4：调用 zoom_region({'frame_id': 1195, 'region': [100, 100, 200, 200]})
18:45:32 [INFO]   工具结果：轨迹 325 第 1195 帧放大 3.0x，已锐化
18:45:35 [INFO]   步骤 5：调用 compare_appearances({'frame_1': 1004, 'frame_2': 1195})
18:45:35 [INFO]   工具结果：轨迹 325：帧1004 vs 帧1195，外观差异显著，高度怀疑 ID 切换
18:45:39 [INFO]   → 误报：在可疑帧范围内，目标外观差异显著，高度怀疑 ID 切换。建议进一步检查确认。
18:45:39 [INFO] [8/8] 调查轨迹 326
18:45:39 [INFO] 开始调查轨迹 326（miss）
18:45:40 [INFO]   步骤 1：调用 replay_segment({'start_frame': 1160, 'end_frame': 1167})
18:45:40 [INFO]   工具结果：轨迹 326 帧 1160-1167，原始 2 帧，展示 2 帧（步长 1）
18:45:41 [INFO]   步骤 2：调用 check_nearby_tracks({'track_id': 326, 'frame_range': [1160, 1167]})
18:45:41 [INFO]   工具结果：帧 1163 轨迹 326 附近（150px）：发现 7 个附近轨迹：ID 318（距离84.8px），ID 319（距离62.8px），ID 320（距离55.2px），ID 322（距离139.0
18:45:42 [INFO]   步骤 3：调用 compare_appearances({'track_id': 326, 'frame_range': [1160, 1167]})
18:45:42 [INFO]   工具结果：轨迹 326：帧1163 vs 帧1167，外观基本一致，非 ID 切换
18:45:43 [INFO]   步骤 4：调用 replay_segment({'start_frame': 1160, 'end_frame': 1167})
18:45:43 [INFO]   工具结果：轨迹 326 帧 1160-1167，原始 2 帧，展示 2 帧（步长 1）
18:45:44 [INFO]   步骤 5：调用 check_nearby_tracks({'track_id': 326, 'frame_range': [1160, 1167]})
18:45:44 [INFO]   工具结果：帧 1163 轨迹 326 附近（150px）：发现 7 个附近轨迹：ID 318（距离84.8px），ID 319（距离62.8px），ID 320（距离55.2px），ID 322（距离139.0
18:45:45 [INFO]   步骤 6：调用 compare_appearances({'track_id': 326, 'frame_range': [1160, 1167]})
18:45:45 [INFO]   工具结果：轨迹 326：帧1163 vs 帧1167，外观基本一致，非 ID 切换
18:45:45 [WARNING] 轨迹 326 达到最大调查步数，使用初始判断
18:45:45 [INFO]   → 确认：调查步数耗尽，沿用阶段一结论：目标在第1160帧至第1167帧间中断，消失超过5帧。
18:45:45 [INFO] ========================================
18:45:45 [INFO] [dancetrack0060] 阶段三：轨迹修正
18:45:45 [INFO] ========================================
18:45:45 [INFO] 正在分析轨迹 318（长度 1134 帧）...
18:45:46 [INFO] 修正生效：track=318 type=miss frames=1003-1012
18:45:46 [INFO] 正在分析轨迹 320（长度 59 帧）...
18:45:48 [INFO] 修正生效：track=320 type=miss frames=28-40
18:45:48 [INFO] 正在分析轨迹 323（长度 15 帧）...
18:45:49 [INFO] 修正生效：track=323 type=miss frames=109-118
18:45:49 [INFO] 修正跳过/失败：track=326 type=miss detail=缺少前后锚点，无法插值补全
18:45:49 [INFO] [dancetrack0060] 修正后 MOT 已保存至 /public/home/lyh_npu/code/PostMOT/corrected_mot/dancetrack0060.txt
18:45:49 [INFO] [dancetrack0060] 报告已保存至 /public/home/lyh_npu/code/PostMOT/pipeline_report_batch_seq_reports/dancetrack0060.json
18:45:49 [INFO] [21/35] 处理序列 dancetrack0064
18:46:46 [INFO] 加载轨迹 6 条
18:46:46 [INFO] ========================================
18:46:46 [INFO] [dancetrack0064] 阶段一：VLM 轨迹巡检
18:46:46 [INFO] ========================================
18:46:46 [INFO] 正在分析轨迹 626（长度 1490 帧）...
18:46:48 [INFO] [可疑] 轨迹 626 — miss 置信度 0.90：目标在第893帧至第899帧间中断，消失超过5帧。
18:46:48 [INFO] 正在分析轨迹 627（长度 1480 帧）...
18:46:50 [INFO] [可疑] 轨迹 627 — miss 置信度 0.90：目标在1230帧至1246帧间中断，消失超过5帧。
18:46:50 [INFO] 正在分析轨迹 628（长度 1502 帧）...
18:46:51 [INFO] [可疑] 轨迹 628 — drift 置信度 0.80：最大位移较大，存在异常跳变。
18:46:51 [INFO] 正在分析轨迹 629（长度 1221 帧）...
18:46:53 [INFO] [可疑] 轨迹 629 — drift 置信度 0.90：最大位移发生在第224帧，位置异常跳变。
18:46:53 [INFO] 正在分析轨迹 630（长度 1495 帧）...
18:46:54 [INFO] [可疑] 轨迹 630 — drift 置信度 0.80：最大位移较大，存在异常跳变。
18:46:54 [INFO] 正在分析轨迹 631（长度 276 帧）...
18:46:56 [INFO] [可疑] 轨迹 631 — drift 置信度 0.80：最大位移为57.3，表明存在显著位置跳变。
18:46:56 [INFO] [dancetrack0064] 阶段一完成：6 条可疑轨迹，已保存至 /public/home/lyh_npu/code/PostMOT/pipeline_report_batch_seq_reports/dancetrack0064_stage1.json
18:46:56 [INFO] ========================================
18:46:56 [INFO] [dancetrack0064] 阶段二：LLM 工具调用调查
18:46:56 [INFO] ========================================
18:46:56 [INFO] [1/6] 调查轨迹 626
18:46:56 [INFO] 开始调查轨迹 626（miss）
18:46:56 [INFO]   步骤 1：调用 replay_segment({'start_frame': 893, 'end_frame': 899})
18:46:56 [INFO]   工具结果：轨迹 626 帧 893-899，原始 2 帧，展示 2 帧（步长 1）
18:46:57 [INFO]   步骤 2：调用 check_nearby_tracks({'track_id': 626, 'frame_range': [893, 899]})
18:46:57 [INFO]   工具结果：帧 896 轨迹 626 附近（150px）：发现 3 个附近轨迹：ID 628（距离43.5px），ID 629（距离55.5px），ID 630（距离111.4px）
18:46:58 [INFO]   步骤 3：调用 compare_appearances({'frame_id': 893, 'target_track_id': 626, 'reference_track_id': 629})
18:47:05 [INFO]   工具结果：轨迹 626：帧893 vs 帧894，外观基本一致，非 ID 切换
18:47:05 [INFO]   步骤 4：调用 replay_segment({'start_frame': 893, 'end_frame': 899})
18:47:05 [INFO]   工具结果：轨迹 626 帧 893-899，原始 2 帧，展示 2 帧（步长 1）
18:47:06 [INFO]   步骤 5：调用 check_nearby_tracks({'track_id': 626, 'frame_range': [893, 899]})
18:47:06 [INFO]   工具结果：帧 896 轨迹 626 附近（150px）：发现 3 个附近轨迹：ID 628（距离43.5px），ID 629（距离55.5px），ID 630（距离111.4px）
18:47:08 [INFO]   步骤 6：调用 compare_appearances({'frame_id': 893, 'target_track_id': 626, 'reference_track_id': 629})
18:47:08 [INFO]   工具结果：轨迹 626：帧893 vs 帧894，外观基本一致，非 ID 切换
18:47:08 [WARNING] 轨迹 626 达到最大调查步数，使用初始判断
18:47:08 [INFO]   → 确认：调查步数耗尽，沿用阶段一结论：目标在第893帧至第899帧间中断，消失超过5帧。
18:47:08 [INFO] [2/6] 调查轨迹 627
18:47:08 [INFO] 开始调查轨迹 627（miss）
18:47:08 [INFO]   步骤 1：调用 replay_segment({'start_frame': 1230, 'end_frame': 1246})
18:47:08 [INFO]   工具结果：轨迹 627 帧 1230-1246，原始 2 帧，展示 2 帧（步长 1）
18:47:09 [INFO]   步骤 2：调用 check_nearby_tracks({'track_id': 627, 'frame_range': [1230, 1246]})
18:47:09 [INFO]   工具结果：帧 1238 轨迹 627 附近（150px）：发现 2 个附近轨迹：ID 629（距离7.1px），ID 631（距离102.9px）
18:47:10 [INFO]   步骤 3：调用 replay_segment({'start_frame': 1230, 'end_frame': 1246})
18:47:10 [INFO]   工具结果：轨迹 627 帧 1230-1246，原始 2 帧，展示 2 帧（步长 1）
18:47:11 [INFO]   步骤 4：调用 check_nearby_tracks({'track_id': 627, 'frame_range': [1230, 1246]})
18:47:11 [INFO]   工具结果：帧 1238 轨迹 627 附近（150px）：发现 2 个附近轨迹：ID 629（距离7.1px），ID 631（距离102.9px）
18:47:12 [INFO]   步骤 5：调用 replay_segment({'start_frame': 1230, 'end_frame': 1246})
18:47:12 [INFO]   工具结果：轨迹 627 帧 1230-1246，原始 2 帧，展示 2 帧（步长 1）
18:47:13 [INFO]   步骤 6：调用 check_nearby_tracks({'track_id': 627, 'frame_range': [1230, 1246]})
18:47:13 [INFO]   工具结果：帧 1238 轨迹 627 附近（150px）：发现 2 个附近轨迹：ID 629（距离7.1px），ID 631（距离102.9px）
18:47:13 [WARNING] 轨迹 627 达到最大调查步数，使用初始判断
18:47:13 [INFO]   → 确认：调查步数耗尽，沿用阶段一结论：目标在1230帧至1246帧间中断，消失超过5帧。
18:47:13 [INFO] [3/6] 调查轨迹 628
18:47:13 [INFO] 开始调查轨迹 628（drift）
18:47:14 [INFO]   步骤 1：调用 replay_segment({'start_frame': 1, 'end_frame': 1502})
18:47:14 [INFO]   工具结果：轨迹 628 帧 1-1502，原始 47 帧，展示 32 帧（步长 32）
18:47:18 [INFO]   步骤 2：调用 check_nearby_tracks({'track_id': 628, 'frame_ids': [1, 33, 65, 129, 161, 225, 257, 321, 353, 417, 449, 513, 545, 609, 641, 705, 737, 801, 833, 897, 929, 993, 1025, 1089, 1121, 1185, 1217, 1281, 1313, 1377, 1409, 1473]})
18:47:18 [INFO]   工具结果：帧 1 轨迹 628 附近（150px）：发现 2 个附近轨迹：ID 629（距离149.4px），ID 630（距离93.2px）
18:47:23 [INFO]   步骤 3：调用 compare_appearances({'track_id': 628, 'frame_ids': [1, 33, 65, 129, 161, 225, 257, 321, 353, 417, 449, 513, 545, 609, 641, 705, 737, 801, 833, 897, 929, 993, 1025, 1089, 1121, 1185, 1217, 1281, 1313, 1377, 1409, 1473], 'reference_frame_id': 1})
18:47:23 [INFO]   工具结果：轨迹 628：帧1 vs 帧1473，外观基本一致，非 ID 切换
18:47:24 [INFO]   步骤 4：调用 replay_segment({'start_frame': 1, 'end_frame': 1502})
18:47:24 [INFO]   工具结果：轨迹 628 帧 1-1502，原始 47 帧，展示 32 帧（步长 32）
18:47:29 [INFO]   步骤 5：调用 check_nearby_tracks({'track_id': 628, 'frame_ids': [1, 33, 65, 129, 161, 225, 257, 321, 353, 417, 449, 513, 545, 609, 641, 705, 737, 801, 833, 897, 929, 993, 1025, 1089, 1121, 1185, 1217, 1281, 1313, 1377, 1409, 1473]})
18:47:29 [INFO]   工具结果：帧 1 轨迹 628 附近（150px）：发现 2 个附近轨迹：ID 629（距离149.4px），ID 630（距离93.2px）
18:47:33 [INFO]   步骤 6：调用 compare_appearances({'track_id': 628, 'frame_ids': [1, 33, 65, 129, 161, 225, 257, 321, 353, 417, 449, 513, 545, 609, 641, 705, 737, 801, 833, 897, 929, 993, 1025, 1089, 1121, 1185, 1217, 1281, 1313, 1377, 1409, 1473], 'reference_frame_id': 1})
18:47:33 [INFO]   工具结果：轨迹 628：帧1 vs 帧1473，外观基本一致，非 ID 切换
18:47:33 [WARNING] 轨迹 628 达到最大调查步数，使用初始判断
18:47:33 [INFO]   → 确认：调查步数耗尽，沿用阶段一结论：最大位移较大，存在异常跳变。
18:47:33 [INFO] [4/6] 调查轨迹 629
18:47:33 [INFO] 开始调查轨迹 629（drift）
18:47:34 [INFO]   步骤 1：调用 replay_segment({'start_frame': 223, 'end_frame': 225})
18:47:34 [INFO]   工具结果：轨迹 629 帧 223-225，原始 3 帧，展示 3 帧（步长 1）
18:47:35 [INFO]   步骤 2：调用 zoom_region({'frame_id': 224, 'region': [100, 100, 200, 200]})
18:47:35 [INFO]   工具结果：轨迹 629 第 224 帧放大 3.0x，已锐化
18:47:36 [INFO]   步骤 3：调用 check_nearby_tracks({'frame_id': 224, 'radius': 50})
18:47:36 [INFO]   工具结果：帧 224 轨迹 629 附近（50px）：附近无其他轨迹
18:47:37 [INFO]   步骤 4：调用 replay_segment({'start_frame': 223, 'end_frame': 225})
18:47:37 [INFO]   工具结果：轨迹 629 帧 223-225，原始 3 帧，展示 3 帧（步长 1）
18:47:39 [INFO]   步骤 5：调用 compare_appearances({'frame_id_1': 223, 'frame_id_2': 224})
18:47:39 [INFO]   工具结果：轨迹 629：帧223 vs 帧224，外观基本一致，非 ID 切换
18:47:40 [INFO]   步骤 6：调用 replay_segment({'start_frame': 223, 'end_frame': 225})
18:47:40 [INFO]   工具结果：轨迹 629 帧 223-225，原始 3 帧，展示 3 帧（步长 1）
18:47:40 [WARNING] 轨迹 629 达到最大调查步数，使用初始判断
18:47:40 [INFO]   → 确认：调查步数耗尽，沿用阶段一结论：最大位移发生在第224帧，位置异常跳变。
18:47:40 [INFO] [5/6] 调查轨迹 630
18:47:40 [INFO] 开始调查轨迹 630（drift）
18:47:41 [INFO]   步骤 1：调用 replay_segment({'track_id': 630, 'start_frame': 1, 'end_frame': 1502})
18:47:41 [INFO]   工具结果：轨迹 630 帧 1-1502，原始 47 帧，展示 32 帧（步长 32）
18:47:45 [INFO]   步骤 2：调用 check_nearby_tracks({'track_id': 630, 'frame_ids': [1, 33, 67, 131, 165, 229, 261, 325, 357, 421, 453, 517, 549, 613, 645, 709, 741, 805, 837, 904, 936, 1000, 1032, 1096, 1128, 1192, 1224, 1288, 1320, 1384, 1416, 1480]})
18:47:45 [INFO]   工具结果：帧 1 轨迹 630 附近（150px）：发现 2 个附近轨迹：ID 628（距离93.2px），ID 629（距离84.5px）
18:47:50 [INFO]   步骤 3：调用 compare_appearances({'track_id': 630, 'frame_ids': [1, 33, 67, 131, 165, 229, 261, 325, 357, 421, 453, 517, 549, 613, 645, 709, 741, 805, 837, 904, 936, 1000, 1032, 1096, 1128, 1192, 1224, 1288, 1320, 1384, 1416, 1480]})
18:47:50 [INFO]   工具结果：轨迹 630：帧1 vs 帧1480，外观基本一致，非 ID 切换
18:47:51 [INFO]   步骤 4：调用 replay_segment({'track_id': 630, 'start_frame': 1, 'end_frame': 1502})
18:47:51 [INFO]   工具结果：轨迹 630 帧 1-1502，原始 47 帧，展示 32 帧（步长 32）
18:47:56 [INFO]   步骤 5：调用 check_nearby_tracks({'track_id': 630, 'frame_ids': [1, 33, 67, 131, 165, 229, 261, 325, 357, 421, 453, 517, 549, 613, 645, 709, 741, 805, 837, 904, 936, 1000, 1032, 1096, 1128, 1192, 1224, 1288, 1320, 1384, 1416, 1480]})
18:47:56 [INFO]   工具结果：帧 1 轨迹 630 附近（150px）：发现 2 个附近轨迹：ID 628（距离93.2px），ID 629（距离84.5px）
18:48:01 [INFO]   步骤 6：调用 compare_appearances({'track_id': 630, 'frame_ids': [1, 33, 67, 131, 165, 229, 261, 325, 357, 421, 453, 517, 549, 613, 645, 709, 741, 805, 837, 904, 936, 1000, 1032, 1096, 1128, 1192, 1224, 1288, 1320, 1384, 1416, 1480]})
18:48:01 [INFO]   工具结果：轨迹 630：帧1 vs 帧1480，外观基本一致，非 ID 切换
18:48:01 [WARNING] 轨迹 630 达到最大调查步数，使用初始判断
18:48:01 [INFO]   → 确认：调查步数耗尽，沿用阶段一结论：最大位移较大，存在异常跳变。
18:48:01 [INFO] [6/6] 调查轨迹 631
18:48:01 [INFO] 开始调查轨迹 631（drift）
18:48:08 [INFO]   步骤 1：调用 replay_segment({'start_frame': 1227, 'end_frame': 1502})
18:48:08 [INFO]   工具结果：轨迹 631 帧 1227-1502，原始 46 帧，展示 32 帧（步长 6）
18:48:09 [INFO]   步骤 2：调用 check_nearby_tracks({'start_frame': 1227, 'end_frame': 1502})
18:48:09 [INFO]   工具结果：缺少 frame_id/track_id
18:48:10 [INFO]   步骤 3：调用 zoom_region({'frame_id': 1426, 'region': [400, 250, 500, 350]})
18:48:10 [INFO]   工具结果：轨迹 631 第 1426 帧放大 3.0x，已锐化
18:48:11 [INFO]   步骤 4：调用 compare_appearances({'frame_1': 1425, 'frame_2': 1426})
18:48:11 [INFO]   工具结果：轨迹 631：帧1425 vs 帧1426，外观基本一致，非 ID 切换
18:48:13 [INFO]   步骤 5：调用 replay_segment({'start_frame': 1425, 'end_frame': 1426})
18:48:13 [INFO]   工具结果：轨迹 631 帧 1425-1426，原始 2 帧，展示 2 帧（步长 1）
18:48:14 [INFO]   步骤 6：调用 check_nearby_tracks({'start_frame': 1425, 'end_frame': 1426})
18:48:14 [INFO]   工具结果：缺少 frame_id/track_id
18:48:14 [WARNING] 轨迹 631 达到最大调查步数，使用初始判断
18:48:14 [INFO]   → 确认：调查步数耗尽，沿用阶段一结论：最大位移为57.3，表明存在显著位置跳变。
18:48:14 [INFO] ========================================
18:48:14 [INFO] [dancetrack0064] 阶段三：轨迹修正
18:48:14 [INFO] ========================================
18:48:14 [INFO] 正在分析轨迹 626（长度 1495 帧）...
18:48:16 [INFO] 修正生效：track=626 type=miss frames=893-899
18:48:16 [INFO] 正在分析轨迹 627（长度 1495 帧）...
18:48:17 [INFO] 修正生效：track=627 type=miss frames=1230-1246
18:48:18 [INFO] 正在分析轨迹 629（长度 1221 帧）...
18:48:19 [INFO] 修正回滚：track=629 type=drift
18:48:19 [INFO] [dancetrack0064] 修正后 MOT 已保存至 /public/home/lyh_npu/code/PostMOT/corrected_mot/dancetrack0064.txt
18:48:19 [INFO] [dancetrack0064] 报告已保存至 /public/home/lyh_npu/code/PostMOT/pipeline_report_batch_seq_reports/dancetrack0064.json
18:48:19 [INFO] [22/35] 处理序列 dancetrack0067
18:49:01 [INFO] 加载轨迹 6 条
18:49:01 [INFO] ========================================
18:49:01 [INFO] [dancetrack0067] 阶段一：VLM 轨迹巡检
18:49:01 [INFO] ========================================
18:49:01 [INFO] 正在分析轨迹 285（长度 1200 帧）...
18:49:04 [INFO] 正在分析轨迹 286（长度 1198 帧）...
18:49:12 [INFO] [可疑] 轨迹 286 — drift 置信度 0.90：最大位移发生在第536帧，可能为异常跳变。
18:49:12 [INFO] 正在分析轨迹 287（长度 1202 帧）...
18:49:13 [INFO] 正在分析轨迹 288（长度 1196 帧）...
18:49:15 [INFO] [可疑] 轨迹 288 — drift 置信度 0.90：最大位移发生在第667帧，位置异常跳变。
18:49:15 [INFO] 正在分析轨迹 289（长度 1201 帧）...
18:49:16 [INFO] [可疑] 轨迹 289 — drift 置信度 0.90：最大位移发生在第876帧，可能为异常跳变。
18:49:16 [INFO] 正在分析轨迹 290（长度 164 帧）...
18:49:18 [INFO] [可疑] 轨迹 290 — drift 置信度 0.80：最大位移较大，存在异常跳变。
18:49:18 [INFO] [dancetrack0067] 阶段一完成：4 条可疑轨迹，已保存至 /public/home/lyh_npu/code/PostMOT/pipeline_report_batch_seq_reports/dancetrack0067_stage1.json
18:49:18 [INFO] ========================================
18:49:18 [INFO] [dancetrack0067] 阶段二：LLM 工具调用调查
18:49:18 [INFO] ========================================
18:49:18 [INFO] [1/4] 调查轨迹 286
18:49:18 [INFO] 开始调查轨迹 286（drift）
18:49:18 [INFO]   步骤 1：调用 replay_segment({'start_frame': 535, 'end_frame': 536})
18:49:18 [INFO]   工具结果：轨迹 286 帧 535-536，原始 2 帧，展示 2 帧（步长 1）
18:49:19 [INFO]   步骤 2：调用 zoom_region({'frame_id': 535, 'region': [100, 100, 200, 200]})
18:49:19 [INFO]   工具结果：轨迹 286 第 535 帧放大 3.0x，已锐化
18:49:21 [INFO]   步骤 3：调用 zoom_region({'frame_id': 536, 'region': [100, 100, 200, 200]})
18:49:21 [INFO]   工具结果：轨迹 286 第 536 帧放大 3.0x，已锐化
18:49:23 [INFO]   步骤 4：调用 compare_appearances({'frame_id_1': 535, 'frame_id_2': 536})
18:49:23 [INFO]   工具结果：轨迹 286：帧535 vs 帧536，外观基本一致，非 ID 切换
18:49:25 [INFO]   步骤 5：调用 check_nearby_tracks({'frame_id': 535, 'radius': 10})
18:49:25 [INFO]   工具结果：帧 535 轨迹 286 附近（10px）：附近无其他轨迹
18:49:26 [INFO]   步骤 6：调用 check_nearby_tracks({'frame_id': 536, 'radius': 10})
18:49:26 [INFO]   工具结果：帧 536 轨迹 286 附近（10px）：附近无其他轨迹
18:49:26 [WARNING] 轨迹 286 达到最大调查步数，使用初始判断
18:49:26 [INFO]   → 确认：调查步数耗尽，沿用阶段一结论：最大位移发生在第536帧，可能为异常跳变。
18:49:26 [INFO] [2/4] 调查轨迹 288
18:49:26 [INFO] 开始调查轨迹 288（drift）
18:49:27 [INFO]   步骤 1：调用 replay_segment({'start_frame': 666, 'end_frame': 668})
18:49:27 [INFO]   工具结果：轨迹 288 帧 666-668，原始 3 帧，展示 3 帧（步长 1）
18:49:28 [INFO]   步骤 2：调用 zoom_region({'frame_id': 667, 'region': [100, 50, 150, 100]})
18:49:28 [INFO]   工具结果：轨迹 288 第 667 帧放大 3.0x，已锐化
18:49:29 [INFO]   步骤 3：调用 check_nearby_tracks({'frame_id': 667, 'radius': 50})
18:49:29 [INFO]   工具结果：帧 667 轨迹 288 附近（50px）：附近无其他轨迹
18:49:29 [INFO]   步骤 4：调用 replay_segment({'start_frame': 666, 'end_frame': 668})
18:49:29 [INFO]   工具结果：轨迹 288 帧 666-668，原始 3 帧，展示 3 帧（步长 1）
18:49:31 [INFO]   步骤 5：调用 compare_appearances({'frame_id_1': 666, 'frame_id_2': 667})
18:49:31 [INFO]   工具结果：轨迹 288：帧666 vs 帧667，外观基本一致，非 ID 切换
18:49:32 [INFO]   步骤 6：调用 replay_segment({'start_frame': 666, 'end_frame': 668})
18:49:32 [INFO]   工具结果：轨迹 288 帧 666-668，原始 3 帧，展示 3 帧（步长 1）
18:49:32 [WARNING] 轨迹 288 达到最大调查步数，使用初始判断
18:49:32 [INFO]   → 确认：调查步数耗尽，沿用阶段一结论：最大位移发生在第667帧，位置异常跳变。
18:49:32 [INFO] [3/4] 调查轨迹 289
18:49:32 [INFO] 开始调查轨迹 289（drift）
18:49:32 [INFO]   步骤 1：调用 replay_segment({'start_frame': 875, 'end_frame': 877})
18:49:32 [INFO]   工具结果：轨迹 289 帧 875-877，原始 3 帧，展示 3 帧（步长 1）
18:49:33 [INFO]   步骤 2：调用 zoom_region({'frame_id': 876, 'region': [120, 120, 180, 180]})
18:49:33 [INFO]   工具结果：轨迹 289 第 876 帧放大 3.0x，已锐化
18:49:34 [INFO]   步骤 3：调用 check_nearby_tracks({'frame_id': 876, 'radius': 50})
18:49:34 [INFO]   工具结果：帧 876 轨迹 289 附近（50px）：发现 1 个附近轨迹：ID 287（距离29.5px）
18:49:36 [INFO]   步骤 4：调用 compare_appearances({'frame_id': 875, 'target_id': 289, 'reference_id': 287})
18:49:36 [INFO]   工具结果：轨迹 289：帧875 vs 帧876，外观基本一致，非 ID 切换
18:49:37 [INFO]   步骤 5：调用 replay_segment({'start_frame': 875, 'end_frame': 877})
18:49:37 [INFO]   工具结果：轨迹 289 帧 875-877，原始 3 帧，展示 3 帧（步长 1）
18:49:38 [INFO]   步骤 6：调用 check_nearby_tracks({'frame_id': 876, 'radius': 50})
18:49:38 [INFO]   工具结果：帧 876 轨迹 289 附近（50px）：发现 1 个附近轨迹：ID 287（距离29.5px）
18:49:38 [WARNING] 轨迹 289 达到最大调查步数，使用初始判断
18:49:38 [INFO]   → 确认：调查步数耗尽，沿用阶段一结论：最大位移发生在第876帧，可能为异常跳变。
18:49:38 [INFO] [4/4] 调查轨迹 290
18:49:38 [INFO] 开始调查轨迹 290（drift）
18:49:39 [INFO]   步骤 1：调用 replay_segment({'start_frame': 781, 'end_frame': 944})
18:49:39 [INFO]   工具结果：轨迹 290 帧 781-944，原始 41 帧，展示 32 帧（步长 4）
18:49:40 [INFO]   步骤 2：调用 check_nearby_tracks({'track_id': 290, 'frame_range': [781, 944]})
18:49:40 [INFO]   工具结果：帧 862 轨迹 290 附近（150px）：附近无其他轨迹
18:49:41 [INFO]   步骤 3：调用 replay_segment({'start_frame': 862, 'end_frame': 862})
18:49:41 [INFO]   工具结果：轨迹 290 帧 862-862，原始 1 帧，展示 1 帧（步长 1）
18:49:42 [INFO]   步骤 4：调用 zoom_region({'frame_id': 862, 'region': [115, 100, 225, 190]})
18:49:42 [INFO]   工具结果：轨迹 290 第 862 帧放大 3.0x，已锐化
18:49:45 [INFO]   步骤 5：调用 compare_appearances({'frame_id_1': 862, 'frame_id_2': 862, 'region_1': [134.79, 563.71, 93.49, 162.88], 'region_2': [134.79, 563.71, 93.49, 162.88]})
18:49:45 [INFO]   工具结果：轨迹 290：帧862 vs 帧862，外观基本一致，非 ID 切换
18:49:46 [INFO]   步骤 6：调用 replay_segment({'start_frame': 862, 'end_frame': 862})
18:49:46 [INFO]   工具结果：轨迹 290 帧 862-862，原始 1 帧，展示 1 帧（步长 1）
18:49:46 [WARNING] 轨迹 290 达到最大调查步数，使用初始判断
18:49:46 [INFO]   → 确认：调查步数耗尽，沿用阶段一结论：最大位移较大，存在异常跳变。
18:49:46 [INFO] ========================================
18:49:46 [INFO] [dancetrack0067] 阶段三：轨迹修正
18:49:46 [INFO] ========================================
18:49:46 [INFO] 正在分析轨迹 286（长度 1198 帧）...
18:49:47 [INFO] 修正回滚：track=286 type=drift
18:49:48 [INFO] 正在分析轨迹 288（长度 1196 帧）...
18:49:49 [INFO] 修正生效：track=288 type=drift frames=667-667
18:49:49 [INFO] 正在分析轨迹 289（长度 1201 帧）...
18:49:50 [INFO] 修正回滚：track=289 type=drift
18:49:50 [INFO] [dancetrack0067] 修正后 MOT 已保存至 /public/home/lyh_npu/code/PostMOT/corrected_mot/dancetrack0067.txt
18:49:50 [INFO] [dancetrack0067] 报告已保存至 /public/home/lyh_npu/code/PostMOT/pipeline_report_batch_seq_reports/dancetrack0067.json
18:49:50 [INFO] [23/35] 处理序列 dancetrack0070
18:50:41 [INFO] 加载轨迹 16 条
18:50:41 [INFO] ========================================
18:50:41 [INFO] [dancetrack0070] 阶段一：VLM 轨迹巡检
18:50:41 [INFO] ========================================
18:50:41 [INFO] 正在分析轨迹 632（长度 967 帧）...
18:50:42 [INFO] [可疑] 轨迹 632 — drift 置信度 0.80：最大位移45.32帧内有显著跳变，不符合运动规律。
18:50:42 [INFO] 正在分析轨迹 633（长度 1132 帧）...
18:50:44 [INFO] [可疑] 轨迹 633 — miss 置信度 0.90：轨迹在1121帧后中断，目标消失超过5帧。
18:50:44 [INFO] 正在分析轨迹 634（长度 1097 帧）...
18:50:45 [INFO] [可疑] 轨迹 634 — miss 置信度 0.90：目标在第1093帧后消失，持续9帧。
18:50:45 [INFO] 正在分析轨迹 635（长度 1293 帧）...
18:50:47 [INFO] [可疑] 轨迹 635 — drift 置信度 0.80：最大位移较大，存在异常跳变。
18:50:47 [INFO] 正在分析轨迹 636（长度 1292 帧）...
18:50:48 [INFO] [可疑] 轨迹 636 — drift 置信度 0.80：最大位移较大，存在异常跳变
18:50:48 [INFO] 正在分析轨迹 637（长度 1291 帧）...
18:50:50 [INFO] [可疑] 轨迹 637 — miss 置信度 0.90：目标在第772帧至第779帧间中断，未检测到目标。
18:50:50 [INFO] 正在分析轨迹 638（长度 1290 帧）...
18:50:51 [INFO] [可疑] 轨迹 638 — drift 置信度 0.80：最大位移达到136.97，表明存在显著位置跳变。
18:50:51 [INFO] 正在分析轨迹 639（长度 1247 帧）...
18:50:53 [INFO] [可疑] 轨迹 639 — miss 置信度 0.80：在第668帧至第674帧间，目标轨迹中断。
18:50:53 [INFO] 正在分析轨迹 640（长度 486 帧）...
18:50:55 [INFO] [可疑] 轨迹 640 — drift 置信度 0.80：目标在第32帧至第43帧间位置异常跳变，不符合运动规律。
18:50:55 [INFO] 正在分析轨迹 641（长度 441 帧）...
18:50:56 [INFO] [可疑] 轨迹 641 — miss 置信度 0.80：轨迹在1074帧后中断，持续17帧。
18:50:56 [INFO] 正在分析轨迹 642（长度 283 帧）...
18:50:58 [INFO] [可疑] 轨迹 642 — drift 置信度 0.80：最大位移较大，且在特定帧内出现异常跳变
18:50:58 [INFO] 正在分析轨迹 644（长度 115 帧）...
18:50:59 [INFO] [可疑] 轨迹 644 — miss 置信度 0.90：目标在第1171帧至第1189帧间中断，消失超过5帧。
18:50:59 [INFO] 正在分析轨迹 646（长度 91 帧）...
18:51:01 [INFO] [可疑] 轨迹 646 — drift 置信度 0.80：最大位移较大，且有异常跳变帧
18:51:01 [INFO] 正在分析轨迹 647（长度 85 帧）...
18:51:02 [INFO] [可疑] 轨迹 647 — miss 置信度 0.90：轨迹在1285帧后中断，消失超过5帧。
18:51:02 [INFO] [dancetrack0070] 阶段一完成：14 条可疑轨迹，已保存至 /public/home/lyh_npu/code/PostMOT/pipeline_report_batch_seq_reports/dancetrack0070_stage1.json
18:51:02 [INFO] ========================================
18:51:02 [INFO] [dancetrack0070] 阶段二：LLM 工具调用调查
18:51:02 [INFO] ========================================
18:51:02 [INFO] [1/14] 调查轨迹 632
18:51:02 [INFO] 开始调查轨迹 632（drift）
18:51:03 [INFO]   步骤 1：调用 replay_segment({'track_id': 632, 'start_frame': 1, 'end_frame': 973})
18:51:03 [INFO]   工具结果：轨迹 632 帧 1-973，原始 47 帧，展示 32 帧（步长 21）
18:51:04 [INFO]   步骤 2：调用 check_nearby_tracks({'track_id': 632, 'start_frame': 652, 'end_frame': 659})
18:51:04 [INFO]   工具结果：缺少 frame_id/track_id
18:51:05 [INFO]   步骤 3：调用 zoom_region({'frame_id': 652, 'track_id': 632, 'region': [0, 0, 100, 100]})
18:51:05 [INFO]   工具结果：轨迹 632 第 652 帧放大 3.0x，已锐化
18:51:07 [INFO]   步骤 4：调用 compare_appearances({'frame_id_1': 651, 'frame_id_2': 652, 'track_id': 632})
18:51:07 [INFO]   工具结果：轨迹 632：帧651 vs 帧652，外观基本一致，非 ID 切换
18:51:09 [INFO]   步骤 5：调用 replay_segment({'track_id': 632, 'start_frame': 651, 'end_frame': 652})
18:51:09 [INFO]   工具结果：轨迹 632 帧 651-652，原始 2 帧，展示 2 帧（步长 1）
18:51:17 [INFO]   步骤 6：调用 check_nearby_tracks({'track_id': 632, 'start_frame': 651, 'end_frame': 652})
18:51:17 [INFO]   工具结果：缺少 frame_id/track_id
18:51:17 [WARNING] 轨迹 632 达到最大调查步数，使用初始判断
18:51:17 [INFO]   → 确认：调查步数耗尽，沿用阶段一结论：最大位移45.32帧内有显著跳变，不符合运动规律。
18:51:17 [INFO] [2/14] 调查轨迹 633
18:51:17 [INFO] 开始调查轨迹 633（miss）
18:51:18 [INFO]   步骤 1：调用 replay_segment({'start_frame': 1121, 'end_frame': 1168})
18:51:18 [INFO]   工具结果：轨迹 633 帧 1121-1168，原始 23 帧，展示 23 帧（步长 1）
18:51:19 [INFO]   步骤 2：调用 check_nearby_tracks({'track_id': 633, 'frame_range': [1121, 1168]})
18:51:19 [INFO]   工具结果：帧 1144 轨迹 633 附近（150px）：发现 4 个附近轨迹：ID 635（距离143.7px），ID 641（距离10.7px），ID 644（距离37.2px），ID 646（距离29.3
18:51:20 [INFO]   步骤 3：调用 compare_appearances({'frame_id': 1144, 'track_id': 633, 'nearby_track_id': 641})
18:51:20 [INFO]   工具结果：轨迹 633：帧1144 vs 帧1145，外观基本一致，非 ID 切换
18:51:21 [INFO]   步骤 4：调用 replay_segment({'start_frame': 1121, 'end_frame': 1168})
18:51:21 [INFO]   工具结果：轨迹 633 帧 1121-1168，原始 23 帧，展示 23 帧（步长 1）
18:51:22 [INFO]   步骤 5：调用 check_nearby_tracks({'track_id': 633, 'frame_range': [1121, 1168]})
18:51:22 [INFO]   工具结果：帧 1144 轨迹 633 附近（150px）：发现 4 个附近轨迹：ID 635（距离143.7px），ID 641（距离10.7px），ID 644（距离37.2px），ID 646（距离29.3
18:51:24 [INFO]   步骤 6：调用 compare_appearances({'frame_id': 1144, 'track_id': 633, 'nearby_track_id': 641})
18:51:24 [INFO]   工具结果：轨迹 633：帧1144 vs 帧1145，外观基本一致，非 ID 切换
18:51:24 [WARNING] 轨迹 633 达到最大调查步数，使用初始判断
18:51:24 [INFO]   → 确认：调查步数耗尽，沿用阶段一结论：轨迹在1121帧后中断，目标消失超过5帧。
18:51:24 [INFO] [3/14] 调查轨迹 634
18:51:24 [INFO] 开始调查轨迹 634（miss）
18:51:25 [INFO]   步骤 1：调用 replay_segment({'start_frame': 1093, 'end_frame': 1102})
18:51:25 [INFO]   工具结果：轨迹 634 帧 1093-1102，原始 2 帧，展示 2 帧（步长 1）
18:51:25 [INFO]   步骤 2：调用 check_nearby_tracks({'track_id': 634, 'frame_range': [1093, 1102]})
18:51:25 [INFO]   工具结果：帧 1097 轨迹 634 附近（150px）：发现 4 个附近轨迹：ID 632（距离102.4px），ID 636（距离23.0px），ID 645（距离142.2px），ID 647（距离70.
18:51:26 [INFO]   步骤 3：调用 replay_segment({'start_frame': 1093, 'end_frame': 1102})
18:51:26 [INFO]   工具结果：轨迹 634 帧 1093-1102，原始 2 帧，展示 2 帧（步长 1）
18:51:27 [INFO]   步骤 4：调用 check_nearby_tracks({'track_id': 634, 'frame_range': [1093, 1102]})
18:51:27 [INFO]   工具结果：帧 1097 轨迹 634 附近（150px）：发现 4 个附近轨迹：ID 632（距离102.4px），ID 636（距离23.0px），ID 645（距离142.2px），ID 647（距离70.
18:51:28 [INFO]   步骤 5：调用 replay_segment({'start_frame': 1093, 'end_frame': 1102})
18:51:28 [INFO]   工具结果：轨迹 634 帧 1093-1102，原始 2 帧，展示 2 帧（步长 1）
18:51:29 [INFO]   步骤 6：调用 check_nearby_tracks({'track_id': 634, 'frame_range': [1093, 1102]})
18:51:29 [INFO]   工具结果：帧 1097 轨迹 634 附近（150px）：发现 4 个附近轨迹：ID 632（距离102.4px），ID 636（距离23.0px），ID 645（距离142.2px），ID 647（距离70.
18:51:29 [WARNING] 轨迹 634 达到最大调查步数，使用初始判断
18:51:29 [INFO]   → 确认：调查步数耗尽，沿用阶段一结论：目标在第1093帧后消失，持续9帧。
18:51:29 [INFO] [4/14] 调查轨迹 635
18:51:29 [INFO] 开始调查轨迹 635（drift）
18:51:30 [INFO]   步骤 1：调用 replay_segment({'start_frame': 1, 'end_frame': 1303})
18:51:30 [INFO]   工具结果：轨迹 635 帧 1-1303，原始 47 帧，展示 32 帧（步长 28）
18:51:31 [INFO]   步骤 2：调用 check_nearby_tracks({'track_id': 635, 'frame_ids': [1, 1303]})
18:51:31 [INFO]   工具结果：帧 1 轨迹 635 附近（150px）：附近无其他轨迹
18:51:32 [INFO]   步骤 3：调用 replay_segment({'start_frame': 1297, 'end_frame': 1303})
18:51:32 [INFO]   工具结果：轨迹 635 帧 1297-1303，原始 6 帧，展示 6 帧（步长 1）
18:51:33 [INFO]   步骤 4：调用 zoom_region({'frame_id': 1297, 'region': [146, 117, 268, 327]})
18:51:33 [INFO]   工具结果：轨迹 635 第 1297 帧放大 3.0x，已锐化
18:51:35 [INFO]   步骤 5：调用 compare_appearances({'frame_id_1': 1297, 'frame_id_2': 1303})
18:51:35 [INFO]   工具结果：轨迹 635：帧1297 vs 帧1303，外观基本一致，非 ID 切换
18:51:37 [INFO]   步骤 6：调用 replay_segment({'start_frame': 1297, 'end_frame': 1303})
18:51:37 [INFO]   工具结果：轨迹 635 帧 1297-1303，原始 6 帧，展示 6 帧（步长 1）
18:51:37 [WARNING] 轨迹 635 达到最大调查步数，使用初始判断
18:51:37 [INFO]   → 确认：调查步数耗尽，沿用阶段一结论：最大位移较大，存在异常跳变。
18:51:37 [INFO] [5/14] 调查轨迹 636
18:51:37 [INFO] 开始调查轨迹 636（drift）
18:51:38 [INFO]   步骤 1：调用 replay_segment({'start_frame': 48, 'end_frame': 1303})
18:51:38 [INFO]   工具结果：轨迹 636 帧 48-1303，原始 47 帧，展示 32 帧（步长 27）
18:51:42 [INFO]   步骤 2：调用 check_nearby_tracks({'frame_ids': [48, 78, 105, 159, 186, 243, 270, 324, 351, 405, 432, 486, 513, 568, 597, 653, 680, 734, 761, 815, 842, 896, 923, 977, 1004, 1058, 1085, 1139, 1166, 1220, 1247, 1301]})
18:51:42 [INFO]   工具结果：帧 48 轨迹 636 附近（150px）：发现 3 个附近轨迹：ID 632（距离45.2px），ID 640（距离106.9px），ID 642（距离97.5px）
18:51:43 [INFO]   步骤 3：调用 compare_appearances({'frame_id': 48, 'track_id': 636, 'nearby_track_ids': [632, 640, 642]})
18:51:43 [INFO]   工具结果：轨迹 636：帧48 vs 帧49，外观基本一致，非 ID 切换
18:51:44 [INFO]   步骤 4：调用 replay_segment({'start_frame': 48, 'end_frame': 1303})
18:51:44 [INFO]   工具结果：轨迹 636 帧 48-1303，原始 47 帧，展示 32 帧（步长 27）
18:51:49 [INFO]   步骤 5：调用 check_nearby_tracks({'frame_ids': [48, 78, 105, 159, 186, 243, 270, 324, 351, 405, 432, 486, 513, 568, 597, 653, 680, 734, 761, 815, 842, 896, 923, 977, 1004, 1058, 1085, 1139, 1166, 1220, 1247, 1301]})
18:51:49 [INFO]   工具结果：帧 48 轨迹 636 附近（150px）：发现 3 个附近轨迹：ID 632（距离45.2px），ID 640（距离106.9px），ID 642（距离97.5px）
18:51:51 [INFO]   步骤 6：调用 compare_appearances({'frame_id': 48, 'track_id': 636, 'nearby_track_ids': [632, 640, 642]})
18:51:51 [INFO]   工具结果：轨迹 636：帧48 vs 帧49，外观基本一致，非 ID 切换
18:51:51 [WARNING] 轨迹 636 达到最大调查步数，使用初始判断
18:51:51 [INFO]   → 确认：调查步数耗尽，沿用阶段一结论：最大位移较大，存在异常跳变
18:51:51 [INFO] [6/14] 调查轨迹 637
18:51:51 [INFO] 开始调查轨迹 637（miss）
18:51:51 [INFO]   步骤 1：调用 replay_segment({'start_frame': 772, 'end_frame': 779})
18:51:51 [INFO]   工具结果：轨迹 637 帧 772-779，原始 2 帧，展示 2 帧（步长 1）
18:51:52 [INFO]   步骤 2：调用 check_nearby_tracks({'track_id': 637, 'frame_range': [772, 779]})
18:51:52 [INFO]   工具结果：帧 775 轨迹 637 附近（150px）：发现 2 个附近轨迹：ID 636（距离27.4px），ID 640（距离27.7px）
18:51:53 [INFO]   步骤 3：调用 replay_segment({'start_frame': 775, 'end_frame': 779})
18:51:53 [INFO]   工具结果：轨迹 637 帧 775-779，原始 1 帧，展示 1 帧（步长 1）
18:51:54 [INFO]   步骤 4：调用 compare_appearances({'frame_1': 772, 'frame_2': 779})
18:51:54 [INFO]   工具结果：轨迹 637：帧772 vs 帧779，外观基本一致，非 ID 切换
18:51:55 [INFO]   步骤 5：调用 replay_segment({'start_frame': 772, 'end_frame': 779})
18:51:55 [INFO]   工具结果：轨迹 637 帧 772-779，原始 2 帧，展示 2 帧（步长 1）
18:51:56 [INFO]   步骤 6：调用 check_nearby_tracks({'track_id': 637, 'frame_range': [772, 779]})
18:51:56 [INFO]   工具结果：帧 775 轨迹 637 附近（150px）：发现 2 个附近轨迹：ID 636（距离27.4px），ID 640（距离27.7px）
18:51:56 [WARNING] 轨迹 637 达到最大调查步数，使用初始判断
18:51:56 [INFO]   → 确认：调查步数耗尽，沿用阶段一结论：目标在第772帧至第779帧间中断，未检测到目标。
18:51:56 [INFO] [7/14] 调查轨迹 638
18:51:56 [INFO] 开始调查轨迹 638（drift）
18:51:57 [INFO]   步骤 1：调用 replay_segment({'start_frame': 442, 'end_frame': 453})
18:51:57 [INFO]   工具结果：轨迹 638 帧 442-453，原始 12 帧，展示 12 帧（步长 1）
18:51:58 [INFO]   步骤 2：调用 check_nearby_tracks({'frame_id': 442, 'radius': 10})
18:51:58 [INFO]   工具结果：帧 442 轨迹 638 附近（10px）：附近无其他轨迹
18:51:59 [INFO]   步骤 3：调用 replay_segment({'start_frame': 442, 'end_frame': 453})
18:51:59 [INFO]   工具结果：轨迹 638 帧 442-453，原始 12 帧，展示 12 帧（步长 1）
18:52:00 [INFO]   步骤 4：调用 zoom_region({'frame_id': 442, 'region': [515, 135, 612, 299]})
18:52:00 [INFO]   工具结果：轨迹 638 第 442 帧放大 3.0x，已锐化
18:52:02 [INFO]   步骤 5：调用 replay_segment({'start_frame': 442, 'end_frame': 453})
18:52:02 [INFO]   工具结果：轨迹 638 帧 442-453，原始 12 帧，展示 12 帧（步长 1）
18:52:03 [INFO]   步骤 6：调用 compare_appearances({'frame_id_1': 442, 'frame_id_2': 453})
18:52:03 [INFO]   工具结果：轨迹 638：帧442 vs 帧453，外观基本一致，非 ID 切换
18:52:03 [WARNING] 轨迹 638 达到最大调查步数，使用初始判断
18:52:03 [INFO]   → 确认：调查步数耗尽，沿用阶段一结论：最大位移达到136.97，表明存在显著位置跳变。
18:52:03 [INFO] [8/14] 调查轨迹 639
18:52:03 [INFO] 开始调查轨迹 639（miss）
18:52:04 [INFO]   步骤 1：调用 replay_segment({'start_frame': 668, 'end_frame': 674})
18:52:04 [INFO]   工具结果：轨迹 639 帧 668-674，原始 2 帧，展示 2 帧（步长 1）
18:52:05 [INFO]   步骤 2：调用 check_nearby_tracks({'frame_id': 668})
18:52:05 [INFO]   工具结果：帧 668 轨迹 639 附近（150px）：发现 2 个附近轨迹：ID 633（距离47.9px），ID 635（距离58.8px）
18:52:05 [INFO]   步骤 3：调用 check_nearby_tracks({'frame_id': 674})
18:52:05 [INFO]   工具结果：帧 674 轨迹 639 附近（150px）：发现 1 个附近轨迹：ID 633（距离42.0px）
18:52:06 [INFO]   步骤 4：调用 compare_appearances({'frame_id': 668, 'target_track_id': 639, 'compare_track_id': 633})
18:52:07 [INFO]   工具结果：轨迹 639：帧668 vs 帧669，外观基本一致，非 ID 切换
18:52:08 [INFO]   步骤 5：调用 compare_appearances({'frame_id': 674, 'target_track_id': 639, 'compare_track_id': 633})
18:52:08 [INFO]   工具结果：轨迹 639：帧674 vs 帧675，外观基本一致，非 ID 切换
18:52:09 [INFO]   步骤 6：调用 replay_segment({'start_frame': 668, 'end_frame': 674})
18:52:09 [INFO]   工具结果：轨迹 639 帧 668-674，原始 2 帧，展示 2 帧（步长 1）
18:52:09 [WARNING] 轨迹 639 达到最大调查步数，使用初始判断
18:52:09 [INFO]   → 确认：调查步数耗尽，沿用阶段一结论：在第668帧至第674帧间，目标轨迹中断。
18:52:09 [INFO] [9/14] 调查轨迹 640
18:52:09 [INFO] 开始调查轨迹 640（drift）
18:52:09 [INFO]   步骤 1：调用 replay_segment({'start_frame': 32, 'end_frame': 43})
18:52:09 [INFO]   工具结果：轨迹 640 帧 32-43，原始 2 帧，展示 2 帧（步长 1）
18:52:10 [INFO]   步骤 2：调用 check_nearby_tracks({'track_id': 640, 'frame_start': 32, 'frame_end': 43})
18:52:10 [INFO]   工具结果：缺少 frame_id/track_id
18:52:11 [INFO]   步骤 3：调用 zoom_region({'frame_id': 32, 'region': [0, 0, 640, 480]})
18:52:11 [INFO]   工具结果：轨迹 640 第 32 帧放大 3.0x，已锐化
18:52:12 [INFO]   步骤 4：调用 zoom_region({'frame_id': 43, 'region': [0, 0, 640, 480]})
18:52:12 [INFO]   工具结果：轨迹 640 第 43 帧放大 3.0x，已锐化
18:52:21 [INFO]   步骤 5：调用 compare_appearances({'frame_start': 32, 'frame_end': 43})
18:52:21 [INFO]   工具结果：缺少 frame_id_a/frame_id_b
18:52:22 [INFO]   步骤 6：调用 replay_segment({'start_frame': 32, 'end_frame': 43})
18:52:22 [INFO]   工具结果：轨迹 640 帧 32-43，原始 2 帧，展示 2 帧（步长 1）
18:52:22 [WARNING] 轨迹 640 达到最大调查步数，使用初始判断
18:52:22 [INFO]   → 确认：调查步数耗尽，沿用阶段一结论：目标在第32帧至第43帧间位置异常跳变，不符合运动规律。
18:52:22 [INFO] [10/14] 调查轨迹 641
18:52:22 [INFO] 开始调查轨迹 641（miss）
18:52:23 [INFO]   步骤 1：调用 replay_segment({'start_frame': 1074, 'end_frame': 1145})
18:52:23 [INFO]   工具结果：轨迹 641 帧 1074-1145，原始 12 帧，展示 12 帧（步长 2）
18:52:24 [INFO]   步骤 2：调用 check_nearby_tracks({'frame_start': 1074, 'frame_end': 1145})
18:52:24 [INFO]   工具结果：缺少 frame_id/track_id
18:52:24 [INFO]   步骤 3：调用 replay_segment({'start_frame': 1074, 'end_frame': 1145})
18:52:24 [INFO]   工具结果：轨迹 641 帧 1074-1145，原始 12 帧，展示 12 帧（步长 2）
18:52:25 [INFO]   步骤 4：调用 check_nearby_tracks({'frame_start': 1074, 'frame_end': 1145})
18:52:25 [INFO]   工具结果：缺少 frame_id/track_id
18:52:26 [INFO]   步骤 5：调用 replay_segment({'start_frame': 1074, 'end_frame': 1145})
18:52:26 [INFO]   工具结果：轨迹 641 帧 1074-1145，原始 12 帧，展示 12 帧（步长 2）
18:52:28 [INFO]   步骤 6：调用 check_nearby_tracks({'frame_start': 1074, 'frame_end': 1145})
18:52:28 [INFO]   工具结果：缺少 frame_id/track_id
18:52:28 [WARNING] 轨迹 641 达到最大调查步数，使用初始判断
18:52:28 [INFO]   → 确认：调查步数耗尽，沿用阶段一结论：轨迹在1074帧后中断，持续17帧。
18:52:28 [INFO] [11/14] 调查轨迹 642
18:52:28 [INFO] 开始调查轨迹 642（drift）
18:52:28 [INFO]   步骤 1：调用 replay_segment({'start_frame': 1003, 'end_frame': 1089})
18:52:28 [INFO]   工具结果：轨迹 642 帧 1003-1089，原始 32 帧，展示 32 帧（步长 2）
18:52:29 [INFO]   步骤 2：调用 check_nearby_tracks({'start_frame': 1003, 'end_frame': 1089})
18:52:29 [INFO]   工具结果：缺少 frame_id/track_id
18:52:31 [INFO]   步骤 3：调用 compare_appearances({'frame_id': 1003, 'target_id': 642, 'compare_id': 642, 'end_frame_id': 1089})
18:52:31 [INFO]   工具结果：轨迹 642：帧1003 vs 帧1004，外观基本一致，非 ID 切换
18:52:32 [INFO]   步骤 4：调用 zoom_region({'frame_id': 1003, 'target_id': 642, 'region': [0, 0, 100, 100]})
18:52:32 [INFO]   工具结果：轨迹 642 第 1003 帧放大 3.0x，已锐化
18:52:33 [INFO]   步骤 5：调用 replay_segment({'start_frame': 1003, 'end_frame': 1089})
18:52:33 [INFO]   工具结果：轨迹 642 帧 1003-1089，原始 32 帧，展示 32 帧（步长 2）
18:52:35 [INFO]   步骤 6：调用 check_nearby_tracks({'start_frame': 1003, 'end_frame': 1089})
18:52:35 [INFO]   工具结果：缺少 frame_id/track_id
18:52:35 [WARNING] 轨迹 642 达到最大调查步数，使用初始判断
18:52:35 [INFO]   → 确认：调查步数耗尽，沿用阶段一结论：最大位移较大，且在特定帧内出现异常跳变
18:52:35 [INFO] [12/14] 调查轨迹 644
18:52:35 [INFO] 开始调查轨迹 644（miss）
18:52:36 [INFO]   步骤 1：调用 replay_segment({'start_frame': 1171, 'end_frame': 1189})
18:52:36 [INFO]   工具结果：轨迹 644 帧 1171-1189，原始 2 帧，展示 2 帧（步长 1）
18:52:37 [INFO]   步骤 2：调用 check_nearby_tracks({'track_id': 644, 'frame_range': [1171, 1189]})
18:52:37 [INFO]   工具结果：帧 1180 轨迹 644 附近（150px）：发现 4 个附近轨迹：ID 633（距离53.1px），ID 641（距离52.7px），ID 643（距离98.2px），ID 646（距离91.8p
18:52:38 [INFO]   步骤 3：调用 compare_appearances({'frame_id': 1171, 'target_id': 644, 'compare_id': 641})
18:52:38 [INFO]   工具结果：轨迹 644：帧1171 vs 帧1172，外观基本一致，非 ID 切换
18:52:39 [INFO]   步骤 4：调用 replay_segment({'start_frame': 1171, 'end_frame': 1189})
18:52:39 [INFO]   工具结果：轨迹 644 帧 1171-1189，原始 2 帧，展示 2 帧（步长 1）
18:52:40 [INFO]   步骤 5：调用 check_nearby_tracks({'track_id': 644, 'frame_range': [1171, 1189]})
18:52:40 [INFO]   工具结果：帧 1180 轨迹 644 附近（150px）：发现 4 个附近轨迹：ID 633（距离53.1px），ID 641（距离52.7px），ID 643（距离98.2px），ID 646（距离91.8p
18:52:41 [INFO]   步骤 6：调用 compare_appearances({'frame_id': 1171, 'target_id': 644, 'compare_id': 641})
18:52:41 [INFO]   工具结果：轨迹 644：帧1171 vs 帧1172，外观基本一致，非 ID 切换
18:52:41 [WARNING] 轨迹 644 达到最大调查步数，使用初始判断
18:52:41 [INFO]   → 确认：调查步数耗尽，沿用阶段一结论：目标在第1171帧至第1189帧间中断，消失超过5帧。
18:52:41 [INFO] [13/14] 调查轨迹 646
18:52:41 [INFO] 开始调查轨迹 646（drift）
18:52:42 [INFO]   步骤 1：调用 replay_segment({'start_frame': 1206, 'end_frame': 1303})
18:52:42 [INFO]   工具结果：轨迹 646 帧 1206-1303，原始 31 帧，展示 31 帧（步长 3）
18:52:43 [INFO]   步骤 2：调用 check_nearby_tracks({'track_id': 646, 'frame_range': [1206, 1303]})
18:52:43 [INFO]   工具结果：帧 1254 轨迹 646 附近（150px）：发现 3 个附近轨迹：ID 633（距离45.5px），ID 641（距离46.2px），ID 644（距离9.5px）
18:52:44 [INFO]   步骤 3：调用 replay_segment({'start_frame': 1254, 'end_frame': 1254})
18:52:44 [INFO]   工具结果：轨迹 646 帧 1254-1254，原始 1 帧，展示 1 帧（步长 1）
18:52:45 [INFO]   步骤 4：调用 zoom_region({'frame_id': 1254, 'region': [100, 100, 200, 200]})
18:52:45 [INFO]   工具结果：轨迹 646 第 1254 帧放大 3.0x，已锐化
18:52:47 [INFO]   步骤 5：调用 compare_appearances({'frame_id_1': 1254, 'frame_id_2': 1255})
18:52:47 [INFO]   工具结果：轨迹 646：帧1254 vs 帧1255，外观基本一致，非 ID 切换
18:52:49 [INFO]   步骤 6：调用 replay_segment({'start_frame': 1255, 'end_frame': 1255})
18:52:49 [INFO]   工具结果：轨迹 646 帧 1255-1255，原始 1 帧，展示 1 帧（步长 1）
18:52:49 [WARNING] 轨迹 646 达到最大调查步数，使用初始判断
18:52:49 [INFO]   → 确认：调查步数耗尽，沿用阶段一结论：最大位移较大，且有异常跳变帧
18:52:49 [INFO] [14/14] 调查轨迹 647
18:52:49 [INFO] 开始调查轨迹 647（miss）
18:52:49 [INFO]   步骤 1：调用 replay_segment({'start_frame': 1285, 'end_frame': 1303})
18:52:49 [INFO]   工具结果：轨迹 647 帧 1285-1303，原始 9 帧，展示 9 帧（步长 1）
18:52:50 [INFO]   步骤 2：调用 check_nearby_tracks({'track_id': 647, 'frame_range': [1285, 1303]})
18:52:50 [INFO]   工具结果：帧 1294 轨迹 647 附近（150px）：发现 2 个附近轨迹：ID 632（距离10.1px），ID 636（距离65.8px）
18:52:51 [INFO]   步骤 3：调用 replay_segment({'start_frame': 1294, 'end_frame': 1303})
18:52:51 [INFO]   工具结果：轨迹 647 帧 1294-1303，原始 5 帧，展示 5 帧（步长 1）
18:52:52 [INFO]   步骤 4：调用 check_nearby_tracks({'track_id': 647, 'frame_range': [1294, 1303]})
18:52:52 [INFO]   工具结果：帧 1298 轨迹 647 附近（150px）：发现 2 个附近轨迹：ID 632（距离18.5px），ID 636（距离20.9px）
18:52:54 [INFO]   步骤 5：调用 replay_segment({'start_frame': 1298, 'end_frame': 1303})
18:52:54 [INFO]   工具结果：轨迹 647 帧 1298-1303，原始 1 帧，展示 1 帧（步长 1）
18:52:55 [INFO]   步骤 6：调用 check_nearby_tracks({'track_id': 647, 'frame_range': [1298, 1303]})
18:52:55 [INFO]   工具结果：帧 1300 轨迹 647 附近（150px）：发现 3 个附近轨迹：ID 632（距离18.5px），ID 636（距离23.3px），ID 637（距离77.0px）
18:52:55 [WARNING] 轨迹 647 达到最大调查步数，使用初始判断
18:52:55 [INFO]   → 确认：调查步数耗尽，沿用阶段一结论：轨迹在1285帧后中断，消失超过5帧。
18:52:55 [INFO] ========================================
18:52:55 [INFO] [dancetrack0070] 阶段三：轨迹修正
18:52:55 [INFO] ========================================
18:52:55 [INFO] 修正跳过/失败：track=633 type=miss detail=缺少前后锚点，无法插值补全
18:52:55 [INFO] 正在分析轨迹 634（长度 1105 帧）...
18:52:56 [INFO] 修正生效：track=634 type=miss frames=1093-1102
18:52:56 [INFO] 正在分析轨迹 637（长度 1297 帧）...
18:52:58 [INFO] 修正生效：track=637 type=miss frames=772-779
18:52:58 [INFO] 正在分析轨迹 644（长度 132 帧）...
18:53:00 [INFO] 修正生效：track=644 type=miss frames=1171-1189
18:53:00 [INFO] 修正跳过/失败：track=647 type=miss detail=缺少前后锚点，无法插值补全
18:53:00 [INFO] [dancetrack0070] 修正后 MOT 已保存至 /public/home/lyh_npu/code/PostMOT/corrected_mot/dancetrack0070.txt
18:53:00 [INFO] [dancetrack0070] 报告已保存至 /public/home/lyh_npu/code/PostMOT/pipeline_report_batch_seq_reports/dancetrack0070.json
18:53:00 [INFO] [24/35] 处理序列 dancetrack0071
18:53:25 [INFO] 加载轨迹 6 条
18:53:25 [INFO] ========================================
18:53:25 [INFO] [dancetrack0071] 阶段一：VLM 轨迹巡检
18:53:25 [INFO] ========================================
18:53:25 [INFO] 正在分析轨迹 620（长度 562 帧）...
18:53:27 [INFO] [可疑] 轨迹 620 — miss 置信度 0.90：轨迹在第561帧后中断，持续至第569帧。
18:53:27 [INFO] 正在分析轨迹 621（长度 603 帧）...
18:53:29 [INFO] [可疑] 轨迹 621 — drift 置信度 0.80：最大位移较大，存在异常跳变。
18:53:29 [INFO] 正在分析轨迹 622（长度 570 帧）...
18:53:30 [INFO] [可疑] 轨迹 622 — drift 置信度 0.80：最大位移较大，且在特定帧出现异常跳变。
18:53:30 [INFO] 正在分析轨迹 623（长度 597 帧）...
18:53:32 [INFO] [可疑] 轨迹 623 — drift 置信度 0.80：最大位移266.89，表明存在显著位置跳变。
18:53:32 [INFO] 正在分析轨迹 624（长度 564 帧）...
18:53:34 [INFO] [可疑] 轨迹 624 — miss 置信度 0.80：目标在561帧后至593帧间中断，消失超过5帧。
18:53:34 [INFO] 正在分析轨迹 625（长度 7 帧）...
18:53:35 [INFO] [dancetrack0071] 阶段一完成：5 条可疑轨迹，已保存至 /public/home/lyh_npu/code/PostMOT/pipeline_report_batch_seq_reports/dancetrack0071_stage1.json
18:53:35 [INFO] ========================================
18:53:35 [INFO] [dancetrack0071] 阶段二：LLM 工具调用调查
18:53:35 [INFO] ========================================
18:53:35 [INFO] [1/5] 调查轨迹 620
18:53:35 [INFO] 开始调查轨迹 620（miss）
18:53:36 [INFO]   步骤 1：调用 replay_segment({'start_frame': 561, 'end_frame': 569})
18:53:36 [INFO]   工具结果：轨迹 620 帧 561-569，原始 2 帧，展示 2 帧（步长 1）
18:53:37 [INFO]   步骤 2：调用 check_nearby_tracks({'track_id': 620, 'frame_range': [561, 569]})
18:53:37 [INFO]   工具结果：帧 565 轨迹 620 附近（150px）：发现 1 个附近轨迹：ID 624（距离2.2px）
18:53:38 [INFO]   步骤 3：调用 compare_appearances({'track_id': 620, 'frame_id': 561, 'compare_frame_id': 569})
18:53:38 [INFO]   工具结果：轨迹 620：帧561 vs 帧569，外观基本一致，非 ID 切换
18:53:39 [INFO]   步骤 4：调用 replay_segment({'start_frame': 561, 'end_frame': 569})
18:53:39 [INFO]   工具结果：轨迹 620 帧 561-569，原始 2 帧，展示 2 帧（步长 1）
18:53:40 [INFO]   步骤 5：调用 check_nearby_tracks({'track_id': 620, 'frame_range': [561, 569]})
18:53:40 [INFO]   工具结果：帧 565 轨迹 620 附近（150px）：发现 1 个附近轨迹：ID 624（距离2.2px）
18:53:41 [INFO]   步骤 6：调用 compare_appearances({'track_id': 620, 'frame_id': 561, 'compare_frame_id': 569})
18:53:41 [INFO]   工具结果：轨迹 620：帧561 vs 帧569，外观基本一致，非 ID 切换
18:53:41 [WARNING] 轨迹 620 达到最大调查步数，使用初始判断
18:53:41 [INFO]   → 确认：调查步数耗尽，沿用阶段一结论：轨迹在第561帧后中断，持续至第569帧。
18:53:41 [INFO] [2/5] 调查轨迹 621
18:53:41 [INFO] 开始调查轨迹 621（drift）
18:53:42 [INFO]   步骤 1：调用 replay_segment({'start_frame': 1, 'end_frame': 603})
18:53:42 [INFO]   工具结果：轨迹 621 帧 1-603，原始 47 帧，展示 32 帧（步长 13）
18:53:43 [INFO]   步骤 2：调用 check_nearby_tracks({'track_id': 621, 'frame_ids': [1, 603]})
18:53:43 [INFO]   工具结果：帧 1 轨迹 621 附近（150px）：附近无其他轨迹
18:53:43 [INFO]   步骤 3：调用 replay_segment({'start_frame': 1, 'end_frame': 603})
18:53:43 [INFO]   工具结果：轨迹 621 帧 1-603，原始 47 帧，展示 32 帧（步长 13）
18:53:45 [INFO]   步骤 4：调用 compare_appearances({'frame1': 1, 'frame2': 603})
18:53:45 [INFO]   工具结果：缺少 frame_id_a/frame_id_b
18:53:46 [INFO]   步骤 5：调用 replay_segment({'start_frame': 1, 'end_frame': 603})
18:53:46 [INFO]   工具结果：轨迹 621 帧 1-603，原始 47 帧，展示 32 帧（步长 13）
18:53:48 [INFO]   步骤 6：调用 check_nearby_tracks({'track_id': 621, 'frame_ids': [1, 603]})
18:53:48 [INFO]   工具结果：帧 1 轨迹 621 附近（150px）：附近无其他轨迹
18:53:48 [WARNING] 轨迹 621 达到最大调查步数，使用初始判断
18:53:48 [INFO]   → 确认：调查步数耗尽，沿用阶段一结论：最大位移较大，存在异常跳变。
18:53:48 [INFO] [3/5] 调查轨迹 622
18:53:48 [INFO] 开始调查轨迹 622（drift）
18:53:48 [INFO]   步骤 1：调用 replay_segment({'start_frame': 223, 'end_frame': 224})
18:53:48 [INFO]   工具结果：轨迹 622 帧 223-224，原始 2 帧，展示 2 帧（步长 1）
18:53:49 [INFO]   步骤 2：调用 zoom_region({'frame_id': 224, 'region': [100, 100, 100, 100]})
18:53:49 [INFO]   工具结果：轨迹 622 第 224 帧放大 3.0x，已锐化
18:53:51 [INFO]   步骤 3：调用 check_nearby_tracks({'frame_id': 224, 'radius': 100})
18:53:51 [INFO]   工具结果：帧 224 轨迹 622 附近（100px）：附近无其他轨迹
18:53:53 [INFO]   步骤 4：调用 compare_appearances({'frame_id': 223, 'target_id': 622, 'compare_id': 622, 'offset': 1})
18:53:53 [INFO]   工具结果：轨迹 622：帧223 vs 帧224，外观基本一致，非 ID 切换
18:53:55 [INFO]   步骤 5：调用 replay_segment({'start_frame': 223, 'end_frame': 224})
18:53:55 [INFO]   工具结果：轨迹 622 帧 223-224，原始 2 帧，展示 2 帧（步长 1）
18:53:57 [INFO]   步骤 6：调用 compare_appearances({'frame_id': 223, 'target_id': 622, 'compare_id': 622, 'offset': 1})
18:53:57 [INFO]   工具结果：轨迹 622：帧223 vs 帧224，外观基本一致，非 ID 切换
18:53:57 [WARNING] 轨迹 622 达到最大调查步数，使用初始判断
18:53:57 [INFO]   → 确认：调查步数耗尽，沿用阶段一结论：最大位移较大，且在特定帧出现异常跳变。
18:53:57 [INFO] [4/5] 调查轨迹 623
18:53:57 [INFO] 开始调查轨迹 623（drift）
18:53:58 [INFO]   步骤 1：调用 replay_segment({'track_id': 623, 'start_frame': 1, 'end_frame': 603})
18:53:58 [INFO]   工具结果：轨迹 623 帧 1-603，原始 46 帧，展示 32 帧（步长 13）
18:53:59 [INFO]   步骤 2：调用 check_nearby_tracks({'track_id': 623, 'start_frame': 1, 'end_frame': 603})
18:53:59 [INFO]   工具结果：缺少 frame_id/track_id
18:54:00 [INFO]   步骤 3：调用 replay_segment({'track_id': 623, 'start_frame': 521, 'end_frame': 533})
18:54:00 [INFO]   工具结果：轨迹 623 帧 521-533，原始 13 帧，展示 13 帧（步长 1）
18:54:02 [INFO]   步骤 4：调用 zoom_region({'track_id': 623, 'frame_id': 521, 'region': [25, 50, 100, 150]})
18:54:02 [INFO]   工具结果：轨迹 623 第 521 帧放大 3.0x，已锐化
18:54:04 [INFO]   步骤 5：调用 compare_appearances({'track_id': 623, 'frame_id': 521, 'reference_frame_id': 520})
18:54:04 [INFO]   工具结果：轨迹 623：帧520 vs 帧521，外观基本一致，非 ID 切换
18:54:06 [INFO]   步骤 6：调用 replay_segment({'track_id': 623, 'start_frame': 521, 'end_frame': 533})
18:54:06 [INFO]   工具结果：轨迹 623 帧 521-533，原始 13 帧，展示 13 帧（步长 1）
18:54:06 [WARNING] 轨迹 623 达到最大调查步数，使用初始判断
18:54:06 [INFO]   → 确认：调查步数耗尽，沿用阶段一结论：最大位移266.89，表明存在显著位置跳变。
18:54:06 [INFO] [5/5] 调查轨迹 624
18:54:06 [INFO] 开始调查轨迹 624（miss）
18:54:07 [INFO]   步骤 1：调用 replay_segment({'start_frame': 561, 'end_frame': 593})
18:54:07 [INFO]   工具结果：轨迹 624 帧 561-593，原始 3 帧，展示 3 帧（步长 1）
18:54:08 [INFO]   步骤 2：调用 check_nearby_tracks({'track_id': 624, 'frame_ids': [561, 573, 593]})
18:54:08 [INFO]   工具结果：帧 561 轨迹 624 附近（150px）：发现 2 个附近轨迹：ID 620（距离2.2px），ID 622（距离146.4px）
18:54:09 [INFO]   步骤 3：调用 replay_segment({'start_frame': 561, 'end_frame': 593})
18:54:09 [INFO]   工具结果：轨迹 624 帧 561-593，原始 3 帧，展示 3 帧（步长 1）
18:54:10 [INFO]   步骤 4：调用 check_nearby_tracks({'track_id': 624, 'frame_ids': [561, 573, 593]})
18:54:10 [INFO]   工具结果：帧 561 轨迹 624 附近（150px）：发现 2 个附近轨迹：ID 620（距离2.2px），ID 622（距离146.4px）
18:54:11 [INFO]   步骤 5：调用 replay_segment({'start_frame': 561, 'end_frame': 593})
18:54:11 [INFO]   工具结果：轨迹 624 帧 561-593，原始 3 帧，展示 3 帧（步长 1）
18:54:12 [INFO]   步骤 6：调用 check_nearby_tracks({'track_id': 624, 'frame_ids': [561, 573, 593]})
18:54:12 [INFO]   工具结果：帧 561 轨迹 624 附近（150px）：发现 2 个附近轨迹：ID 620（距离2.2px），ID 622（距离146.4px）
18:54:12 [WARNING] 轨迹 624 达到最大调查步数，使用初始判断
18:54:12 [INFO]   → 确认：调查步数耗尽，沿用阶段一结论：目标在561帧后至593帧间中断，消失超过5帧。
18:54:12 [INFO] ========================================
18:54:12 [INFO] [dancetrack0071] 阶段三：轨迹修正
18:54:12 [INFO] ========================================
18:54:12 [INFO] 修正跳过/失败：track=620 type=miss detail=缺少前后锚点，无法插值补全
18:54:12 [INFO] [dancetrack0071] 修正后 MOT 已保存至 /public/home/lyh_npu/code/PostMOT/corrected_mot/dancetrack0071.txt
18:54:12 [INFO] [dancetrack0071] 报告已保存至 /public/home/lyh_npu/code/PostMOT/pipeline_report_batch_seq_reports/dancetrack0071.json
18:54:12 [INFO] [25/35] 处理序列 dancetrack0076
18:54:54 [INFO] 加载轨迹 43 条
18:54:54 [INFO] ========================================
18:54:54 [INFO] [dancetrack0076] 阶段一：VLM 轨迹巡检
18:54:54 [INFO] ========================================
18:54:54 [INFO] 正在分析轨迹 327（长度 455 帧）...
18:54:56 [INFO] [可疑] 轨迹 327 — drift 置信度 0.80：最大位移较大，且存在多次跳跃帧，表明目标位置异常。
18:54:56 [INFO] 正在分析轨迹 328（长度 716 帧）...
18:54:57 [INFO] [可疑] 轨迹 328 — drift 置信度 0.80：最大位移103.37，表明存在显著位置跳变。
18:54:57 [INFO] 正在分析轨迹 329（长度 730 帧）...
18:54:59 [INFO] [可疑] 轨迹 329 — miss 置信度 0.80：目标在第512帧至第530帧间中断，消失超过5帧。
18:54:59 [INFO] 正在分析轨迹 330（长度 429 帧）...
18:55:01 [INFO] [可疑] 轨迹 330 — drift 置信度 0.80：最大位移达到124.71，表明存在显著位置跳变。
18:55:01 [INFO] 正在分析轨迹 331（长度 576 帧）...
18:55:02 [INFO] [可疑] 轨迹 331 — drift 置信度 0.80：最大位移为117.45，表明存在显著位置跳变。
18:55:02 [INFO] 正在分析轨迹 332（长度 10 帧）...
18:55:04 [INFO] [可疑] 轨迹 332 — miss 置信度 0.90：目标在第22帧后消失，持续至第38帧，存在明显的轨迹中断。
18:55:04 [INFO] 正在分析轨迹 333（长度 146 帧）...
18:55:05 [INFO] [可疑] 轨迹 333 — drift 置信度 0.70：最大位移较大，可能存在位置异常跳变
18:55:05 [INFO] 正在分析轨迹 334（长度 22 帧）...
18:55:06 [INFO] [可疑] 轨迹 334 — miss 置信度 0.80：轨迹在第90帧后中断，持续9帧。
18:55:06 [INFO] 正在分析轨迹 335（长度 6 帧）...
18:55:08 [INFO] 正在分析轨迹 336（长度 196 帧）...
18:55:09 [INFO] [可疑] 轨迹 336 — drift 置信度 0.80：最大位移95.24帧，表明存在显著位置跳变。
18:55:09 [INFO] 正在分析轨迹 337（长度 6 帧）...
18:55:11 [INFO] 正在分析轨迹 339（长度 168 帧）...
18:55:12 [INFO] [可疑] 轨迹 339 — drift 置信度 0.90：最大位移帧336处目标位置异常跳变
18:55:12 [INFO] 正在分析轨迹 340（长度 451 帧）...
18:55:14 [INFO] [可疑] 轨迹 340 — drift 置信度 0.90：最大位移帧为528，位置异常跳变。
18:55:14 [INFO] 正在分析轨迹 341（长度 3 帧）...
18:55:15 [INFO] 正在分析轨迹 343（长度 12 帧）...
18:55:17 [INFO] 正在分析轨迹 344（长度 19 帧）...
18:55:18 [INFO] [可疑] 轨迹 344 — miss 置信度 0.80：目标在337帧至356帧间中断，消失超过5帧。
18:55:18 [INFO] 正在分析轨迹 345（长度 67 帧）...
18:55:20 [INFO] [可疑] 轨迹 345 — drift 置信度 0.80：最大位移较大，且在第440帧出现异常跳变。
18:55:20 [INFO] 正在分析轨迹 347（长度 21 帧）...
18:55:21 [INFO] [可疑] 轨迹 347 — miss 置信度 0.80：目标在第443帧后消失，持续13帧。
18:55:21 [INFO] 正在分析轨迹 348（长度 7 帧）...
18:55:23 [INFO] 正在分析轨迹 349（长度 130 帧）...
18:55:30 [INFO] [可疑] 轨迹 349 — miss 置信度 0.90：轨迹在681帧后中断，目标消失超过5帧。
18:55:30 [INFO] 正在分析轨迹 350（长度 24 帧）...
18:55:32 [INFO] [可疑] 轨迹 350 — drift 置信度 0.80：最大位移为125.6，表明存在显著位置跳变。
18:55:32 [INFO] 正在分析轨迹 351（长度 154 帧）...
18:55:33 [INFO] [可疑] 轨迹 351 — drift 置信度 0.80：最大位移较大且多次跳跃，不符合预期运动规律。
18:55:33 [INFO] 正在分析轨迹 352（长度 17 帧）...
18:55:35 [INFO] [可疑] 轨迹 352 — miss 置信度 0.80：目标在第561帧到第577帧间中断，消失超过5帧。
18:55:35 [INFO] 正在分析轨迹 353（长度 5 帧）...
18:55:36 [INFO] [可疑] 轨迹 353 — miss 置信度 0.90：目标在第613帧后消失，持续9帧。
18:55:36 [INFO] 正在分析轨迹 354（长度 474 帧）...
18:55:38 [INFO] [可疑] 轨迹 354 — drift 置信度 0.80：目标位置在713帧至732帧间发生异常跳变，不符合运动规律。
18:55:38 [INFO] 正在分析轨迹 355（长度 452 帧）...
18:55:39 [INFO] [可疑] 轨迹 355 — drift 置信度 0.80：最大位移207.78帧内有异常跳变
18:55:39 [INFO] 正在分析轨迹 356（长度 455 帧）...
18:55:41 [INFO] [可疑] 轨迹 356 — drift 置信度 0.80：最大位移137.87帧内有显著跳变，不符合运动规律。
18:55:41 [INFO] 正在分析轨迹 357（长度 346 帧）...
18:55:42 [INFO] [可疑] 轨迹 357 — drift 置信度 0.80：目标在875帧后位置异常跳变，最大位移达137.36。
18:55:42 [INFO] 正在分析轨迹 358（长度 192 帧）...
18:55:44 [INFO] [可疑] 轨迹 358 — drift 置信度 0.80：最大位移发生在第916帧，位置异常跳变。
18:55:44 [INFO] 正在分析轨迹 359（长度 317 帧）...
18:55:45 [INFO] [可疑] 轨迹 359 — drift 置信度 0.90：最大位移帧877处目标位置异常跳变
18:55:45 [INFO] 正在分析轨迹 360（长度 318 帧）...
18:55:47 [INFO] [可疑] 轨迹 360 — drift 置信度 0.80：最大位移达到126.91，表明存在显著位置跳变。
18:55:47 [INFO] 正在分析轨迹 361（长度 10 帧）...
18:55:48 [INFO] 正在分析轨迹 362（长度 6 帧）...
18:55:50 [INFO] 正在分析轨迹 364（长度 149 帧）...
18:55:51 [INFO] [可疑] 轨迹 364 — miss 置信度 0.90：目标在1127至1140帧间中断，消失超过5帧。
18:55:51 [INFO] 正在分析轨迹 365（长度 128 帧）...
18:55:53 [INFO] [可疑] 轨迹 365 — miss 置信度 0.80：目标在第1021帧至第1032帧间中断，持续11帧。
18:55:53 [INFO] 正在分析轨迹 367（长度 95 帧）...
18:55:54 [INFO] [可疑] 轨迹 367 — drift 置信度 0.80：最大位移较大，且在特定帧出现异常跳变。
18:55:54 [INFO] 正在分析轨迹 369（长度 32 帧）...
18:55:56 [INFO] [可疑] 轨迹 369 — drift 置信度 0.80：最大位移较大，且在第1179帧出现异常跳变。
18:55:56 [INFO] [dancetrack0076] 阶段一完成：30 条可疑轨迹，已保存至 /public/home/lyh_npu/code/PostMOT/pipeline_report_batch_seq_reports/dancetrack0076_stage1.json
18:55:56 [INFO] ========================================
18:55:56 [INFO] [dancetrack0076] 阶段二：LLM 工具调用调查
18:55:56 [INFO] ========================================
18:55:56 [INFO] [1/30] 调查轨迹 327
18:55:56 [INFO] 开始调查轨迹 327（drift）
18:55:57 [INFO]   步骤 1：调用 replay_segment({'track_id': 327, 'start_frame': 1, 'end_frame': 501})
18:55:57 [INFO]   工具结果：轨迹 327 帧 1-501，原始 42 帧，展示 32 帧（步长 11）
18:56:00 [INFO]   步骤 2：调用 check_nearby_tracks({'track_id': 327, 'frame_ids': [1, 12, 23, 34, 56, 67, 78, 100, 111, 122, 144, 155, 166, 188, 199, 210, 232, 243, 254, 276, 287, 298, 323, 344, 357, 406, 417, 428, 450, 464, 475, 498]})
18:56:00 [INFO]   工具结果：帧 1 轨迹 327 附近（150px）：发现 2 个附近轨迹：ID 333（距离118.4px），ID 334（距离56.0px）
18:56:05 [INFO]   步骤 3：调用 compare_appearances({'track_id': 327, 'frame_ids': [1, 12, 23, 34, 56, 67, 78, 100, 111, 122, 144, 155, 166, 188, 199, 210, 232, 243, 254, 276, 287, 298, 323, 344, 357, 406, 417, 428, 450, 464, 475, 498], 'nearby_tracks': [{'track_id': 333, 'distance': 118.4}, {'track_id': 334, 'distance': 56.0}]})
18:56:05 [INFO]   工具结果：轨迹 327：帧1 vs 帧498，外观差异显著，高度怀疑 ID 切换
18:56:07 [INFO]   步骤 4：调用 zoom_region({'track_id': 327, 'frame_ids': [1, 498], 'region': [450, 150, 550, 300]})
18:56:07 [INFO]   工具结果：轨迹 327 第 1 帧放大 3.0x，已锐化
18:56:09 [INFO]   步骤 5：调用 zoom_region({'track_id': 327, 'frame_ids': [498], 'region': [450, 150, 550, 300]})
18:56:09 [INFO]   工具结果：轨迹 327 第 498 帧放大 3.0x，已锐化
18:56:12 [INFO]   步骤 6：调用 compare_appearances({'track_id': 327, 'frame_ids': [1, 498], 'nearby_tracks': [{'track_id': 333, 'distance': 118.4}, {'track_id': 334, 'distance': 56.0}]})
18:56:12 [INFO]   工具结果：轨迹 327：帧1 vs 帧498，外观差异显著，高度怀疑 ID 切换
18:56:12 [WARNING] 轨迹 327 达到最大调查步数，使用初始判断
18:56:12 [INFO]   → 确认：调查步数耗尽，沿用阶段一结论：最大位移较大，且存在多次跳跃帧，表明目标位置异常。
18:56:12 [INFO] [2/30] 调查轨迹 328
18:56:12 [INFO] 开始调查轨迹 328（drift）
18:56:13 [INFO]   步骤 1：调用 replay_segment({'start_frame': 1, 'end_frame': 746})
18:56:13 [INFO]   工具结果：轨迹 328 帧 1-746，原始 45 帧，展示 32 帧（步长 16）
18:56:14 [INFO]   步骤 2：调用 check_nearby_tracks({'track_id': 328, 'frame_ids': [1, 746]})
18:56:14 [INFO]   工具结果：帧 1 轨迹 328 附近（150px）：发现 10 个附近轨迹：ID 332（距离39.8px），ID 346（距离18.2px），ID 347（距离144.4px），ID 348（距离108.2p
18:56:15 [INFO]   步骤 3：调用 replay_segment({'start_frame': 52, 'end_frame': 58})
18:56:15 [INFO]   工具结果：轨迹 328 帧 52-58，原始 2 帧，展示 2 帧（步长 1）
18:56:17 [WARNING]   步骤 4：LLM 输出解析失败，终止调查
18:56:17 [WARNING] 轨迹 328 达到最大调查步数，使用初始判断
18:56:17 [INFO]   → 确认：调查步数耗尽，沿用阶段一结论：最大位移103.37，表明存在显著位置跳变。
18:56:17 [INFO] [3/30] 调查轨迹 329
18:56:17 [INFO] 开始调查轨迹 329（miss）
18:56:18 [INFO]   步骤 1：调用 replay_segment({'start_frame': 512, 'end_frame': 530})
18:56:18 [INFO]   工具结果：轨迹 329 帧 512-530，原始 3 帧，展示 3 帧（步长 1）
18:56:18 [INFO]   步骤 2：调用 check_nearby_tracks({'frame_ids': [512, 518, 530]})
18:56:19 [INFO]   工具结果：帧 512 轨迹 329 附近（150px）：发现 16 个附近轨迹：ID 328（距离117.4px），ID 330（距离88.1px），ID 332（距离44.9px），ID 334（距离114.
18:56:19 [INFO]   步骤 3：调用 replay_segment({'start_frame': 512, 'end_frame': 530})
18:56:19 [INFO]   工具结果：轨迹 329 帧 512-530，原始 3 帧，展示 3 帧（步长 1）
18:56:20 [INFO]   步骤 4：调用 check_nearby_tracks({'frame_ids': [512, 518, 530]})
18:56:20 [INFO]   工具结果：帧 512 轨迹 329 附近（150px）：发现 16 个附近轨迹：ID 328（距离117.4px），ID 330（距离88.1px），ID 332（距离44.9px），ID 334（距离114.
18:56:21 [INFO]   步骤 5：调用 replay_segment({'start_frame': 512, 'end_frame': 530})
18:56:21 [INFO]   工具结果：轨迹 329 帧 512-530，原始 3 帧，展示 3 帧（步长 1）
18:56:23 [INFO]   步骤 6：调用 check_nearby_tracks({'frame_ids': [512, 518, 530]})
18:56:23 [INFO]   工具结果：帧 512 轨迹 329 附近（150px）：发现 16 个附近轨迹：ID 328（距离117.4px），ID 330（距离88.1px），ID 332（距离44.9px），ID 334（距离114.
18:56:23 [WARNING] 轨迹 329 达到最大调查步数，使用初始判断
18:56:23 [INFO]   → 确认：调查步数耗尽，沿用阶段一结论：目标在第512帧至第530帧间中断，消失超过5帧。
18:56:23 [INFO] [4/30] 调查轨迹 330
18:56:23 [INFO] 开始调查轨迹 330（drift）
18:56:23 [INFO]   步骤 1：调用 replay_segment({'track_id': 330, 'start_frame': 1, 'end_frame': 468})
18:56:23 [INFO]   工具结果：轨迹 330 帧 1-468，原始 43 帧，展示 32 帧（步长 10）
18:56:24 [INFO]   步骤 2：调用 check_nearby_tracks({'track_id': 330, 'start_frame': 240, 'end_frame': 260})
18:56:24 [INFO]   工具结果：缺少 frame_id/track_id
18:56:26 [INFO]   步骤 3：调用 replay_segment({'track_id': 330, 'start_frame': 240, 'end_frame': 260})
18:56:26 [INFO]   工具结果：轨迹 330 帧 240-260，原始 2 帧，展示 2 帧（步长 1）
18:56:33 [INFO]   步骤 4：调用 compare_appearances({'track_id': 330, 'start_frame': 240, 'end_frame': 260})
18:56:33 [INFO]   工具结果：轨迹 330：帧259 vs 帧260，外观基本一致，非 ID 切换
18:56:34 [INFO]   步骤 5：调用 replay_segment({'track_id': 330, 'start_frame': 230, 'end_frame': 270})
18:56:34 [INFO]   工具结果：轨迹 330 帧 230-270，原始 21 帧，展示 21 帧（步长 1）
18:56:35 [INFO]   步骤 6：调用 check_nearby_tracks({'track_id': 330, 'start_frame': 230, 'end_frame': 270})
18:56:35 [INFO]   工具结果：缺少 frame_id/track_id
18:56:35 [WARNING] 轨迹 330 达到最大调查步数，使用初始判断
18:56:35 [INFO]   → 确认：调查步数耗尽，沿用阶段一结论：最大位移达到124.71，表明存在显著位置跳变。
18:56:35 [INFO] [5/30] 调查轨迹 331
18:56:35 [INFO] 开始调查轨迹 331（drift）
18:56:36 [INFO]   步骤 1：调用 replay_segment({'start_frame': 1, 'end_frame': 577})
18:56:36 [INFO]   工具结果：轨迹 331 帧 1-577，原始 45 帧，展示 32 帧（步长 13）
18:56:37 [INFO]   步骤 2：调用 check_nearby_tracks({'track_id': 331, 'frame_range': [1, 577]})
18:56:37 [INFO]   工具结果：帧 289 轨迹 331 附近（150px）：发现 5 个附近轨迹：ID 343（距离138.3px），ID 355（距离123.2px），ID 362（距离90.3px），ID 363（距离69.1
18:56:38 [INFO]   步骤 3：调用 replay_segment({'start_frame': 289, 'end_frame': 289})
18:56:38 [INFO]   工具结果：轨迹 331 帧 289-289，原始 1 帧，展示 1 帧（步长 1）
18:56:39 [INFO]   步骤 4：调用 zoom_region({'frame_id': 289, 'region': [25, 50, 215, 200]})
18:56:39 [INFO]   工具结果：轨迹 331 第 289 帧放大 3.0x，已锐化
18:56:43 [INFO]   步骤 5：调用 compare_appearances({'frame_id': 289, 'region': [29.18, 473.95, 415.1, 605.36], 'compare_frame_id': 288, 'compare_region': [29.18, 473.95, 415.1, 605.36]})
18:56:43 [INFO]   工具结果：轨迹 331：帧289 vs 帧288，外观基本一致，非 ID 切换
18:56:45 [INFO]   步骤 6：调用 replay_segment({'start_frame': 288, 'end_frame': 289})
18:56:45 [INFO]   工具结果：轨迹 331 帧 288-289，原始 2 帧，展示 2 帧（步长 1）
18:56:45 [WARNING] 轨迹 331 达到最大调查步数，使用初始判断
18:56:45 [INFO]   → 确认：调查步数耗尽，沿用阶段一结论：最大位移为117.45，表明存在显著位置跳变。
18:56:45 [INFO] [6/30] 调查轨迹 332
18:56:45 [INFO] 开始调查轨迹 332（miss）
18:56:45 [INFO]   步骤 1：调用 replay_segment({'start_frame': 22, 'end_frame': 38})
18:56:45 [INFO]   工具结果：轨迹 332 帧 22-38，原始 2 帧，展示 2 帧（步长 1）
18:56:46 [INFO]   步骤 2：调用 check_nearby_tracks({'track_id': 332, 'frame_range': [22, 38]})
18:56:46 [INFO]   工具结果：帧 30 轨迹 332 附近（150px）：发现 15 个附近轨迹：ID 328（距离27.9px），ID 330（距离88.9px），ID 338（距离133.3px），ID 342（距离145.7
18:56:47 [INFO]   步骤 3：调用 replay_segment({'start_frame': 22, 'end_frame': 38})
18:56:47 [INFO]   工具结果：轨迹 332 帧 22-38，原始 2 帧，展示 2 帧（步长 1）
18:56:48 [INFO]   步骤 4：调用 check_nearby_tracks({'track_id': 332, 'frame_range': [22, 38]})
18:56:48 [INFO]   工具结果：帧 30 轨迹 332 附近（150px）：发现 15 个附近轨迹：ID 328（距离27.9px），ID 330（距离88.9px），ID 338（距离133.3px），ID 342（距离145.7
18:56:49 [INFO]   步骤 5：调用 replay_segment({'start_frame': 22, 'end_frame': 38})
18:56:49 [INFO]   工具结果：轨迹 332 帧 22-38，原始 2 帧，展示 2 帧（步长 1）
18:56:50 [INFO]   步骤 6：调用 check_nearby_tracks({'track_id': 332, 'frame_range': [22, 38]})
18:56:50 [INFO]   工具结果：帧 30 轨迹 332 附近（150px）：发现 15 个附近轨迹：ID 328（距离27.9px），ID 330（距离88.9px），ID 338（距离133.3px），ID 342（距离145.7
18:56:50 [WARNING] 轨迹 332 达到最大调查步数，使用初始判断
18:56:50 [INFO]   → 确认：调查步数耗尽，沿用阶段一结论：目标在第22帧后消失，持续至第38帧，存在明显的轨迹中断。
18:56:50 [INFO] [7/30] 调查轨迹 333
18:56:50 [INFO] 开始调查轨迹 333（drift）
18:56:51 [INFO]   步骤 1：调用 replay_segment({'track_id': 333, 'start_frame': 6, 'end_frame': 151})
18:56:51 [INFO]   工具结果：轨迹 333 帧 6-151，原始 37 帧，展示 32 帧（步长 4）
18:56:52 [INFO]   步骤 2：调用 check_nearby_tracks({'track_id': 333, 'start_frame': 6, 'end_frame': 151})
18:56:52 [INFO]   工具结果：缺少 frame_id/track_id
18:56:53 [INFO]   步骤 3：调用 replay_segment({'track_id': 333, 'start_frame': 6, 'end_frame': 151})
18:56:53 [INFO]   工具结果：轨迹 333 帧 6-151，原始 37 帧，展示 32 帧（步长 4）
18:56:54 [INFO]   步骤 4：调用 check_nearby_tracks({'track_id': 333, 'start_frame': 6, 'end_frame': 151})
18:56:54 [INFO]   工具结果：缺少 frame_id/track_id
18:56:56 [INFO]   步骤 5：调用 replay_segment({'track_id': 333, 'start_frame': 6, 'end_frame': 151})
18:56:56 [INFO]   工具结果：轨迹 333 帧 6-151，原始 37 帧，展示 32 帧（步长 4）
18:56:57 [INFO]   步骤 6：调用 check_nearby_tracks({'track_id': 333, 'start_frame': 6, 'end_frame': 151})
18:56:57 [INFO]   工具结果：缺少 frame_id/track_id
18:56:57 [WARNING] 轨迹 333 达到最大调查步数，使用初始判断
18:56:57 [INFO]   → 确认：调查步数耗尽，沿用阶段一结论：最大位移较大，可能存在位置异常跳变
18:56:57 [INFO] [8/30] 调查轨迹 334
18:56:57 [INFO] 开始调查轨迹 334（miss）
18:56:58 [INFO]   步骤 1：调用 replay_segment({'start_frame': 90, 'end_frame': 99})
18:56:58 [INFO]   工具结果：轨迹 334 帧 90-99，原始 2 帧，展示 2 帧（步长 1）
18:56:58 [INFO]   步骤 2：调用 check_nearby_tracks({'frame_id': 90, 'radius': 10})
18:56:58 [INFO]   工具结果：帧 90 轨迹 334 附近（10px）：附近无其他轨迹
18:56:59 [INFO]   步骤 3：调用 replay_segment({'start_frame': 81, 'end_frame': 90})
18:56:59 [INFO]   工具结果：轨迹 334 帧 81-90，原始 10 帧，展示 10 帧（步长 1）
18:57:00 [INFO]   步骤 4：调用 check_nearby_tracks({'frame_id': 81, 'radius': 10})
18:57:00 [INFO]   工具结果：帧 81 轨迹 334 附近（10px）：附近无其他轨迹
18:57:01 [INFO]   步骤 5：调用 replay_segment({'start_frame': 72, 'end_frame': 81})
18:57:01 [INFO]   工具结果：轨迹 334 帧 72-81，原始 1 帧，展示 1 帧（步长 1）
18:57:02 [INFO]   步骤 6：调用 check_nearby_tracks({'frame_id': 72, 'radius': 10})
18:57:02 [INFO]   工具结果：帧 72 轨迹 334 附近（10px）：附近无其他轨迹
18:57:02 [WARNING] 轨迹 334 达到最大调查步数，使用初始判断
18:57:02 [INFO]   → 确认：调查步数耗尽，沿用阶段一结论：轨迹在第90帧后中断，持续9帧。
18:57:02 [INFO] [9/30] 调查轨迹 336
18:57:02 [INFO] 开始调查轨迹 336（drift）
18:57:02 [INFO]   步骤 1：调用 replay_segment({'start_frame': 123, 'end_frame': 335})
18:57:02 [INFO]   工具结果：轨迹 336 帧 123-335，原始 40 帧，展示 32 帧（步长 5）
18:57:03 [INFO]   步骤 2：调用 check_nearby_tracks({'track_id': 336, 'frame_range': [123, 335]})
18:57:03 [INFO]   工具结果：帧 229 轨迹 336 附近（150px）：发现 1 个附近轨迹：ID 340（距离96.0px）
18:57:04 [INFO]   步骤 3：调用 replay_segment({'start_frame': 229, 'end_frame': 229})
18:57:04 [INFO]   工具结果：轨迹 336 帧 229-229，原始 1 帧，展示 1 帧（步长 1）
18:57:06 [INFO]   步骤 4：调用 zoom_region({'frame_id': 229, 'region': [110, 50, 700, 250]})
18:57:06 [INFO]   工具结果：轨迹 336 第 229 帧放大 3.0x，已锐化
18:57:08 [INFO]   步骤 5：调用 compare_appearances({'frame_id_1': 229, 'frame_id_2': 230})
18:57:08 [INFO]   工具结果：轨迹 336：帧229 vs 帧230，外观基本一致，非 ID 切换
18:57:09 [INFO]   步骤 6：调用 replay_segment({'start_frame': 229, 'end_frame': 230})
18:57:09 [INFO]   工具结果：轨迹 336 帧 229-230，原始 2 帧，展示 2 帧（步长 1）
18:57:09 [WARNING] 轨迹 336 达到最大调查步数，使用初始判断
18:57:09 [INFO]   → 确认：调查步数耗尽，沿用阶段一结论：最大位移95.24帧，表明存在显著位置跳变。
18:57:09 [INFO] [10/30] 调查轨迹 339
18:57:09 [INFO] 开始调查轨迹 339（drift）
18:57:10 [INFO]   步骤 1：调用 replay_segment({'start_frame': 336, 'end_frame': 336})
18:57:10 [INFO]   工具结果：轨迹 339 帧 336-336，原始 1 帧，展示 1 帧（步长 1）
18:57:11 [INFO]   步骤 2：调用 check_nearby_tracks({'frame_id': 336})
18:57:11 [INFO]   工具结果：帧 336 轨迹 339 附近（150px）：发现 6 个附近轨迹：ID 327（距离33.8px），ID 328（距离124.1px），ID 338（距离142.2px），ID 352（距离124.
18:57:11 [INFO]   步骤 3：调用 compare_appearances({'frame_id': 336, 'track_id': 339})
18:57:11 [INFO]   工具结果：轨迹 339：帧336 vs 帧337，外观基本一致，非 ID 切换
18:57:12 [INFO]   步骤 4：调用 replay_segment({'start_frame': 336, 'end_frame': 337})
18:57:12 [INFO]   工具结果：轨迹 339 帧 336-337，原始 1 帧，展示 1 帧（步长 1）
18:57:13 [INFO]   步骤 5：调用 check_nearby_tracks({'frame_id': 337})
18:57:13 [INFO]   工具结果：帧 337 轨迹 339 附近（150px）：发现 6 个附近轨迹：ID 327（距离33.8px），ID 328（距离147.2px），ID 338（距离142.2px），ID 352（距离124.
18:57:14 [INFO]   步骤 6：调用 compare_appearances({'frame_id': 337, 'track_id': 339})
18:57:14 [INFO]   工具结果：轨迹 339：帧337 vs 帧338，外观基本一致，非 ID 切换
18:57:14 [WARNING] 轨迹 339 达到最大调查步数，使用初始判断
18:57:14 [INFO]   → 确认：调查步数耗尽，沿用阶段一结论：最大位移帧336处目标位置异常跳变
18:57:14 [INFO] [11/30] 调查轨迹 340
18:57:14 [INFO] 开始调查轨迹 340（drift）
18:57:15 [INFO]   步骤 1：调用 replay_segment({'start_frame': 527, 'end_frame': 529})
18:57:15 [INFO]   工具结果：轨迹 340 帧 527-529，原始 3 帧，展示 3 帧（步长 1）
18:57:16 [INFO]   步骤 2：调用 zoom_region({'frame_id': 528, 'region': [100, 100, 150, 150]})
18:57:16 [INFO]   工具结果：轨迹 340 第 528 帧放大 3.0x，已锐化
18:57:17 [INFO]   步骤 3：调用 check_nearby_tracks({'frame_id': 528, 'radius': 50})
18:57:17 [INFO]   工具结果：帧 528 轨迹 340 附近（50px）：附近无其他轨迹
18:57:19 [INFO]   步骤 4：调用 replay_segment({'start_frame': 527, 'end_frame': 529})
18:57:19 [INFO]   工具结果：轨迹 340 帧 527-529，原始 3 帧，展示 3 帧（步长 1）
18:57:20 [INFO]   步骤 5：调用 compare_appearances({'frame_id_1': 527, 'frame_id_2': 528})
18:57:20 [INFO]   工具结果：轨迹 340：帧527 vs 帧528，外观基本一致，非 ID 切换
18:57:22 [INFO]   步骤 6：调用 replay_segment({'start_frame': 527, 'end_frame': 529})
18:57:22 [INFO]   工具结果：轨迹 340 帧 527-529，原始 3 帧，展示 3 帧（步长 1）
18:57:22 [WARNING] 轨迹 340 达到最大调查步数，使用初始判断
18:57:22 [INFO]   → 确认：调查步数耗尽，沿用阶段一结论：最大位移帧为528，位置异常跳变。
18:57:22 [INFO] [12/30] 调查轨迹 344
18:57:22 [INFO] 开始调查轨迹 344（miss）
18:57:23 [INFO]   步骤 1：调用 replay_segment({'start_frame': 337, 'end_frame': 356})
18:57:23 [INFO]   工具结果：轨迹 344 帧 337-356，原始 3 帧，展示 3 帧（步长 1）
18:57:24 [INFO]   步骤 2：调用 check_nearby_tracks({'track_id': 344, 'frame_ids': [337, 344, 356]})
18:57:24 [INFO]   工具结果：帧 337 轨迹 344 附近（150px）：发现 2 个附近轨迹：ID 329（距离81.2px），ID 359（距离128.6px）
18:57:24 [INFO]   步骤 3：调用 replay_segment({'start_frame': 337, 'end_frame': 356})
18:57:24 [INFO]   工具结果：轨迹 344 帧 337-356，原始 3 帧，展示 3 帧（步长 1）
18:57:25 [INFO]   步骤 4：调用 compare_appearances({'frame_ids': [337, 344, 356]})
18:57:25 [INFO]   工具结果：轨迹 344：帧337 vs 帧356，外观有差异，可能存在遮挡或光照变化
18:57:26 [INFO]   步骤 5：调用 replay_segment({'start_frame': 337, 'end_frame': 356})
18:57:26 [INFO]   工具结果：轨迹 344 帧 337-356，原始 3 帧，展示 3 帧（步长 1）
18:57:27 [INFO]   步骤 6：调用 check_nearby_tracks({'track_id': 344, 'frame_ids': [337, 344, 356]})
18:57:27 [INFO]   工具结果：帧 337 轨迹 344 附近（150px）：发现 2 个附近轨迹：ID 329（距离81.2px），ID 359（距离128.6px）
18:57:27 [WARNING] 轨迹 344 达到最大调查步数，使用初始判断
18:57:27 [INFO]   → 确认：调查步数耗尽，沿用阶段一结论：目标在337帧至356帧间中断，消失超过5帧。
18:57:27 [INFO] [13/30] 调查轨迹 345
18:57:27 [INFO] 开始调查轨迹 345（drift）
18:57:28 [INFO]   步骤 1：调用 replay_segment({'start_frame': 436, 'end_frame': 506})
18:57:28 [INFO]   工具结果：轨迹 345 帧 436-506，原始 34 帧，展示 32 帧（步长 2）
18:57:29 [INFO]   步骤 2：调用 check_nearby_tracks({'track_id': 345, 'frame_range': [436, 506]})
18:57:29 [INFO]   工具结果：帧 471 轨迹 345 附近（150px）：发现 12 个附近轨迹：ID 330（距离26.8px），ID 332（距离113.4px），ID 334（距离44.3px），ID 338（距离63.7
18:57:36 [INFO]   步骤 3：调用 replay_segment({'start_frame': 436, 'end_frame': 506})
18:57:36 [INFO]   工具结果：轨迹 345 帧 436-506，原始 34 帧，展示 32 帧（步长 2）
18:57:38 [INFO]   步骤 4：调用 compare_appearances({'frame1': 436, 'frame2': 440})
18:57:38 [INFO]   工具结果：缺少 frame_id_a/frame_id_b
18:57:39 [INFO]   步骤 5：调用 replay_segment({'start_frame': 436, 'end_frame': 440})
18:57:39 [INFO]   工具结果：轨迹 345 帧 436-440，原始 5 帧，展示 5 帧（步长 1）
18:57:40 [INFO]   步骤 6：调用 zoom_region({'frame_id': 440, 'region': [400, 100, 500, 200]})
18:57:41 [INFO]   工具结果：轨迹 345 第 440 帧放大 3.0x，已锐化
18:57:41 [WARNING] 轨迹 345 达到最大调查步数，使用初始判断
18:57:41 [INFO]   → 确认：调查步数耗尽，沿用阶段一结论：最大位移较大，且在第440帧出现异常跳变。
18:57:41 [INFO] [14/30] 调查轨迹 347
18:57:41 [INFO] 开始调查轨迹 347（miss）
18:57:41 [INFO]   步骤 1：调用 replay_segment({'start_frame': 441, 'end_frame': 505})
18:57:41 [INFO]   工具结果：轨迹 347 帧 441-505，原始 11 帧，展示 11 帧（步长 2）
18:57:42 [INFO]   步骤 2：调用 check_nearby_tracks({'track_id': 347, 'frame_range': [443, 456]})
18:57:42 [INFO]   工具结果：帧 449 轨迹 347 附近（150px）：发现 6 个附近轨迹：ID 329（距离122.3px），ID 345（距离125.8px），ID 349（距离95.9px），ID 351（距离121.
18:57:43 [INFO]   步骤 3：调用 replay_segment({'start_frame': 443, 'end_frame': 456})
18:57:43 [INFO]   工具结果：轨迹 347 帧 443-456，原始 2 帧，展示 2 帧（步长 1）
18:57:44 [INFO]   步骤 4：调用 compare_appearances({'frame1': 443, 'frame2': 456})
18:57:44 [INFO]   工具结果：缺少 frame_id_a/frame_id_b
18:57:45 [INFO]   步骤 5：调用 replay_segment({'start_frame': 443, 'end_frame': 456})
18:57:45 [INFO]   工具结果：轨迹 347 帧 443-456，原始 2 帧，展示 2 帧（步长 1）
18:57:46 [INFO]   步骤 6：调用 compare_appearances({'frame1': 443, 'frame2': 456})
18:57:46 [INFO]   工具结果：缺少 frame_id_a/frame_id_b
18:57:46 [WARNING] 轨迹 347 达到最大调查步数，使用初始判断
18:57:46 [INFO]   → 确认：调查步数耗尽，沿用阶段一结论：目标在第443帧后消失，持续13帧。
18:57:46 [INFO] [15/30] 调查轨迹 349
18:57:46 [INFO] 开始调查轨迹 349（miss）
18:57:46 [INFO]   步骤 1：调用 replay_segment({'start_frame': 681, 'end_frame': 691})
18:57:46 [INFO]   工具结果：轨迹 349 帧 681-691，原始 2 帧，展示 2 帧（步长 1）
18:57:47 [INFO]   步骤 2：调用 check_nearby_tracks({'track_id': 349, 'frame_range': [681, 691]})
18:57:47 [INFO]   工具结果：帧 686 轨迹 349 附近（150px）：发现 3 个附近轨迹：ID 351（距离7.6px），ID 363（距离115.0px），ID 366（距离142.2px）
18:57:48 [INFO]   步骤 3：调用 replay_segment({'start_frame': 681, 'end_frame': 691})
18:57:48 [INFO]   工具结果：轨迹 349 帧 681-691，原始 2 帧，展示 2 帧（步长 1）
18:57:49 [INFO]   步骤 4：调用 check_nearby_tracks({'track_id': 349, 'frame_range': [681, 691]})
18:57:49 [INFO]   工具结果：帧 686 轨迹 349 附近（150px）：发现 3 个附近轨迹：ID 351（距离7.6px），ID 363（距离115.0px），ID 366（距离142.2px）
18:57:50 [INFO]   步骤 5：调用 compare_appearances({'frame1': 681, 'frame2': 691})
18:57:50 [INFO]   工具结果：缺少 frame_id_a/frame_id_b
18:57:51 [INFO]   步骤 6：调用 replay_segment({'start_frame': 681, 'end_frame': 691})
18:57:51 [INFO]   工具结果：轨迹 349 帧 681-691，原始 2 帧，展示 2 帧（步长 1）
18:57:51 [WARNING] 轨迹 349 达到最大调查步数，使用初始判断
18:57:51 [INFO]   → 确认：调查步数耗尽，沿用阶段一结论：轨迹在681帧后中断，目标消失超过5帧。
18:57:51 [INFO] [16/30] 调查轨迹 350
18:57:51 [INFO] 开始调查轨迹 350（drift）
18:57:52 [INFO]   步骤 1：调用 replay_segment({'start_frame': 555, 'end_frame': 587})
18:57:52 [INFO]   工具结果：轨迹 350 帧 555-587，原始 24 帧，展示 24 帧（步长 1）
18:57:53 [INFO]   步骤 2：调用 check_nearby_tracks({'track_id': 350, 'frame_range': [555, 587]})
18:57:53 [INFO]   工具结果：帧 571 轨迹 350 附近（150px）：发现 12 个附近轨迹：ID 328（距离122.7px），ID 330（距离112.9px），ID 334（距离142.1px），ID 338（距离72
18:57:54 [INFO]   步骤 3：调用 compare_appearances({'frame_id': 574, 'track_id': 350, 'reference_frame_id': 555})
18:57:54 [INFO]   工具结果：轨迹 350：帧555 vs 帧556，外观基本一致，非 ID 切换
18:57:55 [INFO]   步骤 4：调用 replay_segment({'start_frame': 555, 'end_frame': 587})
18:57:55 [INFO]   工具结果：轨迹 350 帧 555-587，原始 24 帧，展示 24 帧（步长 1）
18:57:56 [INFO]   步骤 5：调用 check_nearby_tracks({'track_id': 350, 'frame_range': [555, 587]})
18:57:56 [INFO]   工具结果：帧 571 轨迹 350 附近（150px）：发现 12 个附近轨迹：ID 328（距离122.7px），ID 330（距离112.9px），ID 334（距离142.1px），ID 338（距离72
18:57:58 [INFO]   步骤 6：调用 compare_appearances({'frame_id': 574, 'track_id': 350, 'reference_frame_id': 555})
18:57:58 [INFO]   工具结果：轨迹 350：帧555 vs 帧556，外观基本一致，非 ID 切换
18:57:58 [WARNING] 轨迹 350 达到最大调查步数，使用初始判断
18:57:58 [INFO]   → 确认：调查步数耗尽，沿用阶段一结论：最大位移为125.6，表明存在显著位置跳变。
18:57:58 [INFO] [17/30] 调查轨迹 351
18:57:58 [INFO] 开始调查轨迹 351（drift）
18:57:58 [INFO]   步骤 1：调用 replay_segment({'start_frame': 584, 'end_frame': 761})
18:57:58 [INFO]   工具结果：轨迹 351 帧 584-761，原始 33 帧，展示 32 帧（步长 4）
18:57:59 [INFO]   步骤 2：调用 check_nearby_tracks({'frame_ids': [584, 761]})
18:57:59 [INFO]   工具结果：帧 584 轨迹 351 附近（150px）：发现 9 个附近轨迹：ID 328（距离101.7px），ID 332（距离124.6px），ID 347（距离80.4px），ID 350（距离139.
18:58:01 [INFO]   步骤 3：调用 compare_appearances({'frame_id': 584, 'target_track_id': 351, 'reference_track_id': 350})
18:58:01 [INFO]   工具结果：轨迹 351：帧584 vs 帧585，外观基本一致，非 ID 切换
18:58:02 [INFO]   步骤 4：调用 compare_appearances({'frame_id': 585, 'target_track_id': 351, 'reference_track_id': 350})
18:58:02 [INFO]   工具结果：轨迹 351：帧585 vs 帧586，外观基本一致，非 ID 切换
18:58:03 [INFO]   步骤 5：调用 compare_appearances({'frame_id': 586, 'target_track_id': 351, 'reference_track_id': 350})
18:58:03 [INFO]   工具结果：轨迹 351：帧586 vs 帧587，外观基本一致，非 ID 切换
18:58:05 [INFO]   步骤 6：调用 compare_appearances({'frame_id': 587, 'target_track_id': 351, 'reference_track_id': 350})
18:58:05 [INFO]   工具结果：轨迹 351：帧587 vs 帧588，外观基本一致，非 ID 切换
18:58:05 [WARNING] 轨迹 351 达到最大调查步数，使用初始判断
18:58:05 [INFO]   → 确认：调查步数耗尽，沿用阶段一结论：最大位移较大且多次跳跃，不符合预期运动规律。
18:58:05 [INFO] [18/30] 调查轨迹 352
18:58:05 [INFO] 开始调查轨迹 352（miss）
18:58:05 [INFO]   步骤 1：调用 replay_segment({'start_frame': 560, 'end_frame': 631})
18:58:05 [INFO]   工具结果：轨迹 352 帧 560-631，原始 9 帧，展示 9 帧（步长 2）
18:58:06 [INFO]   步骤 2：调用 check_nearby_tracks({'track_id': 352, 'frame_range': [561, 577]})
18:58:06 [INFO]   工具结果：帧 569 轨迹 352 附近（150px）：发现 13 个附近轨迹：ID 328（距离123.6px），ID 329（距离134.6px），ID 330（距离80.2px），ID 334（距离107
18:58:07 [INFO]   步骤 3：调用 replay_segment({'start_frame': 561, 'end_frame': 577})
18:58:07 [INFO]   工具结果：轨迹 352 帧 561-577，原始 2 帧，展示 2 帧（步长 1）
18:58:08 [INFO]   步骤 4：调用 compare_appearances({'frame1': 561, 'frame2': 577})
18:58:08 [INFO]   工具结果：缺少 frame_id_a/frame_id_b
18:58:09 [INFO]   步骤 5：调用 replay_segment({'start_frame': 560, 'end_frame': 578})
18:58:09 [INFO]   工具结果：轨迹 352 帧 560-578，原始 4 帧，展示 4 帧（步长 1）
18:58:10 [INFO]   步骤 6：调用 check_nearby_tracks({'track_id': 352, 'frame_range': [561, 577]})
18:58:10 [INFO]   工具结果：帧 569 轨迹 352 附近（150px）：发现 13 个附近轨迹：ID 328（距离123.6px），ID 329（距离134.6px），ID 330（距离80.2px），ID 334（距离107
18:58:10 [WARNING] 轨迹 352 达到最大调查步数，使用初始判断
18:58:10 [INFO]   → 确认：调查步数耗尽，沿用阶段一结论：目标在第561帧到第577帧间中断，消失超过5帧。
18:58:10 [INFO] [19/30] 调查轨迹 353
18:58:10 [INFO] 开始调查轨迹 353（miss）
18:58:11 [INFO]   步骤 1：调用 replay_segment({'start_frame': 612, 'end_frame': 624})
18:58:11 [INFO]   工具结果：轨迹 353 帧 612-624，原始 5 帧，展示 5 帧（步长 1）
18:58:12 [INFO]   步骤 2：调用 check_nearby_tracks({'track_id': 353, 'frame_range': [612, 624]})
18:58:12 [INFO]   工具结果：帧 618 轨迹 353 附近（150px）：发现 8 个附近轨迹：ID 328（距离111.4px），ID 332（距离81.7px），ID 347（距离62.7px），ID 348（距离123.6
18:58:13 [INFO]   步骤 3：调用 compare_appearances({'frame_id': 613, 'frame_id_to_compare': 612})
18:58:13 [INFO]   工具结果：轨迹 353：帧613 vs 帧614，外观基本一致，非 ID 切换
18:58:14 [INFO]   步骤 4：调用 compare_appearances({'frame_id': 614, 'frame_id_to_compare': 622})
18:58:14 [INFO]   工具结果：轨迹 353：帧614 vs 帧615，外观基本一致，非 ID 切换
18:58:15 [INFO]   步骤 5：调用 compare_appearances({'frame_id': 615, 'frame_id_to_compare': 622})
18:58:15 [INFO]   工具结果：轨迹 353：帧615 vs 帧616，外观基本一致，非 ID 切换
18:58:16 [INFO]   步骤 6：调用 compare_appearances({'frame_id': 616, 'frame_id_to_compare': 622})
18:58:16 [INFO]   工具结果：轨迹 353：帧616 vs 帧617，外观基本一致，非 ID 切换
18:58:16 [WARNING] 轨迹 353 达到最大调查步数，使用初始判断
18:58:16 [INFO]   → 确认：调查步数耗尽，沿用阶段一结论：目标在第613帧后消失，持续9帧。
18:58:16 [INFO] [20/30] 调查轨迹 354
18:58:16 [INFO] 开始调查轨迹 354（drift）
18:58:16 [INFO]   步骤 1：调用 replay_segment({'start_frame': 713, 'end_frame': 732})
18:58:16 [INFO]   工具结果：轨迹 354 帧 713-732，原始 7 帧，展示 7 帧（步长 1）
18:58:17 [INFO]   步骤 2：调用 check_nearby_tracks({'track_id': 354, 'frame_range': [713, 732]})
18:58:17 [INFO]   工具结果：帧 722 轨迹 354 附近（150px）：发现 8 个附近轨迹：ID 328（距离100.9px），ID 332（距离133.2px），ID 342（距离49.7px），ID 350（距离57.1
18:58:18 [INFO]   步骤 3：调用 compare_appearances({'frame_id': 722, 'track_id': 354})
18:58:18 [INFO]   工具结果：轨迹 354：帧722 vs 帧723，外观基本一致，非 ID 切换
18:58:19 [INFO]   步骤 4：调用 replay_segment({'start_frame': 722, 'end_frame': 732})
18:58:19 [INFO]   工具结果：轨迹 354 帧 722-732，原始 6 帧，展示 6 帧（步长 1）
18:58:20 [INFO]   步骤 5：调用 check_nearby_tracks({'track_id': 354, 'frame_range': [722, 732]})
18:58:20 [INFO]   工具结果：帧 727 轨迹 354 附近（150px）：发现 9 个附近轨迹：ID 328（距离2.3px），ID 332（距离116.8px），ID 342（距离71.9px），ID 350（距离63.1px
18:58:21 [INFO]   步骤 6：调用 compare_appearances({'frame_id': 727, 'track_id': 354})
18:58:21 [INFO]   工具结果：轨迹 354：帧727 vs 帧728，外观基本一致，非 ID 切换
18:58:21 [WARNING] 轨迹 354 达到最大调查步数，使用初始判断
18:58:21 [INFO]   → 确认：调查步数耗尽，沿用阶段一结论：目标位置在713帧至732帧间发生异常跳变，不符合运动规律。
18:58:21 [INFO] [21/30] 调查轨迹 355
18:58:21 [INFO] 开始调查轨迹 355（drift）
18:58:22 [INFO]   步骤 1：调用 replay_segment({'start_frame': 874, 'end_frame': 1202})
18:58:22 [INFO]   工具结果：轨迹 355 帧 874-1202，原始 37 帧，展示 32 帧（步长 7）
18:58:23 [INFO]   步骤 2：调用 check_nearby_tracks({})
18:58:23 [INFO]   工具结果：缺少 frame_id/track_id
18:58:24 [INFO]   步骤 3：调用 zoom_region({'frame_id': 874, 'region': [100, 100, 200, 200]})
18:58:24 [INFO]   工具结果：轨迹 355 第 874 帧放大 3.0x，已锐化
18:58:26 [INFO]   步骤 4：调用 zoom_region({'frame_id': 881, 'region': [100, 100, 200, 200]})
18:58:26 [INFO]   工具结果：轨迹 355 第 881 帧放大 3.0x，已锐化
18:58:30 [INFO]   步骤 5：调用 compare_appearances({'frame_id_1': 874, 'frame_id_2': 881})
18:58:30 [INFO]   工具结果：轨迹 355：帧874 vs 帧881，外观基本一致，非 ID 切换
18:58:40 [INFO]   → 误报：在可疑帧874和881之间，目标外观基本一致，未发现ID切换。但存在显著的位移变化，确认为drift。
18:58:40 [INFO] [22/30] 调查轨迹 356
18:58:40 [INFO] 开始调查轨迹 356（drift）
18:58:41 [INFO]   步骤 1：调用 replay_segment({'start_frame': 706, 'end_frame': 1200})
18:58:41 [INFO]   工具结果：轨迹 356 帧 706-1200，原始 42 帧，展示 32 帧（步长 11）
18:58:42 [INFO]   步骤 2：调用 check_nearby_tracks({'start_frame': 706, 'end_frame': 1200})
18:58:42 [INFO]   工具结果：缺少 frame_id/track_id
18:58:43 [INFO]   步骤 3：调用 replay_segment({'start_frame': 977, 'end_frame': 980})
18:58:43 [INFO]   工具结果：轨迹 356 帧 977-980，原始 4 帧，展示 4 帧（步长 1）
18:58:44 [INFO]   步骤 4：调用 zoom_region({'frame_id': 978, 'region': [250, 100, 350, 200]})
18:58:44 [INFO]   工具结果：轨迹 356 第 978 帧放大 3.0x，已锐化
18:58:46 [INFO]   步骤 5：调用 compare_appearances({'frame_id_1': 977, 'frame_id_2': 978})
18:58:46 [INFO]   工具结果：轨迹 356：帧977 vs 帧978，外观基本一致，非 ID 切换
18:58:48 [INFO]   步骤 6：调用 replay_segment({'start_frame': 977, 'end_frame': 980})
18:58:48 [INFO]   工具结果：轨迹 356 帧 977-980，原始 4 帧，展示 4 帧（步长 1）
18:58:48 [WARNING] 轨迹 356 达到最大调查步数，使用初始判断
18:58:48 [INFO]   → 确认：调查步数耗尽，沿用阶段一结论：最大位移137.87帧内有显著跳变，不符合运动规律。
18:58:48 [INFO] [23/30] 调查轨迹 357
18:58:48 [INFO] 开始调查轨迹 357（drift）
18:58:49 [INFO]   步骤 1：调用 replay_segment({'start_frame': 875, 'end_frame': 1132})
18:58:49 [INFO]   工具结果：轨迹 357 帧 875-1132，原始 42 帧，展示 32 帧（步长 6）
18:58:53 [INFO]   步骤 2：调用 check_nearby_tracks({'frame_ids': [875, 881, 887, 893, 905, 911, 917, 932, 938, 944, 956, 962, 968, 980, 988, 994, 1006, 1012, 1018, 1034, 1040, 1046, 1058, 1064, 1070, 1082, 1088, 1094, 1106, 1112, 1118, 1130]})
18:58:53 [INFO]   工具结果：帧 875 轨迹 357 附近（150px）：发现 4 个附近轨迹：ID 343（距离149.1px），ID 359（距离103.7px），ID 362（距离58.5px），ID 363（距离118.
18:58:55 [INFO]   步骤 3：调用 compare_appearances({'frame_id': 875, 'track_id': 357, 'nearby_track_ids': [343, 359, 362, 363]})
18:58:55 [INFO]   工具结果：轨迹 357：帧875 vs 帧876，外观基本一致，非 ID 切换
18:58:56 [INFO]   步骤 4：调用 replay_segment({'start_frame': 875, 'end_frame': 881})
18:58:56 [INFO]   工具结果：轨迹 357 帧 875-881，原始 7 帧，展示 7 帧（步长 1）
18:58:57 [INFO]   步骤 5：调用 zoom_region({'frame_id': 875, 'region': [20, 20, 100, 100]})
18:58:57 [INFO]   工具结果：轨迹 357 第 875 帧放大 3.0x，已锐化
18:58:59 [INFO]   步骤 6：调用 replay_segment({'start_frame': 875, 'end_frame': 881})
18:58:59 [INFO]   工具结果：轨迹 357 帧 875-881，原始 7 帧，展示 7 帧（步长 1）
18:58:59 [WARNING] 轨迹 357 达到最大调查步数，使用初始判断
18:58:59 [INFO]   → 确认：调查步数耗尽，沿用阶段一结论：目标在875帧后位置异常跳变，最大位移达137.36。
18:58:59 [INFO] [24/30] 调查轨迹 358
18:58:59 [INFO] 开始调查轨迹 358（drift）
18:59:00 [INFO]   步骤 1：调用 replay_segment({'start_frame': 911, 'end_frame': 916})
18:59:00 [INFO]   工具结果：轨迹 358 帧 911-916，原始 6 帧，展示 6 帧（步长 1）
18:59:01 [INFO]   步骤 2：调用 check_nearby_tracks({'track_id': 358, 'frame_range': [911, 916]})
18:59:01 [INFO]   工具结果：帧 913 轨迹 358 附近（150px）：附近无其他轨迹
18:59:02 [INFO]   步骤 3：调用 zoom_region({'frame_id': 913, 'region': [466, 98, 624, 294]})
18:59:02 [INFO]   工具结果：轨迹 358 第 913 帧放大 3.0x，已锐化
18:59:04 [INFO]   步骤 4：调用 compare_appearances({'frame1': 912, 'frame2': 913})
18:59:04 [INFO]   工具结果：缺少 frame_id_a/frame_id_b
18:59:06 [INFO]   步骤 5：调用 replay_segment({'start_frame': 912, 'end_frame': 913})
18:59:06 [INFO]   工具结果：轨迹 358 帧 912-913，原始 2 帧，展示 2 帧（步长 1）
18:59:07 [INFO]   步骤 6：调用 compare_appearances({'frame1': 912, 'frame2': 913})
18:59:07 [INFO]   工具结果：缺少 frame_id_a/frame_id_b
18:59:07 [WARNING] 轨迹 358 达到最大调查步数，使用初始判断
18:59:07 [INFO]   → 确认：调查步数耗尽，沿用阶段一结论：最大位移发生在第916帧，位置异常跳变。
18:59:07 [INFO] [25/30] 调查轨迹 359
18:59:07 [INFO] 开始调查轨迹 359（drift）
18:59:08 [INFO]   步骤 1：调用 replay_segment({'start_frame': 876, 'end_frame': 878})
18:59:08 [INFO]   工具结果：轨迹 359 帧 876-878，原始 3 帧，展示 3 帧（步长 1）
18:59:09 [INFO]   步骤 2：调用 zoom_region({'frame_id': 877, 'region': [150, 50, 200, 100]})
18:59:09 [INFO]   工具结果：轨迹 359 第 877 帧放大 3.0x，已锐化
18:59:10 [INFO]   步骤 3：调用 check_nearby_tracks({'frame_id': 877, 'radius': 50})
18:59:10 [INFO]   工具结果：帧 877 轨迹 359 附近（50px）：发现 1 个附近轨迹：ID 362（距离32.3px）
18:59:12 [INFO]   步骤 4：调用 compare_appearances({'frame_id': 876, 'target_id': 359, 'compare_id': 362})
18:59:12 [INFO]   工具结果：轨迹 359：帧876 vs 帧877，外观基本一致，非 ID 切换
18:59:14 [INFO]   步骤 5：调用 replay_segment({'start_frame': 876, 'end_frame': 878})
18:59:14 [INFO]   工具结果：轨迹 359 帧 876-878，原始 3 帧，展示 3 帧（步长 1）
18:59:15 [INFO]   步骤 6：调用 check_nearby_tracks({'frame_id': 877, 'radius': 50})
18:59:15 [INFO]   工具结果：帧 877 轨迹 359 附近（50px）：发现 1 个附近轨迹：ID 362（距离32.3px）
18:59:15 [WARNING] 轨迹 359 达到最大调查步数，使用初始判断
18:59:15 [INFO]   → 确认：调查步数耗尽，沿用阶段一结论：最大位移帧877处目标位置异常跳变
18:59:15 [INFO] [26/30] 调查轨迹 360
18:59:15 [INFO] 开始调查轨迹 360（drift）
18:59:16 [INFO]   步骤 1：调用 replay_segment({'start_frame': 848, 'end_frame': 1202})
18:59:16 [INFO]   工具结果：轨迹 360 帧 848-1202，原始 40 帧，展示 32 帧（步长 8）
18:59:17 [INFO]   步骤 2：调用 check_nearby_tracks({'start_frame': 848, 'end_frame': 1202})
18:59:17 [INFO]   工具结果：缺少 frame_id/track_id
18:59:18 [INFO]   步骤 3：调用 zoom_region({'frame_id': 1077, 'region': [532, 236, 618, 406]})
18:59:18 [INFO]   工具结果：轨迹 360 第 1077 帧放大 3.0x，已锐化
18:59:20 [INFO]   步骤 4：调用 compare_appearances({'frame_1': 1076, 'frame_2': 1077})
18:59:20 [INFO]   工具结果：轨迹 360：帧1076 vs 帧1077，外观基本一致，非 ID 切换
18:59:23 [INFO]   → 误报：在可疑帧范围内，轨迹360的外观变化不大，未发现明显的ID切换。但存在显著的位置跳变，确认为drift嫌疑。
18:59:23 [INFO] [27/30] 调查轨迹 364
18:59:23 [INFO] 开始调查轨迹 364（miss）
18:59:24 [INFO]   步骤 1：调用 replay_segment({'start_frame': 1127, 'end_frame': 1140})
18:59:24 [INFO]   工具结果：轨迹 364 帧 1127-1140，原始 2 帧，展示 2 帧（步长 1）
18:59:25 [INFO]   步骤 2：调用 check_nearby_tracks({'track_id': 364, 'frame_range': [1127, 1140]})
18:59:25 [INFO]   工具结果：帧 1133 轨迹 364 附近（150px）：发现 7 个附近轨迹：ID 331（距离25.1px），ID 335（距离140.5px），ID 337（距离71.0px），ID 344（距离93.1
18:59:26 [INFO]   步骤 3：调用 compare_appearances({'frame_id': 1127, 'target_id': 364, 'compare_id': 331, 'threshold': 0.5})
18:59:26 [INFO]   工具结果：轨迹 364：帧1127 vs 帧1128，外观基本一致，非 ID 切换
18:59:27 [INFO]   步骤 4：调用 compare_appearances({'frame_id': 1127, 'target_id': 364, 'compare_id': 335, 'threshold': 0.5})
18:59:27 [INFO]   工具结果：轨迹 364：帧1127 vs 帧1128，外观基本一致，非 ID 切换
18:59:29 [INFO]   步骤 5：调用 compare_appearances({'frame_id': 1127, 'target_id': 364, 'compare_id': 337, 'threshold': 0.5})
18:59:29 [INFO]   工具结果：轨迹 364：帧1127 vs 帧1128，外观基本一致，非 ID 切换
18:59:30 [INFO]   步骤 6：调用 compare_appearances({'frame_id': 1127, 'target_id': 364, 'compare_id': 344, 'threshold': 0.5})
18:59:30 [INFO]   工具结果：轨迹 364：帧1127 vs 帧1128，外观基本一致，非 ID 切换
18:59:30 [WARNING] 轨迹 364 达到最大调查步数，使用初始判断
18:59:30 [INFO]   → 确认：调查步数耗尽，沿用阶段一结论：目标在1127至1140帧间中断，消失超过5帧。
18:59:30 [INFO] [28/30] 调查轨迹 365
18:59:30 [INFO] 开始调查轨迹 365（miss）
18:59:30 [INFO]   步骤 1：调用 replay_segment({'start_frame': 1021, 'end_frame': 1032})
18:59:30 [INFO]   工具结果：轨迹 365 帧 1021-1032，原始 2 帧，展示 2 帧（步长 1）
18:59:31 [INFO]   步骤 2：调用 check_nearby_tracks({'track_id': 365, 'frame_range': [1021, 1032]})
18:59:31 [INFO]   工具结果：帧 1026 轨迹 365 附近（150px）：发现 6 个附近轨迹：ID 329（距离145.8px），ID 330（距离147.0px），ID 338（距离112.3px），ID 339（距离14
18:59:32 [INFO]   步骤 3：调用 replay_segment({'start_frame': 1026, 'end_frame': 1032})
18:59:32 [INFO]   工具结果：轨迹 365 帧 1026-1032，原始 1 帧，展示 1 帧（步长 1）
18:59:33 [INFO]   步骤 4：调用 check_nearby_tracks({'track_id': 365, 'frame_range': [1026, 1032]})
18:59:33 [INFO]   工具结果：帧 1029 轨迹 365 附近（150px）：发现 3 个附近轨迹：ID 355（距离56.9px），ID 356（距离59.9px），ID 358（距离135.3px）
18:59:34 [INFO]   步骤 5：调用 replay_segment({'start_frame': 1029, 'end_frame': 1032})
18:59:34 [INFO]   工具结果：轨迹 365 帧 1029-1032，原始 1 帧，展示 1 帧（步长 1）
18:59:35 [INFO]   步骤 6：调用 compare_appearances({'frame_1': 1029, 'frame_2': 1032})
18:59:35 [INFO]   工具结果：轨迹 365：帧1029 vs 帧1032，外观基本一致，非 ID 切换
18:59:35 [WARNING] 轨迹 365 达到最大调查步数，使用初始判断
18:59:35 [INFO]   → 确认：调查步数耗尽，沿用阶段一结论：目标在第1021帧至第1032帧间中断，持续11帧。
18:59:35 [INFO] [29/30] 调查轨迹 367
18:59:35 [INFO] 开始调查轨迹 367（drift）
18:59:42 [INFO]   步骤 1：调用 replay_segment({'start_frame': 1108, 'end_frame': 1202})
18:59:42 [INFO]   工具结果：轨迹 367 帧 1108-1202，原始 48 帧，展示 32 帧（步长 2）
18:59:43 [INFO]   步骤 2：调用 check_nearby_tracks({'start_frame': 1108, 'end_frame': 1202})
18:59:43 [INFO]   工具结果：缺少 frame_id/track_id
18:59:44 [INFO]   步骤 3：调用 compare_appearances({'frame_id': 1127, 'track_id': 367})
18:59:44 [INFO]   工具结果：轨迹 367：帧1127 vs 帧1128，外观基本一致，非 ID 切换
18:59:45 [INFO]   步骤 4：调用 zoom_region({'frame_id': 1127, 'region': [160, 100, 200, 150], 'track_id': 367})
18:59:45 [INFO]   工具结果：轨迹 367 第 1127 帧放大 3.0x，已锐化
18:59:47 [INFO]   步骤 5：调用 replay_segment({'start_frame': 1108, 'end_frame': 1202})
18:59:47 [INFO]   工具结果：轨迹 367 帧 1108-1202，原始 48 帧，展示 32 帧（步长 2）
18:59:49 [INFO]   步骤 6：调用 check_nearby_tracks({'start_frame': 1108, 'end_frame': 1202})
18:59:49 [INFO]   工具结果：缺少 frame_id/track_id
18:59:49 [WARNING] 轨迹 367 达到最大调查步数，使用初始判断
18:59:49 [INFO]   → 确认：调查步数耗尽，沿用阶段一结论：最大位移较大，且在特定帧出现异常跳变。
18:59:49 [INFO] [30/30] 调查轨迹 369
18:59:49 [INFO] 开始调查轨迹 369（drift）
18:59:50 [INFO]   步骤 1：调用 replay_segment({'start_frame': 1157, 'end_frame': 1202})
18:59:50 [INFO]   工具结果：轨迹 369 帧 1157-1202，原始 32 帧，展示 32 帧（步长 1）
18:59:51 [INFO]   步骤 2：调用 check_nearby_tracks({'track_id': 369, 'frame_range': [1157, 1202]})
18:59:51 [INFO]   工具结果：帧 1179 轨迹 369 附近（150px）：发现 2 个附近轨迹：ID 333（距离136.8px），ID 354（距离69.9px）
18:59:52 [INFO]   步骤 3：调用 compare_appearances({'frame_id': 1179, 'track_id': 369, 'reference_frame_id': 1178})
18:59:52 [INFO]   工具结果：轨迹 369：帧1178 vs 帧1179，外观基本一致，非 ID 切换
18:59:53 [INFO]   步骤 4：调用 replay_segment({'start_frame': 1178, 'end_frame': 1185})
18:59:53 [INFO]   工具结果：轨迹 369 帧 1178-1185，原始 3 帧，展示 3 帧（步长 1）
18:59:54 [INFO]   步骤 5：调用 check_nearby_tracks({'track_id': 369, 'frame_range': [1178, 1185]})
18:59:54 [INFO]   工具结果：帧 1181 轨迹 369 附近（150px）：发现 2 个附近轨迹：ID 333（距离136.8px），ID 354（距离77.1px）
18:59:55 [INFO]   步骤 6：调用 compare_appearances({'frame_id': 1181, 'track_id': 369, 'reference_frame_id': 1180})
18:59:55 [INFO]   工具结果：轨迹 369：帧1180 vs 帧1181，外观基本一致，非 ID 切换
18:59:55 [WARNING] 轨迹 369 达到最大调查步数，使用初始判断
18:59:55 [INFO]   → 确认：调查步数耗尽，沿用阶段一结论：最大位移较大，且在第1179帧出现异常跳变。
18:59:55 [INFO] ========================================
18:59:55 [INFO] [dancetrack0076] 阶段三：轨迹修正
18:59:55 [INFO] ========================================
18:59:56 [INFO] 修正跳过/失败：track=332 type=miss detail=缺少前后锚点，无法插值补全
18:59:56 [INFO] 正在分析轨迹 339（长度 168 帧）...
18:59:57 [INFO] 修正回滚：track=339 type=drift
18:59:57 [INFO] 正在分析轨迹 340（长度 451 帧）...
18:59:58 [INFO] 修正回滚：track=340 type=drift
18:59:58 [INFO] 正在分析轨迹 349（长度 139 帧）...
19:00:00 [INFO] 修正生效：track=349 type=miss frames=681-691
19:00:00 [INFO] 正在分析轨迹 353（长度 13 帧）...
19:00:01 [INFO] 修正生效：track=353 type=miss frames=613-622
19:00:01 [INFO] 正在分析轨迹 359（长度 317 帧）...
19:00:03 [INFO] 修正回滚：track=359 type=drift
19:00:03 [INFO] 正在分析轨迹 364（长度 161 帧）...
19:00:05 [INFO] 修正回滚：track=364 type=miss
19:00:05 [INFO] [dancetrack0076] 修正后 MOT 已保存至 /public/home/lyh_npu/code/PostMOT/corrected_mot/dancetrack0076.txt
19:00:05 [INFO] [dancetrack0076] 报告已保存至 /public/home/lyh_npu/code/PostMOT/pipeline_report_batch_seq_reports/dancetrack0076.json
19:00:05 [INFO] [26/35] 处理序列 dancetrack0078
19:00:45 [INFO] 加载轨迹 9 条
19:00:45 [INFO] ========================================
19:00:45 [INFO] [dancetrack0078] 阶段一：VLM 轨迹巡检
19:00:45 [INFO] ========================================
19:00:45 [INFO] 正在分析轨迹 648（长度 1203 帧）...
19:00:47 [INFO] [可疑] 轨迹 648 — drift 置信度 0.80：最大位移较大，存在异常跳变。
19:00:47 [INFO] 正在分析轨迹 649（长度 1199 帧）...
19:00:49 [INFO] [可疑] 轨迹 649 — drift 置信度 0.80：最大位移为140.8，表明存在显著位置跳变。
19:00:49 [INFO] 正在分析轨迹 650（长度 1198 帧）...
19:00:50 [INFO] [可疑] 轨迹 650 — drift 置信度 0.80：最大位移较大，存在异常跳变。
19:00:50 [INFO] 正在分析轨迹 651（长度 89 帧）...
19:00:52 [INFO] [可疑] 轨迹 651 — miss 置信度 0.80：目标在第84帧至第91帧间中断，消失超过5帧。
19:00:52 [INFO] 正在分析轨迹 652（长度 1203 帧）...
19:00:53 [INFO] [可疑] 轨迹 652 — drift 置信度 0.80：最大位移较大，存在异常跳变。
19:00:53 [INFO] 正在分析轨迹 653（长度 1182 帧）...
19:00:55 [INFO] [可疑] 轨迹 653 — drift 置信度 0.80：目标在217至271帧间位置异常跳变，不符合运动规律。
19:00:55 [INFO] 正在分析轨迹 654（长度 827 帧）...
19:00:56 [INFO] [可疑] 轨迹 654 — miss 置信度 0.80：在第418帧至424帧间，目标轨迹中断。
19:00:56 [INFO] 正在分析轨迹 656（长度 201 帧）...
19:00:58 [INFO] [可疑] 轨迹 656 — drift 置信度 0.80：最大位移25.48帧内有异常跳变
19:00:58 [INFO] [dancetrack0078] 阶段一完成：8 条可疑轨迹，已保存至 /public/home/lyh_npu/code/PostMOT/pipeline_report_batch_seq_reports/dancetrack0078_stage1.json
19:00:58 [INFO] ========================================
19:00:58 [INFO] [dancetrack0078] 阶段二：LLM 工具调用调查
19:00:58 [INFO] ========================================
19:00:58 [INFO] [1/8] 调查轨迹 648
19:00:58 [INFO] 开始调查轨迹 648（drift）
19:00:58 [INFO]   步骤 1：调用 replay_segment({'track_id': 648, 'start_frame': 1, 'end_frame': 1203})
19:00:58 [INFO]   工具结果：轨迹 648 帧 1-1203，原始 47 帧，展示 32 帧（步长 26）
19:00:59 [INFO]   步骤 2：调用 check_nearby_tracks({'track_id': 648, 'start_frame': 1, 'end_frame': 1203})
19:00:59 [INFO]   工具结果：缺少 frame_id/track_id
19:01:00 [INFO]   步骤 3：调用 zoom_region({'frame_id': 163, 'track_id': 648})
19:01:00 [INFO]   工具结果：轨迹 648 第 163 帧放大 3.0x，已锐化
19:01:02 [INFO]   步骤 4：调用 compare_appearances({'frame_id': 163, 'track_id': 648, 'reference_frame_id': 162})
19:01:02 [INFO]   工具结果：轨迹 648：帧162 vs 帧163，外观基本一致，非 ID 切换
19:01:04 [INFO]   步骤 5：调用 replay_segment({'track_id': 648, 'start_frame': 162, 'end_frame': 163})
19:01:04 [INFO]   工具结果：轨迹 648 帧 162-163，原始 2 帧，展示 2 帧（步长 1）
19:01:06 [INFO]   步骤 6：调用 check_nearby_tracks({'track_id': 648, 'start_frame': 162, 'end_frame': 163})
19:01:06 [INFO]   工具结果：缺少 frame_id/track_id
19:01:06 [WARNING] 轨迹 648 达到最大调查步数，使用初始判断
19:01:06 [INFO]   → 确认：调查步数耗尽，沿用阶段一结论：最大位移较大，存在异常跳变。
19:01:06 [INFO] [2/8] 调查轨迹 649
19:01:06 [INFO] 开始调查轨迹 649（drift）
19:01:07 [INFO]   步骤 1：调用 replay_segment({'track_id': 649, 'start_frame': 1, 'end_frame': 1203})
19:01:07 [INFO]   工具结果：轨迹 649 帧 1-1203，原始 47 帧，展示 32 帧（步长 26）
19:01:08 [INFO]   步骤 2：调用 check_nearby_tracks({'track_id': 649, 'start_frame': 1, 'end_frame': 1203})
19:01:08 [INFO]   工具结果：缺少 frame_id/track_id
19:01:12 [INFO]   步骤 3：调用 compare_appearances({'track_id': 649, 'start_frame': 1, 'end_frame': 1203, 'jump_frames': [155, 160, 161, 162, 163, 171, 243, 247, 407, 413, 414, 415, 419, 431, 434, 451, 463, 464, 474, 583, 586, 591, 823, 827]})
19:01:12 [INFO]   工具结果：轨迹 649：帧1202 vs 帧1203，外观基本一致，非 ID 切换
19:01:14 [INFO]   步骤 4：调用 zoom_region({'track_id': 649, 'frame_id': 1203, 'region': [100, 100, 200, 200]})
19:01:14 [INFO]   工具结果：轨迹 649 第 1203 帧放大 3.0x，已锐化
19:01:15 [INFO]   步骤 5：调用 replay_segment({'track_id': 649, 'start_frame': 1, 'end_frame': 1203})
19:01:15 [INFO]   工具结果：轨迹 649 帧 1-1203，原始 47 帧，展示 32 帧（步长 26）
19:01:17 [INFO]   步骤 6：调用 check_nearby_tracks({'track_id': 649, 'start_frame': 1, 'end_frame': 1203})
19:01:17 [INFO]   工具结果：缺少 frame_id/track_id
19:01:17 [WARNING] 轨迹 649 达到最大调查步数，使用初始判断
19:01:17 [INFO]   → 确认：调查步数耗尽，沿用阶段一结论：最大位移为140.8，表明存在显著位置跳变。
19:01:17 [INFO] [3/8] 调查轨迹 650
19:01:17 [INFO] 开始调查轨迹 650（drift）
19:01:18 [INFO]   步骤 1：调用 replay_segment({'start_frame': 1, 'end_frame': 1203})
19:01:18 [INFO]   工具结果：轨迹 650 帧 1-1203，原始 47 帧，展示 32 帧（步长 26）
19:01:19 [INFO]   步骤 2：调用 check_nearby_tracks({'track_id': 650, 'frame_range': [1, 1203]})
19:01:19 [INFO]   工具结果：帧 602 轨迹 650 附近（150px）：附近无其他轨迹
19:01:20 [INFO]   步骤 3：调用 replay_segment({'start_frame': 600, 'end_frame': 604})
19:01:20 [INFO]   工具结果：轨迹 650 帧 600-604，原始 5 帧，展示 5 帧（步长 1）
19:01:21 [INFO]   步骤 4：调用 zoom_region({'frame_id': 602, 'region': [212, 138, 338, 324]})
19:01:21 [INFO]   工具结果：轨迹 650 第 602 帧放大 3.0x，已锐化
19:01:23 [INFO]   步骤 5：调用 compare_appearances({'frame_id_1': 600, 'frame_id_2': 602})
19:01:23 [INFO]   工具结果：轨迹 650：帧600 vs 帧602，外观基本一致，非 ID 切换
19:01:25 [INFO]   步骤 6：调用 replay_segment({'start_frame': 598, 'end_frame': 604})
19:01:25 [INFO]   工具结果：轨迹 650 帧 598-604，原始 7 帧，展示 7 帧（步长 1）
19:01:25 [WARNING] 轨迹 650 达到最大调查步数，使用初始判断
19:01:25 [INFO]   → 确认：调查步数耗尽，沿用阶段一结论：最大位移较大，存在异常跳变。
19:01:25 [INFO] [4/8] 调查轨迹 651
19:01:25 [INFO] 开始调查轨迹 651（miss）
19:01:26 [INFO]   步骤 1：调用 replay_segment({'start_frame': 84, 'end_frame': 91})
19:01:26 [INFO]   工具结果：轨迹 651 帧 84-91，原始 2 帧，展示 2 帧（步长 1）
19:01:27 [INFO]   步骤 2：调用 check_nearby_tracks({'track_id': 651, 'frame_range': [84, 91]})
19:01:27 [INFO]   工具结果：帧 87 轨迹 651 附近（150px）：发现 2 个附近轨迹：ID 654（距离42.0px），ID 655（距离9.7px）
19:01:28 [INFO]   步骤 3：调用 replay_segment({'start_frame': 87, 'end_frame': 91})
19:01:28 [INFO]   工具结果：轨迹 651 帧 87-91，原始 1 帧，展示 1 帧（步长 1）
19:01:28 [INFO]   步骤 4：调用 compare_appearances({'frame1': 87, 'frame2': 91})
19:01:28 [INFO]   工具结果：缺少 frame_id_a/frame_id_b
19:01:29 [INFO]   步骤 5：调用 replay_segment({'start_frame': 84, 'end_frame': 91})
19:01:29 [INFO]   工具结果：轨迹 651 帧 84-91，原始 2 帧，展示 2 帧（步长 1）
19:01:30 [INFO]   步骤 6：调用 check_nearby_tracks({'track_id': 651, 'frame_range': [84, 91]})
19:01:30 [INFO]   工具结果：帧 87 轨迹 651 附近（150px）：发现 2 个附近轨迹：ID 654（距离42.0px），ID 655（距离9.7px）
19:01:30 [WARNING] 轨迹 651 达到最大调查步数，使用初始判断
19:01:30 [INFO]   → 确认：调查步数耗尽，沿用阶段一结论：目标在第84帧至第91帧间中断，消失超过5帧。
19:01:30 [INFO] [5/8] 调查轨迹 652
19:01:30 [INFO] 开始调查轨迹 652（drift）
19:01:31 [INFO]   步骤 1：调用 replay_segment({'start_frame': 67, 'end_frame': 71})
19:01:31 [INFO]   工具结果：轨迹 652 帧 67-71，原始 5 帧，展示 5 帧（步长 1）
19:01:32 [INFO]   步骤 2：调用 check_nearby_tracks({'track_id': 652, 'frame_ids': [67, 71]})
19:01:32 [INFO]   工具结果：帧 67 轨迹 652 附近（150px）：附近无其他轨迹
19:01:33 [INFO]   步骤 3：调用 replay_segment({'start_frame': 67, 'end_frame': 71})
19:01:33 [INFO]   工具结果：轨迹 652 帧 67-71，原始 5 帧，展示 5 帧（步长 1）
19:01:34 [INFO]   步骤 4：调用 zoom_region({'frame_id': 67, 'region': [25, 45, 130, 180]})
19:01:34 [INFO]   工具结果：轨迹 652 第 67 帧放大 3.0x，已锐化
19:01:36 [INFO]   步骤 5：调用 compare_appearances({'frame_id': 67, 'target_id': 652, 'reference_frame_id': 68})
19:01:36 [INFO]   工具结果：轨迹 652：帧68 vs 帧69，外观基本一致，非 ID 切换
19:01:37 [INFO]   步骤 6：调用 replay_segment({'start_frame': 67, 'end_frame': 71})
19:01:37 [INFO]   工具结果：轨迹 652 帧 67-71，原始 5 帧，展示 5 帧（步长 1）
19:01:37 [WARNING] 轨迹 652 达到最大调查步数，使用初始判断
19:01:37 [INFO]   → 确认：调查步数耗尽，沿用阶段一结论：最大位移较大，存在异常跳变。
19:01:37 [INFO] [6/8] 调查轨迹 653
19:01:37 [INFO] 开始调查轨迹 653（drift）
19:01:38 [INFO]   步骤 1：调用 replay_segment({'start_frame': 217, 'end_frame': 271})
19:01:38 [INFO]   工具结果：轨迹 653 帧 217-271，原始 28 帧，展示 28 帧（步长 2）
19:01:39 [INFO]   步骤 2：调用 check_nearby_tracks({'track_id': 653, 'frame_range': [217, 271]})
19:01:39 [INFO]   工具结果：帧 244 轨迹 653 附近（150px）：附近无其他轨迹
19:01:40 [INFO]   步骤 3：调用 replay_segment({'start_frame': 217, 'end_frame': 271})
19:01:40 [INFO]   工具结果：轨迹 653 帧 217-271，原始 28 帧，展示 28 帧（步长 2）
19:01:41 [INFO]   步骤 4：调用 compare_appearances({'frame1': 217, 'frame2': 271})
19:01:41 [INFO]   工具结果：缺少 frame_id_a/frame_id_b
19:01:48 [INFO]   步骤 5：调用 replay_segment({'start_frame': 217, 'end_frame': 271})
19:01:48 [INFO]   工具结果：轨迹 653 帧 217-271，原始 28 帧，展示 28 帧（步长 2）
19:01:50 [INFO]   步骤 6：调用 zoom_region({'frame_id': 217, 'region': [100, 100, 200, 200]})
19:01:50 [INFO]   工具结果：轨迹 653 第 217 帧放大 3.0x，已锐化
19:01:50 [WARNING] 轨迹 653 达到最大调查步数，使用初始判断
19:01:50 [INFO]   → 确认：调查步数耗尽，沿用阶段一结论：目标在217至271帧间位置异常跳变，不符合运动规律。
19:01:50 [INFO] [7/8] 调查轨迹 654
19:01:50 [INFO] 开始调查轨迹 654（miss）
19:01:51 [INFO]   步骤 1：调用 replay_segment({'start_frame': 418, 'end_frame': 424})
19:01:51 [INFO]   工具结果：轨迹 654 帧 418-424，原始 2 帧，展示 2 帧（步长 1）
19:01:52 [INFO]   步骤 2：调用 check_nearby_tracks({'frame_id': 424})
19:01:52 [INFO]   工具结果：帧 424 轨迹 654 附近（150px）：发现 2 个附近轨迹：ID 653（距离10.5px），ID 656（距离36.4px）
19:01:52 [INFO]   步骤 3：调用 replay_segment({'start_frame': 418, 'end_frame': 424})
19:01:52 [INFO]   工具结果：轨迹 654 帧 418-424，原始 2 帧，展示 2 帧（步长 1）
19:01:53 [INFO]   步骤 4：调用 compare_appearances({'frame_id_1': 418, 'frame_id_2': 424})
19:01:53 [INFO]   工具结果：轨迹 654：帧418 vs 帧424，外观基本一致，非 ID 切换
19:01:54 [INFO]   步骤 5：调用 replay_segment({'start_frame': 418, 'end_frame': 424})
19:01:54 [INFO]   工具结果：轨迹 654 帧 418-424，原始 2 帧，展示 2 帧（步长 1）
19:01:55 [INFO]   步骤 6：调用 check_nearby_tracks({'frame_id': 424})
19:01:55 [INFO]   工具结果：帧 424 轨迹 654 附近（150px）：发现 2 个附近轨迹：ID 653（距离10.5px），ID 656（距离36.4px）
19:01:55 [WARNING] 轨迹 654 达到最大调查步数，使用初始判断
19:01:55 [INFO]   → 确认：调查步数耗尽，沿用阶段一结论：在第418帧至424帧间，目标轨迹中断。
19:01:55 [INFO] [8/8] 调查轨迹 656
19:01:55 [INFO] 开始调查轨迹 656（drift）
19:01:56 [INFO]   步骤 1：调用 replay_segment({'start_frame': 983, 'end_frame': 1203})
19:01:56 [INFO]   工具结果：轨迹 656 帧 983-1203，原始 41 帧，展示 32 帧（步长 5）
19:01:57 [INFO]   步骤 2：调用 check_nearby_tracks({'start_frame': 983, 'end_frame': 1203})
19:01:57 [INFO]   工具结果：缺少 frame_id/track_id
19:01:58 [INFO]   步骤 3：调用 replay_segment({'start_frame': 1152, 'end_frame': 1174})
19:01:58 [INFO]   工具结果：轨迹 656 帧 1152-1174，原始 5 帧，展示 5 帧（步长 1）
19:01:59 [INFO]   步骤 4：调用 compare_appearances({'frame_1': 1152, 'frame_2': 1161})
19:01:59 [INFO]   工具结果：轨迹 656：帧1152 vs 帧1161，外观基本一致，非 ID 切换
19:02:00 [INFO]   步骤 5：调用 replay_segment({'start_frame': 983, 'end_frame': 987})
19:02:00 [INFO]   工具结果：轨迹 656 帧 983-987，原始 4 帧，展示 4 帧（步长 1）
19:02:01 [INFO]   步骤 6：调用 compare_appearances({'frame_1': 983, 'frame_2': 984})
19:02:01 [INFO]   工具结果：轨迹 656：帧983 vs 帧984，外观基本一致，非 ID 切换
19:02:01 [WARNING] 轨迹 656 达到最大调查步数，使用初始判断
19:02:01 [INFO]   → 确认：调查步数耗尽，沿用阶段一结论：最大位移25.48帧内有异常跳变
19:02:01 [INFO] ========================================
19:02:01 [INFO] [dancetrack0078] 阶段三：轨迹修正
19:02:01 [INFO] ========================================
19:02:01 [INFO] [dancetrack0078] 修正后 MOT 已保存至 /public/home/lyh_npu/code/PostMOT/corrected_mot/dancetrack0078.txt
19:02:01 [INFO] [dancetrack0078] 报告已保存至 /public/home/lyh_npu/code/PostMOT/pipeline_report_batch_seq_reports/dancetrack0078.json
19:02:01 [INFO] [27/35] 处理序列 dancetrack0084
19:02:35 [INFO] 加载轨迹 17 条
19:02:35 [INFO] ========================================
19:02:35 [INFO] [dancetrack0084] 阶段一：VLM 轨迹巡检
19:02:35 [INFO] ========================================
19:02:35 [INFO] 正在分析轨迹 69（长度 1153 帧）...
19:02:37 [INFO] [可疑] 轨迹 69 — drift 置信度 0.90：最大位移异常大，可能是位置跳跃。
19:02:37 [INFO] 正在分析轨迹 70（长度 1165 帧）...
19:02:39 [INFO] [可疑] 轨迹 70 — drift 置信度 0.90：最大位移点处目标位置异常跳变
19:02:39 [INFO] 正在分析轨迹 71（长度 1200 帧）...
19:02:40 [INFO] [可疑] 轨迹 71 — drift 置信度 0.80：最大位移46.55帧内有显著跳变，不符合运动规律。
19:02:40 [INFO] 正在分析轨迹 72（长度 1202 帧）...
19:02:42 [INFO] [可疑] 轨迹 72 — drift 置信度 0.80：最大位移较大，存在异常跳变。
19:02:42 [INFO] 正在分析轨迹 73（长度 1191 帧）...
19:02:43 [INFO] [可疑] 轨迹 73 — drift 置信度 0.80：目标在第62帧到第70帧间位置异常跳变，不符合运动规律。
19:02:43 [INFO] 正在分析轨迹 74（长度 1165 帧）...
19:02:51 [INFO] [可疑] 轨迹 74 — drift 置信度 0.80：最大位移136.9帧内出现，表明存在异常跳变。
19:02:51 [INFO] 正在分析轨迹 75（长度 1193 帧）...
19:02:53 [INFO] [可疑] 轨迹 75 — drift 置信度 0.80：最大位移较大，存在异常跳变。
19:02:53 [INFO] 正在分析轨迹 76（长度 1155 帧）...
19:02:54 [INFO] [可疑] 轨迹 76 — drift 置信度 0.90：最大位移帧816处目标位置异常跳变
19:02:54 [INFO] 正在分析轨迹 77（长度 1195 帧）...
19:02:56 [INFO] [可疑] 轨迹 77 — drift 置信度 0.80：最大位移较大，存在异常跳变。
19:02:56 [INFO] 正在分析轨迹 78（长度 807 帧）...
19:02:57 [INFO] [可疑] 轨迹 78 — drift 置信度 0.80：最大位移较大，且存在多个异常跳变帧。
19:02:57 [INFO] 正在分析轨迹 79（长度 1004 帧）...
19:02:59 [INFO] [可疑] 轨迹 79 — miss 置信度 0.80：轨迹中断，目标在第476帧至第488帧间消失。
19:02:59 [INFO] 正在分析轨迹 80（长度 1202 帧）...
19:03:00 [INFO] [可疑] 轨迹 80 — drift 置信度 0.80：最大位移较大，存在异常跳变。
19:03:00 [INFO] 正在分析轨迹 81（长度 1119 帧）...
19:03:01 [INFO] [可疑] 轨迹 81 — drift 置信度 0.80：最大位移达到93.21，表明存在显著位置跳变。
19:03:01 [INFO] 正在分析轨迹 82（长度 1172 帧）...
19:03:03 [INFO] [可疑] 轨迹 82 — drift 置信度 0.90：最大位移帧为73，位置异常跳变。
19:03:03 [INFO] 正在分析轨迹 83（长度 353 帧）...
19:03:04 [INFO] [可疑] 轨迹 83 — drift 置信度 0.80：最大位移43.64帧内有异常跳变
19:03:04 [INFO] 正在分析轨迹 84（长度 62 帧）...
19:03:06 [INFO] [可疑] 轨迹 84 — drift 置信度 0.90：最大位移为74.05，表明目标位置发生了异常跳变。
19:03:06 [INFO] 正在分析轨迹 85（长度 28 帧）...
19:03:07 [INFO] [可疑] 轨迹 85 — miss 置信度 0.90：轨迹中断，目标消失超过5帧
19:03:07 [INFO] [dancetrack0084] 阶段一完成：17 条可疑轨迹，已保存至 /public/home/lyh_npu/code/PostMOT/pipeline_report_batch_seq_reports/dancetrack0084_stage1.json
19:03:07 [INFO] ========================================
19:03:07 [INFO] [dancetrack0084] 阶段二：LLM 工具调用调查
19:03:07 [INFO] ========================================
19:03:07 [INFO] [1/17] 调查轨迹 69
19:03:07 [INFO] 开始调查轨迹 69（drift）
19:03:08 [INFO]   步骤 1：调用 replay_segment({'start_frame': 59, 'end_frame': 59})
19:03:08 [INFO]   工具结果：轨迹 69 帧 59-59，原始 1 帧，展示 1 帧（步长 1）
19:03:09 [INFO]   步骤 2：调用 zoom_region({'frame_id': 59, 'region': [100, 100, 100, 100]})
19:03:09 [INFO]   工具结果：轨迹 69 第 59 帧放大 3.0x，已锐化
19:03:10 [INFO]   步骤 3：调用 check_nearby_tracks({'frame_id': 59, 'radius': 50})
19:03:10 [INFO]   工具结果：帧 59 轨迹 69 附近（50px）：发现 1 个附近轨迹：ID 73（距离47.9px）
19:03:11 [INFO]   步骤 4：调用 compare_appearances({'frame_id': 59, 'track_id': 69, 'nearby_track_id': 73})
19:03:11 [INFO]   工具结果：轨迹 69：帧59 vs 帧60，外观基本一致，非 ID 切换
19:03:13 [INFO]   步骤 5：调用 replay_segment({'start_frame': 59, 'end_frame': 60})
19:03:13 [INFO]   工具结果：轨迹 69 帧 59-60，原始 1 帧，展示 1 帧（步长 1）
19:03:14 [INFO]   步骤 6：调用 check_nearby_tracks({'frame_id': 60, 'radius': 50})
19:03:14 [INFO]   工具结果：帧 60 轨迹 69 附近（50px）：发现 1 个附近轨迹：ID 73（距离49.0px）
19:03:14 [WARNING] 轨迹 69 达到最大调查步数，使用初始判断
19:03:14 [INFO]   → 确认：调查步数耗尽，沿用阶段一结论：最大位移异常大，可能是位置跳跃。
19:03:14 [INFO] [2/17] 调查轨迹 70
19:03:14 [INFO] 开始调查轨迹 70（drift）
19:03:15 [INFO]   步骤 1：调用 replay_segment({'start_frame': 656, 'end_frame': 658})
19:03:15 [INFO]   工具结果：轨迹 70 帧 656-658，原始 3 帧，展示 3 帧（步长 1）
19:03:16 [INFO]   步骤 2：调用 zoom_region({'frame_id': 657, 'region': [100, 100, 100, 100]})
19:03:16 [INFO]   工具结果：轨迹 70 第 657 帧放大 3.0x，已锐化
19:03:17 [INFO]   步骤 3：调用 check_nearby_tracks({'frame_id': 657, 'radius': 50})
19:03:17 [INFO]   工具结果：帧 657 轨迹 70 附近（50px）：附近无其他轨迹
19:03:18 [INFO]   步骤 4：调用 replay_segment({'start_frame': 656, 'end_frame': 658})
19:03:18 [INFO]   工具结果：轨迹 70 帧 656-658，原始 3 帧，展示 3 帧（步长 1）
19:03:20 [INFO]   步骤 5：调用 compare_appearances({'frame_id_1': 656, 'frame_id_2': 657})
19:03:20 [INFO]   工具结果：轨迹 70：帧656 vs 帧657，外观基本一致，非 ID 切换
19:03:21 [INFO]   步骤 6：调用 replay_segment({'start_frame': 656, 'end_frame': 658})
19:03:21 [INFO]   工具结果：轨迹 70 帧 656-658，原始 3 帧，展示 3 帧（步长 1）
19:03:21 [WARNING] 轨迹 70 达到最大调查步数，使用初始判断
19:03:21 [INFO]   → 确认：调查步数耗尽，沿用阶段一结论：最大位移点处目标位置异常跳变
19:03:21 [INFO] [3/17] 调查轨迹 71
19:03:21 [INFO] 开始调查轨迹 71（drift）
19:03:21 [INFO]   步骤 1：调用 replay_segment({'start_frame': 481, 'end_frame': 848})
19:03:21 [INFO]   工具结果：轨迹 71 帧 481-848，原始 46 帧，展示 32 帧（步长 8）
19:03:22 [INFO]   步骤 2：调用 check_nearby_tracks({'frame_ids': [481, 848]})
19:03:22 [INFO]   工具结果：帧 481 轨迹 71 附近（150px）：发现 3 个附近轨迹：ID 75（距离139.5px），ID 79（距离21.0px），ID 85（距离77.4px）
19:03:23 [INFO]   步骤 3：调用 replay_segment({'start_frame': 481, 'end_frame': 848})
19:03:24 [INFO]   工具结果：轨迹 71 帧 481-848，原始 46 帧，展示 32 帧（步长 8）
19:03:25 [INFO]   步骤 4：调用 compare_appearances({'frame_ids': [481, 848]})
19:03:25 [INFO]   工具结果：轨迹 71：帧481 vs 帧848，外观基本一致，非 ID 切换
19:03:26 [INFO]   步骤 5：调用 replay_segment({'start_frame': 481, 'end_frame': 848})
19:03:26 [INFO]   工具结果：轨迹 71 帧 481-848，原始 46 帧，展示 32 帧（步长 8）
19:03:27 [INFO]   步骤 6：调用 check_nearby_tracks({'frame_ids': [481, 848]})
19:03:27 [INFO]   工具结果：帧 481 轨迹 71 附近（150px）：发现 3 个附近轨迹：ID 75（距离139.5px），ID 79（距离21.0px），ID 85（距离77.4px）
19:03:27 [WARNING] 轨迹 71 达到最大调查步数，使用初始判断
19:03:27 [INFO]   → 确认：调查步数耗尽，沿用阶段一结论：最大位移46.55帧内有显著跳变，不符合运动规律。
19:03:27 [INFO] [4/17] 调查轨迹 72
19:03:27 [INFO] 开始调查轨迹 72（drift）
19:03:28 [INFO]   步骤 1：调用 replay_segment({'start_frame': 109, 'end_frame': 1109})
19:03:28 [INFO]   工具结果：轨迹 72 帧 109-1109，原始 48 帧，展示 32 帧（步长 21）
19:03:29 [INFO]   步骤 2：调用 check_nearby_tracks({'frame_ids': [109, 1109]})
19:03:29 [INFO]   工具结果：帧 109 轨迹 72 附近（150px）：发现 1 个附近轨迹：ID 69（距离70.2px）
19:03:30 [INFO]   步骤 3：调用 zoom_region({'frame_id': 109, 'region': [654, 210, 742, 350]})
19:03:30 [INFO]   工具结果：轨迹 72 第 109 帧放大 3.0x，已锐化
19:03:32 [INFO]   步骤 4：调用 compare_appearances({'frame_ids': [109, 1109]})
19:03:32 [INFO]   工具结果：轨迹 72：帧109 vs 帧1109，外观基本一致，非 ID 切换
19:03:33 [INFO]   步骤 5：调用 replay_segment({'start_frame': 109, 'end_frame': 1109})
19:03:33 [INFO]   工具结果：轨迹 72 帧 109-1109，原始 48 帧，展示 32 帧（步长 21）
19:03:35 [INFO]   步骤 6：调用 check_nearby_tracks({'frame_ids': [109, 1109]})
19:03:35 [INFO]   工具结果：帧 109 轨迹 72 附近（150px）：发现 1 个附近轨迹：ID 69（距离70.2px）
19:03:35 [WARNING] 轨迹 72 达到最大调查步数，使用初始判断
19:03:35 [INFO]   → 确认：调查步数耗尽，沿用阶段一结论：最大位移较大，存在异常跳变。
19:03:35 [INFO] [5/17] 调查轨迹 73
19:03:35 [INFO] 开始调查轨迹 73（drift）
19:03:36 [INFO]   步骤 1：调用 replay_segment({'start_frame': 62, 'end_frame': 70})
19:03:36 [INFO]   工具结果：轨迹 73 帧 62-70，原始 2 帧，展示 2 帧（步长 1）
19:03:37 [WARNING]   步骤 2：LLM 输出解析失败，终止调查
19:03:37 [WARNING] 轨迹 73 达到最大调查步数，使用初始判断
19:03:37 [INFO]   → 确认：调查步数耗尽，沿用阶段一结论：目标在第62帧到第70帧间位置异常跳变，不符合运动规律。
19:03:37 [INFO] [6/17] 调查轨迹 74
19:03:37 [INFO] 开始调查轨迹 74（drift）
19:03:38 [INFO]   步骤 1：调用 replay_segment({'start_frame': 1127, 'end_frame': 1159})
19:03:38 [INFO]   工具结果：轨迹 74 帧 1127-1159，原始 8 帧，展示 8 帧（步长 1）
19:03:39 [INFO]   步骤 2：调用 check_nearby_tracks({'frame_id': 1127, 'radius': 10})
19:03:39 [INFO]   工具结果：帧 1127 轨迹 74 附近（10px）：附近无其他轨迹
19:03:40 [INFO]   步骤 3：调用 replay_segment({'start_frame': 1127, 'end_frame': 1137})
19:03:40 [INFO]   工具结果：轨迹 74 帧 1127-1137，原始 2 帧，展示 2 帧（步长 1）
19:03:41 [INFO]   步骤 4：调用 compare_appearances({'frame_id_1': 1127, 'frame_id_2': 1137})
19:03:41 [INFO]   工具结果：轨迹 74：帧1127 vs 帧1137，外观基本一致，非 ID 切换
19:03:42 [INFO]   步骤 5：调用 replay_segment({'start_frame': 1137, 'end_frame': 1140})
19:03:42 [INFO]   工具结果：轨迹 74 帧 1137-1140，原始 4 帧，展示 4 帧（步长 1）
19:03:43 [INFO]   步骤 6：调用 compare_appearances({'frame_id_1': 1137, 'frame_id_2': 1140})
19:03:43 [INFO]   工具结果：轨迹 74：帧1137 vs 帧1140，外观基本一致，非 ID 切换
19:03:43 [WARNING] 轨迹 74 达到最大调查步数，使用初始判断
19:03:43 [INFO]   → 确认：调查步数耗尽，沿用阶段一结论：最大位移136.9帧内出现，表明存在异常跳变。
19:03:43 [INFO] [7/17] 调查轨迹 75
19:03:43 [INFO] 开始调查轨迹 75（drift）
19:03:43 [INFO]   步骤 1：调用 replay_segment({'start_frame': 1, 'end_frame': 1198})
19:03:43 [INFO]   工具结果：轨迹 75 帧 1-1198，原始 48 帧，展示 32 帧（步长 25）
19:03:44 [INFO]   步骤 2：调用 check_nearby_tracks({'track_id': 75, 'frame_ids': [1, 1198]})
19:03:44 [INFO]   工具结果：帧 1 轨迹 75 附近（150px）：发现 6 个附近轨迹：ID 69（距离117.7px），ID 72（距离130.9px），ID 73（距离126.7px），ID 77（距离106.0px），I
19:03:45 [INFO]   步骤 3：调用 compare_appearances({'frame_id': 1, 'track_id': 75, 'nearby_track_id': 69})
19:03:45 [INFO]   工具结果：轨迹 75：帧1 vs 帧2，外观基本一致，非 ID 切换
19:03:47 [INFO]   步骤 4：调用 compare_appearances({'frame_id': 1, 'track_id': 75, 'nearby_track_id': 72})
19:03:47 [INFO]   工具结果：轨迹 75：帧1 vs 帧2，外观基本一致，非 ID 切换
19:03:54 [INFO]   步骤 5：调用 compare_appearances({'frame_id': 1, 'track_id': 75, 'nearby_track_id': 73})
19:03:54 [INFO]   工具结果：轨迹 75：帧1 vs 帧2，外观基本一致，非 ID 切换
19:03:56 [INFO]   步骤 6：调用 compare_appearances({'frame_id': 1, 'track_id': 75, 'nearby_track_id': 77})
19:03:56 [INFO]   工具结果：轨迹 75：帧1 vs 帧2，外观基本一致，非 ID 切换
19:03:56 [WARNING] 轨迹 75 达到最大调查步数，使用初始判断
19:03:56 [INFO]   → 确认：调查步数耗尽，沿用阶段一结论：最大位移较大，存在异常跳变。
19:03:56 [INFO] [8/17] 调查轨迹 76
19:03:56 [INFO] 开始调查轨迹 76（drift）
19:03:56 [INFO]   步骤 1：调用 replay_segment({'start_frame': 815, 'end_frame': 817})
19:03:56 [INFO]   工具结果：轨迹 76 帧 815-817，原始 1 帧，展示 1 帧（步长 1）
19:03:57 [INFO]   步骤 2：调用 zoom_region({'frame_id': 816, 'region': [100, 100, 100, 100]})
19:03:57 [INFO]   工具结果：轨迹 76 第 816 帧放大 3.0x，已锐化
19:03:58 [INFO]   步骤 3：调用 check_nearby_tracks({'frame_id': 816, 'radius': 10})
19:03:58 [INFO]   工具结果：帧 816 轨迹 76 附近（10px）：附近无其他轨迹
19:04:00 [INFO]   步骤 4：调用 replay_segment({'start_frame': 814, 'end_frame': 818})
19:04:00 [INFO]   工具结果：轨迹 76 帧 814-818，原始 2 帧，展示 2 帧（步长 1）
19:04:01 [INFO]   步骤 5：调用 compare_appearances({'frame_id_1': 814, 'frame_id_2': 816})
19:04:01 [INFO]   工具结果：轨迹 76：帧814 vs 帧816，外观基本一致，非 ID 切换
19:04:02 [INFO]   步骤 6：调用 replay_segment({'start_frame': 813, 'end_frame': 817})
19:04:02 [INFO]   工具结果：轨迹 76 帧 813-817，原始 2 帧，展示 2 帧（步长 1）
19:04:02 [WARNING] 轨迹 76 达到最大调查步数，使用初始判断
19:04:02 [INFO]   → 确认：调查步数耗尽，沿用阶段一结论：最大位移帧816处目标位置异常跳变
19:04:02 [INFO] [9/17] 调查轨迹 77
19:04:02 [INFO] 开始调查轨迹 77（drift）
19:04:03 [INFO]   步骤 1：调用 replay_segment({'start_frame': 310, 'end_frame': 315})
19:04:03 [INFO]   工具结果：轨迹 77 帧 310-315，原始 6 帧，展示 6 帧（步长 1）
19:04:04 [INFO]   步骤 2：调用 check_nearby_tracks({'frame_id': 310, 'radius': 10})
19:04:04 [INFO]   工具结果：帧 310 轨迹 77 附近（10px）：附近无其他轨迹
19:04:05 [INFO]   步骤 3：调用 replay_segment({'start_frame': 310, 'end_frame': 315})
19:04:05 [INFO]   工具结果：轨迹 77 帧 310-315，原始 6 帧，展示 6 帧（步长 1）
19:04:06 [INFO]   步骤 4：调用 zoom_region({'frame_id': 310, 'region': [325, 220, 415, 360]})
19:04:06 [INFO]   工具结果：轨迹 77 第 310 帧放大 3.0x，已锐化
19:04:07 [INFO]   步骤 5：调用 replay_segment({'start_frame': 310, 'end_frame': 315})
19:04:07 [INFO]   工具结果：轨迹 77 帧 310-315，原始 6 帧，展示 6 帧（步长 1）
19:04:09 [INFO]   步骤 6：调用 compare_appearances({'frame_id_1': 310, 'frame_id_2': 311})
19:04:09 [INFO]   工具结果：轨迹 77：帧310 vs 帧311，外观基本一致，非 ID 切换
19:04:09 [WARNING] 轨迹 77 达到最大调查步数，使用初始判断
19:04:09 [INFO]   → 确认：调查步数耗尽，沿用阶段一结论：最大位移较大，存在异常跳变。
19:04:09 [INFO] [10/17] 调查轨迹 78
19:04:09 [INFO] 开始调查轨迹 78（drift）
19:04:09 [INFO]   步骤 1：调用 replay_segment({'start_frame': 64, 'end_frame': 814})
19:04:09 [INFO]   工具结果：轨迹 78 帧 64-814，原始 47 帧，展示 32 帧（步长 16）
19:04:10 [INFO]   步骤 2：调用 check_nearby_tracks({'track_id': 78, 'frame_range': [64, 814]})
19:04:10 [INFO]   工具结果：帧 439 轨迹 78 附近（150px）：发现 2 个附近轨迹：ID 74（距离105.2px），ID 84（距离119.5px）
19:04:12 [INFO]   步骤 3：调用 compare_appearances({'frame_id': 439, 'track_id': 78, 'nearby_track_id': 74})
19:04:12 [INFO]   工具结果：轨迹 78：帧439 vs 帧440，外观基本一致，非 ID 切换
19:04:13 [INFO]   步骤 4：调用 compare_appearances({'frame_id': 439, 'track_id': 78, 'nearby_track_id': 84})
19:04:13 [INFO]   工具结果：轨迹 78：帧439 vs 帧440，外观基本一致，非 ID 切换
19:04:14 [INFO]   步骤 5：调用 replay_segment({'start_frame': 439, 'end_frame': 440})
19:04:14 [INFO]   工具结果：轨迹 78 帧 439-440，原始 2 帧，展示 2 帧（步长 1）
19:04:16 [INFO]   步骤 6：调用 check_nearby_tracks({'track_id': 78, 'frame_range': [439, 440]})
19:04:16 [INFO]   工具结果：帧 439 轨迹 78 附近（150px）：发现 2 个附近轨迹：ID 74（距离105.2px），ID 84（距离119.5px）
19:04:16 [WARNING] 轨迹 78 达到最大调查步数，使用初始判断
19:04:16 [INFO]   → 确认：调查步数耗尽，沿用阶段一结论：最大位移较大，且存在多个异常跳变帧。
19:04:16 [INFO] [11/17] 调查轨迹 79
19:04:16 [INFO] 开始调查轨迹 79（miss）
19:04:16 [INFO]   步骤 1：调用 replay_segment({'start_frame': 476, 'end_frame': 488})
19:04:16 [INFO]   工具结果：轨迹 79 帧 476-488，原始 2 帧，展示 2 帧（步长 1）
19:04:17 [INFO]   步骤 2：调用 check_nearby_tracks({'frame_id': 476, 'radius': 10})
19:04:17 [INFO]   工具结果：帧 476 轨迹 79 附近（10px）：附近无其他轨迹
19:04:18 [INFO]   步骤 3：调用 replay_segment({'start_frame': 491, 'end_frame': 500})
19:04:18 [INFO]   工具结果：轨迹 79 帧 491-500，原始 5 帧，展示 5 帧（步长 1）
19:04:19 [INFO]   步骤 4：调用 check_nearby_tracks({'frame_id': 491, 'radius': 10})
19:04:19 [INFO]   工具结果：帧 491 轨迹 79 附近（10px）：附近无其他轨迹
19:04:20 [INFO]   步骤 5：调用 replay_segment({'start_frame': 518, 'end_frame': 524})
19:04:20 [INFO]   工具结果：轨迹 79 帧 518-524，原始 2 帧，展示 2 帧（步长 1）
19:04:21 [INFO]   步骤 6：调用 check_nearby_tracks({'frame_id': 518, 'radius': 10})
19:04:21 [INFO]   工具结果：帧 518 轨迹 79 附近（10px）：附近无其他轨迹
19:04:21 [WARNING] 轨迹 79 达到最大调查步数，使用初始判断
19:04:21 [INFO]   → 确认：调查步数耗尽，沿用阶段一结论：轨迹中断，目标在第476帧至第488帧间消失。
19:04:21 [INFO] [12/17] 调查轨迹 80
19:04:21 [INFO] 开始调查轨迹 80（drift）
19:04:22 [INFO]   步骤 1：调用 replay_segment({'track_id': 80, 'start_frame': 1, 'end_frame': 1202})
19:04:22 [INFO]   工具结果：轨迹 80 帧 1-1202，原始 47 帧，展示 32 帧（步长 26）
19:04:27 [INFO]   步骤 2：调用 check_nearby_tracks({'track_id': 80, 'frame_ids': [1, 27, 53, 105, 131, 183, 209, 261, 287, 339, 365, 417, 443, 495, 521, 573, 599, 651, 677, 729, 755, 807, 833, 885, 911, 963, 989, 1041, 1067, 1119, 1145, 1197]})
19:04:27 [INFO]   工具结果：帧 1 轨迹 80 附近（150px）：发现 4 个附近轨迹：ID 70（距离58.7px），ID 76（距离136.7px），ID 82（距离117.3px），ID 83（距离120.9px）
19:04:31 [INFO]   步骤 3：调用 compare_appearances({'track_id': 80, 'frame_ids': [1, 27, 53, 105, 131, 183, 209, 261, 287, 339, 365, 417, 443, 495, 521, 573, 599, 651, 677, 729, 755, 807, 833, 885, 911, 963, 989, 1041, 1067, 1119, 1145, 1197]})
19:04:31 [INFO]   工具结果：轨迹 80：帧1 vs 帧1197，外观基本一致，非 ID 切换
19:04:32 [INFO]   步骤 4：调用 replay_segment({'track_id': 80, 'start_frame': 1, 'end_frame': 1202})
19:04:32 [INFO]   工具结果：轨迹 80 帧 1-1202，原始 47 帧，展示 32 帧（步长 26）
19:04:37 [INFO]   步骤 5：调用 check_nearby_tracks({'track_id': 80, 'frame_ids': [1, 27, 53, 105, 131, 183, 209, 261, 287, 339, 365, 417, 443, 495, 521, 573, 599, 651, 677, 729, 755, 807, 833, 885, 911, 963, 989, 1041, 1067, 1119, 1145, 1197]})
19:04:37 [INFO]   工具结果：帧 1 轨迹 80 附近（150px）：发现 4 个附近轨迹：ID 70（距离58.7px），ID 76（距离136.7px），ID 82（距离117.3px），ID 83（距离120.9px）
19:04:41 [INFO]   步骤 6：调用 compare_appearances({'track_id': 80, 'frame_ids': [1, 27, 53, 105, 131, 183, 209, 261, 287, 339, 365, 417, 443, 495, 521, 573, 599, 651, 677, 729, 755, 807, 833, 885, 911, 963, 989, 1041, 1067, 1119, 1145, 1197]})
19:04:41 [INFO]   工具结果：轨迹 80：帧1 vs 帧1197，外观基本一致，非 ID 切换
19:04:41 [WARNING] 轨迹 80 达到最大调查步数，使用初始判断
19:04:41 [INFO]   → 确认：调查步数耗尽，沿用阶段一结论：最大位移较大，存在异常跳变。
19:04:41 [INFO] [13/17] 调查轨迹 81
19:04:41 [INFO] 开始调查轨迹 81（drift）
19:04:42 [INFO]   步骤 1：调用 replay_segment({'start_frame': 83, 'end_frame': 1134})
19:04:42 [INFO]   工具结果：轨迹 81 帧 83-1134，原始 47 帧，展示 32 帧（步长 22）
19:04:46 [INFO]   步骤 2：调用 check_nearby_tracks({'frame_ids': [83, 110, 132, 176, 198, 242, 264, 310, 332, 376, 398, 442, 464, 508, 530, 574, 596, 640, 662, 706, 728, 772, 794, 844, 866, 910, 932, 976, 998, 1042, 1064, 1108]})
19:04:46 [INFO]   工具结果：帧 83 轨迹 81 附近（150px）：发现 3 个附近轨迹：ID 70（距离75.0px），ID 80（距离50.3px），ID 82（距离134.9px）
19:04:47 [INFO]   步骤 3：调用 compare_appearances({'frame_id': 83, 'track_id': 81, 'nearby_track_ids': [70, 80, 82]})
19:04:47 [INFO]   工具结果：轨迹 81：帧83 vs 帧84，外观基本一致，非 ID 切换
19:04:48 [INFO]   步骤 4：调用 replay_segment({'start_frame': 83, 'end_frame': 1134})
19:04:48 [INFO]   工具结果：轨迹 81 帧 83-1134，原始 47 帧，展示 32 帧（步长 22）
19:04:59 [INFO]   步骤 5：调用 check_nearby_tracks({'frame_ids': [83, 110, 132, 176, 198, 242, 264, 310, 332, 376, 398, 442, 464, 508, 530, 574, 596, 640, 662, 706, 728, 772, 794, 844, 866, 910, 932, 976, 998, 1042, 1064, 1108]})
19:04:59 [INFO]   工具结果：帧 83 轨迹 81 附近（150px）：发现 3 个附近轨迹：ID 70（距离75.0px），ID 80（距离50.3px），ID 82（距离134.9px）
19:05:01 [INFO]   步骤 6：调用 compare_appearances({'frame_id': 83, 'track_id': 81, 'nearby_track_ids': [70, 80, 82]})
19:05:01 [INFO]   工具结果：轨迹 81：帧83 vs 帧84，外观基本一致，非 ID 切换
19:05:01 [WARNING] 轨迹 81 达到最大调查步数，使用初始判断
19:05:01 [INFO]   → 确认：调查步数耗尽，沿用阶段一结论：最大位移达到93.21，表明存在显著位置跳变。
19:05:01 [INFO] [14/17] 调查轨迹 82
19:05:01 [INFO] 开始调查轨迹 82（drift）
19:05:02 [INFO]   步骤 1：调用 replay_segment({'start_frame': 73, 'end_frame': 73})
19:05:02 [INFO]   工具结果：轨迹 82 帧 73-73，原始 1 帧，展示 1 帧（步长 1）
19:05:02 [INFO]   步骤 2：调用 check_nearby_tracks({'frame_id': 73})
19:05:02 [INFO]   工具结果：帧 73 轨迹 82 附近（150px）：发现 3 个附近轨迹：ID 70（距离30.9px），ID 81（距离120.9px），ID 83（距离102.3px）
19:05:03 [INFO]   步骤 3：调用 compare_appearances({'frame_id': 73, 'track_id': 82, 'nearby_track_id': 70})
19:05:03 [INFO]   工具结果：轨迹 82：帧73 vs 帧74，外观基本一致，非 ID 切换
19:05:04 [INFO]   步骤 4：调用 replay_segment({'start_frame': 73, 'end_frame': 74})
19:05:04 [INFO]   工具结果：轨迹 82 帧 73-74，原始 1 帧，展示 1 帧（步长 1）
19:05:05 [INFO]   步骤 5：调用 check_nearby_tracks({'frame_id': 74})
19:05:05 [INFO]   工具结果：帧 74 轨迹 82 附近（150px）：发现 4 个附近轨迹：ID 70（距离31.4px），ID 80（距离147.9px），ID 81（距离117.2px），ID 83（距离102.3px）
19:05:06 [INFO]   步骤 6：调用 compare_appearances({'frame_id': 73, 'track_id': 82, 'nearby_track_id': 70})
19:05:06 [INFO]   工具结果：轨迹 82：帧73 vs 帧74，外观基本一致，非 ID 切换
19:05:06 [WARNING] 轨迹 82 达到最大调查步数，使用初始判断
19:05:06 [INFO]   → 确认：调查步数耗尽，沿用阶段一结论：最大位移帧为73，位置异常跳变。
19:05:06 [INFO] [15/17] 调查轨迹 83
19:05:06 [INFO] 开始调查轨迹 83（drift）
19:05:06 [INFO]   步骤 1：调用 replay_segment({'start_frame': 880, 'end_frame': 1202})
19:05:06 [INFO]   工具结果：轨迹 83 帧 880-1202，原始 42 帧，展示 32 帧（步长 7）
19:05:11 [INFO]   步骤 2：调用 check_nearby_tracks({'frame_ids': [880, 887, 894, 901, 915, 922, 929, 954, 961, 968, 982, 989, 996, 1010, 1017, 1024, 1047, 1054, 1061, 1086, 1093, 1100, 1114, 1121, 1128, 1142, 1149, 1156, 1173, 1180, 1187, 1201]})
19:05:11 [INFO]   工具结果：帧 880 轨迹 83 附近（150px）：发现 1 个附近轨迹：ID 76（距离89.0px）
19:05:12 [INFO]   步骤 3：调用 zoom_region({'frame_id': 880, 'region': [360, 188, 500, 380]})
19:05:12 [INFO]   工具结果：轨迹 83 第 880 帧放大 3.0x，已锐化
19:05:14 [INFO]   步骤 4：调用 compare_appearances({'frame_ids': [880, 916, 934, 981, 1018, 1065, 1124], 'track_id': 83})
19:05:14 [INFO]   工具结果：轨迹 83：帧880 vs 帧1124，外观基本一致，非 ID 切换
19:05:16 [INFO]   步骤 5：调用 replay_segment({'start_frame': 880, 'end_frame': 1202})
19:05:16 [INFO]   工具结果：轨迹 83 帧 880-1202，原始 42 帧，展示 32 帧（步长 7）
19:05:21 [INFO]   步骤 6：调用 check_nearby_tracks({'frame_ids': [880, 887, 894, 901, 915, 922, 929, 954, 961, 968, 982, 989, 996, 1010, 1017, 1024, 1047, 1054, 1061, 1086, 1093, 1100, 1114, 1121, 1128, 1142, 1149, 1156, 1173, 1180, 1187, 1201]})
19:05:21 [INFO]   工具结果：帧 880 轨迹 83 附近（150px）：发现 1 个附近轨迹：ID 76（距离89.0px）
19:05:21 [WARNING] 轨迹 83 达到最大调查步数，使用初始判断
19:05:21 [INFO]   → 确认：调查步数耗尽，沿用阶段一结论：最大位移43.64帧内有异常跳变
19:05:21 [INFO] [16/17] 调查轨迹 84
19:05:21 [INFO] 开始调查轨迹 84（drift）
19:05:22 [INFO]   步骤 1：调用 replay_segment({'start_frame': 1196, 'end_frame': 1197})
19:05:22 [INFO]   工具结果：轨迹 84 帧 1196-1197，原始 2 帧，展示 2 帧（步长 1）
19:05:23 [INFO]   步骤 2：调用 check_nearby_tracks({'track_id': 84, 'frame_range': [1196, 1197]})
19:05:23 [INFO]   工具结果：帧 1196 轨迹 84 附近（150px）：发现 6 个附近轨迹：ID 70（距离135.9px），ID 74（距离51.2px），ID 76（距离42.9px），ID 77（距离79.7px），I
19:05:24 [INFO]   步骤 3：调用 compare_appearances({'frame_id': 1196, 'track_id': 84, 'nearby_track_id': 74})
19:05:24 [INFO]   工具结果：轨迹 84：帧1196 vs 帧1197，外观基本一致，非 ID 切换
19:05:24 [INFO]   步骤 4：调用 replay_segment({'start_frame': 1195, 'end_frame': 1198})
19:05:24 [INFO]   工具结果：轨迹 84 帧 1195-1198，原始 3 帧，展示 3 帧（步长 1）
19:05:25 [INFO]   步骤 5：调用 check_nearby_tracks({'track_id': 84, 'frame_range': [1195, 1198]})
19:05:25 [INFO]   工具结果：帧 1196 轨迹 84 附近（150px）：发现 6 个附近轨迹：ID 70（距离135.9px），ID 74（距离51.2px），ID 76（距离42.9px），ID 77（距离79.7px），I
19:05:27 [INFO]   步骤 6：调用 compare_appearances({'frame_id': 1196, 'track_id': 84, 'nearby_track_id': 74})
19:05:27 [INFO]   工具结果：轨迹 84：帧1196 vs 帧1197，外观基本一致，非 ID 切换
19:05:27 [WARNING] 轨迹 84 达到最大调查步数，使用初始判断
19:05:27 [INFO]   → 确认：调查步数耗尽，沿用阶段一结论：最大位移为74.05，表明目标位置发生了异常跳变。
19:05:27 [INFO] [17/17] 调查轨迹 85
19:05:27 [INFO] 开始调查轨迹 85（miss）
19:05:27 [INFO]   步骤 1：调用 replay_segment({'start_frame': 1142, 'end_frame': 1198})
19:05:27 [INFO]   工具结果：轨迹 85 帧 1142-1198，原始 14 帧，展示 14 帧（步长 2）
19:05:28 [INFO]   步骤 2：调用 check_nearby_tracks({'start_frame': 1142, 'end_frame': 1198})
19:05:28 [INFO]   工具结果：缺少 frame_id/track_id
19:05:29 [INFO]   步骤 3：调用 replay_segment({'start_frame': 1142, 'end_frame': 1198})
19:05:29 [INFO]   工具结果：轨迹 85 帧 1142-1198，原始 14 帧，展示 14 帧（步长 2）
19:05:30 [INFO]   步骤 4：调用 check_nearby_tracks({'start_frame': 1142, 'end_frame': 1198})
19:05:30 [INFO]   工具结果：缺少 frame_id/track_id
19:05:31 [INFO]   步骤 5：调用 replay_segment({'start_frame': 1142, 'end_frame': 1198})
19:05:31 [INFO]   工具结果：轨迹 85 帧 1142-1198，原始 14 帧，展示 14 帧（步长 2）
19:05:32 [INFO]   步骤 6：调用 check_nearby_tracks({'start_frame': 1142, 'end_frame': 1198})
19:05:32 [INFO]   工具结果：缺少 frame_id/track_id
19:05:32 [WARNING] 轨迹 85 达到最大调查步数，使用初始判断
19:05:32 [INFO]   → 确认：调查步数耗尽，沿用阶段一结论：轨迹中断，目标消失超过5帧
19:05:32 [INFO] ========================================
19:05:32 [INFO] [dancetrack0084] 阶段三：轨迹修正
19:05:32 [INFO] ========================================
19:05:32 [INFO] 正在分析轨迹 69（长度 1153 帧）...
19:05:33 [INFO] 修正回滚：track=69 type=drift
19:05:33 [INFO] 正在分析轨迹 70（长度 1165 帧）...
19:05:35 [INFO] 修正回滚：track=70 type=drift
19:05:35 [INFO] 正在分析轨迹 76（长度 1155 帧）...
19:05:36 [INFO] 修正回滚：track=76 type=drift
19:05:37 [INFO] 正在分析轨迹 82（长度 1172 帧）...
19:05:38 [INFO] 修正回滚：track=82 type=drift
19:05:38 [INFO] 正在分析轨迹 84（长度 62 帧）...
19:05:40 [INFO] 修正回滚：track=84 type=drift
19:05:40 [INFO] 修正跳过/失败：track=85 type=miss detail=缺少前后锚点，无法插值补全
19:05:40 [INFO] [dancetrack0084] 修正后 MOT 已保存至 /public/home/lyh_npu/code/PostMOT/corrected_mot/dancetrack0084.txt
19:05:40 [INFO] [dancetrack0084] 报告已保存至 /public/home/lyh_npu/code/PostMOT/pipeline_report_batch_seq_reports/dancetrack0084.json
19:05:40 [INFO] [28/35] 处理序列 dancetrack0085
19:06:12 [INFO] 加载轨迹 52 条
19:06:12 [INFO] ========================================
19:06:12 [INFO] [dancetrack0085] 阶段一：VLM 轨迹巡检
19:06:12 [INFO] ========================================
19:06:12 [INFO] 正在分析轨迹 146（长度 794 帧）...
19:06:14 [INFO] [可疑] 轨迹 146 — miss 置信度 0.90：目标在第50帧至第65帧间中断，未检测到目标。
19:06:14 [INFO] 正在分析轨迹 147（长度 812 帧）...
19:06:15 [INFO] [可疑] 轨迹 147 — miss 置信度 0.90：轨迹在第627帧至第648帧间中断，持续11帧。
19:06:15 [INFO] 正在分析轨迹 148（长度 158 帧）...
19:06:17 [INFO] [可疑] 轨迹 148 — miss 置信度 0.90：目标在156帧后消失，持续18帧。
19:06:17 [INFO] 正在分析轨迹 149（长度 65 帧）...
19:06:18 [INFO] [可疑] 轨迹 149 — drift 置信度 0.90：最大位移发生在第61帧，位置异常跳变。
19:06:18 [INFO] 正在分析轨迹 150（长度 423 帧）...
19:06:20 [INFO] [可疑] 轨迹 150 — miss 置信度 0.90：目标在第413帧至第419帧间中断，消失超过5帧。
19:06:20 [INFO] 正在分析轨迹 151（长度 409 帧）...
19:06:21 [INFO] [可疑] 轨迹 151 — miss 置信度 0.90：目标在第132帧到第151帧间中断，消失超过5帧。
19:06:21 [INFO] 正在分析轨迹 152（长度 53 帧）...
19:06:23 [INFO] 正在分析轨迹 153（长度 802 帧）...
19:06:24 [INFO] [可疑] 轨迹 153 — drift 置信度 0.90：最大位移帧为495，位置异常跳变。
19:06:24 [INFO] 正在分析轨迹 154（长度 110 帧）...
19:06:26 [INFO] [可疑] 轨迹 154 — drift 置信度 0.80：目标在第39帧至第49帧间位置异常跳变，不符合运动规律。
19:06:26 [INFO] 正在分析轨迹 155（长度 29 帧）...
19:06:27 [INFO] [可疑] 轨迹 155 — drift 置信度 0.90：目标在第23帧位置发生异常跳变，不符合运动规律。
19:06:27 [INFO] 正在分析轨迹 156（长度 315 帧）...
19:06:29 [INFO] [可疑] 轨迹 156 — drift 置信度 0.80：最大位移较大，存在异常跳变。
19:06:29 [INFO] 正在分析轨迹 157（长度 88 帧）...
19:06:30 [INFO] 正在分析轨迹 158（长度 56 帧）...
19:06:31 [INFO] [可疑] 轨迹 158 — miss 置信度 0.90：目标在第39帧后中断，持续11帧。
19:06:31 [INFO] 正在分析轨迹 159（长度 88 帧）...
19:06:33 [INFO] [可疑] 轨迹 159 — miss 置信度 0.80：目标在第21帧至第28帧间中断，消失超过5帧。
19:06:33 [INFO] 正在分析轨迹 160（长度 376 帧）...
19:06:35 [INFO] [可疑] 轨迹 160 — miss 置信度 0.80：轨迹中断，目标在第320帧至第331帧间消失
19:06:35 [INFO] 正在分析轨迹 161（长度 757 帧）...
19:06:36 [INFO] [可疑] 轨迹 161 — drift 置信度 0.90：最大位移异常大，可能是由于目标位置突然跳变。
19:06:36 [INFO] 正在分析轨迹 162（长度 152 帧）...
19:06:38 [INFO] [可疑] 轨迹 162 — drift 置信度 0.90：最大位移发生在第224帧，位置异常跳变。
19:06:38 [INFO] 正在分析轨迹 163（长度 234 帧）...
19:06:39 [INFO] [可疑] 轨迹 163 — miss 置信度 0.80：在第293帧到第301帧间，目标轨迹中断，未检测到目标。
19:06:39 [INFO] 正在分析轨迹 164（长度 41 帧）...
19:06:41 [INFO] [可疑] 轨迹 164 — miss 置信度 0.80：目标在第131帧到第150帧间中断，消失超过5帧。
19:06:41 [INFO] 正在分析轨迹 165（长度 646 帧）...
19:06:43 [INFO] [可疑] 轨迹 165 — miss 置信度 0.90：轨迹在第775帧至第840帧间中断，持续15帧。
19:06:43 [INFO] 正在分析轨迹 166（长度 55 帧）...
19:06:44 [INFO] [可疑] 轨迹 166 — miss 置信度 0.90：目标在214帧后中断，消失超过5帧。
19:06:44 [INFO] 正在分析轨迹 167（长度 659 帧）...
19:06:46 [INFO] [可疑] 轨迹 167 — miss 置信度 0.90：轨迹中断，目标消失超过5帧
19:06:46 [INFO] 正在分析轨迹 168（长度 101 帧）...
19:06:47 [INFO] [可疑] 轨迹 168 — drift 置信度 0.80：最大位移较大，且在第304帧出现异常跳变。
19:06:47 [INFO] 正在分析轨迹 169（长度 4 帧）...
19:06:49 [INFO] 正在分析轨迹 170（长度 17 帧）...
19:06:50 [INFO] 正在分析轨迹 171（长度 484 帧）...
19:06:52 [INFO] [可疑] 轨迹 171 — drift 置信度 0.80：最大位移较大，存在异常跳变。
19:06:52 [INFO] 正在分析轨迹 172（长度 789 帧）...
19:06:53 [INFO] [可疑] 轨迹 172 — drift 置信度 0.80：最大位移45.83帧内有异常跳变
19:06:53 [INFO] 正在分析轨迹 173（长度 56 帧）...
19:06:54 [INFO] [可疑] 轨迹 173 — drift 置信度 0.80：最大位移较大，且在特定帧出现异常跳变。
19:06:54 [INFO] 正在分析轨迹 174（长度 44 帧）...
19:06:56 [INFO] [可疑] 轨迹 174 — miss 置信度 0.90：目标在第445帧至第454帧间中断，消失超过5帧。
19:06:56 [INFO] 正在分析轨迹 175（长度 424 帧）...
19:07:04 [INFO] [可疑] 轨迹 175 — drift 置信度 0.80：目标在631帧至645帧间位置异常跳变，不符合运动规律。
19:07:04 [INFO] 正在分析轨迹 176（长度 351 帧）...
19:07:05 [INFO] [可疑] 轨迹 176 — miss 置信度 0.90：轨迹在642帧至669帧间中断，目标消失超过5帧。
19:07:05 [INFO] 正在分析轨迹 177（长度 376 帧）...
19:07:07 [INFO] [可疑] 轨迹 177 — drift 置信度 0.80：最大位移32.42，表明目标位置有异常跳变。
19:07:07 [INFO] 正在分析轨迹 178（长度 694 帧）...
19:07:08 [INFO] [可疑] 轨迹 178 — miss 置信度 0.90：轨迹中断，目标消失超过5帧
19:07:08 [INFO] 正在分析轨迹 179（长度 353 帧）...
19:07:10 [INFO] [可疑] 轨迹 179 — drift 置信度 0.80：最大位移43.18帧内有显著跳变，不符合运动规律。
19:07:10 [INFO] 正在分析轨迹 180（长度 278 帧）...
19:07:11 [INFO] [可疑] 轨迹 180 — miss 置信度 0.90：目标在850帧后消失，持续9帧。
19:07:11 [INFO] 正在分析轨迹 181（长度 242 帧）...
19:07:13 [INFO] [可疑] 轨迹 181 — miss 置信度 0.90：轨迹在第836帧至第844帧间中断，持续超过5帧。
19:07:13 [INFO] 正在分析轨迹 182（长度 291 帧）...
19:07:14 [INFO] [可疑] 轨迹 182 — drift 置信度 0.80：最大位移较大，且在特定帧出现异常跳变。
19:07:14 [INFO] 正在分析轨迹 183（长度 298 帧）...
19:07:16 [INFO] [可疑] 轨迹 183 — drift 置信度 0.80：最大位移达到68.96，表明存在显著位置跳变。
19:07:16 [INFO] 正在分析轨迹 184（长度 258 帧）...
19:07:17 [INFO] [可疑] 轨迹 184 — drift 置信度 0.80：最大位移达到121.11，表明存在显著位置跳变。
19:07:17 [INFO] 正在分析轨迹 185（长度 90 帧）...
19:07:19 [INFO] [可疑] 轨迹 185 — miss 置信度 0.90：轨迹在1024帧后中断，目标消失超过5帧。
19:07:19 [INFO] 正在分析轨迹 186（长度 214 帧）...
19:07:20 [INFO] [可疑] 轨迹 186 — miss 置信度 0.90：轨迹在1107至1160帧间中断，持续20帧以上。
19:07:20 [INFO] 正在分析轨迹 187（长度 220 帧）...
19:07:22 [INFO] [可疑] 轨迹 187 — miss 置信度 0.80：目标在988帧至1019帧间中断，消失超过5帧。
19:07:22 [INFO] 正在分析轨迹 189（长度 239 帧）...
19:07:23 [INFO] [可疑] 轨迹 189 — drift 置信度 0.80：最大位移较大，存在异常跳变
19:07:23 [INFO] 正在分析轨迹 190（长度 207 帧）...
19:07:25 [INFO] [可疑] 轨迹 190 — drift 置信度 0.80：最大位移达到126.34，表明目标位置发生了异常跳变。
19:07:25 [INFO] 正在分析轨迹 191（长度 19 帧）...
19:07:27 [INFO] [可疑] 轨迹 191 — miss 置信度 0.80：目标在第994帧至第1007帧间中断，消失超过5帧。
19:07:27 [INFO] 正在分析轨迹 192（长度 128 帧）...
19:07:28 [INFO] [可疑] 轨迹 192 — miss 置信度 0.80：目标在第1044帧至第1050帧间中断，持续6帧。
19:07:28 [INFO] 正在分析轨迹 193（长度 143 帧）...
19:07:30 [INFO] [可疑] 轨迹 193 — drift 置信度 0.80：最大位移60.73，表明存在显著位置跳变。
19:07:30 [INFO] 正在分析轨迹 194（长度 51 帧）...
19:07:31 [INFO] [可疑] 轨迹 194 — miss 置信度 0.80：目标在第1053帧至第1059帧间中断，消失超过5帧。
19:07:31 [INFO] 正在分析轨迹 195（长度 88 帧）...
19:07:33 [INFO] [可疑] 轨迹 195 — miss 置信度 0.80：目标在第1098帧至第1110帧间中断，消失超过5帧。
19:07:33 [INFO] 正在分析轨迹 196（长度 35 帧）...
19:07:35 [INFO] 正在分析轨迹 197（长度 42 帧）...
19:07:36 [INFO] [可疑] 轨迹 197 — miss 置信度 0.80：目标在第1170帧至第1184帧间中断，消失超过5帧。
19:07:36 [INFO] [dancetrack0085] 阶段一完成：46 条可疑轨迹，已保存至 /public/home/lyh_npu/code/PostMOT/pipeline_report_batch_seq_reports/dancetrack0085_stage1.json
19:07:36 [INFO] ========================================
19:07:36 [INFO] [dancetrack0085] 阶段二：LLM 工具调用调查
19:07:36 [INFO] ========================================
19:07:36 [INFO] [1/46] 调查轨迹 146
19:07:36 [INFO] 开始调查轨迹 146（miss）
19:07:37 [INFO]   步骤 1：调用 replay_segment({'start_frame': 50, 'end_frame': 65})
19:07:37 [INFO]   工具结果：轨迹 146 帧 50-65，原始 2 帧，展示 2 帧（步长 1）
19:07:38 [INFO]   步骤 2：调用 check_nearby_tracks({'track_id': 146, 'frame_ids': [50, 65]})
19:07:38 [INFO]   工具结果：帧 50 轨迹 146 附近（150px）：发现 22 个附近轨迹：ID 148（距离24.8px），ID 151（距离149.9px），ID 152（距离86.3px），ID 154（距离71.8p
19:07:39 [INFO]   步骤 3：调用 replay_segment({'start_frame': 65, 'end_frame': 70})
19:07:39 [INFO]   工具结果：轨迹 146 帧 65-70，原始 3 帧，展示 3 帧（步长 1）
19:07:40 [INFO]   步骤 4：调用 check_nearby_tracks({'track_id': 146, 'frame_ids': [65, 69, 70]})
19:07:40 [INFO]   工具结果：帧 65 轨迹 146 附近（150px）：发现 25 个附近轨迹：ID 148（距离33.7px），ID 151（距离81.3px），ID 152（距离69.1px），ID 154（距离94.9px
19:07:41 [INFO]   步骤 5：调用 replay_segment({'start_frame': 69, 'end_frame': 70})
19:07:41 [INFO]   工具结果：轨迹 146 帧 69-70，原始 2 帧，展示 2 帧（步长 1）
19:07:42 [INFO]   步骤 6：调用 check_nearby_tracks({'track_id': 146, 'frame_ids': [69, 70]})
19:07:42 [INFO]   工具结果：帧 69 轨迹 146 附近（150px）：发现 25 个附近轨迹：ID 148（距离32.9px），ID 151（距离68.1px），ID 152（距离59.9px），ID 154（距离90.6px
19:07:42 [WARNING] 轨迹 146 达到最大调查步数，使用初始判断
19:07:42 [INFO]   → 确认：调查步数耗尽，沿用阶段一结论：目标在第50帧至第65帧间中断，未检测到目标。
19:07:42 [INFO] [2/46] 调查轨迹 147
19:07:42 [INFO] 开始调查轨迹 147（miss）
19:07:43 [INFO]   步骤 1：调用 replay_segment({'start_frame': 627, 'end_frame': 648})
19:07:43 [INFO]   工具结果：轨迹 147 帧 627-648，原始 4 帧，展示 4 帧（步长 1）
19:07:44 [INFO]   步骤 2：调用 check_nearby_tracks({'track_id': 147, 'frame_range': [627, 648]})
19:07:44 [INFO]   工具结果：帧 637 轨迹 147 附近（150px）：发现 22 个附近轨迹：ID 148（距离38.9px），ID 152（距离89.5px），ID 154（距离24.2px），ID 156（距离30.8p
19:07:45 [INFO]   步骤 3：调用 replay_segment({'start_frame': 620, 'end_frame': 648})
19:07:45 [INFO]   工具结果：轨迹 147 帧 620-648，原始 5 帧，展示 5 帧（步长 1）
19:07:46 [INFO]   步骤 4：调用 check_nearby_tracks({'track_id': 147, 'frame_range': [620, 648]})
19:07:46 [INFO]   工具结果：帧 634 轨迹 147 附近（150px）：发现 23 个附近轨迹：ID 148（距离38.9px），ID 152（距离89.5px），ID 154（距离24.2px），ID 156（距离30.8p
19:07:47 [INFO]   步骤 5：调用 replay_segment({'start_frame': 620, 'end_frame': 648})
19:07:47 [INFO]   工具结果：轨迹 147 帧 620-648，原始 5 帧，展示 5 帧（步长 1）
19:07:48 [INFO]   步骤 6：调用 check_nearby_tracks({'track_id': 147, 'frame_range': [620, 648]})
19:07:48 [INFO]   工具结果：帧 634 轨迹 147 附近（150px）：发现 23 个附近轨迹：ID 148（距离38.9px），ID 152（距离89.5px），ID 154（距离24.2px），ID 156（距离30.8p
19:07:48 [WARNING] 轨迹 147 达到最大调查步数，使用初始判断
19:07:48 [INFO]   → 确认：调查步数耗尽，沿用阶段一结论：轨迹在第627帧至第648帧间中断，持续11帧。
19:07:48 [INFO] [3/46] 调查轨迹 148
19:07:48 [INFO] 开始调查轨迹 148（miss）
19:07:49 [INFO]   步骤 1：调用 replay_segment({'start_frame': 156, 'end_frame': 174})
19:07:49 [INFO]   工具结果：轨迹 148 帧 156-174，原始 2 帧，展示 2 帧（步长 1）
19:07:50 [INFO]   步骤 2：调用 check_nearby_tracks({'track_id': 148, 'frame_range': [156, 174]})
19:07:50 [INFO]   工具结果：帧 165 轨迹 148 附近（150px）：发现 21 个附近轨迹：ID 146（距离40.4px），ID 151（距离104.3px），ID 152（距离58.2px），ID 154（距离96.2
19:07:51 [INFO]   步骤 3：调用 replay_segment({'start_frame': 156, 'end_frame': 174})
19:07:51 [INFO]   工具结果：轨迹 148 帧 156-174，原始 2 帧，展示 2 帧（步长 1）
19:07:52 [INFO]   步骤 4：调用 check_nearby_tracks({'track_id': 148, 'frame_range': [156, 174]})
19:07:52 [INFO]   工具结果：帧 165 轨迹 148 附近（150px）：发现 21 个附近轨迹：ID 146（距离40.4px），ID 151（距离104.3px），ID 152（距离58.2px），ID 154（距离96.2
19:07:53 [INFO]   步骤 5：调用 replay_segment({'start_frame': 156, 'end_frame': 174})
19:07:53 [INFO]   工具结果：轨迹 148 帧 156-174，原始 2 帧，展示 2 帧（步长 1）
19:07:54 [INFO]   步骤 6：调用 check_nearby_tracks({'track_id': 148, 'frame_range': [156, 174]})
19:07:54 [INFO]   工具结果：帧 165 轨迹 148 附近（150px）：发现 21 个附近轨迹：ID 146（距离40.4px），ID 151（距离104.3px），ID 152（距离58.2px），ID 154（距离96.2
19:07:54 [WARNING] 轨迹 148 达到最大调查步数，使用初始判断
19:07:54 [INFO]   → 确认：调查步数耗尽，沿用阶段一结论：目标在156帧后消失，持续18帧。
19:07:54 [INFO] [4/46] 调查轨迹 149
19:07:54 [INFO] 开始调查轨迹 149（drift）
19:07:55 [INFO]   步骤 1：调用 replay_segment({'start_frame': 61, 'end_frame': 61})
19:07:55 [INFO]   工具结果：轨迹 149 帧 61-61，原始 1 帧，展示 1 帧（步长 1）
19:07:55 [INFO]   步骤 2：调用 zoom_region({'frame_id': 61, 'region': [0, 128, 128, 128]})
19:07:55 [INFO]   工具结果：轨迹 149 第 61 帧放大 3.0x，已锐化
19:07:56 [INFO]   步骤 3：调用 check_nearby_tracks({'frame_id': 61, 'radius': 5})
19:07:56 [INFO]   工具结果：帧 61 轨迹 149 附近（5px）：附近无其他轨迹
19:07:57 [INFO]   步骤 4：调用 replay_segment({'start_frame': 60, 'end_frame': 62})
19:07:57 [INFO]   工具结果：轨迹 149 帧 60-62，原始 3 帧，展示 3 帧（步长 1）
19:07:58 [INFO]   步骤 5：调用 compare_appearances({'frame_id_1': 60, 'frame_id_2': 61, 'frame_id_3': 62})
19:07:58 [INFO]   工具结果：轨迹 149：帧60 vs 帧61，外观基本一致，非 ID 切换
19:08:06 [INFO]   步骤 6：调用 compare_appearances({'frame_id_1': 61, 'frame_id_2': 62})
19:08:06 [INFO]   工具结果：轨迹 149：帧61 vs 帧62，外观基本一致，非 ID 切换
19:08:06 [WARNING] 轨迹 149 达到最大调查步数，使用初始判断
19:08:06 [INFO]   → 确认：调查步数耗尽，沿用阶段一结论：最大位移发生在第61帧，位置异常跳变。
19:08:06 [INFO] [5/46] 调查轨迹 150
19:08:06 [INFO] 开始调查轨迹 150（miss）
19:08:06 [INFO]   步骤 1：调用 replay_segment({'start_frame': 413, 'end_frame': 419})
19:08:06 [INFO]   工具结果：轨迹 150 帧 413-419，原始 2 帧，展示 2 帧（步长 1）
19:08:07 [INFO]   步骤 2：调用 check_nearby_tracks({'track_id': 150, 'frame_range': [413, 419]})
19:08:07 [INFO]   工具结果：帧 416 轨迹 150 附近（150px）：发现 6 个附近轨迹：ID 151（距离32.9px），ID 153（距离103.6px），ID 163（距离98.0px），ID 177（距离70.5p
19:08:08 [INFO]   步骤 3：调用 replay_segment({'start_frame': 413, 'end_frame': 419})
19:08:08 [INFO]   工具结果：轨迹 150 帧 413-419，原始 2 帧，展示 2 帧（步长 1）
19:08:09 [INFO]   步骤 4：调用 check_nearby_tracks({'track_id': 150, 'frame_range': [413, 419]})
19:08:09 [INFO]   工具结果：帧 416 轨迹 150 附近（150px）：发现 6 个附近轨迹：ID 151（距离32.9px），ID 153（距离103.6px），ID 163（距离98.0px），ID 177（距离70.5p
19:08:10 [INFO]   步骤 5：调用 replay_segment({'start_frame': 413, 'end_frame': 419})
19:08:10 [INFO]   工具结果：轨迹 150 帧 413-419，原始 2 帧，展示 2 帧（步长 1）
19:08:11 [INFO]   步骤 6：调用 check_nearby_tracks({'track_id': 150, 'frame_range': [413, 419]})
19:08:11 [INFO]   工具结果：帧 416 轨迹 150 附近（150px）：发现 6 个附近轨迹：ID 151（距离32.9px），ID 153（距离103.6px），ID 163（距离98.0px），ID 177（距离70.5p
19:08:11 [WARNING] 轨迹 150 达到最大调查步数，使用初始判断
19:08:11 [INFO]   → 确认：调查步数耗尽，沿用阶段一结论：目标在第413帧至第419帧间中断，消失超过5帧。
19:08:11 [INFO] [6/46] 调查轨迹 151
19:08:11 [INFO] 开始调查轨迹 151（miss）
19:08:12 [INFO]   步骤 1：调用 replay_segment({'start_frame': 132, 'end_frame': 151})
19:08:12 [INFO]   工具结果：轨迹 151 帧 132-151，原始 2 帧，展示 2 帧（步长 1）
19:08:13 [INFO]   步骤 2：调用 check_nearby_tracks({'track_id': 151, 'frame_ids': [132, 151]})
19:08:13 [INFO]   工具结果：帧 132 轨迹 151 附近（150px）：发现 18 个附近轨迹：ID 147（距离37.4px），ID 148（距离106.6px），ID 150（距离132.2px），ID 152（距离87.
19:08:14 [INFO]   步骤 3：调用 compare_appearances({'track_id': 151, 'frame_ids': [132, 151]})
19:08:14 [INFO]   工具结果：轨迹 151：帧132 vs 帧151，外观基本一致，非 ID 切换
19:08:14 [INFO]   步骤 4：调用 replay_segment({'start_frame': 132, 'end_frame': 151})
19:08:14 [INFO]   工具结果：轨迹 151 帧 132-151，原始 2 帧，展示 2 帧（步长 1）
19:08:16 [INFO]   步骤 5：调用 check_nearby_tracks({'track_id': 151, 'frame_ids': [132, 151]})
19:08:16 [INFO]   工具结果：帧 132 轨迹 151 附近（150px）：发现 18 个附近轨迹：ID 147（距离37.4px），ID 148（距离106.6px），ID 150（距离132.2px），ID 152（距离87.
19:08:17 [INFO]   步骤 6：调用 compare_appearances({'track_id': 151, 'frame_ids': [132, 151]})
19:08:17 [INFO]   工具结果：轨迹 151：帧132 vs 帧151，外观基本一致，非 ID 切换
19:08:17 [WARNING] 轨迹 151 达到最大调查步数，使用初始判断
19:08:17 [INFO]   → 确认：调查步数耗尽，沿用阶段一结论：目标在第132帧到第151帧间中断，消失超过5帧。
19:08:17 [INFO] [7/46] 调查轨迹 153
19:08:17 [INFO] 开始调查轨迹 153（drift）
19:08:17 [INFO]   步骤 1：调用 replay_segment({'start_frame': 495, 'end_frame': 495})
19:08:17 [INFO]   工具结果：轨迹 153 帧 495-495，原始 1 帧，展示 1 帧（步长 1）
19:08:18 [INFO]   步骤 2：调用 zoom_region({'frame_id': 495, 'region': [100, 100, 100, 100]})
19:08:18 [INFO]   工具结果：轨迹 153 第 495 帧放大 3.0x，已锐化
19:08:19 [INFO]   步骤 3：调用 check_nearby_tracks({'frame_id': 495, 'radius': 50})
19:08:19 [INFO]   工具结果：帧 495 轨迹 153 附近（50px）：发现 1 个附近轨迹：ID 179（距离41.7px）
19:08:21 [INFO]   步骤 4：调用 compare_appearances({'frame_id': 495, 'track_id': 153, 'nearby_track_id': 179})
19:08:21 [INFO]   工具结果：轨迹 153：帧495 vs 帧496，外观基本一致，非 ID 切换
19:08:22 [INFO]   步骤 5：调用 replay_segment({'start_frame': 495, 'end_frame': 496})
19:08:22 [INFO]   工具结果：轨迹 153 帧 495-496，原始 2 帧，展示 2 帧（步长 1）
19:08:23 [INFO]   步骤 6：调用 check_nearby_tracks({'frame_id': 496, 'radius': 50})
19:08:23 [INFO]   工具结果：帧 496 轨迹 153 附近（50px）：发现 2 个附近轨迹：ID 179（距离31.9px），ID 181（距离14.6px）
19:08:23 [WARNING] 轨迹 153 达到最大调查步数，使用初始判断
19:08:23 [INFO]   → 确认：调查步数耗尽，沿用阶段一结论：最大位移帧为495，位置异常跳变。
19:08:23 [INFO] [8/46] 调查轨迹 154
19:08:23 [INFO] 开始调查轨迹 154（drift）
19:08:24 [INFO]   步骤 1：调用 replay_segment({'start_frame': 39, 'end_frame': 49})
19:08:24 [INFO]   工具结果：轨迹 154 帧 39-49，原始 2 帧，展示 2 帧（步长 1）
19:08:25 [INFO]   步骤 2：调用 check_nearby_tracks({'track_id': 154, 'frame_ids': [39, 49]})
19:08:25 [INFO]   工具结果：帧 39 轨迹 154 附近（150px）：发现 25 个附近轨迹：ID 146（距离55.2px），ID 148（距离52.7px），ID 152（距离86.9px），ID 156（距离113.2p
19:08:26 [INFO]   步骤 3：调用 replay_segment({'start_frame': 51, 'end_frame': 62})
19:08:26 [INFO]   工具结果：轨迹 154 帧 51-62，原始 2 帧，展示 2 帧（步长 1）
19:08:27 [INFO]   步骤 4：调用 check_nearby_tracks({'track_id': 154, 'frame_ids': [51, 62]})
19:08:27 [INFO]   工具结果：帧 51 轨迹 154 附近（150px）：发现 25 个附近轨迹：ID 146（距离79.4px），ID 148（距离96.5px），ID 156（距离24.7px），ID 157（距离86.8px
19:08:28 [INFO]   步骤 5：调用 replay_segment({'start_frame': 117, 'end_frame': 131})
19:08:28 [INFO]   工具结果：轨迹 154 帧 117-131，原始 15 帧，展示 15 帧（步长 1）
19:08:29 [INFO]   步骤 6：调用 check_nearby_tracks({'track_id': 154, 'frame_ids': [117, 131]})
19:08:29 [INFO]   工具结果：帧 117 轨迹 154 附近（150px）：发现 26 个附近轨迹：ID 146（距离84.7px），ID 148（距离86.3px），ID 156（距离74.2px），ID 157（距离43.6p
19:08:29 [WARNING] 轨迹 154 达到最大调查步数，使用初始判断
19:08:29 [INFO]   → 确认：调查步数耗尽，沿用阶段一结论：目标在第39帧至第49帧间位置异常跳变，不符合运动规律。
19:08:29 [INFO] [9/46] 调查轨迹 155
19:08:29 [INFO] 开始调查轨迹 155（drift）
19:08:30 [INFO]   步骤 1：调用 replay_segment({'start_frame': 23, 'end_frame': 23})
19:08:30 [INFO]   工具结果：轨迹 155 帧 23-23，原始 1 帧，展示 1 帧（步长 1）
19:08:31 [INFO]   步骤 2：调用 zoom_region({'frame_id': 23, 'region': [100, 100, 200, 200]})
19:08:31 [INFO]   工具结果：轨迹 155 第 23 帧放大 3.0x，已锐化
19:08:31 [INFO]   步骤 3：调用 check_nearby_tracks({'frame_id': 23, 'radius': 5})
19:08:31 [INFO]   工具结果：帧 23 轨迹 155 附近（5px）：附近无其他轨迹
19:08:32 [INFO]   步骤 4：调用 replay_segment({'start_frame': 22, 'end_frame': 24})
19:08:32 [INFO]   工具结果：轨迹 155 帧 22-24，原始 2 帧，展示 2 帧（步长 1）
19:08:33 [INFO]   步骤 5：调用 compare_appearances({'frame_id_1': 22, 'frame_id_2': 23})
19:08:33 [INFO]   工具结果：轨迹 155：帧22 vs 帧23，外观基本一致，非 ID 切换
19:08:34 [INFO]   步骤 6：调用 replay_segment({'start_frame': 22, 'end_frame': 24})
19:08:34 [INFO]   工具结果：轨迹 155 帧 22-24，原始 2 帧，展示 2 帧（步长 1）
19:08:34 [WARNING] 轨迹 155 达到最大调查步数，使用初始判断
19:08:34 [INFO]   → 确认：调查步数耗尽，沿用阶段一结论：目标在第23帧位置发生异常跳变，不符合运动规律。
19:08:34 [INFO] [10/46] 调查轨迹 156
19:08:34 [INFO] 开始调查轨迹 156（drift）
19:08:35 [INFO]   步骤 1：调用 replay_segment({'track_id': 156, 'start_frame': 1, 'end_frame': 319})
19:08:35 [INFO]   工具结果：轨迹 156 帧 1-319，原始 45 帧，展示 32 帧（步长 7）
19:08:36 [INFO]   步骤 2：调用 check_nearby_tracks({'track_id': 156, 'start_frame': 1, 'end_frame': 319})
19:08:36 [INFO]   工具结果：缺少 frame_id/track_id
19:08:37 [INFO]   步骤 3：调用 replay_segment({'track_id': 156, 'start_frame': 61, 'end_frame': 61})
19:08:37 [INFO]   工具结果：轨迹 156 帧 61-61，原始 1 帧，展示 1 帧（步长 1）
19:08:38 [INFO]   步骤 4：调用 zoom_region({'track_id': 156, 'frame_id': 61, 'region': [100, 100, 200, 200]})
19:08:38 [INFO]   工具结果：轨迹 156 第 61 帧放大 3.0x，已锐化
19:08:39 [INFO]   步骤 5：调用 compare_appearances({'track_id': 156, 'frame_id': 61, 'reference_frame_id': 60})
19:08:39 [INFO]   工具结果：轨迹 156：帧60 vs 帧61，外观基本一致，非 ID 切换
19:08:41 [INFO]   步骤 6：调用 replay_segment({'track_id': 156, 'start_frame': 282, 'end_frame': 282})
19:08:41 [INFO]   工具结果：轨迹 156 帧 282-282，原始 1 帧，展示 1 帧（步长 1）
19:08:41 [WARNING] 轨迹 156 达到最大调查步数，使用初始判断
19:08:41 [INFO]   → 确认：调查步数耗尽，沿用阶段一结论：最大位移较大，存在异常跳变。
19:08:41 [INFO] [11/46] 调查轨迹 158
19:08:41 [INFO] 开始调查轨迹 158（miss）
19:08:41 [INFO]   步骤 1：调用 replay_segment({'start_frame': 39, 'end_frame': 50})
19:08:41 [INFO]   工具结果：轨迹 158 帧 39-50，原始 2 帧，展示 2 帧（步长 1）
19:08:42 [INFO]   步骤 2：调用 check_nearby_tracks({'track_id': 158, 'frame_ids': [39, 50]})
19:08:42 [INFO]   工具结果：帧 39 轨迹 158 附近（150px）：发现 10 个附近轨迹：ID 149（距离62.1px），ID 157（距离51.0px），ID 160（距离108.1px），ID 162（距离128.4
19:08:43 [INFO]   步骤 3：调用 replay_segment({'start_frame': 38, 'end_frame': 51})
19:08:43 [INFO]   工具结果：轨迹 158 帧 38-51，原始 4 帧，展示 4 帧（步长 1）
19:08:44 [INFO]   步骤 4：调用 check_nearby_tracks({'track_id': 158, 'frame_ids': [38, 51]})
19:08:44 [INFO]   工具结果：帧 38 轨迹 158 附近（150px）：发现 10 个附近轨迹：ID 149（距离67.3px），ID 157（距离49.2px），ID 160（距离109.3px），ID 162（距离130.1
19:08:45 [INFO]   步骤 5：调用 replay_segment({'start_frame': 37, 'end_frame': 52})
19:08:45 [INFO]   工具结果：轨迹 158 帧 37-52，原始 6 帧，展示 6 帧（步长 1）
19:08:46 [INFO]   步骤 6：调用 check_nearby_tracks({'track_id': 158, 'frame_ids': [37, 52]})
19:08:46 [INFO]   工具结果：帧 37 轨迹 158 附近（150px）：发现 9 个附近轨迹：ID 149（距离63.7px），ID 157（距离59.6px），ID 160（距离122.9px），ID 162（距离143.9p
19:08:46 [WARNING] 轨迹 158 达到最大调查步数，使用初始判断
19:08:46 [INFO]   → 确认：调查步数耗尽，沿用阶段一结论：目标在第39帧后中断，持续11帧。
19:08:46 [INFO] [12/46] 调查轨迹 159
19:08:46 [INFO] 开始调查轨迹 159（miss）
19:08:47 [INFO]   步骤 1：调用 replay_segment({'start_frame': 21, 'end_frame': 28})
19:08:47 [INFO]   工具结果：轨迹 159 帧 21-28，原始 2 帧，展示 2 帧（步长 1）
19:08:48 [INFO]   步骤 2：调用 check_nearby_tracks({'track_id': 159, 'frame_range': [21, 28]})
19:08:48 [INFO]   工具结果：帧 24 轨迹 159 附近（150px）：发现 20 个附近轨迹：ID 148（距离19.1px），ID 150（距离114.7px），ID 152（距离89.5px），ID 163（距离137.3
19:08:49 [INFO]   步骤 3：调用 replay_segment({'start_frame': 21, 'end_frame': 28})
19:08:49 [INFO]   工具结果：轨迹 159 帧 21-28，原始 2 帧，展示 2 帧（步长 1）
19:08:50 [INFO]   步骤 4：调用 check_nearby_tracks({'track_id': 159, 'frame_range': [21, 28]})
19:08:50 [INFO]   工具结果：帧 24 轨迹 159 附近（150px）：发现 20 个附近轨迹：ID 148（距离19.1px），ID 150（距离114.7px），ID 152（距离89.5px），ID 163（距离137.3
19:08:51 [INFO]   步骤 5：调用 replay_segment({'start_frame': 21, 'end_frame': 28})
19:08:51 [INFO]   工具结果：轨迹 159 帧 21-28，原始 2 帧，展示 2 帧（步长 1）
19:08:52 [INFO]   步骤 6：调用 check_nearby_tracks({'track_id': 159, 'frame_range': [21, 28]})
19:08:52 [INFO]   工具结果：帧 24 轨迹 159 附近（150px）：发现 20 个附近轨迹：ID 148（距离19.1px），ID 150（距离114.7px），ID 152（距离89.5px），ID 163（距离137.3
19:08:52 [WARNING] 轨迹 159 达到最大调查步数，使用初始判断
19:08:52 [INFO]   → 确认：调查步数耗尽，沿用阶段一结论：目标在第21帧至第28帧间中断，消失超过5帧。
19:08:52 [INFO] [13/46] 调查轨迹 160
19:08:52 [INFO] 开始调查轨迹 160（miss）
19:08:52 [INFO]   步骤 1：调用 replay_segment({'start_frame': 320, 'end_frame': 331})
19:08:52 [INFO]   工具结果：轨迹 160 帧 320-331，原始 2 帧，展示 2 帧（步长 1）
19:08:53 [INFO]   步骤 2：调用 check_nearby_tracks({'frame_id': 320, 'radius': 10})
19:08:53 [INFO]   工具结果：帧 320 轨迹 160 附近（10px）：附近无其他轨迹
19:08:54 [INFO]   步骤 3：调用 check_nearby_tracks({'frame_id': 331, 'radius': 10})
19:08:54 [INFO]   工具结果：帧 331 轨迹 160 附近（10px）：附近无其他轨迹
19:08:55 [INFO]   步骤 4：调用 replay_segment({'start_frame': 320, 'end_frame': 331})
19:08:55 [INFO]   工具结果：轨迹 160 帧 320-331，原始 2 帧，展示 2 帧（步长 1）
19:08:56 [INFO]   步骤 5：调用 compare_appearances({'frame_id_1': 320, 'frame_id_2': 331})
19:08:56 [INFO]   工具结果：轨迹 160：帧320 vs 帧331，外观基本一致，非 ID 切换
19:08:57 [INFO]   步骤 6：调用 replay_segment({'start_frame': 320, 'end_frame': 331})
19:08:57 [INFO]   工具结果：轨迹 160 帧 320-331，原始 2 帧，展示 2 帧（步长 1）
19:08:57 [WARNING] 轨迹 160 达到最大调查步数，使用初始判断
19:08:57 [INFO]   → 确认：调查步数耗尽，沿用阶段一结论：轨迹中断，目标在第320帧至第331帧间消失
19:08:57 [INFO] [14/46] 调查轨迹 161
19:08:57 [INFO] 开始调查轨迹 161（drift）
19:08:57 [INFO]   步骤 1：调用 replay_segment({'start_frame': 155, 'end_frame': 155})
19:08:57 [INFO]   工具结果：轨迹 161 帧 155-155，原始 1 帧，展示 1 帧（步长 1）
19:08:58 [INFO]   步骤 2：调用 zoom_region({'frame_id': 155, 'region': [100, 100, 200, 200]})
19:08:58 [INFO]   工具结果：轨迹 161 第 155 帧放大 3.0x，已锐化
19:08:59 [INFO]   步骤 3：调用 check_nearby_tracks({'frame_id': 155, 'radius': 50})
19:08:59 [INFO]   工具结果：帧 155 轨迹 161 附近（50px）：发现 2 个附近轨迹：ID 165（距离26.1px），ID 168（距离34.6px）
19:09:01 [INFO]   步骤 4：调用 compare_appearances({'frame_id': 155, 'track_id': 161, 'reference_frame_id': 154})
19:09:01 [INFO]   工具结果：轨迹 161：帧154 vs 帧155，外观基本一致，非 ID 切换
19:09:08 [INFO]   步骤 5：调用 replay_segment({'start_frame': 154, 'end_frame': 156})
19:09:08 [INFO]   工具结果：轨迹 161 帧 154-156，原始 3 帧，展示 3 帧（步长 1）
19:09:09 [INFO]   步骤 6：调用 check_nearby_tracks({'frame_id': 155, 'radius': 50})
19:09:09 [INFO]   工具结果：帧 155 轨迹 161 附近（50px）：发现 2 个附近轨迹：ID 165（距离26.1px），ID 168（距离34.6px）
19:09:09 [WARNING] 轨迹 161 达到最大调查步数，使用初始判断
19:09:09 [INFO]   → 确认：调查步数耗尽，沿用阶段一结论：最大位移异常大，可能是由于目标位置突然跳变。
19:09:09 [INFO] [15/46] 调查轨迹 162
19:09:09 [INFO] 开始调查轨迹 162（drift）
19:09:10 [INFO]   步骤 1：调用 replay_segment({'start_frame': 224, 'end_frame': 224})
19:09:10 [INFO]   工具结果：轨迹 162 帧 224-224，原始 1 帧，展示 1 帧（步长 1）
19:09:11 [INFO]   步骤 2：调用 check_nearby_tracks({'track_id': 162, 'frame_range': [223, 225]})
19:09:11 [INFO]   工具结果：帧 224 轨迹 162 附近（150px）：发现 18 个附近轨迹：ID 146（距离62.1px），ID 149（距离29.7px），ID 156（距离62.8px），ID 157（距离133.6
19:09:12 [INFO]   步骤 3：调用 compare_appearances({'frame_id': 224, 'track_id': 162, 'reference_frame_id': 223})
19:09:12 [INFO]   工具结果：轨迹 162：帧223 vs 帧224，外观基本一致，非 ID 切换
19:09:13 [INFO]   步骤 4：调用 replay_segment({'start_frame': 223, 'end_frame': 225})
19:09:13 [INFO]   工具结果：轨迹 162 帧 223-225，原始 2 帧，展示 2 帧（步长 1）
19:09:14 [INFO]   步骤 5：调用 check_nearby_tracks({'track_id': 162, 'frame_range': [223, 225]})
19:09:14 [INFO]   工具结果：帧 224 轨迹 162 附近（150px）：发现 18 个附近轨迹：ID 146（距离62.1px），ID 149（距离29.7px），ID 156（距离62.8px），ID 157（距离133.6
19:09:15 [INFO]   步骤 6：调用 compare_appearances({'frame_id': 223, 'track_id': 162, 'reference_frame_id': 224})
19:09:15 [INFO]   工具结果：轨迹 162：帧224 vs 帧225，外观基本一致，非 ID 切换
19:09:15 [WARNING] 轨迹 162 达到最大调查步数，使用初始判断
19:09:15 [INFO]   → 确认：调查步数耗尽，沿用阶段一结论：最大位移发生在第224帧，位置异常跳变。
19:09:15 [INFO] [16/46] 调查轨迹 163
19:09:15 [INFO] 开始调查轨迹 163（miss）
19:09:16 [INFO]   步骤 1：调用 replay_segment({'start_frame': 293, 'end_frame': 301})
19:09:16 [INFO]   工具结果：轨迹 163 帧 293-301，原始 2 帧，展示 2 帧（步长 1）
19:09:17 [INFO]   步骤 2：调用 check_nearby_tracks({'track_id': 163, 'frame_range': [293, 301]})
19:09:17 [INFO]   工具结果：帧 297 轨迹 163 附近（150px）：发现 16 个附近轨迹：ID 147（距离58.0px），ID 148（距离86.0px），ID 151（距离19.5px），ID 152（距离88.1p
19:09:18 [INFO]   步骤 3：调用 compare_appearances({'frame_id': 293, 'target_id': 163, 'compare_id': 163, 'frame_id_2': 301})
19:09:18 [INFO]   工具结果：轨迹 163：帧293 vs 帧301，外观基本一致，非 ID 切换
19:09:19 [INFO]   步骤 4：调用 replay_segment({'start_frame': 293, 'end_frame': 301})
19:09:19 [INFO]   工具结果：轨迹 163 帧 293-301，原始 2 帧，展示 2 帧（步长 1）
19:09:20 [INFO]   步骤 5：调用 check_nearby_tracks({'track_id': 163, 'frame_range': [293, 301]})
19:09:20 [INFO]   工具结果：帧 297 轨迹 163 附近（150px）：发现 16 个附近轨迹：ID 147（距离58.0px），ID 148（距离86.0px），ID 151（距离19.5px），ID 152（距离88.1p
19:09:22 [INFO]   步骤 6：调用 replay_segment({'start_frame': 293, 'end_frame': 301})
19:09:22 [INFO]   工具结果：轨迹 163 帧 293-301，原始 2 帧，展示 2 帧（步长 1）
19:09:22 [WARNING] 轨迹 163 达到最大调查步数，使用初始判断
19:09:22 [INFO]   → 确认：调查步数耗尽，沿用阶段一结论：在第293帧到第301帧间，目标轨迹中断，未检测到目标。
19:09:22 [INFO] [17/46] 调查轨迹 164
19:09:22 [INFO] 开始调查轨迹 164（miss）
19:09:22 [INFO]   步骤 1：调用 replay_segment({'start_frame': 131, 'end_frame': 150})
19:09:22 [INFO]   工具结果：轨迹 164 帧 131-150，原始 2 帧，展示 2 帧（步长 1）
19:09:23 [INFO]   步骤 2：调用 check_nearby_tracks({'track_id': 164, 'frame_range': [131, 150]})
19:09:23 [INFO]   工具结果：帧 140 轨迹 164 附近（150px）：发现 25 个附近轨迹：ID 146（距离55.3px），ID 148（距离137.8px），ID 154（距离47.8px），ID 156（距离109.
19:09:24 [INFO]   步骤 3：调用 replay_segment({'start_frame': 170, 'end_frame': 177})
19:09:24 [INFO]   工具结果：轨迹 164 帧 170-177，原始 2 帧，展示 2 帧（步长 1）
19:09:25 [INFO]   步骤 4：调用 check_nearby_tracks({'track_id': 164, 'frame_range': [170, 177]})
19:09:25 [INFO]   工具结果：帧 173 轨迹 164 附近（150px）：发现 26 个附近轨迹：ID 148（距离135.9px），ID 149（距离129.2px），ID 154（距离78.5px），ID 156（距离39.
19:09:26 [INFO]   步骤 5：调用 replay_segment({'start_frame': 170, 'end_frame': 177})
19:09:26 [INFO]   工具结果：轨迹 164 帧 170-177，原始 2 帧，展示 2 帧（步长 1）
19:09:28 [INFO]   步骤 6：调用 check_nearby_tracks({'track_id': 164, 'frame_range': [170, 177]})
19:09:28 [INFO]   工具结果：帧 173 轨迹 164 附近（150px）：发现 26 个附近轨迹：ID 148（距离135.9px），ID 149（距离129.2px），ID 154（距离78.5px），ID 156（距离39.
19:09:28 [WARNING] 轨迹 164 达到最大调查步数，使用初始判断
19:09:28 [INFO]   → 确认：调查步数耗尽，沿用阶段一结论：目标在第131帧到第150帧间中断，消失超过5帧。
19:09:28 [INFO] [18/46] 调查轨迹 165
19:09:28 [INFO] 开始调查轨迹 165（miss）
19:09:28 [INFO]   步骤 1：调用 replay_segment({'start_frame': 775, 'end_frame': 840})
19:09:28 [INFO]   工具结果：轨迹 165 帧 775-840，原始 21 帧，展示 21 帧（步长 2）
19:09:31 [INFO]   步骤 2：调用 check_nearby_tracks({'frame_ids': [775, 782, 784, 786, 788, 790, 792, 794, 796, 798, 800, 802, 809, 811, 813, 815, 817, 819, 821, 823, 825]})
19:09:31 [INFO]   工具结果：帧 775 轨迹 165 附近（150px）：发现 9 个附近轨迹：ID 146（距离38.6px），ID 149（距离103.8px），ID 158（距离97.2px），ID 162（距离105.9
19:09:33 [INFO]   步骤 3：调用 compare_appearances({'frame_id': 775, 'track_id': 165, 'nearby_track_ids': [146, 149, 158, 162, 166, 173, 174, 176, 188]})
19:09:33 [INFO]   工具结果：轨迹 165：帧775 vs 帧776，外观基本一致，非 ID 切换
19:09:35 [INFO]   步骤 4：调用 compare_appearances({'frame_id': 776, 'track_id': 165, 'nearby_track_ids': [146, 149, 158, 162, 166, 173, 174, 176, 188]})
19:09:35 [INFO]   工具结果：轨迹 165：帧776 vs 帧777，外观基本一致，非 ID 切换
19:09:37 [INFO]   步骤 5：调用 compare_appearances({'frame_id': 777, 'track_id': 165, 'nearby_track_ids': [146, 149, 158, 162, 166, 173, 174, 176, 188]})
19:09:37 [INFO]   工具结果：轨迹 165：帧777 vs 帧778，外观基本一致，非 ID 切换
19:09:40 [INFO]   步骤 6：调用 compare_appearances({'frame_id': 778, 'track_id': 165, 'nearby_track_ids': [146, 149, 158, 162, 166, 173, 174, 176, 188]})
19:09:40 [INFO]   工具结果：轨迹 165：帧778 vs 帧779，外观基本一致，非 ID 切换
19:09:40 [WARNING] 轨迹 165 达到最大调查步数，使用初始判断
19:09:40 [INFO]   → 确认：调查步数耗尽，沿用阶段一结论：轨迹在第775帧至第840帧间中断，持续15帧。
19:09:40 [INFO] [19/46] 调查轨迹 166
19:09:40 [INFO] 开始调查轨迹 166（miss）
19:09:40 [INFO]   步骤 1：调用 replay_segment({'start_frame': 214, 'end_frame': 220})
19:09:40 [INFO]   工具结果：轨迹 166 帧 214-220，原始 2 帧，展示 2 帧（步长 1）
19:09:41 [INFO]   步骤 2：调用 check_nearby_tracks({'track_id': 166, 'frame_range': [214, 220]})
19:09:41 [INFO]   工具结果：帧 217 轨迹 166 附近（150px）：发现 21 个附近轨迹：ID 146（距离37.4px），ID 149（距离78.6px），ID 154（距离138.1px），ID 156（距离27.3
19:09:42 [INFO]   步骤 3：调用 replay_segment({'start_frame': 214, 'end_frame': 220})
19:09:42 [INFO]   工具结果：轨迹 166 帧 214-220，原始 2 帧，展示 2 帧（步长 1）
19:09:43 [INFO]   步骤 4：调用 check_nearby_tracks({'track_id': 166, 'frame_range': [214, 220]})
19:09:43 [INFO]   工具结果：帧 217 轨迹 166 附近（150px）：发现 21 个附近轨迹：ID 146（距离37.4px），ID 149（距离78.6px），ID 154（距离138.1px），ID 156（距离27.3
19:09:44 [INFO]   步骤 5：调用 replay_segment({'start_frame': 214, 'end_frame': 220})
19:09:44 [INFO]   工具结果：轨迹 166 帧 214-220，原始 2 帧，展示 2 帧（步长 1）
19:09:45 [INFO]   步骤 6：调用 check_nearby_tracks({'track_id': 166, 'frame_range': [214, 220]})
19:09:45 [INFO]   工具结果：帧 217 轨迹 166 附近（150px）：发现 21 个附近轨迹：ID 146（距离37.4px），ID 149（距离78.6px），ID 154（距离138.1px），ID 156（距离27.3
19:09:45 [WARNING] 轨迹 166 达到最大调查步数，使用初始判断
19:09:45 [INFO]   → 确认：调查步数耗尽，沿用阶段一结论：目标在214帧后中断，消失超过5帧。
19:09:45 [INFO] [20/46] 调查轨迹 167
19:09:45 [INFO] 开始调查轨迹 167（miss）
19:09:46 [INFO]   步骤 1：调用 replay_segment({'start_frame': 791, 'end_frame': 806})
19:09:46 [INFO]   工具结果：轨迹 167 帧 791-806，原始 2 帧，展示 2 帧（步长 1）
19:09:47 [INFO]   步骤 2：调用 check_nearby_tracks({'frame_id': 791, 'radius': 10})
19:09:47 [INFO]   工具结果：帧 791 轨迹 167 附近（10px）：附近无其他轨迹
19:09:47 [INFO]   步骤 3：调用 check_nearby_tracks({'frame_id': 806, 'radius': 10})
19:09:48 [INFO]   工具结果：帧 806 轨迹 167 附近（10px）：附近无其他轨迹
19:09:48 [INFO]   步骤 4：调用 replay_segment({'start_frame': 791, 'end_frame': 806})
19:09:48 [INFO]   工具结果：轨迹 167 帧 791-806，原始 2 帧，展示 2 帧（步长 1）
19:09:49 [INFO]   步骤 5：调用 compare_appearances({'frame_id_1': 791, 'frame_id_2': 806})
19:09:49 [INFO]   工具结果：轨迹 167：帧791 vs 帧806，外观基本一致，非 ID 切换
19:09:50 [INFO]   步骤 6：调用 replay_segment({'start_frame': 791, 'end_frame': 806})
19:09:50 [INFO]   工具结果：轨迹 167 帧 791-806，原始 2 帧，展示 2 帧（步长 1）
19:09:50 [WARNING] 轨迹 167 达到最大调查步数，使用初始判断
19:09:50 [INFO]   → 确认：调查步数耗尽，沿用阶段一结论：轨迹中断，目标消失超过5帧
19:09:50 [INFO] [21/46] 调查轨迹 168
19:09:50 [INFO] 开始调查轨迹 168（drift）
19:09:51 [INFO]   步骤 1：调用 replay_segment({'start_frame': 264, 'end_frame': 367})
19:09:51 [INFO]   工具结果：轨迹 168 帧 264-367，原始 34 帧，展示 32 帧（步长 3）
19:09:52 [INFO]   步骤 2：调用 check_nearby_tracks({'track_id': 168, 'frame_range': [264, 367]})
19:09:52 [INFO]   工具结果：帧 315 轨迹 168 附近（150px）：发现 21 个附近轨迹：ID 146（距离145.6px），ID 149（距离83.0px），ID 154（距离128.9px），ID 156（距离79.
19:09:53 [INFO]   步骤 3：调用 compare_appearances({'track_id': 168, 'frame_ids': [304, 305, 306]})
19:09:53 [INFO]   工具结果：轨迹 168：帧304 vs 帧306，外观基本一致，非 ID 切换
19:09:54 [INFO]   步骤 4：调用 replay_segment({'start_frame': 264, 'end_frame': 367})
19:09:54 [INFO]   工具结果：轨迹 168 帧 264-367，原始 34 帧，展示 32 帧（步长 3）
19:09:56 [INFO]   步骤 5：调用 check_nearby_tracks({'track_id': 168, 'frame_range': [264, 367]})
19:09:56 [INFO]   工具结果：帧 315 轨迹 168 附近（150px）：发现 21 个附近轨迹：ID 146（距离145.6px），ID 149（距离83.0px），ID 154（距离128.9px），ID 156（距离79.
19:09:58 [INFO]   步骤 6：调用 compare_appearances({'track_id': 168, 'frame_ids': [304, 305, 306]})
19:09:58 [INFO]   工具结果：轨迹 168：帧304 vs 帧306，外观基本一致，非 ID 切换
19:09:58 [WARNING] 轨迹 168 达到最大调查步数，使用初始判断
19:09:58 [INFO]   → 确认：调查步数耗尽，沿用阶段一结论：最大位移较大，且在第304帧出现异常跳变。
19:09:58 [INFO] [22/46] 调查轨迹 171
19:09:58 [INFO] 开始调查轨迹 171（drift）
19:09:58 [INFO]   步骤 1：调用 replay_segment({'start_frame': 355, 'end_frame': 851})
19:09:58 [INFO]   工具结果：轨迹 171 帧 355-851，原始 44 帧，展示 32 帧（步长 11）
19:10:00 [INFO]   步骤 2：调用 check_nearby_tracks({'track_id': 171, 'frame_range': [355, 851]})
19:10:00 [INFO]   工具结果：帧 603 轨迹 171 附近（150px）：发现 25 个附近轨迹：ID 147（距离117.8px），ID 148（距离114.8px），ID 149（距离141.4px），ID 154（距离67
19:10:01 [INFO]   步骤 3：调用 replay_segment({'start_frame': 603, 'end_frame': 603})
19:10:01 [INFO]   工具结果：轨迹 171 在帧 603-603 内无数据
19:10:02 [INFO]   步骤 4：调用 compare_appearances({'frame1': 603, 'frame2': 604})
19:10:02 [INFO]   工具结果：缺少 frame_id_a/frame_id_b
19:10:03 [INFO]   步骤 5：调用 replay_segment({'start_frame': 355, 'end_frame': 366})
19:10:03 [INFO]   工具结果：轨迹 171 帧 355-366，原始 12 帧，展示 12 帧（步长 1）
19:10:04 [INFO]   步骤 6：调用 check_nearby_tracks({'track_id': 171, 'frame_range': [355, 366]})
19:10:04 [INFO]   工具结果：帧 360 轨迹 171 附近（150px）：发现 18 个附近轨迹：ID 146（距离141.5px），ID 149（距离25.6px），ID 157（距离90.5px），ID 158（距离32.2
19:10:04 [WARNING] 轨迹 171 达到最大调查步数，使用初始判断
19:10:04 [INFO]   → 确认：调查步数耗尽，沿用阶段一结论：最大位移较大，存在异常跳变。
19:10:04 [INFO] [23/46] 调查轨迹 172
19:10:04 [INFO] 开始调查轨迹 172（drift）
19:10:05 [INFO]   步骤 1：调用 replay_segment({'start_frame': 726, 'end_frame': 1203})
19:10:05 [INFO]   工具结果：轨迹 172 帧 726-1203，原始 46 帧，展示 32 帧（步长 10）
19:10:16 [INFO]   步骤 2：调用 check_nearby_tracks({'frame_ids': [726, 743, 754, 791, 801, 821, 831, 851, 861, 881, 891, 901, 921, 931, 951, 961, 981, 991, 1011, 1021, 1041, 1051, 1061, 1081, 1091, 1111, 1121, 1141, 1151, 1171, 1181, 1201]})
19:10:16 [INFO]   工具结果：帧 726 轨迹 172 附近（150px）：发现 20 个附近轨迹：ID 147（距离92.3px），ID 148（距离77.9px），ID 152（距离24.7px），ID 154（距离129.8
19:10:19 [INFO]   步骤 3：调用 compare_appearances({'frame_ids': [726, 858, 859, 861, 926, 944, 960, 1078, 1086, 1145, 1184, 1188, 1202]})
19:10:19 [INFO]   工具结果：轨迹 172：帧726 vs 帧1202，外观有差异，可能存在遮挡或光照变化
19:10:21 [INFO]   步骤 4：调用 zoom_region({'frame_ids': [726, 858, 859, 861, 926, 944, 960, 1078, 1086, 1145, 1184, 1188, 1202]})
19:10:21 [INFO]   工具结果：轨迹 172 第 726 帧放大 3.0x，已锐化
19:10:22 [INFO]   步骤 5：调用 replay_segment({'start_frame': 726, 'end_frame': 1203})
19:10:22 [INFO]   工具结果：轨迹 172 帧 726-1203，原始 46 帧，展示 32 帧（步长 10）
19:10:27 [INFO]   步骤 6：调用 check_nearby_tracks({'frame_ids': [726, 743, 754, 791, 801, 821, 831, 851, 861, 881, 891, 901, 921, 931, 951, 961, 981, 991, 1011, 1021, 1041, 1051, 1061, 1081, 1091, 1111, 1121, 1141, 1151, 1171, 1181, 1201]})
19:10:27 [INFO]   工具结果：帧 726 轨迹 172 附近（150px）：发现 20 个附近轨迹：ID 147（距离92.3px），ID 148（距离77.9px），ID 152（距离24.7px），ID 154（距离129.8
19:10:27 [WARNING] 轨迹 172 达到最大调查步数，使用初始判断
19:10:27 [INFO]   → 确认：调查步数耗尽，沿用阶段一结论：最大位移45.83帧内有异常跳变
19:10:27 [INFO] [24/46] 调查轨迹 173
19:10:27 [INFO] 开始调查轨迹 173（drift）
19:10:28 [INFO]   步骤 1：调用 replay_segment({'start_frame': 449, 'end_frame': 454})
19:10:28 [INFO]   工具结果：轨迹 173 帧 449-454，原始 2 帧，展示 2 帧（步长 1）
19:10:28 [INFO]   步骤 2：调用 check_nearby_tracks({'track_id': 173, 'frame_ids': [449, 454]})
19:10:28 [INFO]   工具结果：帧 449 轨迹 173 附近（150px）：发现 6 个附近轨迹：ID 146（距离47.0px），ID 160（距离84.7px），ID 165（距离131.2px），ID 174（距离18.5p
19:10:29 [INFO]   步骤 3：调用 compare_appearances({'track_id': 173, 'frame_ids': [449, 454]})
19:10:29 [INFO]   工具结果：轨迹 173：帧449 vs 帧454，外观基本一致，非 ID 切换
19:10:30 [INFO]   步骤 4：调用 replay_segment({'start_frame': 449, 'end_frame': 454})
19:10:30 [INFO]   工具结果：轨迹 173 帧 449-454，原始 2 帧，展示 2 帧（步长 1）
19:10:31 [INFO]   步骤 5：调用 check_nearby_tracks({'track_id': 173, 'frame_ids': [449, 454]})
19:10:31 [INFO]   工具结果：帧 449 轨迹 173 附近（150px）：发现 6 个附近轨迹：ID 146（距离47.0px），ID 160（距离84.7px），ID 165（距离131.2px），ID 174（距离18.5p
19:10:32 [INFO]   步骤 6：调用 compare_appearances({'track_id': 173, 'frame_ids': [449, 454]})
19:10:32 [INFO]   工具结果：轨迹 173：帧449 vs 帧454，外观基本一致，非 ID 切换
19:10:32 [WARNING] 轨迹 173 达到最大调查步数，使用初始判断
19:10:32 [INFO]   → 确认：调查步数耗尽，沿用阶段一结论：最大位移较大，且在特定帧出现异常跳变。
19:10:32 [INFO] [25/46] 调查轨迹 174
19:10:32 [INFO] 开始调查轨迹 174（miss）
19:10:33 [INFO]   步骤 1：调用 replay_segment({'start_frame': 445, 'end_frame': 454})
19:10:33 [INFO]   工具结果：轨迹 174 帧 445-454，原始 2 帧，展示 2 帧（步长 1）
19:10:34 [INFO]   步骤 2：调用 check_nearby_tracks({'track_id': 174, 'frame_range': [445, 454]})
19:10:34 [INFO]   工具结果：帧 449 轨迹 174 附近（150px）：发现 6 个附近轨迹：ID 146（距离45.7px），ID 160（距离86.0px），ID 165（距离126.5px），ID 173（距离18.5p
19:10:35 [INFO]   步骤 3：调用 compare_appearances({'track_id': 174, 'frame_range': [445, 454]})
19:10:35 [INFO]   工具结果：轨迹 174：帧449 vs 帧454，外观基本一致，非 ID 切换
19:10:36 [INFO]   步骤 4：调用 replay_segment({'start_frame': 445, 'end_frame': 454})
19:10:36 [INFO]   工具结果：轨迹 174 帧 445-454，原始 2 帧，展示 2 帧（步长 1）
19:10:37 [INFO]   步骤 5：调用 check_nearby_tracks({'track_id': 174, 'frame_range': [445, 454]})
19:10:37 [INFO]   工具结果：帧 449 轨迹 174 附近（150px）：发现 6 个附近轨迹：ID 146（距离45.7px），ID 160（距离86.0px），ID 165（距离126.5px），ID 173（距离18.5p
19:10:38 [INFO]   步骤 6：调用 compare_appearances({'track_id': 174, 'frame_range': [445, 454]})
19:10:38 [INFO]   工具结果：轨迹 174：帧449 vs 帧454，外观基本一致，非 ID 切换
19:10:38 [WARNING] 轨迹 174 达到最大调查步数，使用初始判断
19:10:38 [INFO]   → 确认：调查步数耗尽，沿用阶段一结论：目标在第445帧至第454帧间中断，消失超过5帧。
19:10:38 [INFO] [26/46] 调查轨迹 175
19:10:38 [INFO] 开始调查轨迹 175（drift）
19:10:38 [INFO]   步骤 1：调用 replay_segment({'start_frame': 631, 'end_frame': 645})
19:10:38 [INFO]   工具结果：轨迹 175 帧 631-645，原始 5 帧，展示 5 帧（步长 1）
19:10:39 [INFO]   步骤 2：调用 check_nearby_tracks({'frame_id': 638, 'radius': 10})
19:10:39 [INFO]   工具结果：帧 638 轨迹 175 附近（10px）：发现 1 个附近轨迹：ID 147（距离0.9px）
19:10:40 [INFO]   步骤 3：调用 zoom_region({'frame_id': 638, 'region': [392, 78, 472, 158]})
19:10:40 [INFO]   工具结果：轨迹 175 第 638 帧放大 3.0x，已锐化
19:10:41 [INFO]   步骤 4：调用 compare_appearances({'frame_id_1': 631, 'frame_id_2': 638})
19:10:41 [INFO]   工具结果：轨迹 175：帧631 vs 帧638，外观基本一致，非 ID 切换
19:10:42 [INFO]   步骤 5：调用 replay_segment({'start_frame': 631, 'end_frame': 645})
19:10:42 [INFO]   工具结果：轨迹 175 帧 631-645，原始 5 帧，展示 5 帧（步长 1）
19:10:43 [INFO]   步骤 6：调用 check_nearby_tracks({'frame_id': 638, 'radius': 10})
19:10:43 [INFO]   工具结果：帧 638 轨迹 175 附近（10px）：发现 1 个附近轨迹：ID 147（距离0.9px）
19:10:43 [WARNING] 轨迹 175 达到最大调查步数，使用初始判断
19:10:43 [INFO]   → 确认：调查步数耗尽，沿用阶段一结论：目标在631帧至645帧间位置异常跳变，不符合运动规律。
19:10:43 [INFO] [27/46] 调查轨迹 176
19:10:43 [INFO] 开始调查轨迹 176（miss）
19:10:44 [INFO]   步骤 1：调用 replay_segment({'start_frame': 642, 'end_frame': 669})
19:10:44 [INFO]   工具结果：轨迹 176 帧 642-669，原始 16 帧，展示 16 帧（步长 1）
19:10:45 [INFO]   步骤 2：调用 check_nearby_tracks({'track_id': 176, 'frame_range': [642, 669]})
19:10:45 [INFO]   工具结果：帧 655 轨迹 176 附近（150px）：发现 8 个附近轨迹：ID 146（距离24.3px），ID 149（距离123.5px），ID 158（距离116.7px），ID 162（距离121.
19:10:46 [INFO]   步骤 3：调用 replay_segment({'start_frame': 642, 'end_frame': 669})
19:10:46 [INFO]   工具结果：轨迹 176 帧 642-669，原始 16 帧，展示 16 帧（步长 1）
19:10:47 [INFO]   步骤 4：调用 check_nearby_tracks({'track_id': 176, 'frame_range': [642, 669]})
19:10:47 [INFO]   工具结果：帧 655 轨迹 176 附近（150px）：发现 8 个附近轨迹：ID 146（距离24.3px），ID 149（距离123.5px），ID 158（距离116.7px），ID 162（距离121.
19:10:48 [INFO]   步骤 5：调用 replay_segment({'start_frame': 642, 'end_frame': 669})
19:10:48 [INFO]   工具结果：轨迹 176 帧 642-669，原始 16 帧，展示 16 帧（步长 1）
19:10:49 [INFO]   步骤 6：调用 check_nearby_tracks({'track_id': 176, 'frame_range': [642, 669]})
19:10:49 [INFO]   工具结果：帧 655 轨迹 176 附近（150px）：发现 8 个附近轨迹：ID 146（距离24.3px），ID 149（距离123.5px），ID 158（距离116.7px），ID 162（距离121.
19:10:49 [WARNING] 轨迹 176 达到最大调查步数，使用初始判断
19:10:49 [INFO]   → 确认：调查步数耗尽，沿用阶段一结论：轨迹在642帧至669帧间中断，目标消失超过5帧。
19:10:49 [INFO] [28/46] 调查轨迹 177
19:10:49 [INFO] 开始调查轨迹 177（drift）
19:10:50 [INFO]   步骤 1：调用 replay_segment({'start_frame': 494, 'end_frame': 863})
19:10:50 [INFO]   工具结果：轨迹 177 帧 494-863，原始 46 帧，展示 32 帧（步长 8）
19:10:51 [INFO]   步骤 2：调用 check_nearby_tracks({'frame_ids': [494, 863]})
19:10:51 [INFO]   工具结果：帧 494 轨迹 177 附近（150px）：发现 9 个附近轨迹：ID 150（距离9.7px），ID 151（距离9.2px），ID 153（距离55.4px），ID 155（距离138.9px）
19:10:53 [INFO]   步骤 3：调用 compare_appearances({'frame_id': 494, 'target_track_id': 177, 'nearby_track_ids': [150, 151, 153, 155, 163, 167, 179, 181, 191]})
19:10:53 [INFO]   工具结果：轨迹 177：帧494 vs 帧495，外观基本一致，非 ID 切换
19:10:54 [INFO]   步骤 4：调用 replay_segment({'start_frame': 494, 'end_frame': 496})
19:10:54 [INFO]   工具结果：轨迹 177 帧 494-496，原始 3 帧，展示 3 帧（步长 1）
19:10:55 [INFO]   步骤 5：调用 zoom_region({'frame_id': 495, 'region': [120, 100, 240, 200]})
19:10:55 [INFO]   工具结果：轨迹 177 第 495 帧放大 3.0x，已锐化
19:10:57 [INFO]   步骤 6：调用 replay_segment({'start_frame': 495, 'end_frame': 496})
19:10:57 [INFO]   工具结果：轨迹 177 帧 495-496，原始 2 帧，展示 2 帧（步长 1）
19:10:57 [WARNING] 轨迹 177 达到最大调查步数，使用初始判断
19:10:57 [INFO]   → 确认：调查步数耗尽，沿用阶段一结论：最大位移32.42，表明目标位置有异常跳变。
19:10:57 [INFO] [29/46] 调查轨迹 178
19:10:57 [INFO] 开始调查轨迹 178（miss）
19:10:57 [INFO]   步骤 1：调用 replay_segment({'start_frame': 869, 'end_frame': 883})
19:10:57 [INFO]   工具结果：轨迹 178 帧 869-883，原始 2 帧，展示 2 帧（步长 1）
19:10:58 [INFO]   步骤 2：调用 check_nearby_tracks({'track_id': 178, 'frame_ids': [869, 883]})
19:10:58 [INFO]   工具结果：帧 869 轨迹 178 附近（150px）：发现 29 个附近轨迹：ID 146（距离49.9px），ID 147（距离55.2px），ID 148（距离41.0px），ID 152（距离91.8p
19:10:59 [INFO]   步骤 3：调用 check_nearby_tracks({'track_id': 178, 'frame_ids': [869, 883]})
19:10:59 [INFO]   工具结果：帧 869 轨迹 178 附近（150px）：发现 29 个附近轨迹：ID 146（距离49.9px），ID 147（距离55.2px），ID 148（距离41.0px），ID 152（距离91.8p
19:11:00 [INFO]   步骤 4：调用 replay_segment({'start_frame': 869, 'end_frame': 883})
19:11:00 [INFO]   工具结果：轨迹 178 帧 869-883，原始 2 帧，展示 2 帧（步长 1）
19:11:01 [INFO]   步骤 5：调用 compare_appearances({'frame_ids': [869, 883]})
19:11:01 [INFO]   工具结果：轨迹 178：帧869 vs 帧883，外观基本一致，非 ID 切换
19:11:04 [INFO]   → 误报：轨迹在869到883帧间丢失，未发现ID切换或遮挡导致的误判。
19:11:04 [INFO] [30/46] 调查轨迹 179
19:11:04 [INFO] 开始调查轨迹 179（drift）
19:11:04 [INFO]   步骤 1：调用 replay_segment({'start_frame': 601, 'end_frame': 845})
19:11:04 [INFO]   工具结果：轨迹 179 帧 601-845，原始 41 帧，展示 32 帧（步长 6）
19:11:05 [INFO]   步骤 2：调用 check_nearby_tracks({'track_id': 179, 'frame_range': [601, 845]})
19:11:05 [INFO]   工具结果：帧 723 轨迹 179 附近（150px）：发现 5 个附近轨迹：ID 150（距离28.1px），ID 151（距离27.4px），ID 153（距离57.8px），ID 163（距离40.7px
19:11:07 [INFO]   步骤 3：调用 compare_appearances({'frame_id': 723, 'track_id': 179, 'nearby_track_id': 150})
19:11:07 [INFO]   工具结果：轨迹 179：帧723 vs 帧724，外观基本一致，非 ID 切换
19:11:08 [INFO]   步骤 4：调用 compare_appearances({'frame_id': 723, 'track_id': 179, 'nearby_track_id': 151})
19:11:08 [INFO]   工具结果：轨迹 179：帧723 vs 帧724，外观基本一致，非 ID 切换
19:11:15 [INFO]   步骤 5：调用 compare_appearances({'frame_id': 723, 'track_id': 179, 'nearby_track_id': 153})
19:11:15 [INFO]   工具结果：轨迹 179：帧723 vs 帧724，外观基本一致，非 ID 切换
19:11:16 [INFO]   步骤 6：调用 compare_appearances({'frame_id': 723, 'track_id': 179, 'nearby_track_id': 163})
19:11:16 [INFO]   工具结果：轨迹 179：帧723 vs 帧724，外观基本一致，非 ID 切换
19:11:16 [WARNING] 轨迹 179 达到最大调查步数，使用初始判断
19:11:16 [INFO]   → 确认：调查步数耗尽，沿用阶段一结论：最大位移43.18帧内有显著跳变，不符合运动规律。
19:11:16 [INFO] [31/46] 调查轨迹 180
19:11:16 [INFO] 开始调查轨迹 180（miss）
19:11:17 [INFO]   步骤 1：调用 replay_segment({'start_frame': 850, 'end_frame': 859})
19:11:17 [INFO]   工具结果：轨迹 180 帧 850-859，原始 2 帧，展示 2 帧（步长 1）
19:11:18 [INFO]   步骤 2：调用 check_nearby_tracks({'track_id': 180, 'frame_range': [850, 859]})
19:11:18 [INFO]   工具结果：帧 854 轨迹 180 附近（150px）：发现 20 个附近轨迹：ID 146（距离63.5px），ID 149（距离44.1px），ID 157（距离77.9px），ID 158（距离49.1p
19:11:19 [INFO]   步骤 3：调用 compare_appearances({'track_id': 180, 'frame_range': [850, 859]})
19:11:19 [INFO]   工具结果：轨迹 180：帧854 vs 帧859，外观有差异，可能存在遮挡或光照变化
19:11:20 [INFO]   步骤 4：调用 replay_segment({'start_frame': 850, 'end_frame': 859})
19:11:20 [INFO]   工具结果：轨迹 180 帧 850-859，原始 2 帧，展示 2 帧（步长 1）
19:11:21 [INFO]   步骤 5：调用 check_nearby_tracks({'track_id': 180, 'frame_range': [850, 859]})
19:11:21 [INFO]   工具结果：帧 854 轨迹 180 附近（150px）：发现 20 个附近轨迹：ID 146（距离63.5px），ID 149（距离44.1px），ID 157（距离77.9px），ID 158（距离49.1p
19:11:22 [INFO]   步骤 6：调用 compare_appearances({'track_id': 180, 'frame_range': [850, 859]})
19:11:22 [INFO]   工具结果：轨迹 180：帧854 vs 帧859，外观有差异，可能存在遮挡或光照变化
19:11:22 [WARNING] 轨迹 180 达到最大调查步数，使用初始判断
19:11:22 [INFO]   → 确认：调查步数耗尽，沿用阶段一结论：目标在850帧后消失，持续9帧。
19:11:22 [INFO] [32/46] 调查轨迹 181
19:11:22 [INFO] 开始调查轨迹 181（miss）
19:11:23 [INFO]   步骤 1：调用 replay_segment({'start_frame': 836, 'end_frame': 844})
19:11:23 [INFO]   工具结果：轨迹 181 帧 836-844，原始 2 帧，展示 2 帧（步长 1）
19:11:23 [INFO]   步骤 2：调用 check_nearby_tracks({'frame_id': 836, 'radius': 10})
19:11:23 [INFO]   工具结果：帧 836 轨迹 181 附近（10px）：附近无其他轨迹
19:11:24 [INFO]   步骤 3：调用 check_nearby_tracks({'frame_id': 844, 'radius': 10})
19:11:24 [INFO]   工具结果：帧 844 轨迹 181 附近（10px）：附近无其他轨迹
19:11:25 [INFO]   步骤 4：调用 replay_segment({'start_frame': 836, 'end_frame': 844})
19:11:25 [INFO]   工具结果：轨迹 181 帧 836-844，原始 2 帧，展示 2 帧（步长 1）
19:11:26 [INFO]   步骤 5：调用 compare_appearances({'frame_id_1': 836, 'frame_id_2': 844})
19:11:26 [INFO]   工具结果：轨迹 181：帧836 vs 帧844，外观基本一致，非 ID 切换
19:11:27 [INFO]   步骤 6：调用 replay_segment({'start_frame': 836, 'end_frame': 844})
19:11:27 [INFO]   工具结果：轨迹 181 帧 836-844，原始 2 帧，展示 2 帧（步长 1）
19:11:27 [WARNING] 轨迹 181 达到最大调查步数，使用初始判断
19:11:27 [INFO]   → 确认：调查步数耗尽，沿用阶段一结论：轨迹在第836帧至第844帧间中断，持续超过5帧。
19:11:27 [INFO] [33/46] 调查轨迹 182
19:11:27 [INFO] 开始调查轨迹 182（drift）
19:11:28 [INFO]   步骤 1：调用 replay_segment({'start_frame': 936, 'end_frame': 938})
19:11:28 [INFO]   工具结果：轨迹 182 帧 936-938，原始 3 帧，展示 3 帧（步长 1）
19:11:29 [INFO]   步骤 2：调用 check_nearby_tracks({'track_id': 182, 'frame_ids': [936, 937, 938]})
19:11:29 [INFO]   工具结果：帧 936 轨迹 182 附近（150px）：发现 20 个附近轨迹：ID 147（距离123.3px），ID 148（距离131.6px），ID 152（距离96.6px），ID 153（距离37.
19:11:30 [INFO]   步骤 3：调用 compare_appearances({'track_id': 182, 'frame_ids': [936, 937, 938]})
19:11:30 [INFO]   工具结果：轨迹 182：帧936 vs 帧938，外观基本一致，非 ID 切换
19:11:31 [INFO]   步骤 4：调用 replay_segment({'start_frame': 936, 'end_frame': 938})
19:11:31 [INFO]   工具结果：轨迹 182 帧 936-938，原始 3 帧，展示 3 帧（步长 1）
19:11:32 [INFO]   步骤 5：调用 check_nearby_tracks({'track_id': 182, 'frame_ids': [936, 937, 938]})
19:11:32 [INFO]   工具结果：帧 936 轨迹 182 附近（150px）：发现 20 个附近轨迹：ID 147（距离123.3px），ID 148（距离131.6px），ID 152（距离96.6px），ID 153（距离37.
19:11:33 [INFO]   步骤 6：调用 compare_appearances({'track_id': 182, 'frame_ids': [936, 937, 938]})
19:11:33 [INFO]   工具结果：轨迹 182：帧936 vs 帧938，外观基本一致，非 ID 切换
19:11:33 [WARNING] 轨迹 182 达到最大调查步数，使用初始判断
19:11:33 [INFO]   → 确认：调查步数耗尽，沿用阶段一结论：最大位移较大，且在特定帧出现异常跳变。
19:11:33 [INFO] [34/46] 调查轨迹 183
19:11:33 [INFO] 开始调查轨迹 183（drift）
19:11:34 [INFO]   步骤 1：调用 replay_segment({'start_frame': 906, 'end_frame': 1203})
19:11:34 [INFO]   工具结果：轨迹 183 帧 906-1203，原始 43 帧，展示 32 帧（步长 7）
19:11:35 [INFO]   步骤 2：调用 check_nearby_tracks({'track_id': 183, 'frame_range': [906, 1203]})
19:11:35 [INFO]   工具结果：帧 1054 轨迹 183 附近（150px）：发现 18 个附近轨迹：ID 146（距离126.6px），ID 147（距离110.7px），ID 148（距离79.9px），ID 152（距离84
19:11:36 [INFO]   步骤 3：调用 compare_appearances({'frame_id': 943, 'track_id': 183})
19:11:36 [INFO]   工具结果：轨迹 183：帧943 vs 帧944，外观基本一致，非 ID 切换
19:11:37 [INFO]   步骤 4：调用 replay_segment({'start_frame': 906, 'end_frame': 1203})
19:11:37 [INFO]   工具结果：轨迹 183 帧 906-1203，原始 43 帧，展示 32 帧（步长 7）
19:11:39 [INFO]   步骤 5：调用 check_nearby_tracks({'track_id': 183, 'frame_range': [906, 1203]})
19:11:39 [INFO]   工具结果：帧 1054 轨迹 183 附近（150px）：发现 18 个附近轨迹：ID 146（距离126.6px），ID 147（距离110.7px），ID 148（距离79.9px），ID 152（距离84
19:11:40 [INFO]   步骤 6：调用 compare_appearances({'frame_id': 943, 'track_id': 183})
19:11:40 [INFO]   工具结果：轨迹 183：帧943 vs 帧944，外观基本一致，非 ID 切换
19:11:40 [WARNING] 轨迹 183 达到最大调查步数，使用初始判断
19:11:40 [INFO]   → 确认：调查步数耗尽，沿用阶段一结论：最大位移达到68.96，表明存在显著位置跳变。
19:11:40 [INFO] [35/46] 调查轨迹 184
19:11:40 [INFO] 开始调查轨迹 184（drift）
19:11:41 [INFO]   步骤 1：调用 replay_segment({'start_frame': 911, 'end_frame': 1203})
19:11:41 [INFO]   工具结果：轨迹 184 帧 911-1203，原始 37 帧，展示 32 帧（步长 7）
19:11:42 [INFO]   步骤 2：调用 check_nearby_tracks({'start_frame': 911, 'end_frame': 1203})
19:11:42 [INFO]   工具结果：缺少 frame_id/track_id
19:11:43 [INFO]   步骤 3：调用 replay_segment({'start_frame': 911, 'end_frame': 1203})
19:11:43 [INFO]   工具结果：轨迹 184 帧 911-1203，原始 37 帧，展示 32 帧（步长 7）
19:11:44 [INFO]   步骤 4：调用 zoom_region({'frame_id': 987, 'region': [987, 1203, 121.11]})
19:11:44 [INFO]   工具结果：轨迹 184 第 987 帧放大 3.0x，已锐化
19:11:46 [INFO]   步骤 5：调用 compare_appearances({'frame_id_1': 987, 'frame_id_2': 992})
19:11:46 [INFO]   工具结果：轨迹 184：帧987 vs 帧992，外观基本一致，非 ID 切换
19:11:48 [INFO]   步骤 6：调用 replay_segment({'start_frame': 911, 'end_frame': 1203})
19:11:48 [INFO]   工具结果：轨迹 184 帧 911-1203，原始 37 帧，展示 32 帧（步长 7）
19:11:48 [WARNING] 轨迹 184 达到最大调查步数，使用初始判断
19:11:48 [INFO]   → 确认：调查步数耗尽，沿用阶段一结论：最大位移达到121.11，表明存在显著位置跳变。
19:11:48 [INFO] [36/46] 调查轨迹 185
19:11:48 [INFO] 开始调查轨迹 185（miss）
19:11:48 [INFO]   步骤 1：调用 replay_segment({'start_frame': 1024, 'end_frame': 1031})
19:11:48 [INFO]   工具结果：轨迹 185 帧 1024-1031，原始 2 帧，展示 2 帧（步长 1）
19:11:49 [INFO]   步骤 2：调用 check_nearby_tracks({'track_id': 185, 'frame_range': [1024, 1031]})
19:11:49 [INFO]   工具结果：帧 1027 轨迹 185 附近（150px）：发现 19 个附近轨迹：ID 147（距离104.4px），ID 148（距离105.7px），ID 152（距离64.0px），ID 153（距离50
19:11:50 [INFO]   步骤 3：调用 check_nearby_tracks({'track_id': 185, 'frame_range': [1024, 1031]})
19:11:50 [INFO]   工具结果：帧 1027 轨迹 185 附近（150px）：发现 19 个附近轨迹：ID 147（距离104.4px），ID 148（距离105.7px），ID 152（距离64.0px），ID 153（距离50
19:11:52 [INFO]   步骤 4：调用 check_nearby_tracks({'track_id': 185, 'frame_range': [1024, 1031]})
19:11:52 [INFO]   工具结果：帧 1027 轨迹 185 附近（150px）：发现 19 个附近轨迹：ID 147（距离104.4px），ID 148（距离105.7px），ID 152（距离64.0px），ID 153（距离50
19:11:53 [INFO]   步骤 5：调用 check_nearby_tracks({'track_id': 185, 'frame_range': [1024, 1031]})
19:11:53 [INFO]   工具结果：帧 1027 轨迹 185 附近（150px）：发现 19 个附近轨迹：ID 147（距离104.4px），ID 148（距离105.7px），ID 152（距离64.0px），ID 153（距离50
19:11:55 [INFO]   步骤 6：调用 check_nearby_tracks({'track_id': 185, 'frame_range': [1024, 1031]})
19:11:55 [INFO]   工具结果：帧 1027 轨迹 185 附近（150px）：发现 19 个附近轨迹：ID 147（距离104.4px），ID 148（距离105.7px），ID 152（距离64.0px），ID 153（距离50
19:11:55 [WARNING] 轨迹 185 达到最大调查步数，使用初始判断
19:11:55 [INFO]   → 确认：调查步数耗尽，沿用阶段一结论：轨迹在1024帧后中断，目标消失超过5帧。
19:11:55 [INFO] [37/46] 调查轨迹 186
19:11:55 [INFO] 开始调查轨迹 186（miss）
19:11:55 [INFO]   步骤 1：调用 replay_segment({'start_frame': 1107, 'end_frame': 1160})
19:11:55 [INFO]   工具结果：轨迹 186 帧 1107-1160，原始 8 帧，展示 8 帧（步长 2）
19:11:56 [INFO]   步骤 2：调用 check_nearby_tracks({'start_frame': 1107, 'end_frame': 1160})
19:11:56 [INFO]   工具结果：缺少 frame_id/track_id
19:11:57 [INFO]   步骤 3：调用 replay_segment({'start_frame': 1107, 'end_frame': 1160})
19:11:57 [INFO]   工具结果：轨迹 186 帧 1107-1160，原始 8 帧，展示 8 帧（步长 2）
19:11:58 [INFO]   步骤 4：调用 check_nearby_tracks({'start_frame': 1107, 'end_frame': 1160})
19:11:58 [INFO]   工具结果：缺少 frame_id/track_id
19:11:59 [INFO]   步骤 5：调用 replay_segment({'start_frame': 1107, 'end_frame': 1160})
19:11:59 [INFO]   工具结果：轨迹 186 帧 1107-1160，原始 8 帧，展示 8 帧（步长 2）
19:12:00 [INFO]   步骤 6：调用 check_nearby_tracks({'start_frame': 1107, 'end_frame': 1160})
19:12:00 [INFO]   工具结果：缺少 frame_id/track_id
19:12:00 [WARNING] 轨迹 186 达到最大调查步数，使用初始判断
19:12:00 [INFO]   → 确认：调查步数耗尽，沿用阶段一结论：轨迹在1107至1160帧间中断，持续20帧以上。
19:12:00 [INFO] [38/46] 调查轨迹 187
19:12:00 [INFO] 开始调查轨迹 187（miss）
19:12:00 [INFO]   步骤 1：调用 replay_segment({'start_frame': 988, 'end_frame': 1019})
19:12:00 [INFO]   工具结果：轨迹 187 帧 988-1019，原始 12 帧，展示 12 帧（步长 1）
19:12:01 [INFO]   步骤 2：调用 check_nearby_tracks({'track_id': 187, 'frame_range': [988, 1019]})
19:12:01 [INFO]   工具结果：帧 1003 轨迹 187 附近（150px）：发现 17 个附近轨迹：ID 150（距离120.1px），ID 151（距离120.9px），ID 153（距离44.4px），ID 155（距离53
19:12:02 [INFO]   步骤 3：调用 compare_appearances({'frame_id': 988, 'target_id': 187, 'compare_id': 191})
19:12:02 [INFO]   工具结果：轨迹 187：帧988 vs 帧989，外观基本一致，非 ID 切换
19:12:04 [INFO]   步骤 4：调用 compare_appearances({'frame_id': 989, 'target_id': 187, 'compare_id': 191})
19:12:04 [INFO]   工具结果：轨迹 187：帧989 vs 帧990，外观基本一致，非 ID 切换
19:12:05 [INFO]   步骤 5：调用 compare_appearances({'frame_id': 990, 'target_id': 187, 'compare_id': 191})
19:12:05 [INFO]   工具结果：轨迹 187：帧990 vs 帧991，外观基本一致，非 ID 切换
19:12:06 [INFO]   步骤 6：调用 compare_appearances({'frame_id': 991, 'target_id': 187, 'compare_id': 191})
19:12:06 [INFO]   工具结果：轨迹 187：帧991 vs 帧992，外观基本一致，非 ID 切换
19:12:06 [WARNING] 轨迹 187 达到最大调查步数，使用初始判断
19:12:06 [INFO]   → 确认：调查步数耗尽，沿用阶段一结论：目标在988帧至1019帧间中断，消失超过5帧。
19:12:06 [INFO] [39/46] 调查轨迹 189
19:12:06 [INFO] 开始调查轨迹 189（drift）
19:12:07 [INFO]   步骤 1：调用 replay_segment({'start_frame': 960, 'end_frame': 1203})
19:12:07 [INFO]   工具结果：轨迹 189 帧 960-1203，原始 40 帧，展示 32 帧（步长 6）
19:12:08 [INFO]   步骤 2：调用 check_nearby_tracks({'track_id': 189, 'frame_range': [960, 1203]})
19:12:08 [INFO]   工具结果：帧 1081 轨迹 189 附近（150px）：发现 22 个附近轨迹：ID 146（距离109.9px），ID 149（距离125.9px），ID 154（距离126.9px），ID 156（距离9
19:12:09 [INFO]   步骤 3：调用 compare_appearances({'frame_id': 1010, 'track_id': 189})
19:12:09 [INFO]   工具结果：轨迹 189：帧1010 vs 帧1011，外观基本一致，非 ID 切换
19:12:10 [INFO]   步骤 4：调用 replay_segment({'start_frame': 1000, 'end_frame': 1020})
19:12:10 [INFO]   工具结果：轨迹 189 帧 1000-1020，原始 17 帧，展示 17 帧（步长 1）
19:12:18 [INFO]   步骤 5：调用 check_nearby_tracks({'track_id': 189, 'frame_range': [1000, 1020]})
19:12:18 [INFO]   工具结果：帧 1010 轨迹 189 附近（150px）：发现 23 个附近轨迹：ID 146（距离100.8px），ID 149（距离76.3px），ID 154（距离131.3px），ID 156（距离11
19:12:20 [INFO]   步骤 6：调用 compare_appearances({'frame_id': 1010, 'track_id': 189})
19:12:20 [INFO]   工具结果：轨迹 189：帧1010 vs 帧1011，外观基本一致，非 ID 切换
19:12:20 [WARNING] 轨迹 189 达到最大调查步数，使用初始判断
19:12:20 [INFO]   → 确认：调查步数耗尽，沿用阶段一结论：最大位移较大，存在异常跳变
19:12:20 [INFO] [40/46] 调查轨迹 190
19:12:20 [INFO] 开始调查轨迹 190（drift）
19:12:21 [INFO]   步骤 1：调用 replay_segment({'start_frame': 1003, 'end_frame': 1198})
19:12:21 [INFO]   工具结果：轨迹 190 帧 1003-1198，原始 36 帧，展示 32 帧（步长 5）
19:12:22 [INFO]   步骤 2：调用 check_nearby_tracks({'track_id': 190, 'frame_range': [1003, 1198]})
19:12:22 [INFO]   工具结果：帧 1100 轨迹 190 附近（150px）：发现 12 个附近轨迹：ID 149（距离48.9px），ID 158（距离42.5px），ID 162（距离55.7px），ID 166（距离92.8
19:12:23 [INFO]   步骤 3：调用 compare_appearances({'frame_id': 1003, 'target_id': 190, 'compare_id': 158, 'compare_distance': 42.5})
19:12:23 [INFO]   工具结果：轨迹 190：帧1003 vs 帧1004，外观基本一致，非 ID 切换
19:12:25 [INFO]   步骤 4：调用 compare_appearances({'frame_id': 1004, 'target_id': 190, 'compare_id': 158, 'compare_distance': 42.5})
19:12:25 [INFO]   工具结果：轨迹 190：帧1004 vs 帧1005，外观基本一致，非 ID 切换
19:12:26 [INFO]   步骤 5：调用 compare_appearances({'frame_id': 1005, 'target_id': 190, 'compare_id': 158, 'compare_distance': 42.5})
19:12:26 [INFO]   工具结果：轨迹 190：帧1005 vs 帧1006，外观基本一致，非 ID 切换
19:12:28 [INFO]   步骤 6：调用 compare_appearances({'frame_id': 1006, 'target_id': 190, 'compare_id': 158, 'compare_distance': 42.5})
19:12:28 [INFO]   工具结果：轨迹 190：帧1006 vs 帧1007，外观基本一致，非 ID 切换
19:12:28 [WARNING] 轨迹 190 达到最大调查步数，使用初始判断
19:12:28 [INFO]   → 确认：调查步数耗尽，沿用阶段一结论：最大位移达到126.34，表明目标位置发生了异常跳变。
19:12:28 [INFO] [41/46] 调查轨迹 191
19:12:28 [INFO] 开始调查轨迹 191（miss）
19:12:28 [INFO]   步骤 1：调用 replay_segment({'start_frame': 994, 'end_frame': 1007})
19:12:28 [INFO]   工具结果：轨迹 191 帧 994-1007，原始 2 帧，展示 2 帧（步长 1）
19:12:29 [INFO]   步骤 2：调用 check_nearby_tracks({'frame_id': 1007})
19:12:29 [INFO]   工具结果：帧 1007 轨迹 191 附近（150px）：发现 17 个附近轨迹：ID 150（距离116.4px），ID 151（距离117.1px），ID 153（距离51.3px），ID 155（距离61
19:12:30 [INFO]   步骤 3：调用 check_nearby_tracks({'frame_id': 1006})
19:12:30 [INFO]   工具结果：帧 1006 轨迹 191 附近（150px）：发现 17 个附近轨迹：ID 150（距离116.4px），ID 151（距离117.1px），ID 153（距离51.3px），ID 155（距离61
19:12:31 [INFO]   步骤 4：调用 check_nearby_tracks({'frame_id': 1005})
19:12:31 [INFO]   工具结果：帧 1005 轨迹 191 附近（150px）：发现 16 个附近轨迹：ID 150（距离116.4px），ID 151（距离117.1px），ID 153（距离51.3px），ID 155（距离61
19:12:32 [INFO]   步骤 5：调用 check_nearby_tracks({'frame_id': 1004})
19:12:32 [INFO]   工具结果：帧 1004 轨迹 191 附近（150px）：发现 17 个附近轨迹：ID 150（距离116.4px），ID 151（距离117.1px），ID 153（距离51.3px），ID 155（距离61
19:12:33 [INFO]   步骤 6：调用 check_nearby_tracks({'frame_id': 1003})
19:12:33 [INFO]   工具结果：帧 1003 轨迹 191 附近（150px）：发现 17 个附近轨迹：ID 150（距离116.4px），ID 151（距离117.1px），ID 153（距离51.3px），ID 155（距离61
19:12:33 [WARNING] 轨迹 191 达到最大调查步数，使用初始判断
19:12:33 [INFO]   → 确认：调查步数耗尽，沿用阶段一结论：目标在第994帧至第1007帧间中断，消失超过5帧。
19:12:33 [INFO] [42/46] 调查轨迹 192
19:12:33 [INFO] 开始调查轨迹 192（miss）
19:12:34 [INFO]   步骤 1：调用 replay_segment({'start_frame': 1044, 'end_frame': 1050})
19:12:34 [INFO]   工具结果：轨迹 192 帧 1044-1050，原始 2 帧，展示 2 帧（步长 1）
19:12:34 [INFO]   步骤 2：调用 check_nearby_tracks({'frame_id': 1044, 'radius': 10})
19:12:34 [INFO]   工具结果：帧 1044 轨迹 192 附近（10px）：附近无其他轨迹
19:12:35 [INFO]   步骤 3：调用 replay_segment({'start_frame': 1038, 'end_frame': 1056})
19:12:35 [INFO]   工具结果：轨迹 192 帧 1038-1056，原始 10 帧，展示 10 帧（步长 1）
19:12:36 [INFO]   步骤 4：调用 compare_appearances({'frame_id_1': 1044, 'frame_id_2': 1050})
19:12:36 [INFO]   工具结果：轨迹 192：帧1044 vs 帧1050，外观基本一致，非 ID 切换
19:12:37 [INFO]   步骤 5：调用 replay_segment({'start_frame': 1044, 'end_frame': 1050})
19:12:37 [INFO]   工具结果：轨迹 192 帧 1044-1050，原始 2 帧，展示 2 帧（步长 1）
19:12:38 [INFO]   步骤 6：调用 check_nearby_tracks({'frame_id': 1044, 'radius': 10})
19:12:38 [INFO]   工具结果：帧 1044 轨迹 192 附近（10px）：附近无其他轨迹
19:12:38 [WARNING] 轨迹 192 达到最大调查步数，使用初始判断
19:12:38 [INFO]   → 确认：调查步数耗尽，沿用阶段一结论：目标在第1044帧至第1050帧间中断，持续6帧。
19:12:38 [INFO] [43/46] 调查轨迹 193
19:12:38 [INFO] 开始调查轨迹 193（drift）
19:12:39 [INFO]   步骤 1：调用 replay_segment({'start_frame': 1019, 'end_frame': 1203})
19:12:39 [INFO]   工具结果：轨迹 193 帧 1019-1203，原始 36 帧，展示 32 帧（步长 4）
19:12:40 [INFO]   步骤 2：调用 check_nearby_tracks({'start_frame': 1019, 'end_frame': 1203})
19:12:40 [INFO]   工具结果：缺少 frame_id/track_id
19:12:41 [INFO]   步骤 3：调用 compare_appearances({'frame_id': 1084, 'track_id': 193})
19:12:41 [INFO]   工具结果：轨迹 193：帧1084 vs 帧1085，外观基本一致，非 ID 切换
19:12:42 [INFO]   步骤 4：调用 zoom_region({'frame_id': 1084, 'region': [200, 100, 300, 200], 'track_id': 193})
19:12:42 [INFO]   工具结果：轨迹 193 第 1084 帧放大 3.0x，已锐化
19:12:44 [INFO]   步骤 5：调用 replay_segment({'start_frame': 1084, 'end_frame': 1101})
19:12:44 [INFO]   工具结果：轨迹 193 帧 1084-1101，原始 18 帧，展示 18 帧（步长 1）
19:12:45 [INFO]   步骤 6：调用 check_nearby_tracks({'start_frame': 1084, 'end_frame': 1101})
19:12:45 [INFO]   工具结果：缺少 frame_id/track_id
19:12:45 [WARNING] 轨迹 193 达到最大调查步数，使用初始判断
19:12:45 [INFO]   → 确认：调查步数耗尽，沿用阶段一结论：最大位移60.73，表明存在显著位置跳变。
19:12:45 [INFO] [44/46] 调查轨迹 194
19:12:45 [INFO] 开始调查轨迹 194（miss）
19:12:46 [INFO]   步骤 1：调用 replay_segment({'start_frame': 1053, 'end_frame': 1059})
19:12:46 [INFO]   工具结果：轨迹 194 帧 1053-1059，原始 2 帧，展示 2 帧（步长 1）
19:12:47 [INFO]   步骤 2：调用 check_nearby_tracks({'track_id': 194, 'frame_range': [1053, 1059]})
19:12:47 [INFO]   工具结果：帧 1056 轨迹 194 附近（150px）：发现 25 个附近轨迹：ID 146（距离40.9px），ID 147（距离122.5px），ID 148（距离119.1px），ID 149（距离13
19:12:48 [INFO]   步骤 3：调用 replay_segment({'start_frame': 1050, 'end_frame': 1060})
19:12:48 [INFO]   工具结果：轨迹 194 帧 1050-1060，原始 6 帧，展示 6 帧（步长 1）
19:12:49 [INFO]   步骤 4：调用 check_nearby_tracks({'track_id': 194, 'frame_range': [1050, 1060]})
19:12:49 [INFO]   工具结果：帧 1055 轨迹 194 附近（150px）：发现 26 个附近轨迹：ID 146（距离40.9px），ID 147（距离122.5px），ID 148（距离119.1px），ID 149（距离13
19:12:50 [INFO]   步骤 5：调用 replay_segment({'start_frame': 1050, 'end_frame': 1060})
19:12:50 [INFO]   工具结果：轨迹 194 帧 1050-1060，原始 6 帧，展示 6 帧（步长 1）
19:12:51 [INFO]   步骤 6：调用 check_nearby_tracks({'track_id': 194, 'frame_range': [1050, 1060]})
19:12:51 [INFO]   工具结果：帧 1055 轨迹 194 附近（150px）：发现 26 个附近轨迹：ID 146（距离40.9px），ID 147（距离122.5px），ID 148（距离119.1px），ID 149（距离13
19:12:51 [WARNING] 轨迹 194 达到最大调查步数，使用初始判断
19:12:51 [INFO]   → 确认：调查步数耗尽，沿用阶段一结论：目标在第1053帧至第1059帧间中断，消失超过5帧。
19:12:51 [INFO] [45/46] 调查轨迹 195
19:12:51 [INFO] 开始调查轨迹 195（miss）
19:12:52 [INFO]   步骤 1：调用 replay_segment({'start_frame': 1098, 'end_frame': 1110})
19:12:52 [INFO]   工具结果：轨迹 195 帧 1098-1110，原始 2 帧，展示 2 帧（步长 1）
19:12:53 [INFO]   步骤 2：调用 check_nearby_tracks({'track_id': 195, 'frame_range': [1098, 1110]})
19:12:53 [INFO]   工具结果：帧 1104 轨迹 195 附近（150px）：发现 21 个附近轨迹：ID 147（距离106.1px），ID 148（距离98.2px），ID 152（距离47.0px），ID 153（距离69.
19:12:54 [INFO]   步骤 3：调用 replay_segment({'start_frame': 1061, 'end_frame': 1097})
19:12:54 [INFO]   工具结果：轨迹 195 帧 1061-1097，原始 27 帧，展示 27 帧（步长 1）
19:12:55 [INFO]   步骤 4：调用 replay_segment({'start_frame': 1111, 'end_frame': 1200})
19:12:55 [INFO]   工具结果：轨迹 195 帧 1111-1200，原始 30 帧，展示 30 帧（步长 2）
19:12:57 [INFO]   步骤 5：调用 check_nearby_tracks({'track_id': 195, 'frame_range': [1111, 1200]})
19:12:57 [INFO]   工具结果：帧 1155 轨迹 195 附近（150px）：发现 21 个附近轨迹：ID 147（距离79.1px），ID 148（距离87.2px），ID 152（距离60.2px），ID 153（距离75.1
19:12:58 [INFO]   步骤 6：调用 compare_appearances({'frame_id': 1098, 'frame_id_to_compare': 1110})
19:12:58 [INFO]   工具结果：轨迹 195：帧1098 vs 帧1099，外观基本一致，非 ID 切换
19:12:58 [WARNING] 轨迹 195 达到最大调查步数，使用初始判断
19:12:58 [INFO]   → 确认：调查步数耗尽，沿用阶段一结论：目标在第1098帧至第1110帧间中断，消失超过5帧。
19:12:58 [INFO] [46/46] 调查轨迹 197
19:12:58 [INFO] 开始调查轨迹 197（miss）
19:12:59 [INFO]   步骤 1：调用 replay_segment({'start_frame': 1135, 'end_frame': 1203})
19:12:59 [INFO]   工具结果：轨迹 197 帧 1135-1203，原始 21 帧，展示 21 帧（步长 2）
19:13:00 [INFO]   步骤 2：调用 check_nearby_tracks({'track_id': 197, 'frame_range': [1170, 1184]})
19:13:00 [INFO]   工具结果：帧 1177 轨迹 197 附近（150px）：发现 15 个附近轨迹：ID 149（距离31.6px），ID 157（距离138.8px），ID 158（距离25.3px），ID 162（距离25.
19:13:01 [INFO]   步骤 3：调用 replay_segment({'start_frame': 1170, 'end_frame': 1184})
19:13:01 [INFO]   工具结果：轨迹 197 帧 1170-1184，原始 2 帧，展示 2 帧（步长 1）
19:13:02 [INFO]   步骤 4：调用 compare_appearances({'frame1': 1170, 'frame2': 1184})
19:13:02 [INFO]   工具结果：缺少 frame_id_a/frame_id_b
19:13:03 [INFO]   步骤 5：调用 replay_segment({'start_frame': 1170, 'end_frame': 1184})
19:13:03 [INFO]   工具结果：轨迹 197 帧 1170-1184，原始 2 帧，展示 2 帧（步长 1）
19:13:04 [INFO]   步骤 6：调用 compare_appearances({'frame1': 1170, 'frame2': 1184})
19:13:04 [INFO]   工具结果：缺少 frame_id_a/frame_id_b
19:13:04 [WARNING] 轨迹 197 达到最大调查步数，使用初始判断
19:13:04 [INFO]   → 确认：调查步数耗尽，沿用阶段一结论：目标在第1170帧至第1184帧间中断，消失超过5帧。
19:13:04 [INFO] ========================================
19:13:04 [INFO] [dancetrack0085] 阶段三：轨迹修正
19:13:04 [INFO] ========================================
19:13:05 [INFO] 正在分析轨迹 146（长度 808 帧）...
19:13:06 [INFO] 修正生效：track=146 type=miss frames=50-65
19:13:06 [INFO] 正在分析轨迹 147（长度 830 帧）...
19:13:08 [INFO] 修正回滚：track=147 type=miss
19:13:08 [INFO] 正在分析轨迹 148（长度 175 帧）...
19:13:09 [INFO] 修正生效：track=148 type=miss frames=156-174
19:13:09 [INFO] 正在分析轨迹 149（长度 65 帧）...
19:13:11 [INFO] 修正生效：track=149 type=drift frames=61-61
19:13:11 [INFO] 正在分析轨迹 150（长度 428 帧）...
19:13:12 [INFO] 修正回滚：track=150 type=miss
19:13:12 [INFO] 正在分析轨迹 151（长度 427 帧）...
19:13:14 [INFO] 修正回滚：track=151 type=miss
19:13:14 [INFO] 正在分析轨迹 153（长度 802 帧）...
19:13:22 [INFO] 修正生效：track=153 type=drift frames=495-495
19:13:23 [INFO] 正在分析轨迹 155（长度 29 帧）...
19:13:24 [INFO] 修正回滚：track=155 type=drift
19:13:24 [INFO] 正在分析轨迹 158（长度 66 帧）...
19:13:25 [INFO] 修正生效：track=158 type=miss frames=39-50
19:13:25 [INFO] 正在分析轨迹 161（长度 757 帧）...
19:13:27 [INFO] 修正回滚：track=161 type=drift
19:13:27 [INFO] 正在分析轨迹 162（长度 152 帧）...
19:13:28 [INFO] 修正生效：track=162 type=drift frames=224-224
19:13:29 [INFO] 正在分析轨迹 165（长度 670 帧）...
19:13:30 [INFO] 修正生效：track=165 type=miss frames=775-840
19:13:30 [INFO] 正在分析轨迹 166（长度 60 帧）...
19:13:32 [INFO] 修正生效：track=166 type=miss frames=214-220
19:13:32 [INFO] 正在分析轨迹 167（长度 673 帧）...
19:13:33 [INFO] 修正生效：track=167 type=miss frames=791-806
19:13:33 [INFO] 正在分析轨迹 174（长度 52 帧）...
19:13:35 [INFO] 修正生效：track=174 type=miss frames=445-454
19:13:35 [INFO] 正在分析轨迹 176（长度 363 帧）...
19:13:36 [INFO] 修正生效：track=176 type=miss frames=642-669
19:13:36 [INFO] 修正跳过/失败：track=180 type=miss detail=缺少前后锚点，无法插值补全
19:13:36 [INFO] 正在分析轨迹 181（长度 249 帧）...
19:13:38 [INFO] 修正生效：track=181 type=miss frames=836-844
19:13:38 [INFO] 修正跳过/失败：track=185 type=miss detail=缺少前后锚点，无法插值补全
19:13:38 [INFO] 正在分析轨迹 186（长度 252 帧）...
19:13:39 [INFO] 修正生效：track=186 type=miss frames=1107-1160
19:13:39 [INFO] [dancetrack0085] 修正后 MOT 已保存至 /public/home/lyh_npu/code/PostMOT/corrected_mot/dancetrack0085.txt
19:13:39 [INFO] [dancetrack0085] 报告已保存至 /public/home/lyh_npu/code/PostMOT/pipeline_report_batch_seq_reports/dancetrack0085.json
19:13:39 [INFO] [29/35] 处理序列 dancetrack0088
19:13:57 [INFO] 加载轨迹 26 条
19:13:57 [INFO] ========================================
19:13:57 [INFO] [dancetrack0088] 阶段一：VLM 轨迹巡检
19:13:57 [INFO] ========================================
19:13:57 [INFO] 正在分析轨迹 86（长度 349 帧）...
19:13:59 [INFO] [可疑] 轨迹 86 — drift 置信度 0.90：最大位移帧为87，位置异常跳变。
19:13:59 [INFO] 正在分析轨迹 87（长度 556 帧）...
19:14:00 [INFO] [可疑] 轨迹 87 — miss 置信度 0.90：轨迹在第563帧至第569帧间中断，持续6帧。
19:14:00 [INFO] 正在分析轨迹 88（长度 133 帧）...
19:14:02 [INFO] [可疑] 轨迹 88 — miss 置信度 0.90：目标在第63帧至第74帧间中断，消失超过5帧。
19:14:02 [INFO] 正在分析轨迹 89（长度 377 帧）...
19:14:03 [INFO] [可疑] 轨迹 89 — drift 置信度 0.80：最大位移较大，存在异常跳变。
19:14:03 [INFO] 正在分析轨迹 90（长度 363 帧）...
19:14:04 [INFO] [可疑] 轨迹 90 — miss 置信度 0.90：目标在360帧后消失，持续9帧。
19:14:04 [INFO] 正在分析轨迹 91（长度 557 帧）...
19:14:06 [INFO] [可疑] 轨迹 91 — miss 置信度 0.90：轨迹中断，目标消失超过5帧
19:14:06 [INFO] 正在分析轨迹 92（长度 504 帧）...
19:14:07 [INFO] [可疑] 轨迹 92 — miss 置信度 0.80：在第379帧至第387帧间，目标轨迹中断，未检测到目标。
19:14:07 [INFO] 正在分析轨迹 93（长度 318 帧）...
19:14:09 [INFO] [可疑] 轨迹 93 — miss 置信度 0.90：轨迹在318帧后中断，目标消失超过5帧。
19:14:09 [INFO] 正在分析轨迹 94（长度 325 帧）...
19:14:10 [INFO] [可疑] 轨迹 94 — miss 置信度 0.80：目标在第85帧至第94帧间中断，消失超过5帧。
19:14:10 [INFO] 正在分析轨迹 95（长度 401 帧）...
19:14:12 [INFO] [可疑] 轨迹 95 — drift 置信度 0.80：最大位移93.89帧内出现异常跳变
19:14:12 [INFO] 正在分析轨迹 96（长度 21 帧）...
19:14:13 [INFO] 正在分析轨迹 97（长度 29 帧）...
19:14:15 [INFO] [可疑] 轨迹 97 — miss 置信度 0.80：在第316帧至第336帧间，目标轨迹中断，未检测到目标。
19:14:15 [INFO] 正在分析轨迹 99（长度 283 帧）...
19:14:17 [INFO] [可疑] 轨迹 99 — drift 置信度 0.80：最大位移较大，存在异常跳变。
19:14:17 [INFO] 正在分析轨迹 100（长度 276 帧）...
19:14:24 [INFO] [可疑] 轨迹 100 — drift 置信度 0.80：最大位移发生在第551帧，且有多个异常跳变帧
19:14:24 [INFO] 正在分析轨迹 101（长度 8 帧）...
19:14:25 [INFO] [可疑] 轨迹 101 — miss 置信度 0.80：目标在第338帧至第356帧间中断，消失超过5帧。
19:14:25 [INFO] 正在分析轨迹 102（长度 195 帧）...
19:14:27 [INFO] [可疑] 轨迹 102 — miss 置信度 0.90：目标在第395帧至第401帧间中断，消失超过5帧。
19:14:27 [INFO] 正在分析轨迹 103（长度 197 帧）...
19:14:28 [INFO] [可疑] 轨迹 103 — drift 置信度 0.80：最大位移较大，存在异常跳变。
19:14:28 [INFO] 正在分析轨迹 104（长度 180 帧）...
19:14:30 [INFO] [可疑] 轨迹 104 — miss 置信度 0.90：轨迹在第579帧后中断，目标消失超过5帧。
19:14:30 [INFO] 正在分析轨迹 105（长度 183 帧）...
19:14:31 [INFO] [可疑] 轨迹 105 — miss 置信度 0.90：目标在第577帧后中断，消失超过5帧。
19:14:31 [INFO] 正在分析轨迹 106（长度 154 帧）...
19:14:33 [INFO] [可疑] 轨迹 106 — drift 置信度 0.90：最大位移帧534处目标位置异常跳变
19:14:33 [INFO] 正在分析轨迹 107（长度 179 帧）...
19:14:35 [INFO] [可疑] 轨迹 107 — miss 置信度 0.90：轨迹在第579帧后中断，持续8帧未检测到目标
19:14:35 [INFO] 正在分析轨迹 108（长度 183 帧）...
19:14:36 [INFO] [可疑] 轨迹 108 — drift 置信度 0.80：最大位移73.27帧内有异常跳变
19:14:36 [INFO] 正在分析轨迹 109（长度 127 帧）...
19:14:38 [INFO] [可疑] 轨迹 109 — drift 置信度 0.80：最大位移发生在第541帧，位置异常跳变。
19:14:38 [INFO] 正在分析轨迹 110（长度 44 帧）...
19:14:39 [INFO] [可疑] 轨迹 110 — drift 置信度 0.80：最大位移较大，且在第591帧出现异常跳变。
19:14:39 [INFO] 正在分析轨迹 111（长度 16 帧）...
19:14:41 [INFO] [dancetrack0088] 阶段一完成：23 条可疑轨迹，已保存至 /public/home/lyh_npu/code/PostMOT/pipeline_report_batch_seq_reports/dancetrack0088_stage1.json
19:14:41 [INFO] ========================================
19:14:41 [INFO] [dancetrack0088] 阶段二：LLM 工具调用调查
19:14:41 [INFO] ========================================
19:14:41 [INFO] [1/23] 调查轨迹 86
19:14:41 [INFO] 开始调查轨迹 86（drift）
19:14:41 [INFO]   步骤 1：调用 replay_segment({'start_frame': 87, 'end_frame': 87})
19:14:41 [INFO]   工具结果：轨迹 86 帧 87-87，原始 1 帧，展示 1 帧（步长 1）
19:14:42 [INFO]   步骤 2：调用 zoom_region({'frame_id': 87, 'region': [0, 0, 320, 240]})
19:14:42 [INFO]   工具结果：轨迹 86 第 87 帧放大 3.0x，已锐化
19:14:44 [INFO]   步骤 3：调用 check_nearby_tracks({'frame_id': 87, 'radius': 10})
19:14:44 [INFO]   工具结果：帧 87 轨迹 86 附近（10px）：发现 1 个附近轨迹：ID 92（距离6.6px）
19:14:45 [INFO]   步骤 4：调用 compare_appearances({'frame_id': 87, 'track_id': 86, 'nearby_track_id': 92})
19:14:45 [INFO]   工具结果：轨迹 86：帧87 vs 帧88，外观基本一致，非 ID 切换
19:14:47 [INFO]   步骤 5：调用 replay_segment({'start_frame': 87, 'end_frame': 88})
19:14:47 [INFO]   工具结果：轨迹 86 帧 87-88，原始 1 帧，展示 1 帧（步长 1）
19:14:48 [INFO]   步骤 6：调用 check_nearby_tracks({'frame_id': 88, 'radius': 10})
19:14:48 [INFO]   工具结果：帧 88 轨迹 86 附近（10px）：发现 1 个附近轨迹：ID 92（距离6.6px）
19:14:48 [WARNING] 轨迹 86 达到最大调查步数，使用初始判断
19:14:48 [INFO]   → 确认：调查步数耗尽，沿用阶段一结论：最大位移帧为87，位置异常跳变。
19:14:48 [INFO] [2/23] 调查轨迹 87
19:14:48 [INFO] 开始调查轨迹 87（miss）
19:14:49 [INFO]   步骤 1：调用 replay_segment({'start_frame': 563, 'end_frame': 569})
19:14:49 [INFO]   工具结果：轨迹 87 帧 563-569，原始 2 帧，展示 2 帧（步长 1）
19:14:50 [INFO]   步骤 2：调用 check_nearby_tracks({'track_id': 87, 'frame_range': [563, 569]})
19:14:50 [INFO]   工具结果：帧 566 轨迹 87 附近（150px）：发现 7 个附近轨迹：ID 91（距离0.0px），ID 97（距离77.8px），ID 101（距离88.4px），ID 103（距离99.0px），ID
19:14:51 [INFO]   步骤 3：调用 compare_appearances({'frame_id': 563, 'target_id': 87, 'compare_id': 569})
19:14:51 [INFO]   工具结果：轨迹 87：帧563 vs 帧564，外观基本一致，非 ID 切换
19:14:52 [INFO]   步骤 4：调用 replay_segment({'start_frame': 563, 'end_frame': 569})
19:14:52 [INFO]   工具结果：轨迹 87 帧 563-569，原始 2 帧，展示 2 帧（步长 1）
19:14:53 [INFO]   步骤 5：调用 check_nearby_tracks({'track_id': 87, 'frame_range': [563, 569]})
19:14:53 [INFO]   工具结果：帧 566 轨迹 87 附近（150px）：发现 7 个附近轨迹：ID 91（距离0.0px），ID 97（距离77.8px），ID 101（距离88.4px），ID 103（距离99.0px），ID
19:14:54 [INFO]   步骤 6：调用 compare_appearances({'frame_id': 563, 'target_id': 87, 'compare_id': 569})
19:14:54 [INFO]   工具结果：轨迹 87：帧563 vs 帧564，外观基本一致，非 ID 切换
19:14:54 [WARNING] 轨迹 87 达到最大调查步数，使用初始判断
19:14:54 [INFO]   → 确认：调查步数耗尽，沿用阶段一结论：轨迹在第563帧至第569帧间中断，持续6帧。
19:14:54 [INFO] [3/23] 调查轨迹 88
19:14:54 [INFO] 开始调查轨迹 88（miss）
19:14:55 [INFO]   步骤 1：调用 replay_segment({'start_frame': 63, 'end_frame': 74})
19:14:55 [INFO]   工具结果：轨迹 88 帧 63-74，原始 2 帧，展示 2 帧（步长 1）
19:14:55 [INFO]   步骤 2：调用 check_nearby_tracks({'frame_id': 63, 'radius': 10})
19:14:55 [INFO]   工具结果：帧 63 轨迹 88 附近（10px）：附近无其他轨迹
19:14:56 [INFO]   步骤 3：调用 replay_segment({'start_frame': 1, 'end_frame': 62})
19:14:56 [INFO]   工具结果：轨迹 88 帧 1-62，原始 31 帧，展示 31 帧（步长 2）
19:14:57 [INFO]   步骤 4：调用 replay_segment({'start_frame': 75, 'end_frame': 150})
19:14:57 [INFO]   工具结果：轨迹 88 帧 75-150，原始 35 帧，展示 32 帧（步长 2）
19:14:58 [INFO]   步骤 5：调用 check_nearby_tracks({'frame_id': 75, 'radius': 10})
19:14:58 [INFO]   工具结果：帧 75 轨迹 88 附近（10px）：附近无其他轨迹
19:15:00 [INFO]   步骤 6：调用 compare_appearances({'frame_id': 63, 'target_id': 88, 'reference_id': 88})
19:15:00 [INFO]   工具结果：轨迹 88：帧63 vs 帧64，外观基本一致，非 ID 切换
19:15:00 [WARNING] 轨迹 88 达到最大调查步数，使用初始判断
19:15:00 [INFO]   → 确认：调查步数耗尽，沿用阶段一结论：目标在第63帧至第74帧间中断，消失超过5帧。
19:15:00 [INFO] [4/23] 调查轨迹 89
19:15:00 [INFO] 开始调查轨迹 89（drift）
19:15:00 [INFO]   步骤 1：调用 replay_segment({'start_frame': 1, 'end_frame': 377})
19:15:00 [INFO]   工具结果：轨迹 89 帧 1-377，原始 48 帧，展示 32 帧（步长 8）
19:15:01 [INFO]   步骤 2：调用 check_nearby_tracks({'track_id': 89, 'frame_range': [1, 377]})
19:15:01 [INFO]   工具结果：帧 189 轨迹 89 附近（150px）：发现 3 个附近轨迹：ID 88（距离46.4px），ID 90（距离134.7px），ID 95（距离75.8px）
19:15:02 [INFO]   步骤 3：调用 compare_appearances({'frame_id': 189, 'track_id': 89, 'nearby_track_id': 88})
19:15:02 [INFO]   工具结果：轨迹 89：帧189 vs 帧190，外观基本一致，非 ID 切换
19:15:04 [INFO]   步骤 4：调用 compare_appearances({'frame_id': 189, 'track_id': 89, 'nearby_track_id': 90})
19:15:04 [INFO]   工具结果：轨迹 89：帧189 vs 帧190，外观基本一致，非 ID 切换
19:15:05 [INFO]   步骤 5：调用 compare_appearances({'frame_id': 189, 'track_id': 89, 'nearby_track_id': 95})
19:15:05 [INFO]   工具结果：轨迹 89：帧189 vs 帧190，外观基本一致，非 ID 切换
19:15:06 [INFO]   步骤 6：调用 replay_segment({'start_frame': 189, 'end_frame': 190})
19:15:06 [INFO]   工具结果：轨迹 89 帧 189-190，原始 2 帧，展示 2 帧（步长 1）
19:15:06 [WARNING] 轨迹 89 达到最大调查步数，使用初始判断
19:15:06 [INFO]   → 确认：调查步数耗尽，沿用阶段一结论：最大位移较大，存在异常跳变。
19:15:06 [INFO] [5/23] 调查轨迹 90
19:15:06 [INFO] 开始调查轨迹 90（miss）
19:15:07 [INFO]   步骤 1：调用 replay_segment({'start_frame': 360, 'end_frame': 369})
19:15:07 [INFO]   工具结果：轨迹 90 帧 360-369，原始 2 帧，展示 2 帧（步长 1）
19:15:08 [INFO]   步骤 2：调用 check_nearby_tracks({'track_id': 90, 'frame_range': [360, 369]})
19:15:08 [INFO]   工具结果：帧 364 轨迹 90 附近（150px）：发现 3 个附近轨迹：ID 98（距离77.0px），ID 105（距离146.3px），ID 108（距离117.5px）
19:15:08 [INFO]   步骤 3：调用 replay_segment({'start_frame': 360, 'end_frame': 369})
19:15:08 [INFO]   工具结果：轨迹 90 帧 360-369，原始 2 帧，展示 2 帧（步长 1）
19:15:09 [INFO]   步骤 4：调用 check_nearby_tracks({'track_id': 90, 'frame_range': [360, 369]})
19:15:09 [INFO]   工具结果：帧 364 轨迹 90 附近（150px）：发现 3 个附近轨迹：ID 98（距离77.0px），ID 105（距离146.3px），ID 108（距离117.5px）
19:15:10 [INFO]   步骤 5：调用 replay_segment({'start_frame': 360, 'end_frame': 369})
19:15:10 [INFO]   工具结果：轨迹 90 帧 360-369，原始 2 帧，展示 2 帧（步长 1）
19:15:11 [INFO]   步骤 6：调用 check_nearby_tracks({'track_id': 90, 'frame_range': [360, 369]})
19:15:11 [INFO]   工具结果：帧 364 轨迹 90 附近（150px）：发现 3 个附近轨迹：ID 98（距离77.0px），ID 105（距离146.3px），ID 108（距离117.5px）
19:15:11 [WARNING] 轨迹 90 达到最大调查步数，使用初始判断
19:15:11 [INFO]   → 确认：调查步数耗尽，沿用阶段一结论：目标在360帧后消失，持续9帧。
19:15:11 [INFO] [6/23] 调查轨迹 91
19:15:11 [INFO] 开始调查轨迹 91（miss）
19:15:12 [INFO]   步骤 1：调用 replay_segment({'start_frame': 563, 'end_frame': 569})
19:15:12 [INFO]   工具结果：轨迹 91 帧 563-569，原始 2 帧，展示 2 帧（步长 1）
19:15:13 [INFO]   步骤 2：调用 check_nearby_tracks({'track_id': 91, 'frame_range': [563, 569]})
19:15:13 [INFO]   工具结果：帧 566 轨迹 91 附近（150px）：发现 7 个附近轨迹：ID 87（距离0.0px），ID 97（距离77.8px），ID 101（距离88.4px），ID 103（距离99.0px），ID
19:15:14 [INFO]   步骤 3：调用 compare_appearances({'frame_id': 563, 'target_id': 91, 'compare_id': 91, 'frame_id_2': 569})
19:15:14 [INFO]   工具结果：轨迹 91：帧563 vs 帧569，外观基本一致，非 ID 切换
19:15:15 [INFO]   步骤 4：调用 replay_segment({'start_frame': 560, 'end_frame': 570})
19:15:15 [INFO]   工具结果：轨迹 91 帧 560-570，原始 6 帧，展示 6 帧（步长 1）
19:15:16 [INFO]   步骤 5：调用 check_nearby_tracks({'track_id': 91, 'frame_range': [560, 570]})
19:15:16 [INFO]   工具结果：帧 565 轨迹 91 附近（150px）：发现 7 个附近轨迹：ID 87（距离0.0px），ID 97（距离77.8px），ID 101（距离88.4px），ID 103（距离96.1px），ID
19:15:17 [INFO]   步骤 6：调用 compare_appearances({'frame_id': 565, 'target_id': 91, 'compare_id': 91, 'frame_id_2': 569})
19:15:17 [INFO]   工具结果：轨迹 91：帧565 vs 帧569，外观基本一致，非 ID 切换
19:15:17 [WARNING] 轨迹 91 达到最大调查步数，使用初始判断
19:15:17 [INFO]   → 确认：调查步数耗尽，沿用阶段一结论：轨迹中断，目标消失超过5帧
19:15:17 [INFO] [7/23] 调查轨迹 92
19:15:17 [INFO] 开始调查轨迹 92（miss）
19:15:18 [INFO]   步骤 1：调用 replay_segment({'start_frame': 379, 'end_frame': 387})
19:15:18 [INFO]   工具结果：轨迹 92 帧 379-387，原始 2 帧，展示 2 帧（步长 1）
19:15:19 [INFO]   步骤 2：调用 check_nearby_tracks({'frame_id': 387, 'radius': 10})
19:15:19 [INFO]   工具结果：帧 387 轨迹 92 附近（10px）：附近无其他轨迹
19:15:26 [INFO]   步骤 3：调用 replay_segment({'start_frame': 378, 'end_frame': 388})
19:15:26 [INFO]   工具结果：轨迹 92 帧 378-388，原始 4 帧，展示 4 帧（步长 1）
19:15:27 [INFO]   步骤 4：调用 compare_appearances({'frame_id_1': 378, 'frame_id_2': 388})
19:15:27 [INFO]   工具结果：轨迹 92：帧378 vs 帧388，外观基本一致，非 ID 切换
19:15:28 [INFO]   步骤 5：调用 replay_segment({'start_frame': 378, 'end_frame': 388})
19:15:28 [INFO]   工具结果：轨迹 92 帧 378-388，原始 4 帧，展示 4 帧（步长 1）
19:15:29 [INFO]   步骤 6：调用 check_nearby_tracks({'frame_id': 387, 'radius': 10})
19:15:29 [INFO]   工具结果：帧 387 轨迹 92 附近（10px）：附近无其他轨迹
19:15:29 [WARNING] 轨迹 92 达到最大调查步数，使用初始判断
19:15:29 [INFO]   → 确认：调查步数耗尽，沿用阶段一结论：在第379帧至第387帧间，目标轨迹中断，未检测到目标。
19:15:29 [INFO] [8/23] 调查轨迹 93
19:15:29 [INFO] 开始调查轨迹 93（miss）
19:15:30 [INFO]   步骤 1：调用 replay_segment({'start_frame': 318, 'end_frame': 376})
19:15:30 [INFO]   工具结果：轨迹 93 帧 318-376，原始 28 帧，展示 28 帧（步长 2）
19:15:31 [INFO]   步骤 2：调用 check_nearby_tracks({'track_id': 93, 'frame_range': [318, 376]})
19:15:31 [INFO]   工具结果：帧 347 轨迹 93 附近（150px）：发现 2 个附近轨迹：ID 95（距离66.1px），ID 99（距离49.4px）
19:15:32 [INFO]   步骤 3：调用 replay_segment({'start_frame': 347, 'end_frame': 347})
19:15:32 [INFO]   工具结果：轨迹 93 帧 347-347，原始 1 帧，展示 1 帧（步长 1）
19:15:33 [INFO]   步骤 4：调用 compare_appearances({'frame_1': 347, 'frame_2': 318})
19:15:33 [INFO]   工具结果：轨迹 93：帧347 vs 帧318，外观基本一致，非 ID 切换
19:15:34 [INFO]   步骤 5：调用 replay_segment({'start_frame': 318, 'end_frame': 347})
19:15:34 [INFO]   工具结果：轨迹 93 帧 318-347，原始 30 帧，展示 30 帧（步长 1）
19:15:35 [INFO]   步骤 6：调用 replay_segment({'start_frame': 348, 'end_frame': 376})
19:15:35 [INFO]   工具结果：轨迹 93 帧 348-376，原始 26 帧，展示 26 帧（步长 1）
19:15:35 [WARNING] 轨迹 93 达到最大调查步数，使用初始判断
19:15:35 [INFO]   → 确认：调查步数耗尽，沿用阶段一结论：轨迹在318帧后中断，目标消失超过5帧。
19:15:35 [INFO] [9/23] 调查轨迹 94
19:15:35 [INFO] 开始调查轨迹 94（miss）
19:15:36 [INFO]   步骤 1：调用 replay_segment({'start_frame': 85, 'end_frame': 94})
19:15:36 [INFO]   工具结果：轨迹 94 帧 85-94，原始 2 帧，展示 2 帧（步长 1）
19:15:37 [INFO]   步骤 2：调用 check_nearby_tracks({'track_id': 94, 'frame_ids': [85, 94]})
19:15:37 [INFO]   工具结果：帧 85 轨迹 94 附近（150px）：发现 2 个附近轨迹：ID 96（距离91.4px），ID 97（距离80.6px）
19:15:37 [INFO]   步骤 3：调用 compare_appearances({'track_id': 94, 'frame_ids': [85, 94]})
19:15:37 [INFO]   工具结果：轨迹 94：帧85 vs 帧94，外观基本一致，非 ID 切换
19:15:38 [INFO]   步骤 4：调用 replay_segment({'start_frame': 85, 'end_frame': 94})
19:15:38 [INFO]   工具结果：轨迹 94 帧 85-94，原始 2 帧，展示 2 帧（步长 1）
19:15:39 [INFO]   步骤 5：调用 zoom_region({'track_id': 94, 'frame_id': 85, 'region': [100, 100, 200, 200]})
19:15:39 [INFO]   工具结果：轨迹 94 第 85 帧放大 3.0x，已锐化
19:15:42 [INFO]   步骤 6：调用 zoom_region({'track_id': 94, 'frame_id': 94, 'region': [100, 100, 200, 200]})
19:15:42 [INFO]   工具结果：轨迹 94 第 94 帧放大 3.0x，已锐化
19:15:42 [WARNING] 轨迹 94 达到最大调查步数，使用初始判断
19:15:42 [INFO]   → 确认：调查步数耗尽，沿用阶段一结论：目标在第85帧至第94帧间中断，消失超过5帧。
19:15:42 [INFO] [10/23] 调查轨迹 95
19:15:42 [INFO] 开始调查轨迹 95（drift）
19:15:42 [INFO]   步骤 1：调用 replay_segment({'start_frame': 339, 'end_frame': 353})
19:15:42 [INFO]   工具结果：轨迹 95 帧 339-353，原始 4 帧，展示 4 帧（步长 1）
19:15:43 [INFO]   步骤 2：调用 check_nearby_tracks({'track_id': 95, 'frame_range': [339, 353]})
19:15:43 [INFO]   工具结果：帧 346 轨迹 95 附近（150px）：发现 2 个附近轨迹：ID 93（距离68.9px），ID 99（距离17.4px）
19:15:44 [INFO]   步骤 3：调用 zoom_region({'frame_id': 346, 'region': [300, 130, 410, 370]})
19:15:44 [INFO]   工具结果：轨迹 95 第 346 帧放大 3.0x，已锐化
19:15:46 [INFO]   步骤 4：调用 compare_appearances({'frame_id': 346, 'track_id': 95, 'reference_frame_id': 345})
19:15:46 [INFO]   工具结果：轨迹 95：帧345 vs 帧346，外观基本一致，非 ID 切换
19:15:47 [INFO]   步骤 5：调用 replay_segment({'start_frame': 339, 'end_frame': 353})
19:15:47 [INFO]   工具结果：轨迹 95 帧 339-353，原始 4 帧，展示 4 帧（步长 1）
19:15:48 [INFO]   步骤 6：调用 check_nearby_tracks({'track_id': 95, 'frame_range': [339, 353]})
19:15:48 [INFO]   工具结果：帧 346 轨迹 95 附近（150px）：发现 2 个附近轨迹：ID 93（距离68.9px），ID 99（距离17.4px）
19:15:48 [WARNING] 轨迹 95 达到最大调查步数，使用初始判断
19:15:48 [INFO]   → 确认：调查步数耗尽，沿用阶段一结论：最大位移93.89帧内出现异常跳变
19:15:48 [INFO] [11/23] 调查轨迹 97
19:15:48 [INFO] 开始调查轨迹 97（miss）
19:15:49 [INFO]   步骤 1：调用 replay_segment({'start_frame': 316, 'end_frame': 336})
19:15:49 [INFO]   工具结果：轨迹 97 帧 316-336，原始 2 帧，展示 2 帧（步长 1）
19:15:50 [INFO]   步骤 2：调用 check_nearby_tracks({'frame_id': 316, 'radius': 10})
19:15:50 [INFO]   工具结果：帧 316 轨迹 97 附近（10px）：附近无其他轨迹
19:15:51 [INFO]   步骤 3：调用 replay_segment({'start_frame': 276, 'end_frame': 316})
19:15:51 [INFO]   工具结果：轨迹 97 帧 276-316，原始 18 帧，展示 18 帧（步长 1）
19:15:51 [INFO]   步骤 4：调用 replay_segment({'start_frame': 336, 'end_frame': 371})
19:15:51 [INFO]   工具结果：轨迹 97 帧 336-371，原始 11 帧，展示 11 帧（步长 1）
19:15:53 [INFO]   步骤 5：调用 check_nearby_tracks({'frame_id': 336, 'radius': 10})
19:15:53 [INFO]   工具结果：帧 336 轨迹 97 附近（10px）：附近无其他轨迹
19:15:54 [INFO]   步骤 6：调用 compare_appearances({'frame_id': 316, 'target_id': 97, 'reference_id': 97})
19:15:54 [INFO]   工具结果：轨迹 97：帧316 vs 帧317，外观基本一致，非 ID 切换
19:15:54 [WARNING] 轨迹 97 达到最大调查步数，使用初始判断
19:15:54 [INFO]   → 确认：调查步数耗尽，沿用阶段一结论：在第316帧至第336帧间，目标轨迹中断，未检测到目标。
19:15:54 [INFO] [12/23] 调查轨迹 99
19:15:54 [INFO] 开始调查轨迹 99（drift）
19:15:55 [INFO]   步骤 1：调用 replay_segment({'start_frame': 297, 'end_frame': 603})
19:15:55 [INFO]   工具结果：轨迹 99 帧 297-603，原始 41 帧，展示 32 帧（步长 7）
19:15:55 [INFO]   步骤 2：调用 check_nearby_tracks({'start_frame': 297, 'end_frame': 603})
19:15:55 [INFO]   工具结果：缺少 frame_id/track_id
19:15:56 [INFO]   步骤 3：调用 replay_segment({'start_frame': 297, 'end_frame': 603})
19:15:56 [INFO]   工具结果：轨迹 99 帧 297-603，原始 41 帧，展示 32 帧（步长 7）
19:15:58 [INFO]   步骤 4：调用 zoom_region({'frame_id': 556, 'region': [500, 100, 550, 150]})
19:15:58 [INFO]   工具结果：轨迹 99 第 556 帧放大 3.0x，已锐化
19:16:00 [INFO]   步骤 5：调用 compare_appearances({'frame_id_1': 555, 'frame_id_2': 556})
19:16:00 [INFO]   工具结果：轨迹 99：帧555 vs 帧556，外观基本一致，非 ID 切换
19:16:02 [INFO]   步骤 6：调用 replay_segment({'start_frame': 555, 'end_frame': 557})
19:16:02 [INFO]   工具结果：轨迹 99 帧 555-557，原始 3 帧，展示 3 帧（步长 1）
19:16:02 [WARNING] 轨迹 99 达到最大调查步数，使用初始判断
19:16:02 [INFO]   → 确认：调查步数耗尽，沿用阶段一结论：最大位移较大，存在异常跳变。
19:16:02 [INFO] [13/23] 调查轨迹 100
19:16:02 [INFO] 开始调查轨迹 100（drift）
19:16:02 [INFO]   步骤 1：调用 replay_segment({'start_frame': 536, 'end_frame': 556})
19:16:02 [INFO]   工具结果：轨迹 100 帧 536-556，原始 21 帧，展示 21 帧（步长 1）
19:16:03 [INFO]   步骤 2：调用 check_nearby_tracks({'frame_ids': [536, 556]})
19:16:03 [INFO]   工具结果：帧 536 轨迹 100 附近（150px）：发现 3 个附近轨迹：ID 102（距离141.0px），ID 103（距离132.6px），ID 111（距离70.4px）
19:16:04 [INFO]   步骤 3：调用 zoom_region({'frame_id': 556, 'region': [428, 248, 572, 384]})
19:16:04 [INFO]   工具结果：轨迹 100 第 556 帧放大 3.0x，已锐化
19:16:06 [INFO]   步骤 4：调用 compare_appearances({'frame_ids': [551, 556]})
19:16:06 [INFO]   工具结果：轨迹 100：帧551 vs 帧556，外观有差异，可能存在遮挡或光照变化
19:16:07 [INFO]   步骤 5：调用 replay_segment({'start_frame': 551, 'end_frame': 556})
19:16:07 [INFO]   工具结果：轨迹 100 帧 551-556，原始 6 帧，展示 6 帧（步长 1）
19:16:09 [INFO]   步骤 6：调用 check_nearby_tracks({'frame_ids': [551, 556]})
19:16:09 [INFO]   工具结果：帧 551 轨迹 100 附近（150px）：发现 1 个附近轨迹：ID 111（距离122.4px）
19:16:09 [WARNING] 轨迹 100 达到最大调查步数，使用初始判断
19:16:09 [INFO]   → 确认：调查步数耗尽，沿用阶段一结论：最大位移发生在第551帧，且有多个异常跳变帧
19:16:09 [INFO] [14/23] 调查轨迹 101
19:16:09 [INFO] 开始调查轨迹 101（miss）
19:16:10 [INFO]   步骤 1：调用 replay_segment({'start_frame': 337, 'end_frame': 371})
19:16:10 [INFO]   工具结果：轨迹 101 帧 337-371，原始 8 帧，展示 8 帧（步长 1）
19:16:10 [INFO]   步骤 2：调用 check_nearby_tracks({'track_id': 101, 'frame_range': [337, 371]})
19:16:10 [INFO]   工具结果：帧 354 轨迹 101 附近（150px）：发现 4 个附近轨迹：ID 87（距离4.9px），ID 91（距离4.9px），ID 97（距离97.1px），ID 104（距离141.8px）
19:16:11 [INFO]   步骤 3：调用 replay_segment({'start_frame': 337, 'end_frame': 371})
19:16:11 [INFO]   工具结果：轨迹 101 帧 337-371，原始 8 帧，展示 8 帧（步长 1）
19:16:12 [INFO]   步骤 4：调用 check_nearby_tracks({'track_id': 101, 'frame_range': [337, 371]})
19:16:12 [INFO]   工具结果：帧 354 轨迹 101 附近（150px）：发现 4 个附近轨迹：ID 87（距离4.9px），ID 91（距离4.9px），ID 97（距离97.1px），ID 104（距离141.8px）
19:16:13 [INFO]   步骤 5：调用 replay_segment({'start_frame': 337, 'end_frame': 371})
19:16:13 [INFO]   工具结果：轨迹 101 帧 337-371，原始 8 帧，展示 8 帧（步长 1）
19:16:15 [INFO]   步骤 6：调用 check_nearby_tracks({'track_id': 101, 'frame_range': [337, 371]})
19:16:15 [INFO]   工具结果：帧 354 轨迹 101 附近（150px）：发现 4 个附近轨迹：ID 87（距离4.9px），ID 91（距离4.9px），ID 97（距离97.1px），ID 104（距离141.8px）
19:16:15 [WARNING] 轨迹 101 达到最大调查步数，使用初始判断
19:16:15 [INFO]   → 确认：调查步数耗尽，沿用阶段一结论：目标在第338帧至第356帧间中断，消失超过5帧。
19:16:15 [INFO] [15/23] 调查轨迹 102
19:16:15 [INFO] 开始调查轨迹 102（miss）
19:16:15 [INFO]   步骤 1：调用 replay_segment({'start_frame': 395, 'end_frame': 401})
19:16:15 [INFO]   工具结果：轨迹 102 帧 395-401，原始 2 帧，展示 2 帧（步长 1）
19:16:16 [INFO]   步骤 2：调用 check_nearby_tracks({'track_id': 102, 'frame_range': [395, 401]})
19:16:16 [INFO]   工具结果：帧 398 轨迹 102 附近（150px）：发现 2 个附近轨迹：ID 100（距离45.1px），ID 111（距离104.3px）
19:16:17 [INFO]   步骤 3：调用 replay_segment({'start_frame': 395, 'end_frame': 401})
19:16:17 [INFO]   工具结果：轨迹 102 帧 395-401，原始 2 帧，展示 2 帧（步长 1）
19:16:18 [INFO]   步骤 4：调用 compare_appearances({'frame1': 395, 'frame2': 401})
19:16:18 [INFO]   工具结果：缺少 frame_id_a/frame_id_b
19:16:19 [INFO]   步骤 5：调用 replay_segment({'start_frame': 395, 'end_frame': 401})
19:16:19 [INFO]   工具结果：轨迹 102 帧 395-401，原始 2 帧，展示 2 帧（步长 1）
19:16:20 [INFO]   步骤 6：调用 check_nearby_tracks({'track_id': 102, 'frame_range': [395, 401]})
19:16:20 [INFO]   工具结果：帧 398 轨迹 102 附近（150px）：发现 2 个附近轨迹：ID 100（距离45.1px），ID 111（距离104.3px）
19:16:20 [WARNING] 轨迹 102 达到最大调查步数，使用初始判断
19:16:20 [INFO]   → 确认：调查步数耗尽，沿用阶段一结论：目标在第395帧至第401帧间中断，消失超过5帧。
19:16:20 [INFO] [16/23] 调查轨迹 103
19:16:20 [INFO] 开始调查轨迹 103（drift）
19:16:20 [INFO]   步骤 1：调用 replay_segment({'start_frame': 392, 'end_frame': 603})
19:16:20 [INFO]   工具结果：轨迹 103 帧 392-603，原始 40 帧，展示 32 帧（步长 5）
19:16:21 [INFO]   步骤 2：调用 check_nearby_tracks({'track_id': 103, 'frame_range': [392, 603]})
19:16:21 [INFO]   工具结果：帧 497 轨迹 103 附近（150px）：发现 5 个附近轨迹：ID 87（距离126.2px），ID 91（距离126.2px），ID 97（距离134.5px），ID 101（距离148.1p
19:16:29 [INFO]   步骤 3：调用 compare_appearances({'frame_id': 497, 'track_id': 103, 'nearby_track_ids': [87, 91, 97, 101, 111]})
19:16:29 [INFO]   工具结果：轨迹 103：帧497 vs 帧498，外观基本一致，非 ID 切换
19:16:30 [INFO]   步骤 4：调用 replay_segment({'start_frame': 497, 'end_frame': 500})
19:16:30 [INFO]   工具结果：轨迹 103 帧 497-500，原始 4 帧，展示 4 帧（步长 1）
19:16:32 [INFO]   步骤 5：调用 check_nearby_tracks({'track_id': 103, 'frame_range': [497, 500]})
19:16:32 [INFO]   工具结果：帧 498 轨迹 103 附近（150px）：发现 5 个附近轨迹：ID 87（距离133.2px），ID 91（距离133.2px），ID 97（距离134.1px），ID 101（距离147.8p
19:16:34 [INFO]   步骤 6：调用 compare_appearances({'frame_id': 498, 'track_id': 103, 'nearby_track_ids': [87, 91, 97, 101, 111]})
19:16:34 [INFO]   工具结果：轨迹 103：帧498 vs 帧499，外观基本一致，非 ID 切换
19:16:34 [WARNING] 轨迹 103 达到最大调查步数，使用初始判断
19:16:34 [INFO]   → 确认：调查步数耗尽，沿用阶段一结论：最大位移较大，存在异常跳变。
19:16:34 [INFO] [17/23] 调查轨迹 104
19:16:34 [INFO] 开始调查轨迹 104（miss）
19:16:34 [INFO]   步骤 1：调用 replay_segment({'start_frame': 579, 'end_frame': 587})
19:16:34 [INFO]   工具结果：轨迹 104 帧 579-587，原始 2 帧，展示 2 帧（步长 1）
19:16:35 [INFO]   步骤 2：调用 check_nearby_tracks({'track_id': 104, 'frame_ids': [579, 587]})
19:16:35 [INFO]   工具结果：帧 579 轨迹 104 附近（150px）：发现 6 个附近轨迹：ID 95（距离126.6px），ID 100（距离53.3px），ID 102（距离79.6px），ID 103（距离142.2p
19:16:36 [INFO]   步骤 3：调用 compare_appearances({'frame_id': 579, 'track_id': 104, 'nearby_track_id': 107})
19:16:36 [INFO]   工具结果：轨迹 104：帧579 vs 帧580，外观基本一致，非 ID 切换
19:16:37 [INFO]   步骤 4：调用 compare_appearances({'frame_id': 580, 'track_id': 104, 'nearby_track_id': 107})
19:16:37 [INFO]   工具结果：轨迹 104：帧580 vs 帧581，外观基本一致，非 ID 切换
19:16:38 [INFO]   步骤 5：调用 compare_appearances({'frame_id': 581, 'track_id': 104, 'nearby_track_id': 107})
19:16:38 [INFO]   工具结果：轨迹 104：帧581 vs 帧582，外观基本一致，非 ID 切换
19:16:39 [INFO]   步骤 6：调用 compare_appearances({'frame_id': 582, 'track_id': 104, 'nearby_track_id': 107})
19:16:39 [INFO]   工具结果：轨迹 104：帧582 vs 帧583，外观基本一致，非 ID 切换
19:16:39 [WARNING] 轨迹 104 达到最大调查步数，使用初始判断
19:16:39 [INFO]   → 确认：调查步数耗尽，沿用阶段一结论：轨迹在第579帧后中断，目标消失超过5帧。
19:16:39 [INFO] [18/23] 调查轨迹 105
19:16:39 [INFO] 开始调查轨迹 105（miss）
19:16:40 [INFO]   步骤 1：调用 replay_segment({'start_frame': 577, 'end_frame': 584})
19:16:40 [INFO]   工具结果：轨迹 105 帧 577-584，原始 2 帧，展示 2 帧（步长 1）
19:16:41 [INFO]   步骤 2：调用 check_nearby_tracks({'track_id': 105, 'frame_ids': [577, 584]})
19:16:41 [INFO]   工具结果：帧 577 轨迹 105 附近（150px）：发现 2 个附近轨迹：ID 90（距离113.9px），ID 108（距离29.1px）
19:16:42 [INFO]   步骤 3：调用 compare_appearances({'frame_id': 577, 'track_id': 105, 'nearby_track_id': 90})
19:16:42 [INFO]   工具结果：轨迹 105：帧577 vs 帧578，外观基本一致，非 ID 切换
19:16:43 [INFO]   步骤 4：调用 compare_appearances({'frame_id': 578, 'track_id': 105, 'nearby_track_id': 90})
19:16:43 [INFO]   工具结果：轨迹 105：帧578 vs 帧579，外观基本一致，非 ID 切换
19:16:44 [INFO]   步骤 5：调用 compare_appearances({'frame_id': 579, 'track_id': 105, 'nearby_track_id': 90})
19:16:44 [INFO]   工具结果：轨迹 105：帧579 vs 帧580，外观基本一致，非 ID 切换
19:16:45 [INFO]   步骤 6：调用 compare_appearances({'frame_id': 580, 'track_id': 105, 'nearby_track_id': 90})
19:16:45 [INFO]   工具结果：轨迹 105：帧580 vs 帧581，外观基本一致，非 ID 切换
19:16:45 [WARNING] 轨迹 105 达到最大调查步数，使用初始判断
19:16:45 [INFO]   → 确认：调查步数耗尽，沿用阶段一结论：目标在第577帧后中断，消失超过5帧。
19:16:45 [INFO] [19/23] 调查轨迹 106
19:16:45 [INFO] 开始调查轨迹 106（drift）
19:16:46 [INFO]   步骤 1：调用 replay_segment({'start_frame': 534, 'end_frame': 534})
19:16:46 [INFO]   工具结果：轨迹 106 帧 534-534，原始 1 帧，展示 1 帧（步长 1）
19:16:47 [INFO]   步骤 2：调用 check_nearby_tracks({'frame_id': 534})
19:16:47 [INFO]   工具结果：帧 534 轨迹 106 附近（150px）：发现 4 个附近轨迹：ID 86（距离121.7px），ID 92（距离30.6px），ID 94（距离135.7px），ID 109（距离100.8px
19:16:48 [INFO]   步骤 3：调用 compare_appearances({'frame_id': 534, 'track_id': 106, 'nearby_track_id': 92})
19:16:48 [INFO]   工具结果：轨迹 106：帧534 vs 帧535，外观基本一致，非 ID 切换
19:16:49 [INFO]   步骤 4：调用 replay_segment({'start_frame': 534, 'end_frame': 535})
19:16:49 [INFO]   工具结果：轨迹 106 帧 534-535，原始 1 帧，展示 1 帧（步长 1）
19:16:49 [INFO]   步骤 5：调用 check_nearby_tracks({'frame_id': 535})
19:16:49 [INFO]   工具结果：帧 535 轨迹 106 附近（150px）：发现 4 个附近轨迹：ID 86（距离121.7px），ID 92（距离30.6px），ID 94（距离135.7px），ID 109（距离100.3px
19:16:50 [INFO]   步骤 6：调用 compare_appearances({'frame_id': 535, 'track_id': 106, 'nearby_track_id': 92})
19:16:50 [INFO]   工具结果：轨迹 106：帧535 vs 帧536，外观基本一致，非 ID 切换
19:16:50 [WARNING] 轨迹 106 达到最大调查步数，使用初始判断
19:16:50 [INFO]   → 确认：调查步数耗尽，沿用阶段一结论：最大位移帧534处目标位置异常跳变
19:16:50 [INFO] [20/23] 调查轨迹 107
19:16:50 [INFO] 开始调查轨迹 107（miss）
19:16:51 [INFO]   步骤 1：调用 replay_segment({'start_frame': 579, 'end_frame': 587})
19:16:51 [INFO]   工具结果：轨迹 107 帧 579-587，原始 2 帧，展示 2 帧（步长 1）
19:16:52 [INFO]   步骤 2：调用 check_nearby_tracks({'track_id': 107, 'frame_ids': [579, 587]})
19:16:52 [INFO]   工具结果：帧 579 轨迹 107 附近（150px）：发现 6 个附近轨迹：ID 95（距离126.6px），ID 100（距离53.3px），ID 102（距离79.6px），ID 103（距离142.2p
19:16:53 [INFO]   步骤 3：调用 compare_appearances({'frame_id': 579, 'track_id': 107, 'nearby_track_id': 104})
19:16:53 [INFO]   工具结果：轨迹 107：帧579 vs 帧580，外观基本一致，非 ID 切换
19:16:54 [INFO]   步骤 4：调用 compare_appearances({'frame_id': 580, 'track_id': 107, 'nearby_track_id': 104})
19:16:54 [INFO]   工具结果：轨迹 107：帧580 vs 帧581，外观基本一致，非 ID 切换
19:16:55 [INFO]   步骤 5：调用 compare_appearances({'frame_id': 581, 'track_id': 107, 'nearby_track_id': 104})
19:16:55 [INFO]   工具结果：轨迹 107：帧581 vs 帧582，外观基本一致，非 ID 切换
19:16:56 [INFO]   步骤 6：调用 compare_appearances({'frame_id': 582, 'track_id': 107, 'nearby_track_id': 104})
19:16:56 [INFO]   工具结果：轨迹 107：帧582 vs 帧583，外观基本一致，非 ID 切换
19:16:56 [WARNING] 轨迹 107 达到最大调查步数，使用初始判断
19:16:56 [INFO]   → 确认：调查步数耗尽，沿用阶段一结论：轨迹在第579帧后中断，持续8帧未检测到目标
19:16:56 [INFO] [21/23] 调查轨迹 108
19:16:56 [INFO] 开始调查轨迹 108（drift）
19:16:57 [INFO]   步骤 1：调用 replay_segment({'start_frame': 440, 'end_frame': 582})
19:16:57 [INFO]   工具结果：轨迹 108 帧 440-582，原始 47 帧，展示 32 帧（步长 3）
19:16:58 [INFO]   步骤 2：调用 check_nearby_tracks({'track_id': 108, 'frame_range': [440, 582]})
19:16:58 [INFO]   工具结果：帧 511 轨迹 108 附近（150px）：发现 6 个附近轨迹：ID 89（距离27.1px），ID 90（距离105.3px），ID 93（距离35.6px），ID 98（距离75.8px），I
19:16:59 [INFO]   步骤 3：调用 replay_segment({'start_frame': 440, 'end_frame': 582})
19:16:59 [INFO]   工具结果：轨迹 108 帧 440-582，原始 47 帧，展示 32 帧（步长 3）
19:17:00 [INFO]   步骤 4：调用 check_nearby_tracks({'track_id': 108, 'frame_range': [440, 582]})
19:17:00 [INFO]   工具结果：帧 511 轨迹 108 附近（150px）：发现 6 个附近轨迹：ID 89（距离27.1px），ID 90（距离105.3px），ID 93（距离35.6px），ID 98（距离75.8px），I
19:17:02 [INFO]   步骤 5：调用 replay_segment({'start_frame': 440, 'end_frame': 582})
19:17:02 [INFO]   工具结果：轨迹 108 帧 440-582，原始 47 帧，展示 32 帧（步长 3）
19:17:04 [INFO]   步骤 6：调用 check_nearby_tracks({'track_id': 108, 'frame_range': [440, 582]})
19:17:04 [INFO]   工具结果：帧 511 轨迹 108 附近（150px）：发现 6 个附近轨迹：ID 89（距离27.1px），ID 90（距离105.3px），ID 93（距离35.6px），ID 98（距离75.8px），I
19:17:04 [WARNING] 轨迹 108 达到最大调查步数，使用初始判断
19:17:04 [INFO]   → 确认：调查步数耗尽，沿用阶段一结论：最大位移73.27帧内有异常跳变
19:17:04 [INFO] [22/23] 调查轨迹 109
19:17:04 [INFO] 开始调查轨迹 109（drift）
19:17:04 [INFO]   步骤 1：调用 replay_segment({'start_frame': 541, 'end_frame': 561})
19:17:04 [INFO]   工具结果：轨迹 109 帧 541-561，原始 21 帧，展示 21 帧（步长 1）
19:17:05 [INFO]   步骤 2：调用 check_nearby_tracks({'frame_id': 541, 'radius': 10})
19:17:05 [INFO]   工具结果：帧 541 轨迹 109 附近（10px）：发现 1 个附近轨迹：ID 86（距离7.0px）
19:17:06 [INFO]   步骤 3：调用 check_nearby_tracks({'frame_id': 561, 'radius': 10})
19:17:06 [INFO]   工具结果：帧 561 轨迹 109 附近（10px）：附近无其他轨迹
19:17:07 [INFO]   步骤 4：调用 compare_appearances({'frame_id': 541, 'target_id': 109, 'compare_id': 86})
19:17:07 [INFO]   工具结果：轨迹 109：帧541 vs 帧542，外观基本一致，非 ID 切换
19:17:08 [INFO]   步骤 5：调用 compare_appearances({'frame_id': 542, 'target_id': 109, 'compare_id': 86})
19:17:08 [INFO]   工具结果：轨迹 109：帧542 vs 帧543，外观基本一致，非 ID 切换
19:17:10 [INFO]   步骤 6：调用 compare_appearances({'frame_id': 543, 'target_id': 109, 'compare_id': 86})
19:17:10 [INFO]   工具结果：轨迹 109：帧543 vs 帧544，外观基本一致，非 ID 切换
19:17:10 [WARNING] 轨迹 109 达到最大调查步数，使用初始判断
19:17:10 [INFO]   → 确认：调查步数耗尽，沿用阶段一结论：最大位移发生在第541帧，位置异常跳变。
19:17:10 [INFO] [23/23] 调查轨迹 110
19:17:10 [INFO] 开始调查轨迹 110（drift）
19:17:10 [INFO]   步骤 1：调用 replay_segment({'start_frame': 560, 'end_frame': 603})
19:17:10 [INFO]   工具结果：轨迹 110 帧 560-603，原始 44 帧，展示 32 帧（步长 1）
19:17:11 [INFO]   步骤 2：调用 check_nearby_tracks({'track_id': 110, 'frame_range': [560, 603]})
19:17:11 [INFO]   工具结果：帧 581 轨迹 110 附近（150px）：发现 5 个附近轨迹：ID 89（距离122.2px），ID 90（距离50.3px），ID 98（距离82.2px），ID 105（距离100.6px）
19:17:12 [INFO]   步骤 3：调用 replay_segment({'start_frame': 581, 'end_frame': 581})
19:17:12 [INFO]   工具结果：轨迹 110 帧 581-581，原始 1 帧，展示 1 帧（步长 1）
19:17:14 [INFO]   步骤 4：调用 zoom_region({'frame_id': 581, 'region': [24, 48, 344, 324]})
19:17:14 [INFO]   工具结果：轨迹 110 第 581 帧放大 3.0x，已锐化
19:17:15 [INFO]   步骤 5：调用 compare_appearances({'frame_id': 581, 'compare_frame_id': 591})
19:17:15 [INFO]   工具结果：轨迹 110：帧581 vs 帧591，外观基本一致，非 ID 切换
19:17:17 [INFO]   步骤 6：调用 replay_segment({'start_frame': 581, 'end_frame': 591})
19:17:17 [INFO]   工具结果：轨迹 110 帧 581-591，原始 11 帧，展示 11 帧（步长 1）
19:17:17 [WARNING] 轨迹 110 达到最大调查步数，使用初始判断
19:17:17 [INFO]   → 确认：调查步数耗尽，沿用阶段一结论：最大位移较大，且在第591帧出现异常跳变。
19:17:17 [INFO] ========================================
19:17:17 [INFO] [dancetrack0088] 阶段三：轨迹修正
19:17:17 [INFO] ========================================
19:17:17 [INFO] 正在分析轨迹 86（长度 349 帧）...
19:17:19 [INFO] 修正回滚：track=86 type=drift
19:17:19 [INFO] 正在分析轨迹 87（长度 561 帧）...
19:17:20 [INFO] 修正生效：track=87 type=miss frames=563-569
19:17:20 [INFO] 正在分析轨迹 88（长度 143 帧）...
19:17:21 [INFO] 修正回滚：track=88 type=miss
19:17:21 [INFO] 正在分析轨迹 90（长度 371 帧）...
19:17:23 [INFO] 修正生效：track=90 type=miss frames=360-369
19:17:23 [INFO] 正在分析轨迹 91（长度 562 帧）...
19:17:24 [INFO] 修正生效：track=91 type=miss frames=563-569
19:17:24 [INFO] 修正跳过/失败：track=93 type=miss detail=缺少前后锚点，无法插值补全
19:17:24 [INFO] 正在分析轨迹 102（长度 200 帧）...
19:17:32 [INFO] 修正生效：track=102 type=miss frames=395-401
19:17:32 [INFO] 正在分析轨迹 104（长度 187 帧）...
19:17:34 [INFO] 修正回滚：track=104 type=miss
19:17:34 [INFO] 正在分析轨迹 105（长度 189 帧）...
19:17:35 [INFO] 修正生效：track=105 type=miss frames=577-584
19:17:35 [INFO] 正在分析轨迹 106（长度 154 帧）...
19:17:37 [INFO] 修正生效：track=106 type=drift frames=534-534
19:17:37 [INFO] 正在分析轨迹 107（长度 186 帧）...
19:17:39 [INFO] 修正生效：track=107 type=miss frames=579-587
19:17:39 [INFO] [dancetrack0088] 修正后 MOT 已保存至 /public/home/lyh_npu/code/PostMOT/corrected_mot/dancetrack0088.txt
19:17:39 [INFO] [dancetrack0088] 报告已保存至 /public/home/lyh_npu/code/PostMOT/pipeline_report_batch_seq_reports/dancetrack0088.json
19:17:39 [INFO] [30/35] 处理序列 dancetrack0089
19:17:57 [INFO] 加载轨迹 26 条
19:17:57 [INFO] ========================================
19:17:57 [INFO] [dancetrack0089] 阶段一：VLM 轨迹巡检
19:17:57 [INFO] ========================================
19:17:57 [INFO] 正在分析轨迹 43（长度 422 帧）...
19:17:58 [INFO] [可疑] 轨迹 43 — miss 置信度 0.90：目标在第400帧至412帧间中断，消失超过5帧。
19:17:58 [INFO] 正在分析轨迹 44（长度 35 帧）...
19:18:00 [INFO] [可疑] 轨迹 44 — miss 置信度 0.80：目标在第23帧至第32帧间中断，消失超过5帧。
19:18:00 [INFO] 正在分析轨迹 45（长度 393 帧）...
19:18:01 [INFO] [可疑] 轨迹 45 — drift 置信度 0.80：最大位移较大，且在多个帧中出现异常跳变。
19:18:01 [INFO] 正在分析轨迹 46（长度 445 帧）...
19:18:03 [INFO] [可疑] 轨迹 46 — miss 置信度 0.90：目标在第314帧至第333帧间中断，未检测到目标。
19:18:03 [INFO] 正在分析轨迹 47（长度 275 帧）...
19:18:04 [INFO] [可疑] 轨迹 47 — drift 置信度 0.80：目标在第9帧到第23帧间位置异常跳变，不符合运动规律。
19:18:04 [INFO] 正在分析轨迹 48（长度 143 帧）...
19:18:06 [INFO] [可疑] 轨迹 48 — miss 置信度 0.80：目标在第75帧到第93帧间中断
19:18:06 [INFO] 正在分析轨迹 49（长度 525 帧）...
19:18:07 [INFO] [可疑] 轨迹 49 — miss 置信度 0.80：目标在第4帧到第14帧间中断，未检测到目标。
19:18:07 [INFO] 正在分析轨迹 50（长度 35 帧）...
19:18:09 [INFO] [可疑] 轨迹 50 — miss 置信度 0.80：目标在第5帧至第12帧间中断，消失超过5帧。
19:18:09 [INFO] 正在分析轨迹 51（长度 577 帧）...
19:18:10 [INFO] [可疑] 轨迹 51 — miss 置信度 0.90：轨迹在第570帧至第589帧间中断，持续超过5帧。
19:18:10 [INFO] 正在分析轨迹 52（长度 565 帧）...
19:18:12 [INFO] [可疑] 轨迹 52 — drift 置信度 0.80：最大位移78.52帧内有异常跳变
19:18:12 [INFO] 正在分析轨迹 53（长度 510 帧）...
19:18:13 [INFO] [可疑] 轨迹 53 — drift 置信度 0.90：最大位移异常，跳跃帧为442。
19:18:13 [INFO] 正在分析轨迹 54（长度 498 帧）...
19:18:15 [INFO] [可疑] 轨迹 54 — drift 置信度 0.80：最大位移175.67帧内出现异常跳变
19:18:15 [INFO] 正在分析轨迹 55（长度 205 帧）...
19:18:16 [INFO] [可疑] 轨迹 55 — drift 置信度 0.80：最大位移点处目标位置异常跳变
19:18:16 [INFO] 正在分析轨迹 56（长度 416 帧）...
19:18:18 [INFO] [可疑] 轨迹 56 — miss 置信度 0.80：轨迹在第424帧至第442帧间中断，持续18帧。
19:18:18 [INFO] 正在分析轨迹 57（长度 13 帧）...
19:18:19 [INFO] 正在分析轨迹 58（长度 384 帧）...
19:18:20 [INFO] [可疑] 轨迹 58 — drift 置信度 0.80：最大位移帧348处目标位置异常跳变
19:18:20 [INFO] 正在分析轨迹 59（长度 97 帧）...
19:18:22 [INFO] [可疑] 轨迹 59 — miss 置信度 0.80：目标在240帧至258帧间中断，消失超过5帧。
19:18:22 [INFO] 正在分析轨迹 60（长度 13 帧）...
19:18:24 [INFO] [可疑] 轨迹 60 — miss 置信度 0.80：目标在248帧至268帧间中断，消失超过5帧。
19:18:24 [INFO] 正在分析轨迹 61（长度 224 帧）...
19:18:25 [INFO] [可疑] 轨迹 61 — miss 置信度 0.90：目标在370帧至388帧间中断，消失超过5帧。
19:18:25 [INFO] 正在分析轨迹 62（长度 194 帧）...
19:18:27 [INFO] [可疑] 轨迹 62 — miss 置信度 0.90：轨迹在512帧后中断，消失超过5帧。
19:18:27 [INFO] 正在分析轨迹 63（长度 16 帧）...
19:18:28 [INFO] [可疑] 轨迹 63 — miss 置信度 0.90：目标在404帧至417帧间中断，消失超过5帧。
19:18:28 [INFO] 正在分析轨迹 64（长度 184 帧）...
19:18:36 [INFO] [可疑] 轨迹 64 — drift 置信度 0.90：最大位移较大且在特定帧出现异常跳变
19:18:36 [INFO] 正在分析轨迹 65（长度 13 帧）...
19:18:37 [INFO] [可疑] 轨迹 65 — miss 置信度 0.90：目标在464帧后消失，持续18帧。
19:18:37 [INFO] 正在分析轨迹 66（长度 119 帧）...
19:18:39 [INFO] [可疑] 轨迹 66 — miss 置信度 0.80：目标在第464帧至第470帧间中断，消失超过5帧。
19:18:39 [INFO] 正在分析轨迹 67（长度 81 帧）...
19:18:40 [INFO] [可疑] 轨迹 67 — drift 置信度 0.80：最大位移较大且连续几帧位置异常跳变
19:18:40 [INFO] 正在分析轨迹 68（长度 72 帧）...
19:18:42 [INFO] [可疑] 轨迹 68 — miss 置信度 0.90：目标在第516帧到第533帧间中断，消失超过5帧。
19:18:42 [INFO] [dancetrack0089] 阶段一完成：25 条可疑轨迹，已保存至 /public/home/lyh_npu/code/PostMOT/pipeline_report_batch_seq_reports/dancetrack0089_stage1.json
19:18:42 [INFO] ========================================
19:18:42 [INFO] [dancetrack0089] 阶段二：LLM 工具调用调查
19:18:42 [INFO] ========================================
19:18:42 [INFO] [1/25] 调查轨迹 43
19:18:42 [INFO] 开始调查轨迹 43（miss）
19:18:42 [INFO]   步骤 1：调用 replay_segment({'start_frame': 400, 'end_frame': 412})
19:18:42 [INFO]   工具结果：轨迹 43 帧 400-412，原始 2 帧，展示 2 帧（步长 1）
19:18:43 [INFO]   步骤 2：调用 check_nearby_tracks({'track_id': 43, 'frame_range': [400, 412]})
19:18:43 [INFO]   工具结果：帧 406 轨迹 43 附近（150px）：附近无其他轨迹
19:18:44 [INFO]   步骤 3：调用 replay_segment({'start_frame': 400, 'end_frame': 412})
19:18:44 [INFO]   工具结果：轨迹 43 帧 400-412，原始 2 帧，展示 2 帧（步长 1）
19:18:45 [INFO]   步骤 4：调用 check_nearby_tracks({'track_id': 43, 'frame_range': [400, 412]})
19:18:45 [INFO]   工具结果：帧 406 轨迹 43 附近（150px）：附近无其他轨迹
19:18:46 [INFO]   步骤 5：调用 replay_segment({'start_frame': 400, 'end_frame': 412})
19:18:46 [INFO]   工具结果：轨迹 43 帧 400-412，原始 2 帧，展示 2 帧（步长 1）
19:18:47 [INFO]   步骤 6：调用 check_nearby_tracks({'track_id': 43, 'frame_range': [400, 412]})
19:18:47 [INFO]   工具结果：帧 406 轨迹 43 附近（150px）：附近无其他轨迹
19:18:47 [WARNING] 轨迹 43 达到最大调查步数，使用初始判断
19:18:47 [INFO]   → 确认：调查步数耗尽，沿用阶段一结论：目标在第400帧至412帧间中断，消失超过5帧。
19:18:47 [INFO] [2/25] 调查轨迹 44
19:18:47 [INFO] 开始调查轨迹 44（miss）
19:18:47 [INFO]   步骤 1：调用 replay_segment({'start_frame': 23, 'end_frame': 32})
19:18:47 [INFO]   工具结果：轨迹 44 帧 23-32，原始 2 帧，展示 2 帧（步长 1）
19:18:48 [INFO]   步骤 2：调用 check_nearby_tracks({'track_id': 44, 'frame_ids': [23, 32]})
19:18:48 [INFO]   工具结果：帧 23 轨迹 44 附近（150px）：发现 8 个附近轨迹：ID 50（距离4.2px），ID 51（距离73.9px），ID 54（距离25.7px），ID 55（距离73.4px），ID 57
19:18:49 [INFO]   步骤 3：调用 replay_segment({'start_frame': 23, 'end_frame': 32})
19:18:49 [INFO]   工具结果：轨迹 44 帧 23-32，原始 2 帧，展示 2 帧（步长 1）
19:18:50 [INFO]   步骤 4：调用 check_nearby_tracks({'track_id': 44, 'frame_ids': [23, 32]})
19:18:50 [INFO]   工具结果：帧 23 轨迹 44 附近（150px）：发现 8 个附近轨迹：ID 50（距离4.2px），ID 51（距离73.9px），ID 54（距离25.7px），ID 55（距离73.4px），ID 57
19:18:51 [INFO]   步骤 5：调用 replay_segment({'start_frame': 23, 'end_frame': 32})
19:18:51 [INFO]   工具结果：轨迹 44 帧 23-32，原始 2 帧，展示 2 帧（步长 1）
19:18:52 [INFO]   步骤 6：调用 check_nearby_tracks({'track_id': 44, 'frame_ids': [23, 32]})
19:18:52 [INFO]   工具结果：帧 23 轨迹 44 附近（150px）：发现 8 个附近轨迹：ID 50（距离4.2px），ID 51（距离73.9px），ID 54（距离25.7px），ID 55（距离73.4px），ID 57
19:18:52 [WARNING] 轨迹 44 达到最大调查步数，使用初始判断
19:18:52 [INFO]   → 确认：调查步数耗尽，沿用阶段一结论：目标在第23帧至第32帧间中断，消失超过5帧。
19:18:52 [INFO] [3/25] 调查轨迹 45
19:18:52 [INFO] 开始调查轨迹 45（drift）
19:18:52 [INFO]   步骤 1：调用 replay_segment({'start_frame': 250, 'end_frame': 419})
19:18:52 [INFO]   工具结果：轨迹 45 帧 250-419，原始 36 帧，展示 32 帧（步长 4）
19:18:53 [INFO]   步骤 2：调用 check_nearby_tracks({'start_frame': 250, 'end_frame': 419})
19:18:53 [INFO]   工具结果：缺少 frame_id/track_id
19:18:54 [INFO]   步骤 3：调用 replay_segment({'start_frame': 250, 'end_frame': 419})
19:18:54 [INFO]   工具结果：轨迹 45 帧 250-419，原始 36 帧，展示 32 帧（步长 4）
19:18:56 [INFO]   步骤 4：调用 zoom_region({'frame_id': 250, 'region': [200, 100, 300, 200]})
19:18:56 [INFO]   工具结果：轨迹 45 第 250 帧放大 3.0x，已锐化
19:18:58 [INFO]   步骤 5：调用 zoom_region({'frame_id': 419, 'region': [200, 100, 300, 200]})
19:18:58 [INFO]   工具结果：轨迹 45 第 419 帧放大 3.0x，已锐化
19:19:00 [INFO]   步骤 6：调用 compare_appearances({'frame_id_1': 250, 'frame_id_2': 419})
19:19:00 [INFO]   工具结果：轨迹 45：帧250 vs 帧419，外观基本一致，非 ID 切换
19:19:00 [WARNING] 轨迹 45 达到最大调查步数，使用初始判断
19:19:00 [INFO]   → 确认：调查步数耗尽，沿用阶段一结论：最大位移较大，且在多个帧中出现异常跳变。
19:19:00 [INFO] [4/25] 调查轨迹 46
19:19:00 [INFO] 开始调查轨迹 46（miss）
19:19:01 [INFO]   步骤 1：调用 replay_segment({'start_frame': 314, 'end_frame': 333})
19:19:01 [INFO]   工具结果：轨迹 46 帧 314-333，原始 2 帧，展示 2 帧（步长 1）
19:19:01 [INFO]   步骤 2：调用 check_nearby_tracks({'frame_id': 314, 'radius': 10})
19:19:01 [INFO]   工具结果：帧 314 轨迹 46 附近（10px）：附近无其他轨迹
19:19:02 [INFO]   步骤 3：调用 check_nearby_tracks({'frame_id': 333, 'radius': 10})
19:19:02 [INFO]   工具结果：帧 333 轨迹 46 附近（10px）：附近无其他轨迹
19:19:03 [INFO]   步骤 4：调用 replay_segment({'start_frame': 314, 'end_frame': 333})
19:19:03 [INFO]   工具结果：轨迹 46 帧 314-333，原始 2 帧，展示 2 帧（步长 1）
19:19:04 [INFO]   步骤 5：调用 check_nearby_tracks({'frame_id': 314, 'radius': 10})
19:19:04 [INFO]   工具结果：帧 314 轨迹 46 附近（10px）：附近无其他轨迹
19:19:05 [INFO]   步骤 6：调用 check_nearby_tracks({'frame_id': 333, 'radius': 10})
19:19:05 [INFO]   工具结果：帧 333 轨迹 46 附近（10px）：附近无其他轨迹
19:19:05 [WARNING] 轨迹 46 达到最大调查步数，使用初始判断
19:19:05 [INFO]   → 确认：调查步数耗尽，沿用阶段一结论：目标在第314帧至第333帧间中断，未检测到目标。
19:19:05 [INFO] [5/25] 调查轨迹 47
19:19:05 [INFO] 开始调查轨迹 47（drift）
19:19:06 [INFO]   步骤 1：调用 replay_segment({'start_frame': 9, 'end_frame': 23})
19:19:06 [INFO]   工具结果：轨迹 47 帧 9-23，原始 2 帧，展示 2 帧（步长 1）
19:19:07 [INFO]   步骤 2：调用 check_nearby_tracks({'track_id': 47, 'frame_ids': [9, 23]})
19:19:07 [INFO]   工具结果：帧 9 轨迹 47 附近（150px）：发现 2 个附近轨迹：ID 43（距离37.2px），ID 58（距离71.3px）
19:19:07 [INFO]   步骤 3：调用 compare_appearances({'track_id': 47, 'frame_ids': [9, 23]})
19:19:07 [INFO]   工具结果：轨迹 47：帧9 vs 帧23，外观基本一致，非 ID 切换
19:19:08 [INFO]   步骤 4：调用 replay_segment({'start_frame': 23, 'end_frame': 33})
19:19:08 [INFO]   工具结果：轨迹 47 帧 23-33，原始 5 帧，展示 5 帧（步长 1）
19:19:09 [INFO]   步骤 5：调用 check_nearby_tracks({'track_id': 47, 'frame_ids': [23, 33]})
19:19:09 [INFO]   工具结果：帧 23 轨迹 47 附近（150px）：发现 3 个附近轨迹：ID 43（距离62.3px），ID 48（距离132.9px），ID 58（距离30.7px）
19:19:10 [INFO]   步骤 6：调用 compare_appearances({'track_id': 47, 'frame_ids': [23, 33]})
19:19:10 [INFO]   工具结果：轨迹 47：帧23 vs 帧33，外观基本一致，非 ID 切换
19:19:10 [WARNING] 轨迹 47 达到最大调查步数，使用初始判断
19:19:10 [INFO]   → 确认：调查步数耗尽，沿用阶段一结论：目标在第9帧到第23帧间位置异常跳变，不符合运动规律。
19:19:10 [INFO] [6/25] 调查轨迹 48
19:19:10 [INFO] 开始调查轨迹 48（miss）
19:19:11 [INFO]   步骤 1：调用 replay_segment({'start_frame': 75, 'end_frame': 93})
19:19:11 [INFO]   工具结果：轨迹 48 帧 75-93，原始 2 帧，展示 2 帧（步长 1）
19:19:12 [INFO]   步骤 2：调用 check_nearby_tracks({'track_id': 48, 'frame_ids': [75, 93]})
19:19:12 [INFO]   工具结果：帧 75 轨迹 48 附近（150px）：发现 3 个附近轨迹：ID 46（距离59.6px），ID 47（距离54.9px），ID 53（距离24.4px）
19:19:12 [INFO]   步骤 3：调用 replay_segment({'start_frame': 94, 'end_frame': 112})
19:19:12 [INFO]   工具结果：轨迹 48 帧 94-112，原始 19 帧，展示 19 帧（步长 1）
19:19:13 [INFO]   步骤 4：调用 check_nearby_tracks({'track_id': 48, 'frame_ids': [94, 112]})
19:19:13 [INFO]   工具结果：帧 94 轨迹 48 附近（150px）：发现 3 个附近轨迹：ID 43（距离72.1px），ID 47（距离22.7px），ID 53（距离102.3px）
19:19:15 [INFO]   步骤 5：调用 replay_segment({'start_frame': 113, 'end_frame': 131})
19:19:15 [INFO]   工具结果：轨迹 48 帧 113-131，原始 19 帧，展示 19 帧（步长 1）
19:19:16 [INFO]   步骤 6：调用 check_nearby_tracks({'track_id': 48, 'frame_ids': [113, 131]})
19:19:16 [INFO]   工具结果：帧 113 轨迹 48 附近（150px）：发现 3 个附近轨迹：ID 43（距离99.4px），ID 47（距离129.8px），ID 53（距离111.5px）
19:19:16 [WARNING] 轨迹 48 达到最大调查步数，使用初始判断
19:19:16 [INFO]   → 确认：调查步数耗尽，沿用阶段一结论：目标在第75帧到第93帧间中断
19:19:16 [INFO] [7/25] 调查轨迹 49
19:19:16 [INFO] 开始调查轨迹 49（miss）
19:19:17 [INFO]   步骤 1：调用 replay_segment({'start_frame': 4, 'end_frame': 14})
19:19:17 [INFO]   工具结果：轨迹 49 帧 4-14，原始 2 帧，展示 2 帧（步长 1）
19:19:17 [INFO]   步骤 2：调用 check_nearby_tracks({'frame_id': 4, 'radius': 10})
19:19:17 [INFO]   工具结果：帧 4 轨迹 49 附近（10px）：附近无其他轨迹
19:19:18 [INFO]   步骤 3：调用 replay_segment({'start_frame': 14, 'end_frame': 24})
19:19:18 [INFO]   工具结果：轨迹 49 帧 14-24，原始 2 帧，展示 2 帧（步长 1）
19:19:19 [INFO]   步骤 4：调用 check_nearby_tracks({'frame_id': 14, 'radius': 10})
19:19:19 [INFO]   工具结果：帧 14 轨迹 49 附近（10px）：附近无其他轨迹
19:19:20 [INFO]   步骤 5：调用 replay_segment({'start_frame': 24, 'end_frame': 52})
19:19:20 [INFO]   工具结果：轨迹 49 帧 24-52，原始 28 帧，展示 28 帧（步长 1）
19:19:21 [INFO]   步骤 6：调用 check_nearby_tracks({'frame_id': 24, 'radius': 10})
19:19:21 [INFO]   工具结果：帧 24 轨迹 49 附近（10px）：附近无其他轨迹
19:19:21 [WARNING] 轨迹 49 达到最大调查步数，使用初始判断
19:19:21 [INFO]   → 确认：调查步数耗尽，沿用阶段一结论：目标在第4帧到第14帧间中断，未检测到目标。
19:19:21 [INFO] [8/25] 调查轨迹 50
19:19:21 [INFO] 开始调查轨迹 50（miss）
19:19:21 [INFO]   步骤 1：调用 replay_segment({'start_frame': 5, 'end_frame': 12})
19:19:21 [INFO]   工具结果：轨迹 50 帧 5-12，原始 2 帧，展示 2 帧（步长 1）
19:19:22 [INFO]   步骤 2：调用 check_nearby_tracks({'frame_id': 5, 'radius': 5})
19:19:22 [INFO]   工具结果：帧 5 轨迹 50 附近（5px）：附近无其他轨迹
19:19:23 [INFO]   步骤 3：调用 check_nearby_tracks({'frame_id': 12, 'radius': 5})
19:19:23 [INFO]   工具结果：帧 12 轨迹 50 附近（5px）：附近无其他轨迹
19:19:24 [INFO]   步骤 4：调用 compare_appearances({'frame_id_1': 5, 'frame_id_2': 12})
19:19:24 [INFO]   工具结果：轨迹 50：帧5 vs 帧12，外观有差异，可能存在遮挡或光照变化
19:19:25 [INFO]   步骤 5：调用 replay_segment({'start_frame': 5, 'end_frame': 12})
19:19:25 [INFO]   工具结果：轨迹 50 帧 5-12，原始 2 帧，展示 2 帧（步长 1）
19:19:25 [INFO]   步骤 6：调用 check_nearby_tracks({'frame_id': 5, 'radius': 5})
19:19:25 [INFO]   工具结果：帧 5 轨迹 50 附近（5px）：附近无其他轨迹
19:19:25 [WARNING] 轨迹 50 达到最大调查步数，使用初始判断
19:19:25 [INFO]   → 确认：调查步数耗尽，沿用阶段一结论：目标在第5帧至第12帧间中断，消失超过5帧。
19:19:25 [INFO] [9/25] 调查轨迹 51
19:19:25 [INFO] 开始调查轨迹 51（miss）
19:19:26 [INFO]   步骤 1：调用 replay_segment({'start_frame': 570, 'end_frame': 589})
19:19:26 [INFO]   工具结果：轨迹 51 帧 570-589，原始 2 帧，展示 2 帧（步长 1）
19:19:27 [INFO]   步骤 2：调用 check_nearby_tracks({'track_id': 51, 'frame_range': [570, 589]})
19:19:27 [INFO]   工具结果：帧 579 轨迹 51 附近（150px）：发现 2 个附近轨迹：ID 46（距离75.3px），ID 66（距离114.0px）
19:19:28 [INFO]   步骤 3：调用 replay_segment({'start_frame': 570, 'end_frame': 589})
19:19:28 [INFO]   工具结果：轨迹 51 帧 570-589，原始 2 帧，展示 2 帧（步长 1）
19:19:29 [INFO]   步骤 4：调用 compare_appearances({'frame1': 570, 'frame2': 589})
19:19:29 [INFO]   工具结果：缺少 frame_id_a/frame_id_b
19:19:30 [INFO]   步骤 5：调用 replay_segment({'start_frame': 570, 'end_frame': 589})
19:19:30 [INFO]   工具结果：轨迹 51 帧 570-589，原始 2 帧，展示 2 帧（步长 1）
19:19:31 [INFO]   步骤 6：调用 check_nearby_tracks({'track_id': 51, 'frame_range': [570, 589]})
19:19:31 [INFO]   工具结果：帧 579 轨迹 51 附近（150px）：发现 2 个附近轨迹：ID 46（距离75.3px），ID 66（距离114.0px）
19:19:31 [WARNING] 轨迹 51 达到最大调查步数，使用初始判断
19:19:31 [INFO]   → 确认：调查步数耗尽，沿用阶段一结论：轨迹在第570帧至第589帧间中断，持续超过5帧。
19:19:31 [INFO] [10/25] 调查轨迹 52
19:19:31 [INFO] 开始调查轨迹 52（drift）
19:19:32 [INFO]   步骤 1：调用 replay_segment({'track_id': 52, 'start_frame': 3, 'end_frame': 603})
19:19:32 [INFO]   工具结果：轨迹 52 帧 3-603，原始 44 帧，展示 32 帧（步长 13）
19:19:42 [INFO]   步骤 2：调用 check_nearby_tracks({'track_id': 52, 'frame_ids': [3, 18, 31, 57, 70, 83, 132, 145, 175, 188, 201, 227, 240, 266, 279, 292, 318, 331, 344, 370, 383, 409, 422, 435, 461, 474, 500, 513, 526, 552, 572, 598]})
19:19:42 [INFO]   工具结果：帧 3 轨迹 52 附近（150px）：发现 4 个附近轨迹：ID 46（距离93.7px），ID 56（距离130.1px），ID 61（距离108.3px），ID 66（距离140.6px）
19:19:47 [INFO]   步骤 3：调用 compare_appearances({'track_id': 52, 'frame_ids': [3, 18, 31, 57, 70, 83, 132, 145, 175, 188, 201, 227, 240, 266, 279, 292, 318, 331, 344, 370, 383, 409, 422, 435, 461, 474, 500, 513, 526, 552, 572, 598]})
19:19:47 [INFO]   工具结果：轨迹 52：帧3 vs 帧598，外观有差异，可能存在遮挡或光照变化
19:19:48 [INFO]   步骤 4：调用 replay_segment({'track_id': 52, 'start_frame': 3, 'end_frame': 598})
19:19:48 [INFO]   工具结果：轨迹 52 帧 3-598，原始 44 帧，展示 32 帧（步长 13）
19:19:53 [INFO]   步骤 5：调用 check_nearby_tracks({'track_id': 52, 'frame_ids': [3, 18, 31, 57, 70, 83, 132, 145, 175, 188, 201, 227, 240, 266, 279, 292, 318, 331, 344, 370, 383, 409, 422, 435, 461, 474, 500, 513, 526, 552, 572, 598]})
19:19:53 [INFO]   工具结果：帧 3 轨迹 52 附近（150px）：发现 4 个附近轨迹：ID 46（距离93.7px），ID 56（距离130.1px），ID 61（距离108.3px），ID 66（距离140.6px）
19:19:57 [INFO]   步骤 6：调用 compare_appearances({'track_id': 52, 'frame_ids': [3, 18, 31, 57, 70, 83, 132, 145, 175, 188, 201, 227, 240, 266, 279, 292, 318, 331, 344, 370, 383, 409, 422, 435, 461, 474, 500, 513, 526, 552, 572, 598]})
19:19:57 [INFO]   工具结果：轨迹 52：帧3 vs 帧598，外观有差异，可能存在遮挡或光照变化
19:19:57 [WARNING] 轨迹 52 达到最大调查步数，使用初始判断
19:19:57 [INFO]   → 确认：调查步数耗尽，沿用阶段一结论：最大位移78.52帧内有异常跳变
19:19:57 [INFO] [11/25] 调查轨迹 53
19:19:57 [INFO] 开始调查轨迹 53（drift）
19:19:58 [INFO]   步骤 1：调用 replay_segment({'start_frame': 442, 'end_frame': 442})
19:19:58 [INFO]   工具结果：轨迹 53 帧 442-442，原始 1 帧，展示 1 帧（步长 1）
19:19:59 [INFO]   步骤 2：调用 check_nearby_tracks({'frame_id': 442})
19:19:59 [INFO]   工具结果：帧 442 轨迹 53 附近（150px）：发现 4 个附近轨迹：ID 43（距离69.6px），ID 47（距离96.3px），ID 56（距离71.1px），ID 68（距离145.6px）
19:20:00 [INFO]   步骤 3：调用 compare_appearances({'frame_id': 442, 'track_id': 53, 'reference_frame_id': 441})
19:20:00 [INFO]   工具结果：轨迹 53：帧441 vs 帧442，外观基本一致，非 ID 切换
19:20:00 [INFO]   步骤 4：调用 replay_segment({'start_frame': 441, 'end_frame': 443})
19:20:00 [INFO]   工具结果：轨迹 53 帧 441-443，原始 3 帧，展示 3 帧（步长 1）
19:20:01 [INFO]   步骤 5：调用 check_nearby_tracks({'frame_id': 442})
19:20:01 [INFO]   工具结果：帧 442 轨迹 53 附近（150px）：发现 4 个附近轨迹：ID 43（距离69.6px），ID 47（距离96.3px），ID 56（距离71.1px），ID 68（距离145.6px）
19:20:02 [INFO]   步骤 6：调用 compare_appearances({'frame_id': 442, 'track_id': 53, 'reference_frame_id': 441})
19:20:02 [INFO]   工具结果：轨迹 53：帧441 vs 帧442，外观基本一致，非 ID 切换
19:20:02 [WARNING] 轨迹 53 达到最大调查步数，使用初始判断
19:20:02 [INFO]   → 确认：调查步数耗尽，沿用阶段一结论：最大位移异常，跳跃帧为442。
19:20:02 [INFO] [12/25] 调查轨迹 54
19:20:02 [INFO] 开始调查轨迹 54（drift）
19:20:03 [INFO]   步骤 1：调用 replay_segment({'start_frame': 402, 'end_frame': 435})
19:20:03 [INFO]   工具结果：轨迹 54 帧 402-435，原始 27 帧，展示 27 帧（步长 1）
19:20:06 [INFO]   步骤 2：调用 check_nearby_tracks({'frame_ids': [402, 403, 404, 405, 406, 407, 408, 409, 410, 411, 412, 413, 414, 415, 416, 417, 418, 419, 420, 421, 422, 423, 424, 427, 428, 430, 435]})
19:20:06 [INFO]   工具结果：帧 402 轨迹 54 附近（150px）：发现 7 个附近轨迹：ID 44（距离134.0px），ID 45（距离126.1px），ID 50（距离133.8px），ID 57（距离68.1px），
19:20:08 [INFO]   步骤 3：调用 compare_appearances({'frame_id': 402, 'target_track_id': 54, 'nearby_track_ids': [44, 45, 50, 57, 59, 63, 64]})
19:20:08 [INFO]   工具结果：轨迹 54：帧402 vs 帧403，外观基本一致，非 ID 切换
19:20:10 [INFO]   步骤 4：调用 compare_appearances({'frame_id': 403, 'target_track_id': 54, 'nearby_track_ids': [44, 45, 50, 57, 59, 63, 64]})
19:20:10 [INFO]   工具结果：轨迹 54：帧403 vs 帧404，外观基本一致，非 ID 切换
19:20:12 [INFO]   步骤 5：调用 compare_appearances({'frame_id': 404, 'target_track_id': 54, 'nearby_track_ids': [44, 45, 50, 57, 59, 63, 64]})
19:20:12 [INFO]   工具结果：轨迹 54：帧404 vs 帧405，外观基本一致，非 ID 切换
19:20:14 [INFO]   步骤 6：调用 compare_appearances({'frame_id': 405, 'target_track_id': 54, 'nearby_track_ids': [44, 45, 50, 57, 59, 63, 64]})
19:20:14 [INFO]   工具结果：轨迹 54：帧405 vs 帧406，外观基本一致，非 ID 切换
19:20:14 [WARNING] 轨迹 54 达到最大调查步数，使用初始判断
19:20:14 [INFO]   → 确认：调查步数耗尽，沿用阶段一结论：最大位移175.67帧内出现异常跳变
19:20:14 [INFO] [13/25] 调查轨迹 55
19:20:14 [INFO] 开始调查轨迹 55（drift）
19:20:14 [INFO]   步骤 1：调用 replay_segment({'start_frame': 148, 'end_frame': 159})
19:20:14 [INFO]   工具结果：轨迹 55 帧 148-159，原始 2 帧，展示 2 帧（步长 1）
19:20:15 [INFO]   步骤 2：调用 zoom_region({'frame_id': 148, 'region': [100, 100, 200, 200]})
19:20:15 [INFO]   工具结果：轨迹 55 第 148 帧放大 3.0x，已锐化
19:20:17 [INFO]   步骤 3：调用 zoom_region({'frame_id': 159, 'region': [100, 100, 200, 200]})
19:20:17 [INFO]   工具结果：轨迹 55 第 159 帧放大 3.0x，已锐化
19:20:18 [INFO]   步骤 4：调用 compare_appearances({'frame_1': 148, 'frame_2': 159})
19:20:18 [INFO]   工具结果：轨迹 55：帧148 vs 帧159，外观基本一致，非 ID 切换
19:20:20 [INFO]   步骤 5：调用 check_nearby_tracks({'frame_id': 148, 'radius': 50})
19:20:20 [INFO]   工具结果：帧 148 轨迹 55 附近（50px）：附近无其他轨迹
19:20:22 [INFO]   步骤 6：调用 check_nearby_tracks({'frame_id': 159, 'radius': 50})
19:20:22 [INFO]   工具结果：帧 159 轨迹 55 附近（50px）：附近无其他轨迹
19:20:22 [WARNING] 轨迹 55 达到最大调查步数，使用初始判断
19:20:22 [INFO]   → 确认：调查步数耗尽，沿用阶段一结论：最大位移点处目标位置异常跳变
19:20:22 [INFO] [14/25] 调查轨迹 56
19:20:22 [INFO] 开始调查轨迹 56（miss）
19:20:22 [INFO]   步骤 1：调用 replay_segment({'start_frame': 424, 'end_frame': 442})
19:20:22 [INFO]   工具结果：轨迹 56 帧 424-442，原始 2 帧，展示 2 帧（步长 1）
19:20:23 [INFO]   步骤 2：调用 check_nearby_tracks({'frame_id': 424, 'radius': 10})
19:20:23 [INFO]   工具结果：帧 424 轨迹 56 附近（10px）：发现 1 个附近轨迹：ID 43（距离1.1px）
19:20:24 [INFO]   步骤 3：调用 check_nearby_tracks({'frame_id': 442, 'radius': 10})
19:20:24 [INFO]   工具结果：帧 442 轨迹 56 附近（10px）：发现 1 个附近轨迹：ID 43（距离1.9px）
19:20:25 [INFO]   步骤 4：调用 compare_appearances({'frame_id': 424, 'target_track_id': 56, 'reference_track_id': 43})
19:20:25 [INFO]   工具结果：轨迹 56：帧424 vs 帧425，外观基本一致，非 ID 切换
19:20:26 [INFO]   步骤 5：调用 compare_appearances({'frame_id': 442, 'target_track_id': 56, 'reference_track_id': 43})
19:20:26 [INFO]   工具结果：轨迹 56：帧442 vs 帧443，外观基本一致，非 ID 切换
19:20:27 [INFO]   步骤 6：调用 compare_appearances({'frame_id': 443, 'target_track_id': 56, 'reference_track_id': 43})
19:20:27 [INFO]   工具结果：轨迹 56：帧443 vs 帧444，外观基本一致，非 ID 切换
19:20:27 [WARNING] 轨迹 56 达到最大调查步数，使用初始判断
19:20:27 [INFO]   → 确认：调查步数耗尽，沿用阶段一结论：轨迹在第424帧至第442帧间中断，持续18帧。
19:20:27 [INFO] [15/25] 调查轨迹 58
19:20:27 [INFO] 开始调查轨迹 58（drift）
19:20:28 [INFO]   步骤 1：调用 replay_segment({'start_frame': 348, 'end_frame': 355})
19:20:28 [INFO]   工具结果：轨迹 58 帧 348-355，原始 2 帧，展示 2 帧（步长 1）
19:20:29 [INFO]   步骤 2：调用 check_nearby_tracks({'track_id': 58, 'frame_ids': [348, 355]})
19:20:29 [INFO]   工具结果：帧 348 轨迹 58 附近（150px）：发现 4 个附近轨迹：ID 48（距离126.3px），ID 53（距离136.5px），ID 56（距离136.7px），ID 62（距离100.9px）
19:20:30 [INFO]   步骤 3：调用 compare_appearances({'frame_id': 348, 'track_id': 58, 'reference_frame_id': 355, 'reference_track_id': 58})
19:20:30 [INFO]   工具结果：轨迹 58：帧355 vs 帧356，外观基本一致，非 ID 切换
19:20:31 [INFO]   步骤 4：调用 replay_segment({'start_frame': 348, 'end_frame': 355})
19:20:31 [INFO]   工具结果：轨迹 58 帧 348-355，原始 2 帧，展示 2 帧（步长 1）
19:20:32 [INFO]   步骤 5：调用 check_nearby_tracks({'track_id': 58, 'frame_ids': [348, 355]})
19:20:32 [INFO]   工具结果：帧 348 轨迹 58 附近（150px）：发现 4 个附近轨迹：ID 48（距离126.3px），ID 53（距离136.5px），ID 56（距离136.7px），ID 62（距离100.9px）
19:20:33 [INFO]   步骤 6：调用 compare_appearances({'frame_id': 348, 'track_id': 58, 'reference_frame_id': 355, 'reference_track_id': 58})
19:20:33 [INFO]   工具结果：轨迹 58：帧355 vs 帧356，外观基本一致，非 ID 切换
19:20:33 [WARNING] 轨迹 58 达到最大调查步数，使用初始判断
19:20:33 [INFO]   → 确认：调查步数耗尽，沿用阶段一结论：最大位移帧348处目标位置异常跳变
19:20:33 [INFO] [16/25] 调查轨迹 59
19:20:33 [INFO] 开始调查轨迹 59（miss）
19:20:34 [INFO]   步骤 1：调用 replay_segment({'start_frame': 240, 'end_frame': 258})
19:20:34 [INFO]   工具结果：轨迹 59 帧 240-258，原始 3 帧，展示 3 帧（步长 1）
19:20:35 [INFO]   步骤 2：调用 check_nearby_tracks({'track_id': 59, 'frame_range': [240, 258]})
19:20:35 [INFO]   工具结果：帧 249 轨迹 59 附近（150px）：发现 7 个附近轨迹：ID 44（距离142.6px），ID 45（距离1.6px），ID 50（距离143.0px），ID 54（距离116.2px），I
19:20:36 [INFO]   步骤 3：调用 compare_appearances({'frame_id': 240, 'target_id': 59, 'compare_id': 57})
19:20:36 [INFO]   工具结果：轨迹 59：帧240 vs 帧241，外观基本一致，非 ID 切换
19:20:42 [INFO]   步骤 4：调用 compare_appearances({'frame_id': 250, 'target_id': 59, 'compare_id': 57})
19:20:42 [INFO]   工具结果：轨迹 59：帧250 vs 帧251，外观基本一致，非 ID 切换
19:20:43 [INFO]   步骤 5：调用 compare_appearances({'frame_id': 258, 'target_id': 59, 'compare_id': 57})
19:20:43 [INFO]   工具结果：轨迹 59：帧258 vs 帧259，外观基本一致，非 ID 切换
19:20:44 [INFO]   步骤 6：调用 replay_segment({'start_frame': 240, 'end_frame': 258})
19:20:44 [INFO]   工具结果：轨迹 59 帧 240-258，原始 3 帧，展示 3 帧（步长 1）
19:20:44 [WARNING] 轨迹 59 达到最大调查步数，使用初始判断
19:20:44 [INFO]   → 确认：调查步数耗尽，沿用阶段一结论：目标在240帧至258帧间中断，消失超过5帧。
19:20:44 [INFO] [17/25] 调查轨迹 60
19:20:44 [INFO] 开始调查轨迹 60（miss）
19:20:45 [INFO]   步骤 1：调用 replay_segment({'start_frame': 237, 'end_frame': 283})
19:20:45 [INFO]   工具结果：轨迹 60 帧 237-283，原始 13 帧，展示 13 帧（步长 1）
19:20:46 [INFO]   步骤 2：调用 check_nearby_tracks({'track_id': 60, 'frame_range': [248, 268]})
19:20:46 [INFO]   工具结果：帧 258 轨迹 60 附近（150px）：发现 1 个附近轨迹：ID 49（距离4.7px）
19:20:47 [INFO]   步骤 3：调用 replay_segment({'start_frame': 248, 'end_frame': 268})
19:20:47 [INFO]   工具结果：轨迹 60 帧 248-268，原始 2 帧，展示 2 帧（步长 1）
19:20:48 [INFO]   步骤 4：调用 compare_appearances({'frame1': 248, 'frame2': 268})
19:20:48 [INFO]   工具结果：缺少 frame_id_a/frame_id_b
19:20:49 [INFO]   步骤 5：调用 replay_segment({'start_frame': 248, 'end_frame': 268})
19:20:49 [INFO]   工具结果：轨迹 60 帧 248-268，原始 2 帧，展示 2 帧（步长 1）
19:20:51 [WARNING]   步骤 6：LLM 输出解析失败，终止调查
19:20:51 [WARNING] 轨迹 60 达到最大调查步数，使用初始判断
19:20:51 [INFO]   → 确认：调查步数耗尽，沿用阶段一结论：目标在248帧至268帧间中断，消失超过5帧。
19:20:51 [INFO] [18/25] 调查轨迹 61
19:20:51 [INFO] 开始调查轨迹 61（miss）
19:20:51 [INFO]   步骤 1：调用 replay_segment({'start_frame': 370, 'end_frame': 388})
19:20:51 [INFO]   工具结果：轨迹 61 帧 370-388，原始 2 帧，展示 2 帧（步长 1）
19:20:52 [INFO]   步骤 2：调用 check_nearby_tracks({'track_id': 61, 'frame_range': [370, 388]})
19:20:52 [INFO]   工具结果：帧 379 轨迹 61 附近（150px）：发现 4 个附近轨迹：ID 51（距离53.1px），ID 52（距离90.2px），ID 55（距离125.3px），ID 66（距离75.3px）
19:20:53 [INFO]   步骤 3：调用 compare_appearances({'track_id': 61, 'frame_range': [370, 388]})
19:20:53 [INFO]   工具结果：轨迹 61：帧379 vs 帧388，外观基本一致，非 ID 切换
19:20:54 [INFO]   步骤 4：调用 replay_segment({'start_frame': 364, 'end_frame': 388})
19:20:54 [INFO]   工具结果：轨迹 61 帧 364-388，原始 6 帧，展示 6 帧（步长 1）
19:20:55 [INFO]   步骤 5：调用 check_nearby_tracks({'track_id': 61, 'frame_range': [364, 388]})
19:20:55 [INFO]   工具结果：帧 376 轨迹 61 附近（150px）：发现 4 个附近轨迹：ID 51（距离58.2px），ID 52（距离74.8px），ID 55（距离125.3px），ID 66（距离75.3px）
19:20:56 [INFO]   步骤 6：调用 compare_appearances({'track_id': 61, 'frame_range': [364, 388]})
19:20:56 [INFO]   工具结果：轨迹 61：帧376 vs 帧388，外观有差异，可能存在遮挡或光照变化
19:20:56 [WARNING] 轨迹 61 达到最大调查步数，使用初始判断
19:20:56 [INFO]   → 确认：调查步数耗尽，沿用阶段一结论：目标在370帧至388帧间中断，消失超过5帧。
19:20:56 [INFO] [19/25] 调查轨迹 62
19:20:56 [INFO] 开始调查轨迹 62（miss）
19:20:57 [INFO]   步骤 1：调用 replay_segment({'start_frame': 512, 'end_frame': 553})
19:20:57 [INFO]   工具结果：轨迹 62 帧 512-553，原始 14 帧，展示 14 帧（步长 1）
19:20:58 [INFO]   步骤 2：调用 check_nearby_tracks({'frame_id': 512, 'radius': 10})
19:20:58 [INFO]   工具结果：帧 512 轨迹 62 附近（10px）：附近无其他轨迹
19:20:58 [INFO]   步骤 3：调用 replay_segment({'start_frame': 531, 'end_frame': 553})
19:20:58 [INFO]   工具结果：轨迹 62 帧 531-553，原始 13 帧，展示 13 帧（步长 1）
19:21:00 [INFO]   步骤 4：调用 compare_appearances({'frame_id_1': 531, 'frame_id_2': 532})
19:21:00 [INFO]   工具结果：轨迹 62：帧531 vs 帧532，外观基本一致，非 ID 切换
19:21:01 [INFO]   步骤 5：调用 compare_appearances({'frame_id_1': 532, 'frame_id_2': 533})
19:21:01 [INFO]   工具结果：轨迹 62：帧532 vs 帧533，外观基本一致，非 ID 切换
19:21:02 [INFO]   步骤 6：调用 compare_appearances({'frame_id_1': 533, 'frame_id_2': 534})
19:21:02 [INFO]   工具结果：轨迹 62：帧533 vs 帧534，外观基本一致，非 ID 切换
19:21:02 [WARNING] 轨迹 62 达到最大调查步数，使用初始判断
19:21:02 [INFO]   → 确认：调查步数耗尽，沿用阶段一结论：轨迹在512帧后中断，消失超过5帧。
19:21:02 [INFO] [20/25] 调查轨迹 63
19:21:02 [INFO] 开始调查轨迹 63（miss）
19:21:02 [INFO]   步骤 1：调用 replay_segment({'start_frame': 404, 'end_frame': 417})
19:21:02 [INFO]   工具结果：轨迹 63 帧 404-417，原始 2 帧，展示 2 帧（步长 1）
19:21:03 [INFO]   步骤 2：调用 check_nearby_tracks({'track_id': 63, 'frame_range': [404, 417]})
19:21:03 [INFO]   工具结果：帧 410 轨迹 63 附近（150px）：发现 5 个附近轨迹：ID 45（距离28.1px），ID 54（距离104.3px），ID 57（距离117.2px），ID 59（距离143.7px），
19:21:04 [INFO]   步骤 3：调用 compare_appearances({'track_id': 63, 'frame_range': [404, 417]})
19:21:04 [INFO]   工具结果：轨迹 63：帧410 vs 帧417，外观基本一致，非 ID 切换
19:21:05 [INFO]   步骤 4：调用 replay_segment({'start_frame': 404, 'end_frame': 417})
19:21:05 [INFO]   工具结果：轨迹 63 帧 404-417，原始 2 帧，展示 2 帧（步长 1）
19:21:06 [INFO]   步骤 5：调用 check_nearby_tracks({'track_id': 63, 'frame_range': [404, 417]})
19:21:06 [INFO]   工具结果：帧 410 轨迹 63 附近（150px）：发现 5 个附近轨迹：ID 45（距离28.1px），ID 54（距离104.3px），ID 57（距离117.2px），ID 59（距离143.7px），
19:21:07 [INFO]   步骤 6：调用 compare_appearances({'track_id': 63, 'frame_range': [404, 417]})
19:21:07 [INFO]   工具结果：轨迹 63：帧410 vs 帧417，外观基本一致，非 ID 切换
19:21:07 [WARNING] 轨迹 63 达到最大调查步数，使用初始判断
19:21:07 [INFO]   → 确认：调查步数耗尽，沿用阶段一结论：目标在404帧至417帧间中断，消失超过5帧。
19:21:07 [INFO] [21/25] 调查轨迹 64
19:21:07 [INFO] 开始调查轨迹 64（drift）
19:21:08 [INFO]   步骤 1：调用 replay_segment({'start_frame': 485, 'end_frame': 495})
19:21:08 [INFO]   工具结果：轨迹 64 帧 485-495，原始 2 帧，展示 2 帧（步长 1）
19:21:09 [INFO]   步骤 2：调用 zoom_region({'frame_id': 485, 'region': [10, 10, 200, 200]})
19:21:09 [INFO]   工具结果：轨迹 64 第 485 帧放大 3.0x，已锐化
19:21:10 [INFO]   步骤 3：调用 zoom_region({'frame_id': 495, 'region': [10, 10, 200, 200]})
19:21:10 [INFO]   工具结果：轨迹 64 第 495 帧放大 3.0x，已锐化
19:21:12 [INFO]   步骤 4：调用 check_nearby_tracks({'frame_id': 485, 'radius': 50})
19:21:12 [INFO]   工具结果：帧 485 轨迹 64 附近（50px）：发现 1 个附近轨迹：ID 65（距离30.2px）
19:21:14 [INFO]   步骤 5：调用 check_nearby_tracks({'frame_id': 495, 'radius': 50})
19:21:14 [INFO]   工具结果：帧 495 轨迹 64 附近（50px）：发现 1 个附近轨迹：ID 60（距离39.6px）
19:21:16 [INFO]   步骤 6：调用 compare_appearances({'frame_id': 485, 'target_id': 64, 'compare_id': 65})
19:21:16 [INFO]   工具结果：轨迹 64：帧485 vs 帧486，外观基本一致，非 ID 切换
19:21:16 [WARNING] 轨迹 64 达到最大调查步数，使用初始判断
19:21:16 [INFO]   → 确认：调查步数耗尽，沿用阶段一结论：最大位移较大且在特定帧出现异常跳变
19:21:16 [INFO] [22/25] 调查轨迹 65
19:21:16 [INFO] 开始调查轨迹 65（miss）
19:21:16 [INFO]   步骤 1：调用 replay_segment({'start_frame': 464, 'end_frame': 482})
19:21:16 [INFO]   工具结果：轨迹 65 帧 464-482，原始 2 帧，展示 2 帧（步长 1）
19:21:17 [INFO]   步骤 2：调用 check_nearby_tracks({'track_id': 65, 'frame_ids': [464, 482]})
19:21:17 [INFO]   工具结果：帧 464 轨迹 65 附近（150px）：发现 6 个附近轨迹：ID 45（距离72.1px），ID 49（距离47.5px），ID 52（距离119.8px），ID 57（距离95.7px），ID
19:21:18 [INFO]   步骤 3：调用 compare_appearances({'track_id': 65, 'frame_ids': [464, 482]})
19:21:18 [INFO]   工具结果：轨迹 65：帧464 vs 帧482，外观基本一致，非 ID 切换
19:21:19 [INFO]   步骤 4：调用 replay_segment({'start_frame': 454, 'end_frame': 463})
19:21:19 [INFO]   工具结果：轨迹 65 帧 454-463，原始 10 帧，展示 10 帧（步长 1）
19:21:20 [INFO]   步骤 5：调用 check_nearby_tracks({'track_id': 65, 'frame_ids': [454, 463]})
19:21:20 [INFO]   工具结果：帧 454 轨迹 65 附近（150px）：发现 5 个附近轨迹：ID 45（距离65.6px），ID 49（距离68.1px），ID 52（距离123.0px），ID 57（距离125.2px），I
19:21:21 [INFO]   步骤 6：调用 compare_appearances({'track_id': 65, 'frame_ids': [454, 463]})
19:21:21 [INFO]   工具结果：轨迹 65：帧454 vs 帧463，外观基本一致，非 ID 切换
19:21:21 [WARNING] 轨迹 65 达到最大调查步数，使用初始判断
19:21:21 [INFO]   → 确认：调查步数耗尽，沿用阶段一结论：目标在464帧后消失，持续18帧。
19:21:21 [INFO] [23/25] 调查轨迹 66
19:21:21 [INFO] 开始调查轨迹 66（miss）
19:21:22 [INFO]   步骤 1：调用 replay_segment({'start_frame': 461, 'end_frame': 603})
19:21:22 [INFO]   工具结果：轨迹 66 帧 461-603，原始 40 帧，展示 32 帧（步长 3）
19:21:23 [INFO]   步骤 2：调用 check_nearby_tracks({'start_frame': 461, 'end_frame': 603})
19:21:23 [INFO]   工具结果：缺少 frame_id/track_id
19:21:24 [INFO]   步骤 3：调用 replay_segment({'start_frame': 464, 'end_frame': 470})
19:21:24 [INFO]   工具结果：轨迹 66 帧 464-470，原始 2 帧，展示 2 帧（步长 1）
19:21:25 [INFO]   步骤 4：调用 check_nearby_tracks({'start_frame': 464, 'end_frame': 470})
19:21:25 [INFO]   工具结果：缺少 frame_id/track_id
19:21:26 [INFO]   步骤 5：调用 compare_appearances({'frame_1': 464, 'frame_2': 470})
19:21:26 [INFO]   工具结果：轨迹 66：帧464 vs 帧470，外观基本一致，非 ID 切换
19:21:27 [INFO]   步骤 6：调用 replay_segment({'start_frame': 461, 'end_frame': 464})
19:21:27 [INFO]   工具结果：轨迹 66 帧 461-464，原始 4 帧，展示 4 帧（步长 1）
19:21:27 [WARNING] 轨迹 66 达到最大调查步数，使用初始判断
19:21:27 [INFO]   → 确认：调查步数耗尽，沿用阶段一结论：目标在第464帧至第470帧间中断，消失超过5帧。
19:21:27 [INFO] [24/25] 调查轨迹 67
19:21:27 [INFO] 开始调查轨迹 67（drift）
19:21:27 [INFO]   步骤 1：调用 replay_segment({'start_frame': 563, 'end_frame': 599})
19:21:27 [INFO]   工具结果：轨迹 67 帧 563-599，原始 22 帧，展示 22 帧（步长 1）
19:21:30 [INFO]   步骤 2：调用 check_nearby_tracks({'frame_ids': [563, 566, 567, 568, 569, 570, 571, 572, 573, 574, 575, 576, 577, 578, 579, 580, 581, 582, 583, 597, 598, 599]})
19:21:30 [INFO]   工具结果：帧 563 轨迹 67 附近（150px）：发现 1 个附近轨迹：ID 68（距离62.2px）
19:21:32 [INFO]   步骤 3：调用 zoom_region({'frame_id': 563, 'region': [0.48, 572.21, 323.97, 388.42]})
19:21:32 [INFO]   工具结果：轨迹 67 第 563 帧放大 3.0x，已锐化
19:21:36 [INFO]   步骤 4：调用 compare_appearances({'frame_ids': [563, 566, 567, 568, 569, 570, 571, 572, 573, 574, 575, 576, 577, 578, 579, 580, 581, 582, 583, 597, 598, 599]})
19:21:36 [INFO]   工具结果：轨迹 67：帧563 vs 帧599，外观有差异，可能存在遮挡或光照变化
19:21:37 [INFO]   步骤 5：调用 replay_segment({'start_frame': 563, 'end_frame': 599})
19:21:37 [INFO]   工具结果：轨迹 67 帧 563-599，原始 22 帧，展示 22 帧（步长 1）
19:21:47 [INFO]   步骤 6：调用 check_nearby_tracks({'frame_ids': [563, 566, 567, 568, 569, 570, 571, 572, 573, 574, 575, 576, 577, 578, 579, 580, 581, 582, 583, 597, 598, 599]})
19:21:47 [INFO]   工具结果：帧 563 轨迹 67 附近（150px）：发现 1 个附近轨迹：ID 68（距离62.2px）
19:21:47 [WARNING] 轨迹 67 达到最大调查步数，使用初始判断
19:21:47 [INFO]   → 确认：调查步数耗尽，沿用阶段一结论：最大位移较大且连续几帧位置异常跳变
19:21:47 [INFO] [25/25] 调查轨迹 68
19:21:47 [INFO] 开始调查轨迹 68（miss）
19:21:47 [INFO]   步骤 1：调用 replay_segment({'start_frame': 516, 'end_frame': 533})
19:21:47 [INFO]   工具结果：轨迹 68 帧 516-533，原始 2 帧，展示 2 帧（步长 1）
19:21:48 [INFO]   步骤 2：调用 check_nearby_tracks({'track_id': 68, 'frame_range': [516, 533]})
19:21:48 [INFO]   工具结果：帧 524 轨迹 68 附近（150px）：发现 3 个附近轨迹：ID 47（距离110.2px），ID 53（距离94.8px），ID 56（距离103.6px）
19:21:49 [INFO]   步骤 3：调用 replay_segment({'start_frame': 524, 'end_frame': 524})
19:21:49 [INFO]   工具结果：轨迹 68 在帧 524-524 内无数据
19:21:50 [INFO]   步骤 4：调用 compare_appearances({'frame1': 516, 'frame2': 533})
19:21:50 [INFO]   工具结果：缺少 frame_id_a/frame_id_b
19:21:51 [INFO]   步骤 5：调用 replay_segment({'start_frame': 516, 'end_frame': 533})
19:21:51 [INFO]   工具结果：轨迹 68 帧 516-533，原始 2 帧，展示 2 帧（步长 1）
19:21:52 [INFO]   步骤 6：调用 check_nearby_tracks({'track_id': 68, 'frame_range': [516, 533]})
19:21:52 [INFO]   工具结果：帧 524 轨迹 68 附近（150px）：发现 3 个附近轨迹：ID 47（距离110.2px），ID 53（距离94.8px），ID 56（距离103.6px）
19:21:52 [WARNING] 轨迹 68 达到最大调查步数，使用初始判断
19:21:52 [INFO]   → 确认：调查步数耗尽，沿用阶段一结论：目标在第516帧到第533帧间中断，消失超过5帧。
19:21:52 [INFO] ========================================
19:21:52 [INFO] [dancetrack0089] 阶段三：轨迹修正
19:21:52 [INFO] ========================================
19:21:52 [INFO] 正在分析轨迹 43（长度 433 帧）...
19:21:53 [INFO] 修正回滚：track=43 type=miss
19:21:53 [INFO] 正在分析轨迹 46（长度 463 帧）...
19:21:55 [INFO] 修正回滚：track=46 type=miss
19:21:55 [INFO] 正在分析轨迹 51（长度 595 帧）...
19:21:56 [INFO] 修正生效：track=51 type=miss frames=570-589
19:21:56 [INFO] 正在分析轨迹 53（长度 510 帧）...
19:21:58 [INFO] 修正生效：track=53 type=drift frames=442-442
19:21:58 [INFO] 正在分析轨迹 61（长度 241 帧）...
19:21:59 [INFO] 修正生效：track=61 type=miss frames=370-388
19:21:59 [INFO] 正在分析轨迹 62（长度 222 帧）...
19:22:01 [INFO] 修正生效：track=62 type=miss frames=512-553
19:22:01 [INFO] 正在分析轨迹 63（长度 28 帧）...
19:22:02 [INFO] 修正生效：track=63 type=miss frames=404-417
19:22:02 [INFO] 正在分析轨迹 64（长度 184 帧）...
19:22:04 [INFO] 修正回滚：track=64 type=drift
19:22:04 [INFO] 正在分析轨迹 65（长度 30 帧）...
19:22:05 [INFO] 修正生效：track=65 type=miss frames=464-482
19:22:05 [INFO] 正在分析轨迹 68（长度 88 帧）...
19:22:07 [INFO] 修正生效：track=68 type=miss frames=516-533
19:22:07 [INFO] [dancetrack0089] 修正后 MOT 已保存至 /public/home/lyh_npu/code/PostMOT/corrected_mot/dancetrack0089.txt
19:22:07 [INFO] [dancetrack0089] 报告已保存至 /public/home/lyh_npu/code/PostMOT/pipeline_report_batch_seq_reports/dancetrack0089.json
19:22:07 [INFO] [31/35] 处理序列 dancetrack0091
19:22:39 [INFO] 加载轨迹 14 条
19:22:39 [INFO] ========================================
19:22:39 [INFO] [dancetrack0091] 阶段一：VLM 轨迹巡检
19:22:39 [INFO] ========================================
19:22:39 [INFO] 正在分析轨迹 29（长度 47 帧）...
19:22:41 [INFO] [可疑] 轨迹 29 — miss 置信度 0.90：目标在第46帧至第52帧间中断，消失超过5帧。
19:22:41 [INFO] 正在分析轨迹 30（长度 54 帧）...
19:22:50 [INFO] [可疑] 轨迹 30 — drift 置信度 0.80：目标在第40帧和第44帧间位置异常跳变，不符合运动规律。
19:22:50 [INFO] 正在分析轨迹 31（长度 239 帧）...
19:22:51 [INFO] [可疑] 轨迹 31 — miss 置信度 0.80：轨迹在254帧后中断，持续8帧。
19:22:51 [INFO] 正在分析轨迹 32（长度 40 帧）...
19:22:53 [INFO] [可疑] 轨迹 32 — drift 置信度 0.90：最大位移发生在第39帧，位置异常跳变。
19:22:53 [INFO] 正在分析轨迹 33（长度 119 帧）...
19:22:54 [INFO] [可疑] 轨迹 33 — drift 置信度 0.80：最大位移较大，且有多个异常跳变帧
19:22:54 [INFO] 正在分析轨迹 36（长度 989 帧）...
19:22:55 [INFO] [可疑] 轨迹 36 — drift 置信度 0.80：最大位移帧888处目标位置异常跳变
19:22:55 [INFO] 正在分析轨迹 37（长度 60 帧）...
19:22:57 [INFO] [可疑] 轨迹 37 — drift 置信度 0.90：最大位移发生在第205帧，位置异常跳变。
19:22:57 [INFO] 正在分析轨迹 38（长度 15 帧）...
19:22:58 [INFO] [可疑] 轨迹 38 — miss 置信度 0.90：目标在234帧至241帧间中断，消失超过5帧。
19:22:58 [INFO] 正在分析轨迹 39（长度 612 帧）...
19:23:00 [INFO] [可疑] 轨迹 39 — drift 置信度 0.80：最大位移127.86帧内有显著跳变，不符合运动规律。
19:23:00 [INFO] 正在分析轨迹 40（长度 902 帧）...
19:23:01 [INFO] [可疑] 轨迹 40 — drift 置信度 0.80：最大位移较大且有明显的跳跃帧
19:23:01 [INFO] 正在分析轨迹 41（长度 805 帧）...
19:23:03 [INFO] [可疑] 轨迹 41 — drift 置信度 0.90：最大位移帧为566，位置异常跳变。
19:23:03 [INFO] 正在分析轨迹 42（长度 182 帧）...
19:23:04 [INFO] [可疑] 轨迹 42 — drift 置信度 0.80：最大位移较大，存在异常跳变。
19:23:04 [INFO] [dancetrack0091] 阶段一完成：12 条可疑轨迹，已保存至 /public/home/lyh_npu/code/PostMOT/pipeline_report_batch_seq_reports/dancetrack0091_stage1.json
19:23:04 [INFO] ========================================
19:23:04 [INFO] [dancetrack0091] 阶段二：LLM 工具调用调查
19:23:04 [INFO] ========================================
19:23:04 [INFO] [1/12] 调查轨迹 29
19:23:04 [INFO] 开始调查轨迹 29（miss）
19:23:05 [INFO]   步骤 1：调用 replay_segment({'start_frame': 46, 'end_frame': 52})
19:23:05 [INFO]   工具结果：轨迹 29 帧 46-52，原始 2 帧，展示 2 帧（步长 1）
19:23:06 [INFO]   步骤 2：调用 check_nearby_tracks({'track_id': 29, 'frame_range': [46, 52]})
19:23:06 [INFO]   工具结果：帧 49 轨迹 29 附近（150px）：发现 7 个附近轨迹：ID 30（距离139.6px），ID 31（距离10.9px），ID 32（距离137.5px），ID 36（距离109.5px），I
19:23:06 [INFO]   步骤 3：调用 replay_segment({'start_frame': 46, 'end_frame': 52})
19:23:06 [INFO]   工具结果：轨迹 29 帧 46-52，原始 2 帧，展示 2 帧（步长 1）
19:23:07 [INFO]   步骤 4：调用 check_nearby_tracks({'track_id': 29, 'frame_range': [46, 52]})
19:23:07 [INFO]   工具结果：帧 49 轨迹 29 附近（150px）：发现 7 个附近轨迹：ID 30（距离139.6px），ID 31（距离10.9px），ID 32（距离137.5px），ID 36（距离109.5px），I
19:23:08 [INFO]   步骤 5：调用 replay_segment({'start_frame': 46, 'end_frame': 52})
19:23:08 [INFO]   工具结果：轨迹 29 帧 46-52，原始 2 帧，展示 2 帧（步长 1）
19:23:09 [INFO]   步骤 6：调用 check_nearby_tracks({'track_id': 29, 'frame_range': [46, 52]})
19:23:09 [INFO]   工具结果：帧 49 轨迹 29 附近（150px）：发现 7 个附近轨迹：ID 30（距离139.6px），ID 31（距离10.9px），ID 32（距离137.5px），ID 36（距离109.5px），I
19:23:09 [WARNING] 轨迹 29 达到最大调查步数，使用初始判断
19:23:09 [INFO]   → 确认：调查步数耗尽，沿用阶段一结论：目标在第46帧至第52帧间中断，消失超过5帧。
19:23:09 [INFO] [2/12] 调查轨迹 30
19:23:09 [INFO] 开始调查轨迹 30（drift）
19:23:10 [INFO]   步骤 1：调用 replay_segment({'start_frame': 40, 'end_frame': 44})
19:23:10 [INFO]   工具结果：轨迹 30 帧 40-44，原始 5 帧，展示 5 帧（步长 1）
19:23:11 [INFO]   步骤 2：调用 check_nearby_tracks({'track_id': 30, 'frame_range': [40, 44]})
19:23:11 [INFO]   工具结果：帧 42 轨迹 30 附近（150px）：发现 6 个附近轨迹：ID 29（距离38.7px），ID 31（距离2.9px），ID 32（距离60.4px），ID 37（距离103.3px），ID 3
19:23:12 [INFO]   步骤 3：调用 compare_appearances({'track_id': 30, 'frame_range': [40, 44]})
19:23:12 [INFO]   工具结果：轨迹 30：帧42 vs 帧44，外观基本一致，非 ID 切换
19:23:13 [INFO]   步骤 4：调用 replay_segment({'start_frame': 40, 'end_frame': 44})
19:23:13 [INFO]   工具结果：轨迹 30 帧 40-44，原始 5 帧，展示 5 帧（步长 1）
19:23:14 [INFO]   步骤 5：调用 check_nearby_tracks({'track_id': 30, 'frame_range': [40, 44]})
19:23:14 [INFO]   工具结果：帧 42 轨迹 30 附近（150px）：发现 6 个附近轨迹：ID 29（距离38.7px），ID 31（距离2.9px），ID 32（距离60.4px），ID 37（距离103.3px），ID 3
19:23:15 [INFO]   步骤 6：调用 compare_appearances({'track_id': 30, 'frame_range': [40, 44]})
19:23:15 [INFO]   工具结果：轨迹 30：帧42 vs 帧44，外观基本一致，非 ID 切换
19:23:15 [WARNING] 轨迹 30 达到最大调查步数，使用初始判断
19:23:15 [INFO]   → 确认：调查步数耗尽，沿用阶段一结论：目标在第40帧和第44帧间位置异常跳变，不符合运动规律。
19:23:15 [INFO] [3/12] 调查轨迹 31
19:23:15 [INFO] 开始调查轨迹 31（miss）
19:23:16 [INFO]   步骤 1：调用 replay_segment({'start_frame': 254, 'end_frame': 282})
19:23:16 [INFO]   工具结果：轨迹 31 帧 254-282，原始 6 帧，展示 6 帧（步长 1）
19:23:17 [INFO]   步骤 2：调用 check_nearby_tracks({'frame_id': 254, 'radius': 10})
19:23:17 [INFO]   工具结果：帧 254 轨迹 31 附近（10px）：附近无其他轨迹
19:23:18 [INFO]   步骤 3：调用 replay_segment({'start_frame': 274, 'end_frame': 282})
19:23:18 [INFO]   工具结果：轨迹 31 帧 274-282，原始 2 帧，展示 2 帧（步长 1）
19:23:19 [INFO]   步骤 4：调用 check_nearby_tracks({'frame_id': 274, 'radius': 10})
19:23:19 [INFO]   工具结果：帧 274 轨迹 31 附近（10px）：附近无其他轨迹
19:23:20 [INFO]   步骤 5：调用 replay_segment({'start_frame': 254, 'end_frame': 274})
19:23:20 [INFO]   工具结果：轨迹 31 帧 254-274，原始 5 帧，展示 5 帧（步长 1）
19:23:21 [INFO]   步骤 6：调用 check_nearby_tracks({'frame_id': 254, 'radius': 10})
19:23:21 [INFO]   工具结果：帧 254 轨迹 31 附近（10px）：附近无其他轨迹
19:23:21 [WARNING] 轨迹 31 达到最大调查步数，使用初始判断
19:23:21 [INFO]   → 确认：调查步数耗尽，沿用阶段一结论：轨迹在254帧后中断，持续8帧。
19:23:21 [INFO] [4/12] 调查轨迹 32
19:23:21 [INFO] 开始调查轨迹 32（drift）
19:23:21 [INFO]   步骤 1：调用 replay_segment({'start_frame': 39, 'end_frame': 39})
19:23:21 [INFO]   工具结果：轨迹 32 帧 39-39，原始 1 帧，展示 1 帧（步长 1）
19:23:22 [INFO]   步骤 2：调用 check_nearby_tracks({'track_id': 32, 'frame_range': [38, 40]})
19:23:22 [INFO]   工具结果：帧 39 轨迹 32 附近（150px）：发现 5 个附近轨迹：ID 29（距离109.2px），ID 33（距离68.2px），ID 38（距离124.1px），ID 41（距离98.8px），ID
19:23:23 [INFO]   步骤 3：调用 replay_segment({'start_frame': 38, 'end_frame': 40})
19:23:23 [INFO]   工具结果：轨迹 32 帧 38-40，原始 3 帧，展示 3 帧（步长 1）
19:23:24 [INFO]   步骤 4：调用 compare_appearances({'frame1': 38, 'frame2': 39})
19:23:24 [INFO]   工具结果：缺少 frame_id_a/frame_id_b
19:23:25 [INFO]   步骤 5：调用 compare_appearances({'frame1': 39, 'frame2': 40})
19:23:25 [INFO]   工具结果：缺少 frame_id_a/frame_id_b
19:23:25 [INFO]   步骤 6：调用 compare_appearances({'frame1': 38, 'frame2': 40})
19:23:25 [INFO]   工具结果：缺少 frame_id_a/frame_id_b
19:23:25 [WARNING] 轨迹 32 达到最大调查步数，使用初始判断
19:23:25 [INFO]   → 确认：调查步数耗尽，沿用阶段一结论：最大位移发生在第39帧，位置异常跳变。
19:23:25 [INFO] [5/12] 调查轨迹 33
19:23:25 [INFO] 开始调查轨迹 33（drift）
19:23:26 [INFO]   步骤 1：调用 replay_segment({'start_frame': 84, 'end_frame': 204})
19:23:26 [INFO]   工具结果：轨迹 33 帧 84-204，原始 40 帧，展示 32 帧（步长 3）
19:23:27 [INFO]   步骤 2：调用 check_nearby_tracks({'track_id': 33, 'frame_range': [84, 204]})
19:23:27 [INFO]   工具结果：帧 144 轨迹 33 附近（150px）：发现 5 个附近轨迹：ID 31（距离121.6px），ID 32（距离41.6px），ID 38（距离104.2px），ID 41（距离90.8px），I
19:23:29 [INFO]   步骤 3：调用 compare_appearances({'frame_id': 144, 'track_id': 33, 'nearby_track_ids': [31, 32, 38, 41, 42]})
19:23:29 [INFO]   工具结果：轨迹 33：帧144 vs 帧145，外观基本一致，非 ID 切换
19:23:30 [INFO]   步骤 4：调用 replay_segment({'start_frame': 144, 'end_frame': 145})
19:23:30 [INFO]   工具结果：轨迹 33 帧 144-145，原始 2 帧，展示 2 帧（步长 1）
19:23:31 [INFO]   步骤 5：调用 check_nearby_tracks({'track_id': 33, 'frame_range': [144, 145]})
19:23:31 [INFO]   工具结果：帧 144 轨迹 33 附近（150px）：发现 5 个附近轨迹：ID 31（距离121.6px），ID 32（距离41.6px），ID 38（距离104.2px），ID 41（距离90.8px），I
19:23:33 [INFO]   步骤 6：调用 compare_appearances({'frame_id': 144, 'track_id': 33, 'nearby_track_ids': [31, 32, 38, 41, 42]})
19:23:33 [INFO]   工具结果：轨迹 33：帧144 vs 帧145，外观基本一致，非 ID 切换
19:23:33 [WARNING] 轨迹 33 达到最大调查步数，使用初始判断
19:23:33 [INFO]   → 确认：调查步数耗尽，沿用阶段一结论：最大位移较大，且有多个异常跳变帧
19:23:33 [INFO] [6/12] 调查轨迹 36
19:23:33 [INFO] 开始调查轨迹 36（drift）
19:23:33 [INFO]   步骤 1：调用 replay_segment({'start_frame': 883, 'end_frame': 888})
19:23:33 [INFO]   工具结果：轨迹 36 帧 883-888，原始 6 帧，展示 6 帧（步长 1）
19:23:34 [INFO]   步骤 2：调用 check_nearby_tracks({'frame_id': 888})
19:23:34 [INFO]   工具结果：帧 888 轨迹 36 附近（150px）：发现 4 个附近轨迹：ID 34（距离113.4px），ID 35（距离29.0px），ID 37（距离25.3px），ID 39（距离101.9px）
19:23:35 [INFO]   步骤 3：调用 compare_appearances({'frame_id': 888, 'track_id': 36})
19:23:35 [INFO]   工具结果：轨迹 36：帧888 vs 帧889，外观基本一致，非 ID 切换
19:23:36 [INFO]   步骤 4：调用 replay_segment({'start_frame': 883, 'end_frame': 888})
19:23:36 [INFO]   工具结果：轨迹 36 帧 883-888，原始 6 帧，展示 6 帧（步长 1）
19:23:36 [INFO]   步骤 5：调用 check_nearby_tracks({'frame_id': 888})
19:23:36 [INFO]   工具结果：帧 888 轨迹 36 附近（150px）：发现 4 个附近轨迹：ID 34（距离113.4px），ID 35（距离29.0px），ID 37（距离25.3px），ID 39（距离101.9px）
19:23:37 [INFO]   步骤 6：调用 compare_appearances({'frame_id': 888, 'track_id': 36})
19:23:37 [INFO]   工具结果：轨迹 36：帧888 vs 帧889，外观基本一致，非 ID 切换
19:23:37 [WARNING] 轨迹 36 达到最大调查步数，使用初始判断
19:23:37 [INFO]   → 确认：调查步数耗尽，沿用阶段一结论：最大位移帧888处目标位置异常跳变
19:23:37 [INFO] [7/12] 调查轨迹 37
19:23:37 [INFO] 开始调查轨迹 37（drift）
19:23:38 [INFO]   步骤 1：调用 replay_segment({'start_frame': 204, 'end_frame': 206})
19:23:38 [INFO]   工具结果：轨迹 37 帧 204-206，原始 2 帧，展示 2 帧（步长 1）
19:23:39 [INFO]   步骤 2：调用 zoom_region({'frame_id': 205, 'region': [100, 100, 100, 100]})
19:23:39 [INFO]   工具结果：轨迹 37 第 205 帧放大 3.0x，已锐化
19:23:40 [INFO]   步骤 3：调用 check_nearby_tracks({'frame_id': 205, 'radius': 10})
19:23:40 [INFO]   工具结果：帧 205 轨迹 37 附近（10px）：附近无其他轨迹
19:23:42 [INFO]   步骤 4：调用 compare_appearances({'frame_id': 204, 'target_id': 37, 'compare_id': 37})
19:23:42 [INFO]   工具结果：轨迹 37：帧204 vs 帧205，外观基本一致，非 ID 切换
19:23:44 [INFO]   步骤 5：调用 replay_segment({'start_frame': 204, 'end_frame': 206})
19:23:44 [INFO]   工具结果：轨迹 37 帧 204-206，原始 2 帧，展示 2 帧（步长 1）
19:23:46 [INFO]   步骤 6：调用 compare_appearances({'frame_id': 204, 'target_id': 37, 'compare_id': 37})
19:23:46 [INFO]   工具结果：轨迹 37：帧204 vs 帧205，外观基本一致，非 ID 切换
19:23:46 [WARNING] 轨迹 37 达到最大调查步数，使用初始判断
19:23:46 [INFO]   → 确认：调查步数耗尽，沿用阶段一结论：最大位移发生在第205帧，位置异常跳变。
19:23:46 [INFO] [8/12] 调查轨迹 38
19:23:46 [INFO] 开始调查轨迹 38（miss）
19:23:52 [INFO]   步骤 1：调用 replay_segment({'start_frame': 234, 'end_frame': 241})
19:23:52 [INFO]   工具结果：轨迹 38 帧 234-241，原始 2 帧，展示 2 帧（步长 1）
19:23:53 [INFO]   步骤 2：调用 check_nearby_tracks({'track_id': 38, 'frame_range': [234, 241]})
19:23:53 [INFO]   工具结果：帧 237 轨迹 38 附近（150px）：发现 6 个附近轨迹：ID 29（距离112.4px），ID 30（距离109.8px），ID 32（距离61.8px），ID 33（距离131.3px），
19:23:54 [INFO]   步骤 3：调用 replay_segment({'start_frame': 234, 'end_frame': 241})
19:23:54 [INFO]   工具结果：轨迹 38 帧 234-241，原始 2 帧，展示 2 帧（步长 1）
19:23:55 [INFO]   步骤 4：调用 check_nearby_tracks({'track_id': 38, 'frame_range': [234, 241]})
19:23:55 [INFO]   工具结果：帧 237 轨迹 38 附近（150px）：发现 6 个附近轨迹：ID 29（距离112.4px），ID 30（距离109.8px），ID 32（距离61.8px），ID 33（距离131.3px），
19:23:57 [INFO]   步骤 5：调用 replay_segment({'start_frame': 234, 'end_frame': 241})
19:23:57 [INFO]   工具结果：轨迹 38 帧 234-241，原始 2 帧，展示 2 帧（步长 1）
19:23:58 [INFO]   步骤 6：调用 check_nearby_tracks({'track_id': 38, 'frame_range': [234, 241]})
19:23:58 [INFO]   工具结果：帧 237 轨迹 38 附近（150px）：发现 6 个附近轨迹：ID 29（距离112.4px），ID 30（距离109.8px），ID 32（距离61.8px），ID 33（距离131.3px），
19:23:58 [WARNING] 轨迹 38 达到最大调查步数，使用初始判断
19:23:58 [INFO]   → 确认：调查步数耗尽，沿用阶段一结论：目标在234帧至241帧间中断，消失超过5帧。
19:23:58 [INFO] [9/12] 调查轨迹 39
19:23:58 [INFO] 开始调查轨迹 39（drift）
19:23:58 [INFO]   步骤 1：调用 replay_segment({'start_frame': 288, 'end_frame': 967})
19:23:58 [INFO]   工具结果：轨迹 39 帧 288-967，原始 41 帧，展示 32 帧（步长 15）
19:24:02 [INFO]   步骤 2：调用 check_nearby_tracks({'frame_ids': [288, 303, 325, 340, 370, 386, 401, 450, 494, 510, 525, 555, 570, 585, 616, 631, 646, 661, 691, 706, 721, 751, 766, 781, 796, 826, 841, 856, 886, 903, 918, 951]})
19:24:02 [INFO]   工具结果：帧 288 轨迹 39 附近（150px）：发现 1 个附近轨迹：ID 40（距离97.7px）
19:24:03 [INFO]   步骤 3：调用 compare_appearances({'frame_id': 288, 'track_id': 39, 'nearby_track_id': 40})
19:24:03 [INFO]   工具结果：轨迹 39：帧288 vs 帧289，外观基本一致，非 ID 切换
19:24:04 [INFO]   步骤 4：调用 replay_segment({'start_frame': 288, 'end_frame': 299})
19:24:04 [INFO]   工具结果：轨迹 39 帧 288-299，原始 12 帧，展示 12 帧（步长 1）
19:24:07 [INFO]   步骤 5：调用 check_nearby_tracks({'frame_ids': [288, 289, 290, 291, 292, 293, 294, 295, 296, 297, 298, 299]})
19:24:07 [INFO]   工具结果：帧 288 轨迹 39 附近（150px）：发现 1 个附近轨迹：ID 40（距离97.7px）
19:24:08 [INFO]   步骤 6：调用 compare_appearances({'frame_id': 288, 'track_id': 39, 'nearby_track_id': 40})
19:24:08 [INFO]   工具结果：轨迹 39：帧288 vs 帧289，外观基本一致，非 ID 切换
19:24:08 [WARNING] 轨迹 39 达到最大调查步数，使用初始判断
19:24:08 [INFO]   → 确认：调查步数耗尽，沿用阶段一结论：最大位移127.86帧内有显著跳变，不符合运动规律。
19:24:08 [INFO] [10/12] 调查轨迹 40
19:24:08 [INFO] 开始调查轨迹 40（drift）
19:24:09 [INFO]   步骤 1：调用 replay_segment({'start_frame': 304, 'end_frame': 310})
19:24:09 [INFO]   工具结果：轨迹 40 帧 304-310，原始 2 帧，展示 2 帧（步长 1）
19:24:10 [INFO]   步骤 2：调用 zoom_region({'frame_id': 304, 'region': [0, 128, 128, 256]})
19:24:10 [INFO]   工具结果：轨迹 40 第 304 帧放大 3.0x，已锐化
19:24:11 [INFO]   步骤 3：调用 zoom_region({'frame_id': 310, 'region': [0, 128, 128, 256]})
19:24:11 [INFO]   工具结果：轨迹 40 第 310 帧放大 3.0x，已锐化
19:24:13 [INFO]   步骤 4：调用 check_nearby_tracks({'frame_id': 304, 'radius': 10})
19:24:13 [INFO]   工具结果：帧 304 轨迹 40 附近（10px）：附近无其他轨迹
19:24:15 [INFO]   步骤 5：调用 check_nearby_tracks({'frame_id': 310, 'radius': 10})
19:24:15 [INFO]   工具结果：帧 310 轨迹 40 附近（10px）：附近无其他轨迹
19:24:17 [INFO]   步骤 6：调用 compare_appearances({'frame_id': 304, 'target_id': 40, 'reference_id': 40, 'delta_frames': 6})
19:24:17 [INFO]   工具结果：轨迹 40：帧304 vs 帧305，外观基本一致，非 ID 切换
19:24:17 [WARNING] 轨迹 40 达到最大调查步数，使用初始判断
19:24:17 [INFO]   → 确认：调查步数耗尽，沿用阶段一结论：最大位移较大且有明显的跳跃帧
19:24:17 [INFO] [11/12] 调查轨迹 41
19:24:17 [INFO] 开始调查轨迹 41（drift）
19:24:18 [INFO]   步骤 1：调用 replay_segment({'start_frame': 565, 'end_frame': 567})
19:24:18 [INFO]   工具结果：轨迹 41 帧 565-567，原始 3 帧，展示 3 帧（步长 1）
19:24:19 [INFO]   步骤 2：调用 zoom_region({'frame_id': 566, 'region': [140, 20, 200, 120]})
19:24:19 [INFO]   工具结果：轨迹 41 第 566 帧放大 3.0x，已锐化
19:24:21 [INFO]   步骤 3：调用 check_nearby_tracks({'frame_id': 566, 'radius': 50})
19:24:21 [INFO]   工具结果：帧 566 轨迹 41 附近（50px）：附近无其他轨迹
19:24:23 [INFO]   步骤 4：调用 replay_segment({'start_frame': 565, 'end_frame': 567})
19:24:23 [INFO]   工具结果：轨迹 41 帧 565-567，原始 3 帧，展示 3 帧（步长 1）
19:24:25 [INFO]   步骤 5：调用 compare_appearances({'frame_id_1': 565, 'frame_id_2': 566})
19:24:25 [INFO]   工具结果：轨迹 41：帧565 vs 帧566，外观基本一致，非 ID 切换
19:24:27 [INFO]   步骤 6：调用 replay_segment({'start_frame': 565, 'end_frame': 567})
19:24:27 [INFO]   工具结果：轨迹 41 帧 565-567，原始 3 帧，展示 3 帧（步长 1）
19:24:27 [WARNING] 轨迹 41 达到最大调查步数，使用初始判断
19:24:27 [INFO]   → 确认：调查步数耗尽，沿用阶段一结论：最大位移帧为566，位置异常跳变。
19:24:27 [INFO] [12/12] 调查轨迹 42
19:24:27 [INFO] 开始调查轨迹 42（drift）
19:24:28 [INFO]   步骤 1：调用 replay_segment({'start_frame': 1022, 'end_frame': 1203})
19:24:28 [INFO]   工具结果：轨迹 42 帧 1022-1203，原始 46 帧，展示 32 帧（步长 4）
19:24:29 [INFO]   步骤 2：调用 check_nearby_tracks({'start_frame': 1022, 'end_frame': 1203})
19:24:29 [INFO]   工具结果：缺少 frame_id/track_id
19:24:30 [INFO]   步骤 3：调用 compare_appearances({'start_frame': 1022, 'end_frame': 1203})
19:24:30 [INFO]   工具结果：轨迹 42：帧1202 vs 帧1203，外观基本一致，非 ID 切换
19:24:31 [INFO]   步骤 4：调用 replay_segment({'start_frame': 1022, 'end_frame': 1203})
19:24:31 [INFO]   工具结果：轨迹 42 帧 1022-1203，原始 46 帧，展示 32 帧（步长 4）
19:24:32 [INFO]   步骤 5：调用 check_nearby_tracks({'start_frame': 1022, 'end_frame': 1203})
19:24:32 [INFO]   工具结果：缺少 frame_id/track_id
19:24:34 [INFO]   步骤 6：调用 enhance_image({'start_frame': 1022, 'end_frame': 1203})
19:24:34 [INFO]   工具结果：缺少 frame_id
19:24:34 [WARNING] 轨迹 42 达到最大调查步数，使用初始判断
19:24:34 [INFO]   → 确认：调查步数耗尽，沿用阶段一结论：最大位移较大，存在异常跳变。
19:24:34 [INFO] ========================================
19:24:34 [INFO] [dancetrack0091] 阶段三：轨迹修正
19:24:34 [INFO] ========================================
19:24:34 [INFO] 正在分析轨迹 29（长度 52 帧）...
19:24:36 [INFO] 修正生效：track=29 type=miss frames=46-52
19:24:36 [INFO] 正在分析轨迹 32（长度 40 帧）...
19:24:37 [INFO] 修正生效：track=32 type=drift frames=39-39
19:24:37 [INFO] 正在分析轨迹 37（长度 60 帧）...
19:24:38 [INFO] 修正回滚：track=37 type=drift
19:24:38 [INFO] 正在分析轨迹 38（长度 21 帧）...
19:24:40 [INFO] 修正生效：track=38 type=miss frames=234-241
19:24:40 [INFO] 正在分析轨迹 41（长度 805 帧）...
19:24:42 [INFO] 修正回滚：track=41 type=drift
19:24:42 [INFO] [dancetrack0091] 修正后 MOT 已保存至 /public/home/lyh_npu/code/PostMOT/corrected_mot/dancetrack0091.txt
19:24:42 [INFO] [dancetrack0091] 报告已保存至 /public/home/lyh_npu/code/PostMOT/pipeline_report_batch_seq_reports/dancetrack0091.json
19:24:42 [INFO] [32/35] 处理序列 dancetrack0092
19:25:24 [INFO] 加载轨迹 29 条
19:25:24 [INFO] ========================================
19:25:24 [INFO] [dancetrack0092] 阶段一：VLM 轨迹巡检
19:25:24 [INFO] ========================================
19:25:24 [INFO] 正在分析轨迹 0（长度 598 帧）...
19:25:26 [INFO] [可疑] 轨迹 0 — drift 置信度 0.80：最大位移发生在第552帧，位置异常跳变。
19:25:26 [INFO] 正在分析轨迹 1（长度 405 帧）...
19:25:27 [INFO] [可疑] 轨迹 1 — miss 置信度 0.80：目标在第349帧至第356帧间中断，消失超过5帧。
19:25:27 [INFO] 正在分析轨迹 2（长度 425 帧）...
19:25:29 [INFO] [可疑] 轨迹 2 — drift 置信度 0.80：最大位移45.5帧内出现，表明存在异常跳变。
19:25:29 [INFO] 正在分析轨迹 3（长度 1185 帧）...
19:25:30 [INFO] [可疑] 轨迹 3 — drift 置信度 0.80：最大位移发生在第960帧，位置异常跳变。
19:25:30 [INFO] 正在分析轨迹 4（长度 521 帧）...
19:25:32 [INFO] [可疑] 轨迹 4 — miss 置信度 0.80：轨迹在第489帧到第508帧间中断，持续了约7帧。
19:25:32 [INFO] 正在分析轨迹 5（长度 83 帧）...
19:25:33 [INFO] [可疑] 轨迹 5 — drift 置信度 0.80：最大位移较大，且在第71帧出现异常跳变。
19:25:33 [INFO] 正在分析轨迹 6（长度 169 帧）...
19:25:35 [INFO] [可疑] 轨迹 6 — miss 置信度 0.90：轨迹在第209帧后中断，持续19帧。
19:25:35 [INFO] 正在分析轨迹 7（长度 1076 帧）...
19:25:36 [INFO] [可疑] 轨迹 7 — drift 置信度 0.80：最大位移较大，存在异常跳变。
19:25:36 [INFO] 正在分析轨迹 8（长度 4 帧）...
19:25:37 [INFO] [可疑] 轨迹 8 — miss 置信度 0.90：目标在137帧后消失，持续6帧。
19:25:37 [INFO] 正在分析轨迹 9（长度 191 帧）...
19:25:39 [INFO] [可疑] 轨迹 9 — miss 置信度 0.80：在第344帧至第351帧间，目标轨迹中断，未检测到目标。
19:25:39 [INFO] 正在分析轨迹 10（长度 289 帧）...
19:25:41 [INFO] [可疑] 轨迹 10 — drift 置信度 0.80：目标在第271帧到第280帧间位置异常跳变。
19:25:41 [INFO] 正在分析轨迹 11（长度 4 帧）...
19:25:42 [INFO] 正在分析轨迹 14（长度 190 帧）...
19:25:43 [INFO] [可疑] 轨迹 14 — miss 置信度 0.90：在第595帧至第603帧间，目标消失超过5帧。
19:25:43 [INFO] 正在分析轨迹 15（长度 719 帧）...
19:25:45 [INFO] [可疑] 轨迹 15 — drift 置信度 0.80：最大位移162.99帧内有显著跳变，不符合运动规律。
19:25:45 [INFO] 正在分析轨迹 16（长度 706 帧）...
19:25:46 [INFO] [可疑] 轨迹 16 — drift 置信度 0.90：最大位移帧488处目标位置异常跳变
19:25:46 [INFO] 正在分析轨迹 18（长度 5 帧）...
19:25:48 [INFO] 正在分析轨迹 19（长度 328 帧）...
19:25:49 [INFO] [可疑] 轨迹 19 — miss 置信度 0.90：轨迹中断，目标消失超过5帧
19:25:49 [INFO] 正在分析轨迹 21（长度 23 帧）...
19:25:51 [INFO] [可疑] 轨迹 21 — miss 置信度 0.80：目标在第670帧至第676帧间中断，消失超过5帧。
19:25:51 [INFO] 正在分析轨迹 22（长度 122 帧）...
19:25:59 [INFO] [可疑] 轨迹 22 — drift 置信度 0.80：最大位移发生在791帧，且有连续多帧跳跃。
19:25:59 [INFO] 正在分析轨迹 23（长度 13 帧）...
19:26:00 [INFO] [可疑] 轨迹 23 — miss 置信度 0.90：目标在692帧后中断，消失超过5帧。
19:26:00 [INFO] 正在分析轨迹 24（长度 95 帧）...
19:26:01 [INFO] [可疑] 轨迹 24 — drift 置信度 0.80：最大位移较大，且在第732帧出现异常跳变。
19:26:01 [INFO] 正在分析轨迹 25（长度 319 帧）...
19:26:03 [INFO] [可疑] 轨迹 25 — miss 置信度 0.80：目标在第839帧至第851帧间中断，未检测到目标。
19:26:03 [INFO] 正在分析轨迹 26（长度 356 帧）...
19:26:05 [INFO] [可疑] 轨迹 26 — drift 置信度 0.80：最大位移147.84帧内出现异常跳变
19:26:05 [INFO] 正在分析轨迹 28（长度 226 帧）...
19:26:06 [INFO] [可疑] 轨迹 28 — drift 置信度 0.80：最大位移67.49帧内出现异常跳变
19:26:06 [INFO] [dancetrack0092] 阶段一完成：22 条可疑轨迹，已保存至 /public/home/lyh_npu/code/PostMOT/pipeline_report_batch_seq_reports/dancetrack0092_stage1.json
19:26:06 [INFO] ========================================
19:26:06 [INFO] [dancetrack0092] 阶段二：LLM 工具调用调查
19:26:06 [INFO] ========================================
19:26:06 [INFO] [1/22] 调查轨迹 0
19:26:06 [INFO] 开始调查轨迹 0（drift）
19:26:07 [INFO]   步骤 1：调用 replay_segment({'start_frame': 552, 'end_frame': 558})
19:26:07 [INFO]   工具结果：轨迹 0 帧 552-558，原始 2 帧，展示 2 帧（步长 1）
19:26:08 [INFO]   步骤 2：调用 zoom_region({'frame_id': 552, 'region': [0, 128, 128, 256]})
19:26:08 [INFO]   工具结果：轨迹 0 第 552 帧放大 3.0x，已锐化
19:26:09 [INFO]   步骤 3：调用 zoom_region({'frame_id': 558, 'region': [0, 128, 128, 256]})
19:26:09 [INFO]   工具结果：轨迹 0 第 558 帧放大 3.0x，已锐化
19:26:12 [INFO]   步骤 4：调用 check_nearby_tracks({'frame_id': 552, 'radius': 10})
19:26:12 [INFO]   工具结果：帧 552 轨迹 0 附近（10px）：发现 1 个附近轨迹：ID 10（距离0.0px）
19:26:14 [INFO]   步骤 5：调用 check_nearby_tracks({'frame_id': 558, 'radius': 10})
19:26:14 [INFO]   工具结果：帧 558 轨迹 0 附近（10px）：发现 1 个附近轨迹：ID 10（距离0.0px）
19:26:17 [INFO]   步骤 6：调用 compare_appearances({'frame_id': 552, 'target_id': 0, 'reference_id': 10})
19:26:17 [INFO]   工具结果：轨迹 0：帧552 vs 帧553，外观基本一致，非 ID 切换
19:26:17 [WARNING] 轨迹 0 达到最大调查步数，使用初始判断
19:26:17 [INFO]   → 确认：调查步数耗尽，沿用阶段一结论：最大位移发生在第552帧，位置异常跳变。
19:26:17 [INFO] [2/22] 调查轨迹 1
19:26:17 [INFO] 开始调查轨迹 1（miss）
19:26:17 [INFO]   步骤 1：调用 replay_segment({'start_frame': 349, 'end_frame': 356})
19:26:17 [INFO]   工具结果：轨迹 1 帧 349-356，原始 2 帧，展示 2 帧（步长 1）
19:26:18 [INFO]   步骤 2：调用 check_nearby_tracks({'frame_id': 356})
19:26:18 [INFO]   工具结果：帧 356 轨迹 1 附近（150px）：发现 4 个附近轨迹：ID 5（距离43.6px），ID 7（距离124.0px），ID 11（距离122.6px），ID 15（距离74.0px）
19:26:19 [INFO]   步骤 3：调用 compare_appearances({'frame_id': 356, 'track_id': 1})
19:26:19 [INFO]   工具结果：轨迹 1：帧356 vs 帧357，外观基本一致，非 ID 切换
19:26:20 [INFO]   步骤 4：调用 replay_segment({'start_frame': 356, 'end_frame': 362})
19:26:20 [INFO]   工具结果：轨迹 1 帧 356-362，原始 3 帧，展示 3 帧（步长 1）
19:26:20 [INFO]   步骤 5：调用 check_nearby_tracks({'frame_id': 362})
19:26:20 [INFO]   工具结果：帧 362 轨迹 1 附近（150px）：发现 3 个附近轨迹：ID 5（距离47.2px），ID 11（距离148.7px），ID 15（距离67.3px）
19:26:21 [INFO]   步骤 6：调用 compare_appearances({'frame_id': 362, 'track_id': 1})
19:26:21 [INFO]   工具结果：轨迹 1：帧362 vs 帧363，外观基本一致，非 ID 切换
19:26:21 [WARNING] 轨迹 1 达到最大调查步数，使用初始判断
19:26:21 [INFO]   → 确认：调查步数耗尽，沿用阶段一结论：目标在第349帧至第356帧间中断，消失超过5帧。
19:26:21 [INFO] [3/22] 调查轨迹 2
19:26:21 [INFO] 开始调查轨迹 2（drift）
19:26:22 [INFO]   步骤 1：调用 replay_segment({'start_frame': 1, 'end_frame': 425})
19:26:22 [INFO]   工具结果：轨迹 2 帧 1-425，原始 48 帧，展示 32 帧（步长 9）
19:26:23 [INFO]   步骤 2：调用 check_nearby_tracks({'track_id': 2, 'frame_range': [1, 425]})
19:26:23 [INFO]   工具结果：帧 213 轨迹 2 附近（150px）：发现 3 个附近轨迹：ID 25（距离26.1px），ID 26（距离144.8px），ID 28（距离81.4px）
19:26:24 [INFO]   步骤 3：调用 compare_appearances({'frame_id': 213, 'track_id': 2, 'nearby_track_ids': [25, 26, 28]})
19:26:24 [INFO]   工具结果：轨迹 2：帧213 vs 帧214，外观基本一致，非 ID 切换
19:26:25 [INFO]   步骤 4：调用 replay_segment({'start_frame': 213, 'end_frame': 214})
19:26:25 [INFO]   工具结果：轨迹 2 帧 213-214，原始 2 帧，展示 2 帧（步长 1）
19:26:26 [INFO]   步骤 5：调用 check_nearby_tracks({'track_id': 2, 'frame_range': [213, 214]})
19:26:26 [INFO]   工具结果：帧 213 轨迹 2 附近（150px）：发现 3 个附近轨迹：ID 25（距离26.1px），ID 26（距离144.8px），ID 28（距离81.4px）
19:26:28 [INFO]   步骤 6：调用 compare_appearances({'frame_id': 213, 'track_id': 2, 'nearby_track_ids': [25, 26, 28]})
19:26:28 [INFO]   工具结果：轨迹 2：帧213 vs 帧214，外观基本一致，非 ID 切换
19:26:28 [WARNING] 轨迹 2 达到最大调查步数，使用初始判断
19:26:28 [INFO]   → 确认：调查步数耗尽，沿用阶段一结论：最大位移45.5帧内出现，表明存在异常跳变。
19:26:28 [INFO] [4/22] 调查轨迹 3
19:26:28 [INFO] 开始调查轨迹 3（drift）
19:26:28 [INFO]   步骤 1：调用 replay_segment({'start_frame': 960, 'end_frame': 970})
19:26:28 [INFO]   工具结果：轨迹 3 帧 960-970，原始 2 帧，展示 2 帧（步长 1）
19:26:29 [INFO]   步骤 2：调用 check_nearby_tracks({'track_id': 3, 'frame_ids': [960, 970]})
19:26:29 [INFO]   工具结果：帧 960 轨迹 3 附近（150px）：发现 4 个附近轨迹：ID 7（距离74.4px），ID 14（距离74.4px），ID 19（距离120.1px），ID 24（距离132.5px）
19:26:30 [INFO]   步骤 3：调用 compare_appearances({'frame_id': 960, 'track_id': 3, 'nearby_track_id': 7})
19:26:30 [INFO]   工具结果：轨迹 3：帧960 vs 帧961，外观基本一致，非 ID 切换
19:26:31 [INFO]   步骤 4：调用 compare_appearances({'frame_id': 961, 'track_id': 3, 'nearby_track_id': 14})
19:26:31 [INFO]   工具结果：轨迹 3：帧961 vs 帧962，外观基本一致，非 ID 切换
19:26:32 [INFO]   步骤 5：调用 compare_appearances({'frame_id': 962, 'track_id': 3, 'nearby_track_id': 19})
19:26:32 [INFO]   工具结果：轨迹 3：帧962 vs 帧963，外观基本一致，非 ID 切换
19:26:34 [INFO]   步骤 6：调用 compare_appearances({'frame_id': 963, 'track_id': 3, 'nearby_track_id': 24})
19:26:34 [INFO]   工具结果：轨迹 3：帧963 vs 帧964，外观基本一致，非 ID 切换
19:26:34 [WARNING] 轨迹 3 达到最大调查步数，使用初始判断
19:26:34 [INFO]   → 确认：调查步数耗尽，沿用阶段一结论：最大位移发生在第960帧，位置异常跳变。
19:26:34 [INFO] [5/22] 调查轨迹 4
19:26:34 [INFO] 开始调查轨迹 4（miss）
19:26:34 [INFO]   步骤 1：调用 replay_segment({'start_frame': 489, 'end_frame': 508})
19:26:34 [INFO]   工具结果：轨迹 4 帧 489-508，原始 7 帧，展示 7 帧（步长 1）
19:26:35 [INFO]   步骤 2：调用 check_nearby_tracks({'track_id': 4, 'frame_range': [489, 508]})
19:26:35 [INFO]   工具结果：帧 498 轨迹 4 附近（150px）：发现 8 个附近轨迹：ID 0（距离68.9px），ID 2（距离49.9px），ID 10（距离68.9px），ID 18（距离104.9px），ID 19
19:26:36 [INFO]   步骤 3：调用 compare_appearances({'frame_id': 498, 'track_id': 4})
19:26:36 [INFO]   工具结果：轨迹 4：帧498 vs 帧499，外观基本一致，非 ID 切换
19:26:37 [INFO]   步骤 4：调用 replay_segment({'start_frame': 489, 'end_frame': 508})
19:26:37 [INFO]   工具结果：轨迹 4 帧 489-508，原始 7 帧，展示 7 帧（步长 1）
19:26:38 [INFO]   步骤 5：调用 check_nearby_tracks({'track_id': 4, 'frame_range': [489, 508]})
19:26:38 [INFO]   工具结果：帧 498 轨迹 4 附近（150px）：发现 8 个附近轨迹：ID 0（距离68.9px），ID 2（距离49.9px），ID 10（距离68.9px），ID 18（距离104.9px），ID 19
19:26:39 [INFO]   步骤 6：调用 compare_appearances({'frame_id': 498, 'track_id': 4})
19:26:39 [INFO]   工具结果：轨迹 4：帧498 vs 帧499，外观基本一致，非 ID 切换
19:26:39 [WARNING] 轨迹 4 达到最大调查步数，使用初始判断
19:26:39 [INFO]   → 确认：调查步数耗尽，沿用阶段一结论：轨迹在第489帧到第508帧间中断，持续了约7帧。
19:26:39 [INFO] [6/22] 调查轨迹 5
19:26:39 [INFO] 开始调查轨迹 5（drift）
19:26:40 [INFO]   步骤 1：调用 replay_segment({'track_id': 5, 'start_frame': 1, 'end_frame': 89})
19:26:40 [INFO]   工具结果：轨迹 5 帧 1-89，原始 42 帧，展示 32 帧（步长 2）
19:26:41 [INFO]   步骤 2：调用 check_nearby_tracks({'track_id': 5, 'start_frame': 71, 'end_frame': 71})
19:26:41 [INFO]   工具结果：缺少 frame_id/track_id
19:26:42 [INFO]   步骤 3：调用 zoom_region({'track_id': 5, 'frame_id': 71, 'region': [400, 200, 450, 300]})
19:26:42 [INFO]   工具结果：轨迹 5 第 71 帧放大 3.0x，已锐化
19:26:44 [INFO]   步骤 4：调用 compare_appearances({'track_id': 5, 'frame_id': 71, 'reference_frame_id': 70})
19:26:44 [INFO]   工具结果：轨迹 5：帧70 vs 帧71，外观基本一致，非 ID 切换
19:26:46 [INFO]   步骤 5：调用 replay_segment({'track_id': 5, 'start_frame': 70, 'end_frame': 71})
19:26:46 [INFO]   工具结果：轨迹 5 帧 70-71，原始 2 帧，展示 2 帧（步长 1）
19:26:48 [INFO]   步骤 6：调用 check_nearby_tracks({'track_id': 5, 'start_frame': 70, 'end_frame': 71})
19:26:48 [INFO]   工具结果：缺少 frame_id/track_id
19:26:48 [WARNING] 轨迹 5 达到最大调查步数，使用初始判断
19:26:48 [INFO]   → 确认：调查步数耗尽，沿用阶段一结论：最大位移较大，且在第71帧出现异常跳变。
19:26:48 [INFO] [7/22] 调查轨迹 6
19:26:48 [INFO] 开始调查轨迹 6（miss）
19:26:48 [INFO]   步骤 1：调用 replay_segment({'start_frame': 209, 'end_frame': 228})
19:26:48 [INFO]   工具结果：轨迹 6 帧 209-228，原始 2 帧，展示 2 帧（步长 1）
19:26:49 [INFO]   步骤 2：调用 check_nearby_tracks({'track_id': 6, 'frame_range': [209, 228]})
19:26:49 [INFO]   工具结果：帧 218 轨迹 6 附近（150px）：发现 4 个附近轨迹：ID 0（距离133.8px），ID 9（距离57.4px），ID 10（距离84.6px），ID 20（距离56.5px）
19:26:50 [INFO]   步骤 3：调用 compare_appearances({'frame_id': 209, 'target_id': 6, 'reference_id': 20, 'threshold': 0.5})
19:26:50 [INFO]   工具结果：轨迹 6：帧209 vs 帧210，外观基本一致，非 ID 切换
19:26:51 [INFO]   步骤 4：调用 replay_segment({'start_frame': 209, 'end_frame': 228})
19:26:51 [INFO]   工具结果：轨迹 6 帧 209-228，原始 2 帧，展示 2 帧（步长 1）
19:26:52 [INFO]   步骤 5：调用 check_nearby_tracks({'track_id': 6, 'frame_range': [209, 228]})
19:26:52 [INFO]   工具结果：帧 218 轨迹 6 附近（150px）：发现 4 个附近轨迹：ID 0（距离133.8px），ID 9（距离57.4px），ID 10（距离84.6px），ID 20（距离56.5px）
19:26:54 [INFO]   步骤 6：调用 compare_appearances({'frame_id': 209, 'target_id': 6, 'reference_id': 20, 'threshold': 0.5})
19:26:54 [INFO]   工具结果：轨迹 6：帧209 vs 帧210，外观基本一致，非 ID 切换
19:26:54 [WARNING] 轨迹 6 达到最大调查步数，使用初始判断
19:26:54 [INFO]   → 确认：调查步数耗尽，沿用阶段一结论：轨迹在第209帧后中断，持续19帧。
19:26:54 [INFO] [8/22] 调查轨迹 7
19:26:54 [INFO] 开始调查轨迹 7（drift）
19:26:54 [INFO]   步骤 1：调用 replay_segment({'start_frame': 94, 'end_frame': 1203})
19:26:54 [INFO]   工具结果：轨迹 7 帧 94-1203，原始 45 帧，展示 32 帧（步长 24）
19:26:55 [INFO]   步骤 2：调用 check_nearby_tracks({'frame_ids': [94, 1203]})
19:26:55 [INFO]   工具结果：帧 94 轨迹 7 附近（150px）：发现 3 个附近轨迹：ID 5（距离63.4px），ID 11（距离74.5px），ID 15（距离101.1px）
19:27:02 [INFO]   步骤 3：调用 replay_segment({'start_frame': 94, 'end_frame': 1203})
19:27:02 [INFO]   工具结果：轨迹 7 帧 94-1203，原始 45 帧，展示 32 帧（步长 24）
19:27:03 [INFO]   步骤 4：调用 compare_appearances({'frame_ids': [94, 1203]})
19:27:03 [INFO]   工具结果：轨迹 7：帧94 vs 帧1203，外观差异显著，高度怀疑 ID 切换
19:27:06 [WARNING]   步骤 5：LLM 输出解析失败，终止调查
19:27:06 [WARNING] 轨迹 7 达到最大调查步数，使用初始判断
19:27:06 [INFO]   → 确认：调查步数耗尽，沿用阶段一结论：最大位移较大，存在异常跳变。
19:27:06 [INFO] [9/22] 调查轨迹 8
19:27:06 [INFO] 开始调查轨迹 8（miss）
19:27:06 [INFO]   步骤 1：调用 replay_segment({'start_frame': 137, 'end_frame': 143})
19:27:06 [INFO]   工具结果：轨迹 8 帧 137-143，原始 2 帧，展示 2 帧（步长 1）
19:27:07 [INFO]   步骤 2：调用 check_nearby_tracks({'track_id': 8, 'frame_range': [137, 143]})
19:27:07 [INFO]   工具结果：帧 140 轨迹 8 附近（150px）：发现 5 个附近轨迹：ID 1（距离29.5px），ID 7（距离55.9px），ID 12（距离83.6px），ID 13（距离130.7px），ID 17
19:27:08 [INFO]   步骤 3：调用 compare_appearances({'frame_id': 137, 'target_id': 8, 'reference_id': 1, 'threshold': 0.5})
19:27:08 [INFO]   工具结果：轨迹 8：帧137 vs 帧138，外观基本一致，非 ID 切换
19:27:09 [INFO]   步骤 4：调用 compare_appearances({'frame_id': 138, 'target_id': 8, 'reference_id': 1, 'threshold': 0.5})
19:27:09 [INFO]   工具结果：轨迹 8：帧138 vs 帧139，外观基本一致，非 ID 切换
19:27:10 [INFO]   步骤 5：调用 compare_appearances({'frame_id': 139, 'target_id': 8, 'reference_id': 1, 'threshold': 0.5})
19:27:10 [INFO]   工具结果：轨迹 8：帧139 vs 帧140，外观基本一致，非 ID 切换
19:27:12 [INFO]   步骤 6：调用 compare_appearances({'frame_id': 140, 'target_id': 8, 'reference_id': 1, 'threshold': 0.5})
19:27:12 [INFO]   工具结果：轨迹 8：帧140 vs 帧141，外观基本一致，非 ID 切换
19:27:12 [WARNING] 轨迹 8 达到最大调查步数，使用初始判断
19:27:12 [INFO]   → 确认：调查步数耗尽，沿用阶段一结论：目标在137帧后消失，持续6帧。
19:27:12 [INFO] [10/22] 调查轨迹 9
19:27:12 [INFO] 开始调查轨迹 9（miss）
19:27:12 [INFO]   步骤 1：调用 replay_segment({'start_frame': 344, 'end_frame': 351})
19:27:12 [INFO]   工具结果：轨迹 9 帧 344-351，原始 2 帧，展示 2 帧（步长 1）
19:27:13 [INFO]   步骤 2：调用 check_nearby_tracks({'frame_id': 344, 'radius': 10})
19:27:13 [INFO]   工具结果：帧 344 轨迹 9 附近（10px）：附近无其他轨迹
19:27:14 [INFO]   步骤 3：调用 replay_segment({'start_frame': 344, 'end_frame': 351})
19:27:14 [INFO]   工具结果：轨迹 9 帧 344-351，原始 2 帧，展示 2 帧（步长 1）
19:27:15 [INFO]   步骤 4：调用 check_nearby_tracks({'frame_id': 351, 'radius': 10})
19:27:15 [INFO]   工具结果：帧 351 轨迹 9 附近（10px）：附近无其他轨迹
19:27:15 [INFO]   步骤 5：调用 replay_segment({'start_frame': 344, 'end_frame': 351})
19:27:15 [INFO]   工具结果：轨迹 9 帧 344-351，原始 2 帧，展示 2 帧（步长 1）
19:27:16 [INFO]   步骤 6：调用 compare_appearances({'frame_id_1': 344, 'frame_id_2': 351})
19:27:16 [INFO]   工具结果：轨迹 9：帧344 vs 帧351，外观基本一致，非 ID 切换
19:27:16 [WARNING] 轨迹 9 达到最大调查步数，使用初始判断
19:27:16 [INFO]   → 确认：调查步数耗尽，沿用阶段一结论：在第344帧至第351帧间，目标轨迹中断，未检测到目标。
19:27:16 [INFO] [11/22] 调查轨迹 10
19:27:16 [INFO] 开始调查轨迹 10（drift）
19:27:17 [INFO]   步骤 1：调用 replay_segment({'start_frame': 271, 'end_frame': 280})
19:27:17 [INFO]   工具结果：轨迹 10 帧 271-280，原始 2 帧，展示 2 帧（步长 1）
19:27:18 [INFO]   步骤 2：调用 zoom_region({'frame_id': 271, 'region': [50, 35, 110, 165]})
19:27:18 [INFO]   工具结果：轨迹 10 第 271 帧放大 3.0x，已锐化
19:27:20 [INFO]   步骤 3：调用 zoom_region({'frame_id': 280, 'region': [50, 35, 110, 165]})
19:27:20 [INFO]   工具结果：轨迹 10 第 280 帧放大 3.0x，已锐化
19:27:22 [INFO]   步骤 4：调用 compare_appearances({'frame_1': 271, 'frame_2': 280})
19:27:22 [INFO]   工具结果：轨迹 10：帧271 vs 帧280，外观有差异，可能存在遮挡或光照变化
19:27:24 [INFO]   步骤 5：调用 check_nearby_tracks({'frame_id': 271, 'radius': 50})
19:27:24 [INFO]   工具结果：帧 271 轨迹 10 附近（50px）：发现 1 个附近轨迹：ID 0（距离26.8px）
19:27:27 [INFO]   步骤 6：调用 check_nearby_tracks({'frame_id': 280, 'radius': 50})
19:27:27 [INFO]   工具结果：帧 280 轨迹 10 附近（50px）：附近无其他轨迹
19:27:27 [WARNING] 轨迹 10 达到最大调查步数，使用初始判断
19:27:27 [INFO]   → 确认：调查步数耗尽，沿用阶段一结论：目标在第271帧到第280帧间位置异常跳变。
19:27:27 [INFO] [12/22] 调查轨迹 14
19:27:27 [INFO] 开始调查轨迹 14（miss）
19:27:27 [INFO]   步骤 1：调用 replay_segment({'start_frame': 595, 'end_frame': 603})
19:27:27 [INFO]   工具结果：轨迹 14 帧 595-603，原始 2 帧，展示 2 帧（步长 1）
19:27:28 [INFO]   步骤 2：调用 check_nearby_tracks({'track_id': 14, 'frame_ids': [595, 603]})
19:27:28 [INFO]   工具结果：帧 595 轨迹 14 附近（150px）：发现 3 个附近轨迹：ID 21（距离64.5px），ID 22（距离91.9px），ID 24（距离59.4px）
19:27:29 [INFO]   步骤 3：调用 replay_segment({'start_frame': 603, 'end_frame': 604})
19:27:29 [INFO]   工具结果：轨迹 14 帧 603-604，原始 1 帧，展示 1 帧（步长 1）
19:27:30 [INFO]   步骤 4：调用 check_nearby_tracks({'track_id': 14, 'frame_ids': [603]})
19:27:30 [INFO]   工具结果：帧 603 轨迹 14 附近（150px）：发现 5 个附近轨迹：ID 16（距离135.0px），ID 21（距离103.7px），ID 22（距离112.8px），ID 24（距离96.9px），
19:27:31 [INFO]   步骤 5：调用 replay_segment({'start_frame': 603, 'end_frame': 604})
19:27:31 [INFO]   工具结果：轨迹 14 帧 603-604，原始 1 帧，展示 1 帧（步长 1）
19:27:32 [INFO]   步骤 6：调用 check_nearby_tracks({'track_id': 14, 'frame_ids': [603]})
19:27:32 [INFO]   工具结果：帧 603 轨迹 14 附近（150px）：发现 5 个附近轨迹：ID 16（距离135.0px），ID 21（距离103.7px），ID 22（距离112.8px），ID 24（距离96.9px），
19:27:32 [WARNING] 轨迹 14 达到最大调查步数，使用初始判断
19:27:32 [INFO]   → 确认：调查步数耗尽，沿用阶段一结论：在第595帧至第603帧间，目标消失超过5帧。
19:27:32 [INFO] [13/22] 调查轨迹 15
19:27:32 [INFO] 开始调查轨迹 15（drift）
19:27:32 [INFO]   步骤 1：调用 replay_segment({'start_frame': 461, 'end_frame': 1203})
19:27:32 [INFO]   工具结果：轨迹 15 帧 461-1203，原始 45 帧，展示 32 帧（步长 16）
19:27:33 [INFO]   步骤 2：调用 check_nearby_tracks({'start_frame': 461, 'end_frame': 1203})
19:27:33 [INFO]   工具结果：缺少 frame_id/track_id
19:27:34 [INFO]   步骤 3：调用 replay_segment({'start_frame': 461, 'end_frame': 1203})
19:27:34 [INFO]   工具结果：轨迹 15 帧 461-1203，原始 45 帧，展示 32 帧（步长 16）
19:27:36 [INFO]   步骤 4：调用 zoom_region({'frame_id': 850, 'region': [400, 200, 500, 300]})
19:27:36 [INFO]   工具结果：轨迹 15 第 850 帧放大 3.0x，已锐化
19:27:37 [INFO]   步骤 5：调用 compare_appearances({'frame_id_1': 850, 'frame_id_2': 851})
19:27:37 [INFO]   工具结果：轨迹 15：帧850 vs 帧851，外观基本一致，非 ID 切换
19:27:39 [INFO]   步骤 6：调用 replay_segment({'start_frame': 850, 'end_frame': 851})
19:27:39 [INFO]   工具结果：轨迹 15 帧 850-851，原始 1 帧，展示 1 帧（步长 1）
19:27:39 [WARNING] 轨迹 15 达到最大调查步数，使用初始判断
19:27:39 [INFO]   → 确认：调查步数耗尽，沿用阶段一结论：最大位移162.99帧内有显著跳变，不符合运动规律。
19:27:39 [INFO] [14/22] 调查轨迹 16
19:27:39 [INFO] 开始调查轨迹 16（drift）
19:27:40 [INFO]   步骤 1：调用 replay_segment({'start_frame': 488, 'end_frame': 488})
19:27:40 [INFO]   工具结果：轨迹 16 帧 488-488，原始 1 帧，展示 1 帧（步长 1）
19:27:41 [INFO]   步骤 2：调用 zoom_region({'frame_id': 488, 'region': [0, 128, 128, 128]})
19:27:41 [INFO]   工具结果：轨迹 16 第 488 帧放大 3.0x，已锐化
19:27:42 [INFO]   步骤 3：调用 check_nearby_tracks({'frame_id': 488, 'radius': 10})
19:27:42 [INFO]   工具结果：帧 488 轨迹 16 附近（10px）：附近无其他轨迹
19:27:44 [INFO]   步骤 4：调用 replay_segment({'start_frame': 487, 'end_frame': 489})
19:27:44 [INFO]   工具结果：轨迹 16 帧 487-489，原始 3 帧，展示 3 帧（步长 1）
19:27:46 [INFO]   步骤 5：调用 compare_appearances({'frame_id_1': 487, 'frame_id_2': 488, 'frame_id_3': 489})
19:27:46 [INFO]   工具结果：轨迹 16：帧487 vs 帧488，外观基本一致，非 ID 切换
19:27:48 [INFO]   步骤 6：调用 compare_appearances({'frame_id_1': 488, 'frame_id_2': 489, 'frame_id_3': 487})
19:27:48 [INFO]   工具结果：轨迹 16：帧488 vs 帧489，外观基本一致，非 ID 切换
19:27:48 [WARNING] 轨迹 16 达到最大调查步数，使用初始判断
19:27:48 [INFO]   → 确认：调查步数耗尽，沿用阶段一结论：最大位移帧488处目标位置异常跳变
19:27:48 [INFO] [15/22] 调查轨迹 19
19:27:48 [INFO] 开始调查轨迹 19（miss）
19:27:49 [INFO]   步骤 1：调用 replay_segment({'start_frame': 959, 'end_frame': 976})
19:27:49 [INFO]   工具结果：轨迹 19 帧 959-976，原始 2 帧，展示 2 帧（步长 1）
19:27:49 [INFO]   步骤 2：调用 check_nearby_tracks({'track_id': 19, 'frame_ids': [959, 976]})
19:27:49 [INFO]   工具结果：帧 959 轨迹 19 附近（150px）：发现 2 个附近轨迹：ID 3（距离115.8px），ID 14（距离121.8px）
19:27:50 [INFO]   步骤 3：调用 replay_segment({'start_frame': 959, 'end_frame': 976})
19:27:50 [INFO]   工具结果：轨迹 19 帧 959-976，原始 2 帧，展示 2 帧（步长 1）
19:27:51 [INFO]   步骤 4：调用 check_nearby_tracks({'track_id': 19, 'frame_ids': [959, 976]})
19:27:51 [INFO]   工具结果：帧 959 轨迹 19 附近（150px）：发现 2 个附近轨迹：ID 3（距离115.8px），ID 14（距离121.8px）
19:27:52 [INFO]   步骤 5：调用 replay_segment({'start_frame': 959, 'end_frame': 976})
19:27:52 [INFO]   工具结果：轨迹 19 帧 959-976，原始 2 帧，展示 2 帧（步长 1）
19:27:53 [INFO]   步骤 6：调用 check_nearby_tracks({'track_id': 19, 'frame_ids': [959, 976]})
19:27:53 [INFO]   工具结果：帧 959 轨迹 19 附近（150px）：发现 2 个附近轨迹：ID 3（距离115.8px），ID 14（距离121.8px）
19:27:53 [WARNING] 轨迹 19 达到最大调查步数，使用初始判断
19:27:53 [INFO]   → 确认：调查步数耗尽，沿用阶段一结论：轨迹中断，目标消失超过5帧
19:27:53 [INFO] [16/22] 调查轨迹 21
19:27:53 [INFO] 开始调查轨迹 21（miss）
19:27:53 [INFO]   步骤 1：调用 replay_segment({'start_frame': 660, 'end_frame': 708})
19:27:53 [INFO]   工具结果：轨迹 21 帧 660-708，原始 12 帧，展示 12 帧（步长 2）
19:27:54 [INFO]   步骤 2：调用 check_nearby_tracks({'track_id': 21, 'frame_range': [660, 708]})
19:27:54 [INFO]   工具结果：帧 684 轨迹 21 附近（150px）：发现 1 个附近轨迹：ID 23（距离28.9px）
19:27:55 [INFO]   步骤 3：调用 replay_segment({'start_frame': 670, 'end_frame': 676})
19:27:55 [INFO]   工具结果：轨迹 21 帧 670-676，原始 2 帧，展示 2 帧（步长 1）
19:27:56 [INFO]   步骤 4：调用 zoom_region({'frame_id': 673, 'region': [400, 100, 450, 200]})
19:27:56 [INFO]   工具结果：轨迹 21 第 673 帧放大 3.0x，已锐化
19:27:58 [INFO]   步骤 5：调用 compare_appearances({'frame_id_1': 670, 'frame_id_2': 673})
19:27:58 [INFO]   工具结果：轨迹 21：帧670 vs 帧673，外观基本一致，非 ID 切换
19:28:06 [INFO]   步骤 6：调用 replay_segment({'start_frame': 670, 'end_frame': 676})
19:28:06 [INFO]   工具结果：轨迹 21 帧 670-676，原始 2 帧，展示 2 帧（步长 1）
19:28:06 [WARNING] 轨迹 21 达到最大调查步数，使用初始判断
19:28:06 [INFO]   → 确认：调查步数耗尽，沿用阶段一结论：目标在第670帧至第676帧间中断，消失超过5帧。
19:28:06 [INFO] [17/22] 调查轨迹 22
19:28:06 [INFO] 开始调查轨迹 22（drift）
19:28:07 [INFO]   步骤 1：调用 replay_segment({'start_frame': 771, 'end_frame': 819})
19:28:07 [INFO]   工具结果：轨迹 22 帧 771-819，原始 21 帧，展示 21 帧（步长 2）
19:28:08 [INFO]   步骤 2：调用 check_nearby_tracks({'track_id': 22, 'frame_range': [771, 819]})
19:28:08 [INFO]   工具结果：帧 795 轨迹 22 附近（150px）：发现 6 个附近轨迹：ID 0（距离67.3px），ID 2（距离69.2px），ID 10（距离67.3px），ID 25（距离34.1px），ID 26
19:28:09 [INFO]   步骤 3：调用 compare_appearances({'frame_id': 791, 'track_id': 22})
19:28:09 [INFO]   工具结果：轨迹 22：帧791 vs 帧792，外观基本一致，非 ID 切换
19:28:10 [INFO]   步骤 4：调用 replay_segment({'start_frame': 771, 'end_frame': 819})
19:28:10 [INFO]   工具结果：轨迹 22 帧 771-819，原始 21 帧，展示 21 帧（步长 2）
19:28:12 [INFO]   步骤 5：调用 check_nearby_tracks({'track_id': 22, 'frame_range': [771, 819]})
19:28:12 [INFO]   工具结果：帧 795 轨迹 22 附近（150px）：发现 6 个附近轨迹：ID 0（距离67.3px），ID 2（距离69.2px），ID 10（距离67.3px），ID 25（距离34.1px），ID 26
19:28:13 [INFO]   步骤 6：调用 compare_appearances({'frame_id': 791, 'track_id': 22})
19:28:13 [INFO]   工具结果：轨迹 22：帧791 vs 帧792，外观基本一致，非 ID 切换
19:28:13 [WARNING] 轨迹 22 达到最大调查步数，使用初始判断
19:28:13 [INFO]   → 确认：调查步数耗尽，沿用阶段一结论：最大位移发生在791帧，且有连续多帧跳跃。
19:28:13 [INFO] [18/22] 调查轨迹 23
19:28:13 [INFO] 开始调查轨迹 23（miss）
19:28:14 [INFO]   步骤 1：调用 replay_segment({'start_frame': 692, 'end_frame': 711})
19:28:14 [INFO]   工具结果：轨迹 23 帧 692-711，原始 2 帧，展示 2 帧（步长 1）
19:28:15 [INFO]   步骤 2：调用 check_nearby_tracks({'track_id': 23, 'frame_range': [692, 711]})
19:28:15 [INFO]   工具结果：帧 701 轨迹 23 附近（150px）：发现 1 个附近轨迹：ID 21（距离19.1px）
19:28:16 [INFO]   步骤 3：调用 replay_segment({'start_frame': 692, 'end_frame': 711})
19:28:16 [INFO]   工具结果：轨迹 23 帧 692-711，原始 2 帧，展示 2 帧（步长 1）
19:28:17 [INFO]   步骤 4：调用 check_nearby_tracks({'track_id': 23, 'frame_range': [692, 711]})
19:28:17 [INFO]   工具结果：帧 701 轨迹 23 附近（150px）：发现 1 个附近轨迹：ID 21（距离19.1px）
19:28:18 [INFO]   步骤 5：调用 replay_segment({'start_frame': 692, 'end_frame': 711})
19:28:18 [INFO]   工具结果：轨迹 23 帧 692-711，原始 2 帧，展示 2 帧（步长 1）
19:28:19 [INFO]   步骤 6：调用 check_nearby_tracks({'track_id': 23, 'frame_range': [692, 711]})
19:28:19 [INFO]   工具结果：帧 701 轨迹 23 附近（150px）：发现 1 个附近轨迹：ID 21（距离19.1px）
19:28:19 [WARNING] 轨迹 23 达到最大调查步数，使用初始判断
19:28:19 [INFO]   → 确认：调查步数耗尽，沿用阶段一结论：目标在692帧后中断，消失超过5帧。
19:28:19 [INFO] [19/22] 调查轨迹 24
19:28:19 [INFO] 开始调查轨迹 24（drift）
19:28:19 [INFO]   步骤 1：调用 replay_segment({'start_frame': 730, 'end_frame': 824})
19:28:19 [INFO]   工具结果：轨迹 24 帧 730-824，原始 48 帧，展示 32 帧（步长 2）
19:28:20 [INFO]   步骤 2：调用 check_nearby_tracks({'track_id': 24, 'frame_range': [730, 824]})
19:28:20 [INFO]   工具结果：帧 777 轨迹 24 附近（150px）：附近无其他轨迹
19:28:21 [INFO]   步骤 3：调用 replay_segment({'start_frame': 776, 'end_frame': 780})
19:28:21 [INFO]   工具结果：轨迹 24 帧 776-780，原始 5 帧，展示 5 帧（步长 1）
19:28:22 [INFO]   步骤 4：调用 compare_appearances({'frame_1': 776, 'frame_2': 777})
19:28:22 [INFO]   工具结果：轨迹 24：帧776 vs 帧777，外观基本一致，非 ID 切换
19:28:23 [INFO]   步骤 5：调用 replay_segment({'start_frame': 776, 'end_frame': 780})
19:28:23 [INFO]   工具结果：轨迹 24 帧 776-780，原始 5 帧，展示 5 帧（步长 1）
19:28:25 [INFO]   步骤 6：调用 zoom_region({'frame_id': 777, 'region': [200, 100, 300, 200]})
19:28:25 [INFO]   工具结果：轨迹 24 第 777 帧放大 3.0x，已锐化
19:28:25 [WARNING] 轨迹 24 达到最大调查步数，使用初始判断
19:28:25 [INFO]   → 确认：调查步数耗尽，沿用阶段一结论：最大位移较大，且在第732帧出现异常跳变。
19:28:25 [INFO] [20/22] 调查轨迹 25
19:28:25 [INFO] 开始调查轨迹 25（miss）
19:28:26 [INFO]   步骤 1：调用 replay_segment({'start_frame': 825, 'end_frame': 851})
19:28:26 [INFO]   工具结果：轨迹 25 帧 825-851，原始 10 帧，展示 10 帧（步长 1）
19:28:27 [INFO]   步骤 2：调用 check_nearby_tracks({'frame_ids': [825, 826, 827, 828, 829, 836, 837, 838, 839, 851]})
19:28:27 [INFO]   工具结果：帧 825 轨迹 25 附近（150px）：发现 5 个附近轨迹：ID 0（距离68.1px），ID 2（距离68.9px），ID 10（距离68.1px），ID 22（距离131.5px），ID 2
19:28:28 [INFO]   步骤 3：调用 compare_appearances({'frame_ids': [825, 839, 851]})
19:28:28 [INFO]   工具结果：轨迹 25：帧825 vs 帧851，外观有差异，可能存在遮挡或光照变化
19:28:29 [INFO]   步骤 4：调用 replay_segment({'start_frame': 825, 'end_frame': 851})
19:28:29 [INFO]   工具结果：轨迹 25 帧 825-851，原始 10 帧，展示 10 帧（步长 1）
19:28:31 [INFO]   步骤 5：调用 check_nearby_tracks({'frame_ids': [825, 826, 827, 828, 829, 836, 837, 838, 839, 851]})
19:28:31 [INFO]   工具结果：帧 825 轨迹 25 附近（150px）：发现 5 个附近轨迹：ID 0（距离68.1px），ID 2（距离68.9px），ID 10（距离68.1px），ID 22（距离131.5px），ID 2
19:28:32 [INFO]   步骤 6：调用 compare_appearances({'frame_ids': [825, 839, 851]})
19:28:32 [INFO]   工具结果：轨迹 25：帧825 vs 帧851，外观有差异，可能存在遮挡或光照变化
19:28:32 [WARNING] 轨迹 25 达到最大调查步数，使用初始判断
19:28:32 [INFO]   → 确认：调查步数耗尽，沿用阶段一结论：目标在第839帧至第851帧间中断，未检测到目标。
19:28:32 [INFO] [21/22] 调查轨迹 26
19:28:32 [INFO] 开始调查轨迹 26（drift）
19:28:32 [INFO]   步骤 1：调用 replay_segment({'start_frame': 967, 'end_frame': 979})
19:28:32 [INFO]   工具结果：轨迹 26 帧 967-979，原始 13 帧，展示 13 帧（步长 1）
19:28:33 [INFO]   步骤 2：调用 check_nearby_tracks({'track_id': 26, 'frame_range': [967, 979]})
19:28:33 [INFO]   工具结果：帧 973 轨迹 26 附近（150px）：发现 1 个附近轨迹：ID 25（距离39.1px）
19:28:35 [INFO]   步骤 3：调用 zoom_region({'frame_id': 973, 'region': [150, 135, 340, 390]})
19:28:35 [INFO]   工具结果：轨迹 26 第 973 帧放大 3.0x，已锐化
19:28:37 [INFO]   步骤 4：调用 compare_appearances({'frame_id': 973, 'prev_frame_id': 972, 'track_id': 26})
19:28:37 [INFO]   工具结果：轨迹 26：帧973 vs 帧974，外观基本一致，非 ID 切换
19:28:40 [INFO]   → 误报：在可疑帧范围内，轨迹26的外观没有显著变化，未发现ID切换。但存在明显的位移异常，确认为drift类型。
19:28:40 [INFO] [22/22] 调查轨迹 28
19:28:40 [INFO] 开始调查轨迹 28（drift）
19:28:41 [INFO]   步骤 1：调用 replay_segment({'start_frame': 1043, 'end_frame': 1059})
19:28:41 [INFO]   工具结果：轨迹 28 帧 1043-1059，原始 17 帧，展示 17 帧（步长 1）
19:28:42 [INFO]   步骤 2：调用 check_nearby_tracks({'track_id': 28, 'frame_range': [1043, 1059]})
19:28:42 [INFO]   工具结果：帧 1051 轨迹 28 附近（150px）：发现 1 个附近轨迹：ID 4（距离138.5px）
19:28:43 [INFO]   步骤 3：调用 zoom_region({'frame_id': 1051, 'region': [329, 100, 539, 428]})
19:28:43 [INFO]   工具结果：轨迹 28 第 1051 帧放大 3.0x，已锐化
19:28:46 [INFO]   步骤 4：调用 compare_appearances({'frame_id': 1043, 'target_id': 28, 'compare_id': 28, 'frame_range': [1043, 1059]})
19:28:46 [INFO]   工具结果：轨迹 28：帧1043 vs 帧1059，外观差异显著，高度怀疑 ID 切换
19:28:48 [INFO]   步骤 5：调用 replay_segment({'start_frame': 1043, 'end_frame': 1059})
19:28:48 [INFO]   工具结果：轨迹 28 帧 1043-1059，原始 17 帧，展示 17 帧（步长 1）
19:28:51 [INFO]   步骤 6：调用 check_nearby_tracks({'track_id': 28, 'frame_range': [1043, 1059]})
19:28:51 [INFO]   工具结果：帧 1051 轨迹 28 附近（150px）：发现 1 个附近轨迹：ID 4（距离138.5px）
19:28:51 [WARNING] 轨迹 28 达到最大调查步数，使用初始判断
19:28:51 [INFO]   → 确认：调查步数耗尽，沿用阶段一结论：最大位移67.49帧内出现异常跳变
19:28:51 [INFO] ========================================
19:28:51 [INFO] [dancetrack0092] 阶段三：轨迹修正
19:28:51 [INFO] ========================================
19:28:51 [INFO] 正在分析轨迹 6（长度 187 帧）...
19:28:52 [INFO] 修正生效：track=6 type=miss frames=209-228
19:28:52 [INFO] 修正跳过/失败：track=8 type=miss detail=缺少前后锚点，无法插值补全
19:28:52 [INFO] 正在分析轨迹 14（长度 197 帧）...
19:28:54 [INFO] 修正生效：track=14 type=miss frames=595-603
19:28:54 [INFO] 正在分析轨迹 16（长度 706 帧）...
19:28:55 [INFO] 修正回滚：track=16 type=drift
19:28:55 [INFO] 正在分析轨迹 19（长度 344 帧）...
19:28:57 [INFO] 修正生效：track=19 type=miss frames=959-976
19:28:57 [INFO] 正在分析轨迹 23（长度 31 帧）...
19:28:58 [INFO] 修正生效：track=23 type=miss frames=692-711
19:28:58 [INFO] [dancetrack0092] 修正后 MOT 已保存至 /public/home/lyh_npu/code/PostMOT/corrected_mot/dancetrack0092.txt
19:28:58 [INFO] [dancetrack0092] 报告已保存至 /public/home/lyh_npu/code/PostMOT/pipeline_report_batch_seq_reports/dancetrack0092.json
19:28:58 [INFO] [33/35] 处理序列 dancetrack0093
19:29:25 [INFO] 加载轨迹 44 条
19:29:25 [INFO] ========================================
19:29:25 [INFO] [dancetrack0093] 阶段一：VLM 轨迹巡检
19:29:25 [INFO] ========================================
19:29:25 [INFO] 正在分析轨迹 198（长度 543 帧）...
19:29:26 [INFO] [可疑] 轨迹 198 — drift 置信度 0.80：最大位移帧349处目标位置异常跳变
19:29:26 [INFO] 正在分析轨迹 199（长度 528 帧）...
19:29:27 [INFO] [可疑] 轨迹 199 — miss 置信度 0.90：轨迹在第526帧后中断，持续7帧。
19:29:27 [INFO] 正在分析轨迹 200（长度 271 帧）...
19:29:29 [INFO] [可疑] 轨迹 200 — miss 置信度 0.90：目标在270帧后中断，消失超过5帧。
19:29:29 [INFO] 正在分析轨迹 201（长度 523 帧）...
19:29:31 [INFO] [可疑] 轨迹 201 — miss 置信度 0.80：目标在第326帧至第332帧间中断，持续6帧。
19:29:31 [INFO] 正在分析轨迹 202（长度 544 帧）...
19:29:32 [INFO] [可疑] 轨迹 202 — drift 置信度 0.80：最大位移52.67帧内有显著跳变，不符合运动规律。
19:29:32 [INFO] 正在分析轨迹 203（长度 378 帧）...
19:29:34 [INFO] [可疑] 轨迹 203 — miss 置信度 0.90：轨迹在第370帧至第381帧间中断，持续超过5帧。
19:29:34 [INFO] 正在分析轨迹 204（长度 58 帧）...
19:29:35 [INFO] [可疑] 轨迹 204 — drift 置信度 0.90：最大位移发生在第36帧，位置异常跳变。
19:29:35 [INFO] 正在分析轨迹 205（长度 43 帧）...
19:29:37 [INFO] [可疑] 轨迹 205 — drift 置信度 0.90：最大位移发生在第33帧，位置异常跳变。
19:29:37 [INFO] 正在分析轨迹 206（长度 41 帧）...
19:29:38 [INFO] [可疑] 轨迹 206 — drift 置信度 0.90：目标在第33帧位置发生异常跳变，不符合运动规律。
19:29:38 [INFO] 正在分析轨迹 207（长度 496 帧）...
19:29:40 [INFO] [可疑] 轨迹 207 — miss 置信度 0.90：目标在第379帧至第385帧间中断，未检测到目标。
19:29:40 [INFO] 正在分析轨迹 208（长度 140 帧）...
19:29:41 [INFO] [可疑] 轨迹 208 — drift 置信度 0.80：最大位移较大，存在异常跳变。
19:29:41 [INFO] 正在分析轨迹 209（长度 558 帧）...
19:29:43 [INFO] [可疑] 轨迹 209 — drift 置信度 0.80：目标位置在多个帧内出现异常跳变，不符合运动规律。
19:29:43 [INFO] 正在分析轨迹 210（长度 184 帧）...
19:29:44 [INFO] [可疑] 轨迹 210 — miss 置信度 0.90：目标在178帧后消失，持续至209帧。
19:29:44 [INFO] 正在分析轨迹 211（长度 417 帧）...
19:29:46 [INFO] [可疑] 轨迹 211 — drift 置信度 0.80：目标在264帧至375帧间位置异常跳变，不符合运动规律。
19:29:46 [INFO] 正在分析轨迹 212（长度 97 帧）...
19:29:48 [INFO] [可疑] 轨迹 212 — miss 置信度 0.80：目标在第20帧至第34帧间中断，消失超过5帧。
19:29:48 [INFO] 正在分析轨迹 213（长度 9 帧）...
19:29:49 [INFO] [可疑] 轨迹 213 — miss 置信度 0.80：目标在第28帧至第35帧间中断，消失超过5帧。
19:29:49 [INFO] 正在分析轨迹 214（长度 4 帧）...
19:29:50 [INFO] [可疑] 轨迹 214 — miss 置信度 0.80：目标在多个帧内丢失，导致轨迹中断。
19:29:50 [INFO] 正在分析轨迹 215（长度 14 帧）...
19:29:52 [INFO] [可疑] 轨迹 215 — miss 置信度 0.80：目标在第78帧到第86帧间中断，消失超过5帧。
19:29:52 [INFO] 正在分析轨迹 217（长度 411 帧）...
19:29:54 [INFO] [可疑] 轨迹 217 — miss 置信度 0.80：在第444帧到第458帧间，目标轨迹中断，未检测到目标。
19:29:54 [INFO] 正在分析轨迹 218（长度 242 帧）...
19:29:55 [INFO] [可疑] 轨迹 218 — drift 置信度 0.90：最大位移171.85，表明目标位置有异常跳变。
19:29:55 [INFO] 正在分析轨迹 220（长度 184 帧）...
19:29:57 [INFO] [可疑] 轨迹 220 — miss 置信度 0.80：目标在第335帧至第347帧间中断
19:29:57 [INFO] 正在分析轨迹 222（长度 3 帧）...
19:29:58 [INFO] 正在分析轨迹 223（长度 46 帧）...
19:30:00 [INFO] [可疑] 轨迹 223 — drift 置信度 0.80：最大位移发生在第270帧，之后目标位置出现异常跳变。
19:30:00 [INFO] 正在分析轨迹 224（长度 177 帧）...
19:30:01 [INFO] [可疑] 轨迹 224 — miss 置信度 0.80：轨迹在465帧后中断，持续至561帧。
19:30:01 [INFO] 正在分析轨迹 225（长度 290 帧）...
19:30:02 [INFO] [可疑] 轨迹 225 — drift 置信度 0.80：最大位移较大，存在异常跳变。
19:30:02 [INFO] 正在分析轨迹 226（长度 265 帧）...
19:30:04 [INFO] [可疑] 轨迹 226 — drift 置信度 0.90：最大位移74.51帧内有显著跳变，不符合运动规律。
19:30:04 [INFO] 正在分析轨迹 227（长度 221 帧）...
19:30:12 [INFO] [可疑] 轨迹 227 — miss 置信度 0.90：目标在第587帧后消失，持续7帧。
19:30:12 [INFO] 正在分析轨迹 228（长度 39 帧）...
19:30:13 [INFO] [可疑] 轨迹 228 — miss 置信度 0.80：目标在第406帧后消失，持续6帧。
19:30:13 [INFO] 正在分析轨迹 229（长度 9 帧）...
19:30:15 [INFO] [可疑] 轨迹 229 — miss 置信度 0.80：目标在第410帧到第419帧间中断，消失超过5帧。
19:30:15 [INFO] 正在分析轨迹 231（长度 73 帧）...
19:30:17 [INFO] 正在分析轨迹 232（长度 116 帧）...
19:30:18 [INFO] [可疑] 轨迹 232 — drift 置信度 0.80：目标在516至531帧间位置异常跳变，不符合运动规律。
19:30:18 [INFO] 正在分析轨迹 234（长度 10 帧）...
19:30:20 [INFO] [可疑] 轨迹 234 — miss 置信度 0.90：目标在518帧后消失，持续12帧。
19:30:20 [INFO] 正在分析轨迹 235（长度 73 帧）...
19:30:21 [INFO] [可疑] 轨迹 235 — miss 置信度 0.90：目标在第505帧至第525帧间中断，消失超过5帧。
19:30:21 [INFO] 正在分析轨迹 236（长度 72 帧）...
19:30:23 [INFO] [可疑] 轨迹 236 — drift 置信度 0.90：最大位移发生在第593帧，位置异常跳变。
19:30:23 [INFO] 正在分析轨迹 237（长度 4 帧）...
19:30:24 [INFO] 正在分析轨迹 238（长度 6 帧）...
19:30:25 [INFO] 正在分析轨迹 239（长度 54 帧）...
19:30:27 [INFO] [可疑] 轨迹 239 — drift 置信度 0.80：最大位移较大，可能存在位置异常跳变。
19:30:27 [INFO] 正在分析轨迹 240（长度 22 帧）...
19:30:28 [INFO] [可疑] 轨迹 240 — miss 置信度 0.80：目标在第561帧至第568帧间中断，消失超过5帧。
19:30:28 [INFO] 正在分析轨迹 241（长度 7 帧）...
19:30:30 [INFO] [dancetrack0093] 阶段一完成：34 条可疑轨迹，已保存至 /public/home/lyh_npu/code/PostMOT/pipeline_report_batch_seq_reports/dancetrack0093_stage1.json
19:30:30 [INFO] ========================================
19:30:30 [INFO] [dancetrack0093] 阶段二：LLM 工具调用调查
19:30:30 [INFO] ========================================
19:30:30 [INFO] [1/34] 调查轨迹 198
19:30:30 [INFO] 开始调查轨迹 198（drift）
19:30:30 [INFO]   步骤 1：调用 replay_segment({'start_frame': 349, 'end_frame': 355})
19:30:30 [INFO]   工具结果：轨迹 198 帧 349-355，原始 2 帧，展示 2 帧（步长 1）
19:30:31 [INFO]   步骤 2：调用 zoom_region({'frame_id': 349, 'region': [100, 100, 200, 200]})
19:30:31 [INFO]   工具结果：轨迹 198 第 349 帧放大 3.0x，已锐化
19:30:33 [INFO]   步骤 3：调用 zoom_region({'frame_id': 355, 'region': [100, 100, 200, 200]})
19:30:33 [INFO]   工具结果：轨迹 198 第 355 帧放大 3.0x，已锐化
19:30:34 [INFO]   步骤 4：调用 compare_appearances({'frame_1': 349, 'frame_2': 355})
19:30:34 [INFO]   工具结果：轨迹 198：帧349 vs 帧355，外观基本一致，非 ID 切换
19:30:36 [INFO]   步骤 5：调用 check_nearby_tracks({'frame_id': 349, 'radius': 10})
19:30:36 [INFO]   工具结果：帧 349 轨迹 198 附近（10px）：附近无其他轨迹
19:30:37 [INFO]   步骤 6：调用 check_nearby_tracks({'frame_id': 355, 'radius': 10})
19:30:37 [INFO]   工具结果：帧 355 轨迹 198 附近（10px）：附近无其他轨迹
19:30:37 [WARNING] 轨迹 198 达到最大调查步数，使用初始判断
19:30:37 [INFO]   → 确认：调查步数耗尽，沿用阶段一结论：最大位移帧349处目标位置异常跳变
19:30:37 [INFO] [2/34] 调查轨迹 199
19:30:37 [INFO] 开始调查轨迹 199（miss）
19:30:38 [INFO]   步骤 1：调用 replay_segment({'start_frame': 526, 'end_frame': 533})
19:30:38 [INFO]   工具结果：轨迹 199 帧 526-533，原始 2 帧，展示 2 帧（步长 1）
19:30:39 [INFO]   步骤 2：调用 check_nearby_tracks({'track_id': 199, 'frame_range': [526, 533]})
19:30:39 [INFO]   工具结果：帧 529 轨迹 199 附近（150px）：发现 9 个附近轨迹：ID 205（距离75.9px），ID 206（距离114.1px），ID 212（距离80.2px），ID 213（距离59.1p
19:30:40 [INFO]   步骤 3：调用 replay_segment({'start_frame': 526, 'end_frame': 533})
19:30:40 [INFO]   工具结果：轨迹 199 帧 526-533，原始 2 帧，展示 2 帧（步长 1）
19:30:41 [INFO]   步骤 4：调用 compare_appearances({'frame1': 526, 'frame2': 533})
19:30:41 [INFO]   工具结果：缺少 frame_id_a/frame_id_b
19:30:41 [INFO]   步骤 5：调用 replay_segment({'start_frame': 526, 'end_frame': 533})
19:30:41 [INFO]   工具结果：轨迹 199 帧 526-533，原始 2 帧，展示 2 帧（步长 1）
19:30:42 [INFO]   步骤 6：调用 compare_appearances({'frame1': 526, 'frame2': 533})
19:30:42 [INFO]   工具结果：缺少 frame_id_a/frame_id_b
19:30:42 [WARNING] 轨迹 199 达到最大调查步数，使用初始判断
19:30:42 [INFO]   → 确认：调查步数耗尽，沿用阶段一结论：轨迹在第526帧后中断，持续7帧。
19:30:42 [INFO] [3/34] 调查轨迹 200
19:30:42 [INFO] 开始调查轨迹 200（miss）
19:30:43 [INFO]   步骤 1：调用 replay_segment({'start_frame': 270, 'end_frame': 286})
19:30:43 [INFO]   工具结果：轨迹 200 帧 270-286，原始 2 帧，展示 2 帧（步长 1）
19:30:44 [INFO]   步骤 2：调用 check_nearby_tracks({'track_id': 200, 'frame_range': [270, 286]})
19:30:44 [INFO]   工具结果：帧 278 轨迹 200 附近（150px）：发现 5 个附近轨迹：ID 209（距离115.5px），ID 211（距离66.1px），ID 223（距离12.0px），ID 231（距离86.1p
19:30:45 [INFO]   步骤 3：调用 compare_appearances({'frame_id': 270, 'target_id': 200, 'compare_id': 209, 'threshold': 0.7})
19:30:45 [INFO]   工具结果：轨迹 200：帧270 vs 帧271，外观基本一致，非 ID 切换
19:30:46 [INFO]   步骤 4：调用 compare_appearances({'frame_id': 271, 'target_id': 200, 'compare_id': 209, 'threshold': 0.7})
19:30:46 [INFO]   工具结果：轨迹 200：帧271 vs 帧272，外观基本一致，非 ID 切换
19:30:47 [INFO]   步骤 5：调用 compare_appearances({'frame_id': 272, 'target_id': 200, 'compare_id': 209, 'threshold': 0.7})
19:30:47 [INFO]   工具结果：轨迹 200：帧272 vs 帧273，外观基本一致，非 ID 切换
19:30:49 [INFO]   步骤 6：调用 compare_appearances({'frame_id': 273, 'target_id': 200, 'compare_id': 209, 'threshold': 0.7})
19:30:49 [INFO]   工具结果：轨迹 200：帧273 vs 帧274，外观基本一致，非 ID 切换
19:30:49 [WARNING] 轨迹 200 达到最大调查步数，使用初始判断
19:30:49 [INFO]   → 确认：调查步数耗尽，沿用阶段一结论：目标在270帧后中断，消失超过5帧。
19:30:49 [INFO] [4/34] 调查轨迹 201
19:30:49 [INFO] 开始调查轨迹 201（miss）
19:30:49 [INFO]   步骤 1：调用 replay_segment({'start_frame': 326, 'end_frame': 332})
19:30:49 [INFO]   工具结果：轨迹 201 帧 326-332，原始 2 帧，展示 2 帧（步长 1）
19:30:50 [INFO]   步骤 2：调用 check_nearby_tracks({'frame_id': 326, 'radius': 10})
19:30:50 [INFO]   工具结果：帧 326 轨迹 201 附近（10px）：附近无其他轨迹
19:30:51 [INFO]   步骤 3：调用 check_nearby_tracks({'frame_id': 332, 'radius': 10})
19:30:51 [INFO]   工具结果：帧 332 轨迹 201 附近（10px）：附近无其他轨迹
19:30:52 [INFO]   步骤 4：调用 replay_segment({'start_frame': 326, 'end_frame': 332})
19:30:52 [INFO]   工具结果：轨迹 201 帧 326-332，原始 2 帧，展示 2 帧（步长 1）
19:30:53 [INFO]   步骤 5：调用 compare_appearances({'frame_id_1': 326, 'frame_id_2': 332})
19:30:53 [INFO]   工具结果：轨迹 201：帧326 vs 帧332，外观基本一致，非 ID 切换
19:30:54 [INFO]   步骤 6：调用 replay_segment({'start_frame': 326, 'end_frame': 332})
19:30:54 [INFO]   工具结果：轨迹 201 帧 326-332，原始 2 帧，展示 2 帧（步长 1）
19:30:54 [WARNING] 轨迹 201 达到最大调查步数，使用初始判断
19:30:54 [INFO]   → 确认：调查步数耗尽，沿用阶段一结论：目标在第326帧至第332帧间中断，持续6帧。
19:30:54 [INFO] [5/34] 调查轨迹 202
19:30:54 [INFO] 开始调查轨迹 202（drift）
19:30:55 [INFO]   步骤 1：调用 replay_segment({'track_id': 202, 'start_frame': 1, 'end_frame': 602})
19:30:55 [INFO]   工具结果：轨迹 202 帧 1-602，原始 42 帧，展示 32 帧（步长 13）
19:30:56 [INFO]   步骤 2：调用 check_nearby_tracks({'track_id': 202, 'start_frame': 1, 'end_frame': 602})
19:30:56 [INFO]   工具结果：缺少 frame_id/track_id
19:30:57 [INFO]   步骤 3：调用 replay_segment({'track_id': 202, 'start_frame': 107, 'end_frame': 112})
19:30:57 [INFO]   工具结果：轨迹 202 帧 107-112，原始 2 帧，展示 2 帧（步长 1）
19:30:58 [INFO]   步骤 4：调用 zoom_region({'track_id': 202, 'frame_id': 107, 'region': [100, 100, 200, 200]})
19:30:58 [INFO]   工具结果：轨迹 202 第 107 帧放大 3.0x，已锐化
19:31:00 [INFO]   步骤 5：调用 compare_appearances({'track_id': 202, 'frame_id': 107, 'compare_frame_id': 112})
19:31:00 [INFO]   工具结果：轨迹 202：帧107 vs 帧112，外观基本一致，非 ID 切换
19:31:01 [INFO]   步骤 6：调用 replay_segment({'track_id': 202, 'start_frame': 107, 'end_frame': 112})
19:31:01 [INFO]   工具结果：轨迹 202 帧 107-112，原始 2 帧，展示 2 帧（步长 1）
19:31:01 [WARNING] 轨迹 202 达到最大调查步数，使用初始判断
19:31:01 [INFO]   → 确认：调查步数耗尽，沿用阶段一结论：最大位移52.67帧内有显著跳变，不符合运动规律。
19:31:01 [INFO] [6/34] 调查轨迹 203
19:31:01 [INFO] 开始调查轨迹 203（miss）
19:31:02 [INFO]   步骤 1：调用 replay_segment({'start_frame': 370, 'end_frame': 381})
19:31:02 [INFO]   工具结果：轨迹 203 帧 370-381，原始 12 帧，展示 12 帧（步长 1）
19:31:03 [INFO]   步骤 2：调用 check_nearby_tracks({'frame_ids': [370, 371, 372, 373, 374, 375, 376, 377, 378, 379, 380, 381]})
19:31:03 [INFO]   工具结果：帧 370 轨迹 203 附近（150px）：发现 9 个附近轨迹：ID 198（距离119.5px），ID 202（距离98.5px），ID 209（距离45.2px），ID 223（距离22.6p
19:31:05 [INFO]   步骤 3：调用 compare_appearances({'frame_id': 370, 'target_track_id': 203, 'nearby_track_ids': [198, 202, 209, 223, 227, 237, 238, 240, 241]})
19:31:05 [INFO]   工具结果：轨迹 203：帧370 vs 帧371，外观基本一致，非 ID 切换
19:31:14 [INFO]   步骤 4：调用 compare_appearances({'frame_id': 371, 'target_track_id': 203, 'nearby_track_ids': [198, 202, 209, 223, 227, 237, 238, 240, 241]})
19:31:14 [INFO]   工具结果：轨迹 203：帧371 vs 帧372，外观基本一致，非 ID 切换
19:31:16 [INFO]   步骤 5：调用 compare_appearances({'frame_id': 372, 'target_track_id': 203, 'nearby_track_ids': [198, 202, 209, 223, 227, 237, 238, 240, 241]})
19:31:16 [INFO]   工具结果：轨迹 203：帧372 vs 帧373，外观基本一致，非 ID 切换
19:31:18 [INFO]   步骤 6：调用 compare_appearances({'frame_id': 373, 'target_track_id': 203, 'nearby_track_ids': [198, 202, 209, 223, 227, 237, 238, 240, 241]})
19:31:18 [INFO]   工具结果：轨迹 203：帧373 vs 帧374，外观基本一致，非 ID 切换
19:31:18 [WARNING] 轨迹 203 达到最大调查步数，使用初始判断
19:31:18 [INFO]   → 确认：调查步数耗尽，沿用阶段一结论：轨迹在第370帧至第381帧间中断，持续超过5帧。
19:31:18 [INFO] [7/34] 调查轨迹 204
19:31:18 [INFO] 开始调查轨迹 204（drift）
19:31:19 [INFO]   步骤 1：调用 replay_segment({'start_frame': 36, 'end_frame': 36})
19:31:19 [INFO]   工具结果：轨迹 204 帧 36-36，原始 1 帧，展示 1 帧（步长 1）
19:31:19 [INFO]   步骤 2：调用 check_nearby_tracks({'track_id': 204, 'frame_range': [35, 37]})
19:31:19 [INFO]   工具结果：帧 36 轨迹 204 附近（150px）：发现 13 个附近轨迹：ID 199（距离84.2px），ID 206（距离113.4px），ID 210（距离115.5px），ID 214（距离16.6
19:31:22 [INFO]   步骤 3：调用 compare_appearances({'frame': 36, 'track_id': 204, 'nearby_tracks': [199, 206, 210, 214, 216, 217, 225, 228, 230, 233, 235, 236, 239]})
19:31:22 [INFO]   工具结果：轨迹 204：帧36 vs 帧37，外观基本一致，非 ID 切换
19:31:22 [INFO]   步骤 4：调用 replay_segment({'start_frame': 35, 'end_frame': 37})
19:31:22 [INFO]   工具结果：轨迹 204 帧 35-37，原始 1 帧，展示 1 帧（步长 1）
19:31:23 [INFO]   步骤 5：调用 check_nearby_tracks({'track_id': 204, 'frame_range': [35, 37]})
19:31:23 [INFO]   工具结果：帧 36 轨迹 204 附近（150px）：发现 13 个附近轨迹：ID 199（距离84.2px），ID 206（距离113.4px），ID 210（距离115.5px），ID 214（距离16.6
19:31:26 [INFO]   步骤 6：调用 compare_appearances({'frame': 36, 'track_id': 204, 'nearby_tracks': [199, 206, 210, 214, 216, 217, 225, 228, 230, 233, 235, 236, 239]})
19:31:26 [INFO]   工具结果：轨迹 204：帧36 vs 帧37，外观基本一致，非 ID 切换
19:31:26 [WARNING] 轨迹 204 达到最大调查步数，使用初始判断
19:31:26 [INFO]   → 确认：调查步数耗尽，沿用阶段一结论：最大位移发生在第36帧，位置异常跳变。
19:31:26 [INFO] [8/34] 调查轨迹 205
19:31:26 [INFO] 开始调查轨迹 205（drift）
19:31:27 [INFO]   步骤 1：调用 replay_segment({'start_frame': 33, 'end_frame': 33})
19:31:27 [INFO]   工具结果：轨迹 205 帧 33-33，原始 1 帧，展示 1 帧（步长 1）
19:31:27 [INFO]   步骤 2：调用 zoom_region({'frame_id': 33, 'region': [0, 0, 192, 192]})
19:31:27 [INFO]   工具结果：轨迹 205 第 33 帧放大 3.0x，已锐化
19:31:28 [INFO]   步骤 3：调用 check_nearby_tracks({'frame_id': 33, 'radius': 5})
19:31:28 [INFO]   工具结果：帧 33 轨迹 205 附近（5px）：附近无其他轨迹
19:31:30 [INFO]   步骤 4：调用 replay_segment({'start_frame': 32, 'end_frame': 34})
19:31:30 [INFO]   工具结果：轨迹 205 帧 32-34，原始 3 帧，展示 3 帧（步长 1）
19:31:31 [INFO]   步骤 5：调用 compare_appearances({'frame_id_1': 32, 'frame_id_2': 33})
19:31:31 [INFO]   工具结果：轨迹 205：帧32 vs 帧33，外观基本一致，非 ID 切换
19:31:32 [INFO]   步骤 6：调用 compare_appearances({'frame_id_1': 33, 'frame_id_2': 34})
19:31:32 [INFO]   工具结果：轨迹 205：帧33 vs 帧34，外观基本一致，非 ID 切换
19:31:32 [WARNING] 轨迹 205 达到最大调查步数，使用初始判断
19:31:32 [INFO]   → 确认：调查步数耗尽，沿用阶段一结论：最大位移发生在第33帧，位置异常跳变。
19:31:32 [INFO] [9/34] 调查轨迹 206
19:31:32 [INFO] 开始调查轨迹 206（drift）
19:31:32 [INFO]   步骤 1：调用 replay_segment({'start_frame': 33, 'end_frame': 33})
19:31:32 [INFO]   工具结果：轨迹 206 帧 33-33，原始 1 帧，展示 1 帧（步长 1）
19:31:33 [INFO]   步骤 2：调用 zoom_region({'frame_id': 33, 'region': [10, 10, 100, 100]})
19:31:33 [INFO]   工具结果：轨迹 206 第 33 帧放大 3.0x，已锐化
19:31:35 [INFO]   步骤 3：调用 check_nearby_tracks({'frame_id': 33, 'radius': 5})
19:31:35 [INFO]   工具结果：帧 33 轨迹 206 附近（5px）：附近无其他轨迹
19:31:36 [INFO]   步骤 4：调用 replay_segment({'start_frame': 32, 'end_frame': 34})
19:31:36 [INFO]   工具结果：轨迹 206 帧 32-34，原始 3 帧，展示 3 帧（步长 1）
19:31:37 [INFO]   步骤 5：调用 compare_appearances({'frame_id_1': 32, 'frame_id_2': 33})
19:31:37 [INFO]   工具结果：轨迹 206：帧32 vs 帧33，外观基本一致，非 ID 切换
19:31:38 [INFO]   步骤 6：调用 compare_appearances({'frame_id_1': 33, 'frame_id_2': 34})
19:31:38 [INFO]   工具结果：轨迹 206：帧33 vs 帧34，外观基本一致，非 ID 切换
19:31:38 [WARNING] 轨迹 206 达到最大调查步数，使用初始判断
19:31:38 [INFO]   → 确认：调查步数耗尽，沿用阶段一结论：目标在第33帧位置发生异常跳变，不符合运动规律。
19:31:38 [INFO] [10/34] 调查轨迹 207
19:31:38 [INFO] 开始调查轨迹 207（miss）
19:31:39 [INFO]   步骤 1：调用 replay_segment({'start_frame': 379, 'end_frame': 385})
19:31:39 [INFO]   工具结果：轨迹 207 帧 379-385，原始 2 帧，展示 2 帧（步长 1）
19:31:40 [INFO]   步骤 2：调用 check_nearby_tracks({'track_id': 207, 'frame_ids': [379, 385]})
19:31:40 [INFO]   工具结果：帧 379 轨迹 207 附近（150px）：发现 3 个附近轨迹：ID 199（距离107.7px），ID 219（距离58.3px），ID 234（距离56.5px）
19:31:41 [INFO]   步骤 3：调用 replay_segment({'start_frame': 386, 'end_frame': 392})
19:31:41 [INFO]   工具结果：轨迹 207 帧 386-392，原始 5 帧，展示 5 帧（步长 1）
19:31:42 [INFO]   步骤 4：调用 check_nearby_tracks({'track_id': 207, 'frame_ids': [386, 392]})
19:31:42 [INFO]   工具结果：帧 386 轨迹 207 附近（150px）：发现 3 个附近轨迹：ID 199（距离70.2px），ID 219（距离95.0px），ID 234（距离81.0px）
19:31:43 [INFO]   步骤 5：调用 replay_segment({'start_frame': 393, 'end_frame': 400})
19:31:43 [INFO]   工具结果：轨迹 207 帧 393-400，原始 1 帧，展示 1 帧（步长 1）
19:31:44 [INFO]   步骤 6：调用 check_nearby_tracks({'track_id': 207, 'frame_ids': [398]})
19:31:44 [INFO]   工具结果：帧 398 轨迹 207 附近（150px）：发现 3 个附近轨迹：ID 199（距离86.1px），ID 219（距离127.6px），ID 234（距离115.6px）
19:31:44 [WARNING] 轨迹 207 达到最大调查步数，使用初始判断
19:31:44 [INFO]   → 确认：调查步数耗尽，沿用阶段一结论：目标在第379帧至第385帧间中断，未检测到目标。
19:31:44 [INFO] [11/34] 调查轨迹 208
19:31:44 [INFO] 开始调查轨迹 208（drift）
19:31:45 [INFO]   步骤 1：调用 replay_segment({'track_id': 208, 'start_frame': 1, 'end_frame': 168})
19:31:45 [INFO]   工具结果：轨迹 208 帧 1-168，原始 35 帧，展示 32 帧（步长 4）
19:31:46 [INFO]   步骤 2：调用 check_nearby_tracks({'track_id': 208, 'start_frame': 1, 'end_frame': 168})
19:31:46 [INFO]   工具结果：缺少 frame_id/track_id
19:31:47 [INFO]   步骤 3：调用 replay_segment({'track_id': 208, 'start_frame': 1, 'end_frame': 168})
19:31:47 [INFO]   工具结果：轨迹 208 帧 1-168，原始 35 帧，展示 32 帧（步长 4）
19:31:48 [INFO]   步骤 4：调用 check_nearby_tracks({'track_id': 208, 'start_frame': 1, 'end_frame': 168})
19:31:48 [INFO]   工具结果：缺少 frame_id/track_id
19:31:49 [INFO]   步骤 5：调用 replay_segment({'track_id': 208, 'start_frame': 1, 'end_frame': 168})
19:31:49 [INFO]   工具结果：轨迹 208 帧 1-168，原始 35 帧，展示 32 帧（步长 4）
19:31:51 [INFO]   步骤 6：调用 check_nearby_tracks({'track_id': 208, 'start_frame': 1, 'end_frame': 168})
19:31:51 [INFO]   工具结果：缺少 frame_id/track_id
19:31:51 [WARNING] 轨迹 208 达到最大调查步数，使用初始判断
19:31:51 [INFO]   → 确认：调查步数耗尽，沿用阶段一结论：最大位移较大，存在异常跳变。
19:31:51 [INFO] [12/34] 调查轨迹 209
19:31:51 [INFO] 开始调查轨迹 209（drift）
19:31:51 [INFO]   步骤 1：调用 replay_segment({'start_frame': 369, 'end_frame': 578})
19:31:51 [INFO]   工具结果：轨迹 209 帧 369-578，原始 34 帧，展示 32 帧（步长 5）
19:31:52 [INFO]   步骤 2：调用 check_nearby_tracks({'track_id': 209, 'frame_range': [369, 578]})
19:31:52 [INFO]   工具结果：帧 473 轨迹 209 附近（150px）：发现 2 个附近轨迹：ID 202（距离121.8px），ID 208（距离96.6px）
19:31:53 [INFO]   步骤 3：调用 replay_segment({'start_frame': 473, 'end_frame': 473})
19:31:53 [INFO]   工具结果：轨迹 209 帧 473-473，原始 1 帧，展示 1 帧（步长 1）
19:31:55 [INFO]   步骤 4：调用 zoom_region({'frame_id': 473, 'region': [150, 150, 350, 350]})
19:31:55 [INFO]   工具结果：轨迹 209 第 473 帧放大 3.0x，已锐化
19:31:56 [INFO]   步骤 5：调用 compare_appearances({'frame_1': 473, 'frame_2': 474})
19:31:56 [INFO]   工具结果：轨迹 209：帧473 vs 帧474，外观基本一致，非 ID 切换
19:31:57 [INFO]   步骤 6：调用 replay_segment({'start_frame': 474, 'end_frame': 578})
19:31:57 [INFO]   工具结果：轨迹 209 帧 474-578，原始 25 帧，展示 25 帧（步长 3）
19:31:57 [WARNING] 轨迹 209 达到最大调查步数，使用初始判断
19:31:57 [INFO]   → 确认：调查步数耗尽，沿用阶段一结论：目标位置在多个帧内出现异常跳变，不符合运动规律。
19:31:57 [INFO] [13/34] 调查轨迹 210
19:31:57 [INFO] 开始调查轨迹 210（miss）
19:31:58 [INFO]   步骤 1：调用 replay_segment({'start_frame': 178, 'end_frame': 209})
19:31:58 [INFO]   工具结果：轨迹 210 帧 178-209，原始 7 帧，展示 7 帧（步长 1）
19:31:59 [INFO]   步骤 2：调用 check_nearby_tracks({'track_id': 210, 'frame_range': [178, 209]})
19:31:59 [INFO]   工具结果：帧 193 轨迹 210 附近（150px）：发现 14 个附近轨迹：ID 198（距离149.1px），ID 203（距离21.6px），ID 204（距离17.4px），ID 206（距离133.
19:32:00 [INFO]   步骤 3：调用 replay_segment({'start_frame': 178, 'end_frame': 209})
19:32:00 [INFO]   工具结果：轨迹 210 帧 178-209，原始 7 帧，展示 7 帧（步长 1）
19:32:01 [INFO]   步骤 4：调用 replay_segment({'start_frame': 178, 'end_frame': 209})
19:32:01 [INFO]   工具结果：轨迹 210 帧 178-209，原始 7 帧，展示 7 帧（步长 1）
19:32:02 [INFO]   步骤 5：调用 check_nearby_tracks({'track_id': 210, 'frame_range': [178, 209]})
19:32:02 [INFO]   工具结果：帧 193 轨迹 210 附近（150px）：发现 14 个附近轨迹：ID 198（距离149.1px），ID 203（距离21.6px），ID 204（距离17.4px），ID 206（距离133.
19:32:03 [INFO]   步骤 6：调用 replay_segment({'start_frame': 178, 'end_frame': 209})
19:32:03 [INFO]   工具结果：轨迹 210 帧 178-209，原始 7 帧，展示 7 帧（步长 1）
19:32:03 [WARNING] 轨迹 210 达到最大调查步数，使用初始判断
19:32:03 [INFO]   → 确认：调查步数耗尽，沿用阶段一结论：目标在178帧后消失，持续至209帧。
19:32:03 [INFO] [14/34] 调查轨迹 211
19:32:03 [INFO] 开始调查轨迹 211（drift）
19:32:04 [INFO]   步骤 1：调用 replay_segment({'start_frame': 264, 'end_frame': 375})
19:32:04 [INFO]   工具结果：轨迹 211 帧 264-375，原始 37 帧，展示 32 帧（步长 3）
19:32:08 [INFO]   步骤 2：调用 check_nearby_tracks({'frame_ids': [264, 269, 272, 275, 278, 281, 284, 290, 293, 296, 299, 302, 305, 311, 314, 317, 320, 323, 326, 332, 335, 338, 341, 344, 347, 353, 356, 359, 362, 365, 368, 374]})
19:32:08 [INFO]   工具结果：帧 264 轨迹 211 附近（150px）：发现 7 个附近轨迹：ID 200（距离2.8px），ID 202（距离146.6px），ID 209（距离94.0px），ID 223（距离55.6px
19:32:10 [INFO]   步骤 3：调用 compare_appearances({'frame_id': 264, 'target_track_id': 211, 'nearby_track_ids': [200, 202, 209, 223, 227, 237, 240]})
19:32:10 [INFO]   工具结果：轨迹 211：帧264 vs 帧265，外观基本一致，非 ID 切换
19:32:17 [INFO]   步骤 4：调用 replay_segment({'start_frame': 264, 'end_frame': 375})
19:32:18 [INFO]   工具结果：轨迹 211 帧 264-375，原始 37 帧，展示 32 帧（步长 3）
19:32:22 [INFO]   步骤 5：调用 check_nearby_tracks({'frame_ids': [264, 269, 272, 275, 278, 281, 284, 290, 293, 296, 299, 302, 305, 311, 314, 317, 320, 323, 326, 332, 335, 338, 341, 344, 347, 353, 356, 359, 362, 365, 368, 374]})
19:32:22 [INFO]   工具结果：帧 264 轨迹 211 附近（150px）：发现 7 个附近轨迹：ID 200（距离2.8px），ID 202（距离146.6px），ID 209（距离94.0px），ID 223（距离55.6px
19:32:24 [INFO]   步骤 6：调用 compare_appearances({'frame_id': 264, 'target_track_id': 211, 'nearby_track_ids': [200, 202, 209, 223, 227, 237, 240]})
19:32:24 [INFO]   工具结果：轨迹 211：帧264 vs 帧265，外观基本一致，非 ID 切换
19:32:24 [WARNING] 轨迹 211 达到最大调查步数，使用初始判断
19:32:24 [INFO]   → 确认：调查步数耗尽，沿用阶段一结论：目标在264帧至375帧间位置异常跳变，不符合运动规律。
19:32:24 [INFO] [15/34] 调查轨迹 212
19:32:24 [INFO] 开始调查轨迹 212（miss）
19:32:25 [INFO]   步骤 1：调用 replay_segment({'start_frame': 20, 'end_frame': 34})
19:32:25 [INFO]   工具结果：轨迹 212 帧 20-34，原始 2 帧，展示 2 帧（步长 1）
19:32:26 [INFO]   步骤 2：调用 check_nearby_tracks({'track_id': 212, 'frame_range': [20, 34]})
19:32:26 [INFO]   工具结果：帧 27 轨迹 212 附近（150px）：发现 5 个附近轨迹：ID 207（距离62.9px），ID 218（距离29.9px），ID 219（距离85.9px），ID 221（距离29.6px）
19:32:26 [INFO]   步骤 3：调用 replay_segment({'start_frame': 27, 'end_frame': 27})
19:32:26 [INFO]   工具结果：轨迹 212 在帧 27-27 内无数据
19:32:27 [INFO]   步骤 4：调用 compare_appearances({'frame1': 20, 'frame2': 34})
19:32:27 [INFO]   工具结果：缺少 frame_id_a/frame_id_b
19:32:28 [INFO]   步骤 5：调用 replay_segment({'start_frame': 20, 'end_frame': 34})
19:32:28 [INFO]   工具结果：轨迹 212 帧 20-34，原始 2 帧，展示 2 帧（步长 1）
19:32:29 [INFO]   步骤 6：调用 check_nearby_tracks({'track_id': 212, 'frame_range': [20, 34]})
19:32:29 [INFO]   工具结果：帧 27 轨迹 212 附近（150px）：发现 5 个附近轨迹：ID 207（距离62.9px），ID 218（距离29.9px），ID 219（距离85.9px），ID 221（距离29.6px）
19:32:29 [WARNING] 轨迹 212 达到最大调查步数，使用初始判断
19:32:29 [INFO]   → 确认：调查步数耗尽，沿用阶段一结论：目标在第20帧至第34帧间中断，消失超过5帧。
19:32:29 [INFO] [16/34] 调查轨迹 213
19:32:29 [INFO] 开始调查轨迹 213（miss）
19:32:29 [INFO]   步骤 1：调用 replay_segment({'start_frame': 28, 'end_frame': 35})
19:32:29 [INFO]   工具结果：轨迹 213 帧 28-35，原始 2 帧，展示 2 帧（步长 1）
19:32:30 [INFO]   步骤 2：调用 check_nearby_tracks({'track_id': 213, 'frame_range': [28, 35]})
19:32:30 [INFO]   工具结果：帧 31 轨迹 213 附近（150px）：发现 4 个附近轨迹：ID 205（距离15.7px），ID 206（距离74.1px），ID 212（距离128.4px），ID 226（距离41.7px
19:32:31 [INFO]   步骤 3：调用 compare_appearances({'track_id': 213, 'frame_range': [28, 35]})
19:32:31 [INFO]   工具结果：轨迹 213：帧31 vs 帧35，外观基本一致，非 ID 切换
19:32:32 [INFO]   步骤 4：调用 replay_segment({'start_frame': 28, 'end_frame': 35})
19:32:32 [INFO]   工具结果：轨迹 213 帧 28-35，原始 2 帧，展示 2 帧（步长 1）
19:32:33 [INFO]   步骤 5：调用 check_nearby_tracks({'track_id': 213, 'frame_range': [28, 35]})
19:32:33 [INFO]   工具结果：帧 31 轨迹 213 附近（150px）：发现 4 个附近轨迹：ID 205（距离15.7px），ID 206（距离74.1px），ID 212（距离128.4px），ID 226（距离41.7px
19:32:34 [INFO]   步骤 6：调用 compare_appearances({'track_id': 213, 'frame_range': [28, 35]})
19:32:34 [INFO]   工具结果：轨迹 213：帧31 vs 帧35，外观基本一致，非 ID 切换
19:32:34 [WARNING] 轨迹 213 达到最大调查步数，使用初始判断
19:32:34 [INFO]   → 确认：调查步数耗尽，沿用阶段一结论：目标在第28帧至第35帧间中断，消失超过5帧。
19:32:34 [INFO] [17/34] 调查轨迹 214
19:32:34 [INFO] 开始调查轨迹 214（miss）
19:32:35 [INFO]   步骤 1：调用 replay_segment({'start_frame': 26, 'end_frame': 61})
19:32:35 [INFO]   工具结果：轨迹 214 帧 26-61，原始 4 帧，展示 4 帧（步长 1）
19:32:35 [INFO]   步骤 2：调用 check_nearby_tracks({'track_id': 214, 'frame_range': [26, 61]})
19:32:35 [INFO]   工具结果：帧 43 轨迹 214 附近（150px）：发现 14 个附近轨迹：ID 199（距离19.0px），ID 204（距离93.9px），ID 205（距离122.2px），ID 206（距离23.0p
19:32:36 [INFO]   步骤 3：调用 replay_segment({'start_frame': 26, 'end_frame': 61})
19:32:36 [INFO]   工具结果：轨迹 214 帧 26-61，原始 4 帧，展示 4 帧（步长 1）
19:32:37 [INFO]   步骤 4：调用 check_nearby_tracks({'track_id': 214, 'frame_range': [26, 61]})
19:32:37 [INFO]   工具结果：帧 43 轨迹 214 附近（150px）：发现 14 个附近轨迹：ID 199（距离19.0px），ID 204（距离93.9px），ID 205（距离122.2px），ID 206（距离23.0p
19:32:38 [INFO]   步骤 5：调用 replay_segment({'start_frame': 26, 'end_frame': 61})
19:32:38 [INFO]   工具结果：轨迹 214 帧 26-61，原始 4 帧，展示 4 帧（步长 1）
19:32:39 [INFO]   步骤 6：调用 check_nearby_tracks({'track_id': 214, 'frame_range': [26, 61]})
19:32:39 [INFO]   工具结果：帧 43 轨迹 214 附近（150px）：发现 14 个附近轨迹：ID 199（距离19.0px），ID 204（距离93.9px），ID 205（距离122.2px），ID 206（距离23.0p
19:32:39 [WARNING] 轨迹 214 达到最大调查步数，使用初始判断
19:32:39 [INFO]   → 确认：调查步数耗尽，沿用阶段一结论：目标在多个帧内丢失，导致轨迹中断。
19:32:39 [INFO] [18/34] 调查轨迹 215
19:32:39 [INFO] 开始调查轨迹 215（miss）
19:32:40 [INFO]   步骤 1：调用 replay_segment({'start_frame': 76, 'end_frame': 109})
19:32:40 [INFO]   工具结果：轨迹 215 帧 76-109，原始 14 帧，展示 14 帧（步长 1）
19:32:41 [INFO]   步骤 2：调用 check_nearby_tracks({'track_id': 215, 'frame_range': [78, 86]})
19:32:41 [INFO]   工具结果：帧 82 轨迹 215 附近（150px）：发现 5 个附近轨迹：ID 201（距离45.7px），ID 222（距离56.8px），ID 224（距离51.3px），ID 229（距离97.0px）
19:32:42 [INFO]   步骤 3：调用 replay_segment({'start_frame': 76, 'end_frame': 109})
19:32:42 [INFO]   工具结果：轨迹 215 帧 76-109，原始 14 帧，展示 14 帧（步长 1）
19:32:43 [INFO]   步骤 4：调用 check_nearby_tracks({'track_id': 215, 'frame_range': [78, 86]})
19:32:43 [INFO]   工具结果：帧 82 轨迹 215 附近（150px）：发现 5 个附近轨迹：ID 201（距离45.7px），ID 222（距离56.8px），ID 224（距离51.3px），ID 229（距离97.0px）
19:32:44 [INFO]   步骤 5：调用 replay_segment({'start_frame': 76, 'end_frame': 109})
19:32:44 [INFO]   工具结果：轨迹 215 帧 76-109，原始 14 帧，展示 14 帧（步长 1）
19:32:45 [INFO]   步骤 6：调用 check_nearby_tracks({'track_id': 215, 'frame_range': [78, 86]})
19:32:45 [INFO]   工具结果：帧 82 轨迹 215 附近（150px）：发现 5 个附近轨迹：ID 201（距离45.7px），ID 222（距离56.8px），ID 224（距离51.3px），ID 229（距离97.0px）
19:32:45 [WARNING] 轨迹 215 达到最大调查步数，使用初始判断
19:32:45 [INFO]   → 确认：调查步数耗尽，沿用阶段一结论：目标在第78帧到第86帧间中断，消失超过5帧。
19:32:45 [INFO] [19/34] 调查轨迹 217
19:32:45 [INFO] 开始调查轨迹 217（miss）
19:32:46 [INFO]   步骤 1：调用 replay_segment({'start_frame': 444, 'end_frame': 458})
19:32:46 [INFO]   工具结果：轨迹 217 帧 444-458，原始 2 帧，展示 2 帧（步长 1）
19:32:47 [INFO]   步骤 2：调用 check_nearby_tracks({'frame_id': 458})
19:32:47 [INFO]   工具结果：帧 458 轨迹 217 附近（150px）：发现 7 个附近轨迹：ID 205（距离24.2px），ID 206（距离68.9px），ID 213（距离21.2px），ID 226（距离98.8px
19:32:48 [INFO]   步骤 3：调用 compare_appearances({'frame_id': 444, 'target_track_id': 217, 'nearby_track_id': 228})
19:32:48 [INFO]   工具结果：轨迹 217：帧444 vs 帧445，外观基本一致，非 ID 切换
19:32:48 [INFO]   步骤 4：调用 replay_segment({'start_frame': 444, 'end_frame': 458})
19:32:48 [INFO]   工具结果：轨迹 217 帧 444-458，原始 2 帧，展示 2 帧（步长 1）
19:32:49 [INFO]   步骤 5：调用 check_nearby_tracks({'frame_id': 458})
19:32:49 [INFO]   工具结果：帧 458 轨迹 217 附近（150px）：发现 7 个附近轨迹：ID 205（距离24.2px），ID 206（距离68.9px），ID 213（距离21.2px），ID 226（距离98.8px
19:32:50 [INFO]   步骤 6：调用 compare_appearances({'frame_id': 444, 'target_track_id': 217, 'nearby_track_id': 228})
19:32:50 [INFO]   工具结果：轨迹 217：帧444 vs 帧445，外观基本一致，非 ID 切换
19:32:50 [WARNING] 轨迹 217 达到最大调查步数，使用初始判断
19:32:50 [INFO]   → 确认：调查步数耗尽，沿用阶段一结论：在第444帧到第458帧间，目标轨迹中断，未检测到目标。
19:32:50 [INFO] [20/34] 调查轨迹 218
19:32:50 [INFO] 开始调查轨迹 218（drift）
19:32:51 [INFO]   步骤 1：调用 replay_segment({'start_frame': 119, 'end_frame': 135})
19:32:51 [INFO]   工具结果：轨迹 218 帧 119-135，原始 2 帧，展示 2 帧（步长 1）
19:32:53 [WARNING]   步骤 2：LLM 输出解析失败，终止调查
19:32:53 [WARNING] 轨迹 218 达到最大调查步数，使用初始判断
19:32:53 [INFO]   → 确认：调查步数耗尽，沿用阶段一结论：最大位移171.85，表明目标位置有异常跳变。
19:32:53 [INFO] [21/34] 调查轨迹 220
19:32:53 [INFO] 开始调查轨迹 220（miss）
19:32:54 [INFO]   步骤 1：调用 replay_segment({'start_frame': 335, 'end_frame': 347})
19:32:54 [INFO]   工具结果：轨迹 220 帧 335-347，原始 2 帧，展示 2 帧（步长 1）
19:32:55 [INFO]   步骤 2：调用 check_nearby_tracks({'track_id': 220, 'frame_range': [335, 347]})
19:32:55 [INFO]   工具结果：帧 341 轨迹 220 附近（150px）：发现 5 个附近轨迹：ID 200（距离44.6px），ID 202（距离32.6px），ID 211（距离77.3px），ID 231（距离29.5px
19:32:55 [INFO]   步骤 3：调用 replay_segment({'start_frame': 335, 'end_frame': 347})
19:32:55 [INFO]   工具结果：轨迹 220 帧 335-347，原始 2 帧，展示 2 帧（步长 1）
19:32:56 [INFO]   步骤 4：调用 check_nearby_tracks({'track_id': 220, 'frame_range': [335, 347]})
19:32:56 [INFO]   工具结果：帧 341 轨迹 220 附近（150px）：发现 5 个附近轨迹：ID 200（距离44.6px），ID 202（距离32.6px），ID 211（距离77.3px），ID 231（距离29.5px
19:32:57 [INFO]   步骤 5：调用 replay_segment({'start_frame': 335, 'end_frame': 347})
19:32:57 [INFO]   工具结果：轨迹 220 帧 335-347，原始 2 帧，展示 2 帧（步长 1）
19:32:58 [INFO]   步骤 6：调用 check_nearby_tracks({'track_id': 220, 'frame_range': [335, 347]})
19:32:58 [INFO]   工具结果：帧 341 轨迹 220 附近（150px）：发现 5 个附近轨迹：ID 200（距离44.6px），ID 202（距离32.6px），ID 211（距离77.3px），ID 231（距离29.5px
19:32:58 [WARNING] 轨迹 220 达到最大调查步数，使用初始判断
19:32:58 [INFO]   → 确认：调查步数耗尽，沿用阶段一结论：目标在第335帧至第347帧间中断
19:32:58 [INFO] [22/34] 调查轨迹 223
19:32:58 [INFO] 开始调查轨迹 223（drift）
19:32:59 [INFO]   步骤 1：调用 replay_segment({'start_frame': 270, 'end_frame': 286})
19:32:59 [INFO]   工具结果：轨迹 223 帧 270-286，原始 2 帧，展示 2 帧（步长 1）
19:33:00 [INFO]   步骤 2：调用 zoom_region({'frame_id': 270, 'region': [100, 100, 150, 150]})
19:33:00 [INFO]   工具结果：轨迹 223 第 270 帧放大 3.0x，已锐化
19:33:02 [INFO]   步骤 3：调用 zoom_region({'frame_id': 286, 'region': [100, 100, 150, 150]})
19:33:02 [INFO]   工具结果：轨迹 223 第 286 帧放大 3.0x，已锐化
19:33:03 [INFO]   步骤 4：调用 compare_appearances({'frame_1': 270, 'frame_2': 286})
19:33:03 [INFO]   工具结果：轨迹 223：帧270 vs 帧286，外观基本一致，非 ID 切换
19:33:05 [INFO]   步骤 5：调用 check_nearby_tracks({'frame_id': 270, 'radius': 10})
19:33:05 [INFO]   工具结果：帧 270 轨迹 223 附近（10px）：附近无其他轨迹
19:33:07 [INFO]   步骤 6：调用 check_nearby_tracks({'frame_id': 286, 'radius': 10})
19:33:07 [INFO]   工具结果：帧 286 轨迹 223 附近（10px）：附近无其他轨迹
19:33:07 [WARNING] 轨迹 223 达到最大调查步数，使用初始判断
19:33:07 [INFO]   → 确认：调查步数耗尽，沿用阶段一结论：最大位移发生在第270帧，之后目标位置出现异常跳变。
19:33:07 [INFO] [23/34] 调查轨迹 224
19:33:07 [INFO] 开始调查轨迹 224（miss）
19:33:07 [INFO]   步骤 1：调用 replay_segment({'start_frame': 465, 'end_frame': 561})
19:33:07 [INFO]   工具结果：轨迹 224 帧 465-561，原始 11 帧，展示 11 帧（步长 3）
19:33:08 [INFO]   步骤 2：调用 check_nearby_tracks({'frame_id': 542, 'radius': 10})
19:33:08 [INFO]   工具结果：帧 542 轨迹 224 附近（10px）：发现 1 个附近轨迹：ID 208（距离5.6px）
19:33:09 [INFO]   步骤 3：调用 replay_segment({'start_frame': 542, 'end_frame': 561})
19:33:09 [INFO]   工具结果：轨迹 224 帧 542-561，原始 2 帧，展示 2 帧（步长 1）
19:33:10 [INFO]   步骤 4：调用 compare_appearances({'frame_id_1': 542, 'frame_id_2': 561})
19:33:10 [INFO]   工具结果：轨迹 224：帧542 vs 帧561，外观基本一致，非 ID 切换
19:33:11 [INFO]   步骤 5：调用 replay_segment({'start_frame': 542, 'end_frame': 561})
19:33:11 [INFO]   工具结果：轨迹 224 帧 542-561，原始 2 帧，展示 2 帧（步长 1）
19:33:12 [INFO]   步骤 6：调用 check_nearby_tracks({'frame_id': 542, 'radius': 10})
19:33:12 [INFO]   工具结果：帧 542 轨迹 224 附近（10px）：发现 1 个附近轨迹：ID 208（距离5.6px）
19:33:12 [WARNING] 轨迹 224 达到最大调查步数，使用初始判断
19:33:12 [INFO]   → 确认：调查步数耗尽，沿用阶段一结论：轨迹在465帧后中断，持续至561帧。
19:33:12 [INFO] [24/34] 调查轨迹 225
19:33:12 [INFO] 开始调查轨迹 225（drift）
19:33:13 [INFO]   步骤 1：调用 replay_segment({'start_frame': 303, 'end_frame': 602})
19:33:13 [INFO]   工具结果：轨迹 225 帧 303-602，原始 42 帧，展示 32 帧（步长 7）
19:33:14 [INFO]   步骤 2：调用 check_nearby_tracks({'track_id': 225, 'frame_range': [303, 602]})
19:33:14 [INFO]   工具结果：帧 452 轨迹 225 附近（150px）：发现 8 个附近轨迹：ID 210（距离138.3px），ID 214（距离147.7px），ID 216（距离121.1px），ID 233（距离149
19:33:21 [INFO]   步骤 3：调用 compare_appearances({'frame_id': 452, 'track_id': 225})
19:33:21 [INFO]   工具结果：轨迹 225：帧452 vs 帧453，外观基本一致，非 ID 切换
19:33:22 [INFO]   步骤 4：调用 replay_segment({'start_frame': 452, 'end_frame': 453})
19:33:22 [INFO]   工具结果：轨迹 225 帧 452-453，原始 2 帧，展示 2 帧（步长 1）
19:33:24 [INFO]   步骤 5：调用 check_nearby_tracks({'track_id': 225, 'frame_range': [452, 453]})
19:33:24 [INFO]   工具结果：帧 452 轨迹 225 附近（150px）：发现 8 个附近轨迹：ID 210（距离138.3px），ID 214（距离147.7px），ID 216（距离121.1px），ID 233（距离149
19:33:25 [INFO]   步骤 6：调用 compare_appearances({'frame_id': 452, 'track_id': 225})
19:33:25 [INFO]   工具结果：轨迹 225：帧452 vs 帧453，外观基本一致，非 ID 切换
19:33:25 [WARNING] 轨迹 225 达到最大调查步数，使用初始判断
19:33:25 [INFO]   → 确认：调查步数耗尽，沿用阶段一结论：最大位移较大，存在异常跳变。
19:33:25 [INFO] [25/34] 调查轨迹 226
19:33:25 [INFO] 开始调查轨迹 226（drift）
19:33:26 [INFO]   步骤 1：调用 replay_segment({'start_frame': 311, 'end_frame': 602})
19:33:26 [INFO]   工具结果：轨迹 226 帧 311-602，原始 38 帧，展示 32 帧（步长 7）
19:33:26 [INFO]   步骤 2：调用 check_nearby_tracks({'start_frame': 311, 'end_frame': 602})
19:33:26 [INFO]   工具结果：缺少 frame_id/track_id
19:33:27 [INFO]   步骤 3：调用 compare_appearances({'start_frame': 311, 'end_frame': 602})
19:33:27 [INFO]   工具结果：轨迹 226：帧601 vs 帧602，外观基本一致，非 ID 切换
19:33:28 [INFO]   步骤 4：调用 replay_segment({'start_frame': 311, 'end_frame': 602})
19:33:28 [INFO]   工具结果：轨迹 226 帧 311-602，原始 38 帧，展示 32 帧（步长 7）
19:33:30 [INFO]   步骤 5：调用 zoom_region({'frame_id': 426, 'region': [300, 100, 400, 200]})
19:33:30 [INFO]   工具结果：轨迹 226 第 426 帧放大 3.0x，已锐化
19:33:32 [INFO]   步骤 6：调用 replay_segment({'start_frame': 311, 'end_frame': 602})
19:33:32 [INFO]   工具结果：轨迹 226 帧 311-602，原始 38 帧，展示 32 帧（步长 7）
19:33:32 [WARNING] 轨迹 226 达到最大调查步数，使用初始判断
19:33:32 [INFO]   → 确认：调查步数耗尽，沿用阶段一结论：最大位移74.51帧内有显著跳变，不符合运动规律。
19:33:32 [INFO] [26/34] 调查轨迹 227
19:33:32 [INFO] 开始调查轨迹 227（miss）
19:33:32 [INFO]   步骤 1：调用 replay_segment({'start_frame': 587, 'end_frame': 594})
19:33:32 [INFO]   工具结果：轨迹 227 帧 587-594，原始 2 帧，展示 2 帧（步长 1）
19:33:33 [INFO]   步骤 2：调用 check_nearby_tracks({'track_id': 227, 'frame_range': [587, 594]})
19:33:33 [INFO]   工具结果：帧 590 轨迹 227 附近（150px）：发现 7 个附近轨迹：ID 198（距离69.6px），ID 200（距离144.4px），ID 223（距离50.7px），ID 231（距离63.3p
19:33:34 [INFO]   步骤 3：调用 compare_appearances({'frame_id': 587, 'target_id': 227, 'compare_id': 227, 'frame_id_2': 594})
19:33:34 [INFO]   工具结果：轨迹 227：帧587 vs 帧594，外观基本一致，非 ID 切换
19:33:35 [INFO]   步骤 4：调用 replay_segment({'start_frame': 587, 'end_frame': 594})
19:33:35 [INFO]   工具结果：轨迹 227 帧 587-594，原始 2 帧，展示 2 帧（步长 1）
19:33:36 [INFO]   步骤 5：调用 check_nearby_tracks({'track_id': 227, 'frame_range': [587, 594]})
19:33:36 [INFO]   工具结果：帧 590 轨迹 227 附近（150px）：发现 7 个附近轨迹：ID 198（距离69.6px），ID 200（距离144.4px），ID 223（距离50.7px），ID 231（距离63.3p
19:33:38 [INFO]   步骤 6：调用 compare_appearances({'frame_id': 587, 'target_id': 227, 'compare_id': 227, 'frame_id_2': 594})
19:33:38 [INFO]   工具结果：轨迹 227：帧587 vs 帧594，外观基本一致，非 ID 切换
19:33:38 [WARNING] 轨迹 227 达到最大调查步数，使用初始判断
19:33:38 [INFO]   → 确认：调查步数耗尽，沿用阶段一结论：目标在第587帧后消失，持续7帧。
19:33:38 [INFO] [27/34] 调查轨迹 228
19:33:38 [INFO] 开始调查轨迹 228（miss）
19:33:38 [INFO]   步骤 1：调用 replay_segment({'start_frame': 400, 'end_frame': 412})
19:33:38 [INFO]   工具结果：轨迹 228 帧 400-412，原始 8 帧，展示 8 帧（步长 1）
19:33:39 [INFO]   步骤 2：调用 check_nearby_tracks({'track_id': 228, 'frame_range': [400, 412]})
19:33:39 [INFO]   工具结果：帧 406 轨迹 228 附近（150px）：发现 10 个附近轨迹：ID 204（距离129.8px），ID 205（距离112.8px），ID 206（距离66.9px），ID 210（距离147
19:33:40 [INFO]   步骤 3：调用 replay_segment({'start_frame': 400, 'end_frame': 412})
19:33:40 [INFO]   工具结果：轨迹 228 帧 400-412，原始 8 帧，展示 8 帧（步长 1）
19:33:41 [INFO]   步骤 4：调用 compare_appearances({'frame1': 405, 'frame2': 406})
19:33:41 [INFO]   工具结果：缺少 frame_id_a/frame_id_b
19:33:42 [INFO]   步骤 5：调用 replay_segment({'start_frame': 400, 'end_frame': 412})
19:33:42 [INFO]   工具结果：轨迹 228 帧 400-412，原始 8 帧，展示 8 帧（步长 1）
19:33:43 [INFO]   步骤 6：调用 check_nearby_tracks({'track_id': 228, 'frame_range': [400, 412]})
19:33:43 [INFO]   工具结果：帧 406 轨迹 228 附近（150px）：发现 10 个附近轨迹：ID 204（距离129.8px），ID 205（距离112.8px），ID 206（距离66.9px），ID 210（距离147
19:33:43 [WARNING] 轨迹 228 达到最大调查步数，使用初始判断
19:33:43 [INFO]   → 确认：调查步数耗尽，沿用阶段一结论：目标在第406帧后消失，持续6帧。
19:33:43 [INFO] [28/34] 调查轨迹 229
19:33:43 [INFO] 开始调查轨迹 229（miss）
19:33:44 [INFO]   步骤 1：调用 replay_segment({'start_frame': 410, 'end_frame': 419})
19:33:44 [INFO]   工具结果：轨迹 229 帧 410-419，原始 2 帧，展示 2 帧（步长 1）
19:33:45 [INFO]   步骤 2：调用 check_nearby_tracks({'track_id': 229, 'frame_range': [410, 419]})
19:33:45 [INFO]   工具结果：帧 414 轨迹 229 附近（150px）：发现 6 个附近轨迹：ID 201（距离32.9px），ID 211（距离123.8px），ID 215（距离18.7px），ID 220（距离60.3p
19:33:46 [INFO]   步骤 3：调用 compare_appearances({'track_id': 229, 'frame_range': [410, 419]})
19:33:46 [INFO]   工具结果：轨迹 229：帧414 vs 帧419，外观基本一致，非 ID 切换
19:33:47 [INFO]   步骤 4：调用 replay_segment({'start_frame': 410, 'end_frame': 419})
19:33:47 [INFO]   工具结果：轨迹 229 帧 410-419，原始 2 帧，展示 2 帧（步长 1）
19:33:48 [INFO]   步骤 5：调用 check_nearby_tracks({'track_id': 229, 'frame_range': [410, 419]})
19:33:48 [INFO]   工具结果：帧 414 轨迹 229 附近（150px）：发现 6 个附近轨迹：ID 201（距离32.9px），ID 211（距离123.8px），ID 215（距离18.7px），ID 220（距离60.3p
19:33:49 [INFO]   步骤 6：调用 compare_appearances({'track_id': 229, 'frame_range': [410, 419]})
19:33:49 [INFO]   工具结果：轨迹 229：帧414 vs 帧419，外观基本一致，非 ID 切换
19:33:49 [WARNING] 轨迹 229 达到最大调查步数，使用初始判断
19:33:49 [INFO]   → 确认：调查步数耗尽，沿用阶段一结论：目标在第410帧到第419帧间中断，消失超过5帧。
19:33:49 [INFO] [29/34] 调查轨迹 232
19:33:49 [INFO] 开始调查轨迹 232（drift）
19:33:49 [INFO]   步骤 1：调用 replay_segment({'start_frame': 516, 'end_frame': 531})
19:33:49 [INFO]   工具结果：轨迹 232 帧 516-531，原始 4 帧，展示 4 帧（步长 1）
19:33:50 [INFO]   步骤 2：调用 check_nearby_tracks({'track_id': 232, 'frame_range': [516, 531]})
19:33:50 [INFO]   工具结果：帧 523 轨迹 232 附近（150px）：发现 6 个附近轨迹：ID 211（距离44.0px），ID 215（距离30.0px），ID 220（距离56.2px），ID 222（距离30.2px
19:33:51 [INFO]   步骤 3：调用 replay_segment({'start_frame': 524, 'end_frame': 531})
19:33:51 [INFO]   工具结果：轨迹 232 帧 524-531，原始 2 帧，展示 2 帧（步长 1）
19:33:52 [INFO]   步骤 4：调用 check_nearby_tracks({'track_id': 232, 'frame_range': [524, 531]})
19:33:52 [INFO]   工具结果：帧 527 轨迹 232 附近（150px）：发现 6 个附近轨迹：ID 211（距离44.0px），ID 215（距离30.0px），ID 220（距离56.2px），ID 222（距离30.2px
19:33:53 [INFO]   步骤 5：调用 replay_segment({'start_frame': 524, 'end_frame': 531})
19:33:53 [INFO]   工具结果：轨迹 232 帧 524-531，原始 2 帧，展示 2 帧（步长 1）
19:33:54 [INFO]   步骤 6：调用 check_nearby_tracks({'track_id': 232, 'frame_range': [524, 531]})
19:33:54 [INFO]   工具结果：帧 527 轨迹 232 附近（150px）：发现 6 个附近轨迹：ID 211（距离44.0px），ID 215（距离30.0px），ID 220（距离56.2px），ID 222（距离30.2px
19:33:54 [WARNING] 轨迹 232 达到最大调查步数，使用初始判断
19:33:54 [INFO]   → 确认：调查步数耗尽，沿用阶段一结论：目标在516至531帧间位置异常跳变，不符合运动规律。
19:33:54 [INFO] [30/34] 调查轨迹 234
19:33:54 [INFO] 开始调查轨迹 234（miss）
19:33:55 [INFO]   步骤 1：调用 replay_segment({'start_frame': 518, 'end_frame': 530})
19:33:55 [INFO]   工具结果：轨迹 234 帧 518-530，原始 2 帧，展示 2 帧（步长 1）
19:33:56 [INFO]   步骤 2：调用 check_nearby_tracks({'track_id': 234, 'frame_range': [518, 530]})
19:33:56 [INFO]   工具结果：帧 524 轨迹 234 附近（150px）：发现 4 个附近轨迹：ID 207（距离24.7px），ID 218（距离136.2px），ID 219（距离91.1px），ID 221（距离8.0px
19:33:56 [INFO]   步骤 3：调用 compare_appearances({'track_id': 234, 'frame_range': [518, 530]})
19:33:56 [INFO]   工具结果：轨迹 234：帧524 vs 帧530，外观基本一致，非 ID 切换
19:33:57 [INFO]   步骤 4：调用 replay_segment({'start_frame': 518, 'end_frame': 530})
19:33:57 [INFO]   工具结果：轨迹 234 帧 518-530，原始 2 帧，展示 2 帧（步长 1）
19:33:58 [INFO]   步骤 5：调用 check_nearby_tracks({'track_id': 234, 'frame_range': [518, 530]})
19:33:58 [INFO]   工具结果：帧 524 轨迹 234 附近（150px）：发现 4 个附近轨迹：ID 207（距离24.7px），ID 218（距离136.2px），ID 219（距离91.1px），ID 221（距离8.0px
19:33:59 [INFO]   步骤 6：调用 compare_appearances({'track_id': 234, 'frame_range': [518, 530]})
19:33:59 [INFO]   工具结果：轨迹 234：帧524 vs 帧530，外观基本一致，非 ID 切换
19:33:59 [WARNING] 轨迹 234 达到最大调查步数，使用初始判断
19:33:59 [INFO]   → 确认：调查步数耗尽，沿用阶段一结论：目标在518帧后消失，持续12帧。
19:33:59 [INFO] [31/34] 调查轨迹 235
19:33:59 [INFO] 开始调查轨迹 235（miss）
19:34:00 [INFO]   步骤 1：调用 replay_segment({'start_frame': 505, 'end_frame': 525})
19:34:00 [INFO]   工具结果：轨迹 235 帧 505-525，原始 2 帧，展示 2 帧（步长 1）
19:34:01 [INFO]   步骤 2：调用 check_nearby_tracks({'track_id': 235, 'frame_range': [505, 525]})
19:34:01 [INFO]   工具结果：帧 515 轨迹 235 附近（150px）：发现 10 个附近轨迹：ID 204（距离26.3px），ID 210（距离13.1px），ID 214（距离25.7px），ID 216（距离27.1p
19:34:02 [INFO]   步骤 3：调用 replay_segment({'start_frame': 505, 'end_frame': 525})
19:34:02 [INFO]   工具结果：轨迹 235 帧 505-525，原始 2 帧，展示 2 帧（步长 1）
19:34:03 [INFO]   步骤 4：调用 check_nearby_tracks({'track_id': 235, 'frame_range': [505, 525]})
19:34:03 [INFO]   工具结果：帧 515 轨迹 235 附近（150px）：发现 10 个附近轨迹：ID 204（距离26.3px），ID 210（距离13.1px），ID 214（距离25.7px），ID 216（距离27.1p
19:34:04 [INFO]   步骤 5：调用 replay_segment({'start_frame': 505, 'end_frame': 525})
19:34:04 [INFO]   工具结果：轨迹 235 帧 505-525，原始 2 帧，展示 2 帧（步长 1）
19:34:05 [INFO]   步骤 6：调用 check_nearby_tracks({'track_id': 235, 'frame_range': [505, 525]})
19:34:05 [INFO]   工具结果：帧 515 轨迹 235 附近（150px）：发现 10 个附近轨迹：ID 204（距离26.3px），ID 210（距离13.1px），ID 214（距离25.7px），ID 216（距离27.1p
19:34:05 [WARNING] 轨迹 235 达到最大调查步数，使用初始判断
19:34:05 [INFO]   → 确认：调查步数耗尽，沿用阶段一结论：目标在第505帧至第525帧间中断，消失超过5帧。
19:34:05 [INFO] [32/34] 调查轨迹 236
19:34:05 [INFO] 开始调查轨迹 236（drift）
19:34:05 [INFO]   步骤 1：调用 replay_segment({'start_frame': 593, 'end_frame': 593})
19:34:05 [INFO]   工具结果：轨迹 236 帧 593-593，原始 1 帧，展示 1 帧（步长 1）
19:34:06 [INFO]   步骤 2：调用 check_nearby_tracks({'track_id': 236, 'frame_range': [592, 594]})
19:34:06 [INFO]   工具结果：帧 593 轨迹 236 附近（150px）：发现 7 个附近轨迹：ID 204（距离78.7px），ID 210（距离68.6px），ID 214（距离74.6px），ID 216（距离64.0px
19:34:07 [INFO]   步骤 3：调用 zoom_region({'frame_id': 593, 'region': [395, 178, 530, 385]})
19:34:07 [INFO]   工具结果：轨迹 236 第 593 帧放大 3.0x，已锐化
19:34:09 [INFO]   步骤 4：调用 compare_appearances({'frame_id': 592, 'target_frame_id': 593, 'region': [395, 178, 530, 385]})
19:34:09 [INFO]   工具结果：轨迹 236：帧592 vs 帧593，外观基本一致，非 ID 切换
19:34:10 [INFO]   步骤 5：调用 replay_segment({'start_frame': 592, 'end_frame': 594})
19:34:10 [INFO]   工具结果：轨迹 236 帧 592-594，原始 2 帧，展示 2 帧（步长 1）
19:34:12 [INFO]   步骤 6：调用 check_nearby_tracks({'track_id': 236, 'frame_range': [592, 594]})
19:34:12 [INFO]   工具结果：帧 593 轨迹 236 附近（150px）：发现 7 个附近轨迹：ID 204（距离78.7px），ID 210（距离68.6px），ID 214（距离74.6px），ID 216（距离64.0px
19:34:12 [WARNING] 轨迹 236 达到最大调查步数，使用初始判断
19:34:12 [INFO]   → 确认：调查步数耗尽，沿用阶段一结论：最大位移发生在第593帧，位置异常跳变。
19:34:12 [INFO] [33/34] 调查轨迹 239
19:34:12 [INFO] 开始调查轨迹 239（drift）
19:34:12 [INFO]   步骤 1：调用 replay_segment({'start_frame': 549, 'end_frame': 602})
19:34:13 [INFO]   工具结果：轨迹 239 帧 549-602，原始 27 帧，展示 27 帧（步长 2）
19:34:13 [INFO]   步骤 2：调用 check_nearby_tracks({'start_frame': 549, 'end_frame': 602})
19:34:13 [INFO]   工具结果：缺少 frame_id/track_id
19:34:14 [INFO]   步骤 3：调用 replay_segment({'start_frame': 549, 'end_frame': 602})
19:34:14 [INFO]   工具结果：轨迹 239 帧 549-602，原始 27 帧，展示 27 帧（步长 2）
19:34:16 [INFO]   步骤 4：调用 zoom_region({'frame_id': 561, 'region': [561, 561, 561, 561]})
19:34:16 [INFO]   工具结果：轨迹 239 第 561 帧放大 3.0x，已锐化
19:34:17 [INFO]   步骤 5：调用 replay_segment({'start_frame': 549, 'end_frame': 602})
19:34:17 [INFO]   工具结果：轨迹 239 帧 549-602，原始 27 帧，展示 27 帧（步长 2）
19:34:24 [INFO]   步骤 6：调用 check_nearby_tracks({'start_frame': 549, 'end_frame': 602})
19:34:24 [INFO]   工具结果：缺少 frame_id/track_id
19:34:24 [WARNING] 轨迹 239 达到最大调查步数，使用初始判断
19:34:24 [INFO]   → 确认：调查步数耗尽，沿用阶段一结论：最大位移较大，可能存在位置异常跳变。
19:34:24 [INFO] [34/34] 调查轨迹 240
19:34:24 [INFO] 开始调查轨迹 240（miss）
19:34:25 [INFO]   步骤 1：调用 replay_segment({'start_frame': 561, 'end_frame': 568})
19:34:25 [INFO]   工具结果：轨迹 240 帧 561-568，原始 2 帧，展示 2 帧（步长 1）
19:34:26 [INFO]   步骤 2：调用 check_nearby_tracks({'track_id': 240, 'frame_range': [561, 568]})
19:34:26 [INFO]   工具结果：帧 564 轨迹 240 附近（150px）：发现 7 个附近轨迹：ID 198（距离113.4px），ID 223（距离48.8px），ID 227（距离41.4px），ID 231（距离75.2p
19:34:26 [INFO]   步骤 3：调用 replay_segment({'start_frame': 554, 'end_frame': 561})
19:34:26 [INFO]   工具结果：轨迹 240 帧 554-561，原始 4 帧，展示 4 帧（步长 1）
19:34:27 [INFO]   步骤 4：调用 replay_segment({'start_frame': 568, 'end_frame': 575})
19:34:27 [INFO]   工具结果：轨迹 240 帧 568-575，原始 8 帧，展示 8 帧（步长 1）
19:34:28 [INFO]   步骤 5：调用 replay_segment({'start_frame': 554, 'end_frame': 561})
19:34:28 [INFO]   工具结果：轨迹 240 帧 554-561，原始 4 帧，展示 4 帧（步长 1）
19:34:29 [INFO]   步骤 6：调用 replay_segment({'start_frame': 568, 'end_frame': 575})
19:34:29 [INFO]   工具结果：轨迹 240 帧 568-575，原始 8 帧，展示 8 帧（步长 1）
19:34:29 [WARNING] 轨迹 240 达到最大调查步数，使用初始判断
19:34:29 [INFO]   → 确认：调查步数耗尽，沿用阶段一结论：目标在第561帧至第568帧间中断，消失超过5帧。
19:34:29 [INFO] ========================================
19:34:29 [INFO] [dancetrack0093] 阶段三：轨迹修正
19:34:29 [INFO] ========================================
19:34:29 [INFO] 正在分析轨迹 199（长度 534 帧）...
19:34:31 [INFO] 修正生效：track=199 type=miss frames=526-533
19:34:31 [INFO] 正在分析轨迹 200（长度 286 帧）...
19:34:32 [INFO] 修正生效：track=200 type=miss frames=270-286
19:34:32 [INFO] 修正跳过/失败：track=203 type=miss detail=可疑区间内无缺失帧可补全
19:34:32 [INFO] 正在分析轨迹 204（长度 58 帧）...
19:34:33 [INFO] 修正回滚：track=204 type=drift
19:34:33 [INFO] 正在分析轨迹 205（长度 43 帧）...
19:34:35 [INFO] 修正生效：track=205 type=drift frames=33-33
19:34:35 [INFO] 正在分析轨迹 206（长度 41 帧）...
19:34:36 [INFO] 修正生效：track=206 type=drift frames=33-33
19:34:36 [INFO] 正在分析轨迹 207（长度 501 帧）...
19:34:38 [INFO] 修正回滚：track=207 type=miss
19:34:38 [INFO] 修正跳过/失败：track=210 type=miss detail=缺少前后锚点，无法插值补全
19:34:38 [INFO] 正在分析轨迹 218（长度 242 帧）...
19:34:39 [INFO] 修正回滚：track=218 type=drift
19:34:39 [INFO] 修正跳过/失败：track=226 type=drift detail=缺少前后锚点，无法插值平滑
19:34:39 [INFO] 正在分析轨迹 227（长度 227 帧）...
19:34:41 [INFO] 修正生效：track=227 type=miss frames=587-594
19:34:41 [INFO] 修正跳过/失败：track=234 type=miss detail=缺少前后锚点，无法插值补全
19:34:41 [INFO] 修正跳过/失败：track=235 type=miss detail=缺少前后锚点，无法插值补全
19:34:41 [INFO] 正在分析轨迹 236（长度 72 帧）...
19:34:43 [INFO] 修正回滚：track=236 type=drift
19:34:43 [INFO] [dancetrack0093] 修正后 MOT 已保存至 /public/home/lyh_npu/code/PostMOT/corrected_mot/dancetrack0093.txt
19:34:43 [INFO] [dancetrack0093] 报告已保存至 /public/home/lyh_npu/code/PostMOT/pipeline_report_batch_seq_reports/dancetrack0093.json
19:34:43 [INFO] [34/35] 处理序列 dancetrack0095
19:34:56 [INFO] 加载轨迹 40 条
19:34:56 [INFO] ========================================
19:34:56 [INFO] [dancetrack0095] 阶段一：VLM 轨迹巡检
19:34:56 [INFO] ========================================
19:34:56 [INFO] 正在分析轨迹 412（长度 112 帧）...
19:34:58 [INFO] [可疑] 轨迹 412 — miss 置信度 0.90：目标在第101帧至第117帧间中断，消失超过5帧。
19:34:58 [INFO] 正在分析轨迹 413（长度 62 帧）...
19:35:00 [INFO] [可疑] 轨迹 413 — drift 置信度 0.90：最大位移发生在第43帧，位置异常跳变。
19:35:00 [INFO] 正在分析轨迹 414（长度 24 帧）...
19:35:01 [INFO] 正在分析轨迹 415（长度 403 帧）...
19:35:03 [INFO] [可疑] 轨迹 415 — drift 置信度 0.80：最大位移较大，存在异常跳变。
19:35:03 [INFO] 正在分析轨迹 416（长度 48 帧）...
19:35:04 [INFO] [可疑] 轨迹 416 — miss 置信度 0.90：目标在第38帧至第49帧间中断，消失超过5帧。
19:35:04 [INFO] 正在分析轨迹 417（长度 35 帧）...
19:35:06 [INFO] [可疑] 轨迹 417 — miss 置信度 0.80：目标在第29帧至第35帧间中断，消失超过5帧。
19:35:06 [INFO] 正在分析轨迹 418（长度 87 帧）...
19:35:07 [INFO] [可疑] 轨迹 418 — miss 置信度 0.80：目标在第13帧至第29帧间中断，消失超过5帧。
19:35:07 [INFO] 正在分析轨迹 419（长度 145 帧）...
19:35:08 [INFO] [可疑] 轨迹 419 — drift 置信度 0.80：最大位移较大，且在特定帧出现异常跳变
19:35:08 [INFO] 正在分析轨迹 420（长度 344 帧）...
19:35:10 [INFO] [可疑] 轨迹 420 — drift 置信度 0.80：最大位移46.23帧，表明存在显著位置跳变。
19:35:10 [INFO] 正在分析轨迹 421（长度 382 帧）...
19:35:11 [INFO] [可疑] 轨迹 421 — miss 置信度 0.90：轨迹中断，目标消失超过5帧
19:35:11 [INFO] 正在分析轨迹 422（长度 335 帧）...
19:35:13 [INFO] [可疑] 轨迹 422 — miss 置信度 0.90：目标在327帧后消失，持续至366帧。
19:35:13 [INFO] 正在分析轨迹 423（长度 243 帧）...
19:35:14 [INFO] [可疑] 轨迹 423 — drift 置信度 0.90：最大位移帧为83，位置异常跳变。
19:35:14 [INFO] 正在分析轨迹 424（长度 23 帧）...
19:35:16 [INFO] 正在分析轨迹 425（长度 310 帧）...
19:35:17 [INFO] [可疑] 轨迹 425 — miss 置信度 0.80：在第77帧到第83帧间，目标轨迹中断，未检测到目标。
19:35:17 [INFO] 正在分析轨迹 426（长度 370 帧）...
19:35:18 [INFO] [可疑] 轨迹 426 — drift 置信度 0.80：最大位移较大，存在异常跳变。
19:35:18 [INFO] 正在分析轨迹 427（长度 333 帧）...
19:35:27 [INFO] [可疑] 轨迹 427 — drift 置信度 0.90：最大位移帧159处目标位置异常跳变
19:35:27 [INFO] 正在分析轨迹 428（长度 149 帧）...
19:35:28 [INFO] [可疑] 轨迹 428 — miss 置信度 0.80：轨迹在第143帧至第151帧间中断
19:35:28 [INFO] 正在分析轨迹 429（长度 134 帧）...
19:35:30 [INFO] [可疑] 轨迹 429 — miss 置信度 0.80：目标在第28帧至第36帧间中断，消失超过5帧。
19:35:30 [INFO] 正在分析轨迹 430（长度 18 帧）...
19:35:31 [INFO] 正在分析轨迹 431（长度 375 帧）...
19:35:33 [INFO] [可疑] 轨迹 431 — drift 置信度 0.90：最大位移70.66，表明目标位置有异常跳变。
19:35:33 [INFO] 正在分析轨迹 432（长度 13 帧）...
19:35:34 [INFO] 正在分析轨迹 434（长度 234 帧）...
19:35:35 [INFO] [可疑] 轨迹 434 — miss 置信度 0.80：轨迹在360帧后中断，持续7帧。
19:35:35 [INFO] 正在分析轨迹 435（长度 277 帧）...
19:35:37 [INFO] [可疑] 轨迹 435 — drift 置信度 0.80：最大位移64.34帧内有显著跳变，不符合预期运动规律。
19:35:37 [INFO] 正在分析轨迹 436（长度 34 帧）...
19:35:38 [INFO] [可疑] 轨迹 436 — drift 置信度 0.70：最大位移较大，且在第144帧出现异常跳变。
19:35:38 [INFO] 正在分析轨迹 437（长度 167 帧）...
19:35:40 [INFO] [可疑] 轨迹 437 — miss 置信度 0.80：目标在第299帧至第318帧间中断，消失超过5帧。
19:35:40 [INFO] 正在分析轨迹 438（长度 18 帧）...
19:35:41 [INFO] [可疑] 轨迹 438 — miss 置信度 0.90：目标在166帧后消失，持续7帧。
19:35:41 [INFO] 正在分析轨迹 439（长度 119 帧）...
19:35:43 [INFO] [可疑] 轨迹 439 — drift 置信度 0.90：目标在第153帧位置异常跳变，不符合运动规律。
19:35:43 [INFO] 正在分析轨迹 441（长度 124 帧）...
19:35:44 [INFO] [可疑] 轨迹 441 — miss 置信度 0.90：在第284帧时，目标消失，持续了6帧。
19:35:44 [INFO] 正在分析轨迹 442（长度 198 帧）...
19:35:46 [INFO] [可疑] 轨迹 442 — drift 置信度 0.80：最大位移91.06，且在395帧出现异常跳变。
19:35:46 [INFO] 正在分析轨迹 443（长度 101 帧）...
19:35:47 [INFO] [可疑] 轨迹 443 — miss 置信度 0.80：目标在第305帧至第313帧间中断，持续8帧。
19:35:47 [INFO] 正在分析轨迹 444（长度 10 帧）...
19:35:49 [INFO] 正在分析轨迹 445（长度 85 帧）...
19:35:50 [INFO] [可疑] 轨迹 445 — miss 置信度 0.90：目标在301帧至318帧间中断，消失超过5帧。
19:35:50 [INFO] 正在分析轨迹 446（长度 55 帧）...
19:35:52 [INFO] [可疑] 轨迹 446 — miss 置信度 0.80：目标在第331帧至第337帧间中断，消失超过5帧。
19:35:52 [INFO] 正在分析轨迹 447（长度 69 帧）...
19:35:53 [INFO] [可疑] 轨迹 447 — miss 置信度 0.90：目标在373帧至380帧间中断，消失超过5帧。
19:35:53 [INFO] 正在分析轨迹 448（长度 52 帧）...
19:35:55 [INFO] [可疑] 轨迹 448 — drift 置信度 0.80：最大位移为129.71，且在第355帧和第401帧出现异常跳变。
19:35:55 [INFO] 正在分析轨迹 449（长度 10 帧）...
19:35:56 [INFO] [可疑] 轨迹 449 — miss 置信度 0.90：目标在第389帧到第395帧间中断，消失超过5帧。
19:35:56 [INFO] 正在分析轨迹 450（长度 6 帧）...
19:35:58 [INFO] 正在分析轨迹 451（长度 5 帧）...
19:35:59 [INFO] [dancetrack0095] 阶段一完成：31 条可疑轨迹，已保存至 /public/home/lyh_npu/code/PostMOT/pipeline_report_batch_seq_reports/dancetrack0095_stage1.json
19:35:59 [INFO] ========================================
19:35:59 [INFO] [dancetrack0095] 阶段二：LLM 工具调用调查
19:35:59 [INFO] ========================================
19:35:59 [INFO] [1/31] 调查轨迹 412
19:35:59 [INFO] 开始调查轨迹 412（miss）
19:36:00 [INFO]   步骤 1：调用 replay_segment({'start_frame': 101, 'end_frame': 117})
19:36:00 [INFO]   工具结果：轨迹 412 帧 101-117，原始 2 帧，展示 2 帧（步长 1）
19:36:01 [INFO]   步骤 2：调用 check_nearby_tracks({'track_id': 412, 'frame_range': [101, 117]})
19:36:01 [INFO]   工具结果：帧 109 轨迹 412 附近（150px）：发现 11 个附近轨迹：ID 414（距离120.4px），ID 417（距离30.5px），ID 418（距离49.4px），ID 424（距离118.
19:36:02 [INFO]   步骤 3：调用 compare_appearances({'track_id': 412, 'frame_range': [101, 117]})
19:36:02 [INFO]   工具结果：轨迹 412：帧109 vs 帧117，外观基本一致，非 ID 切换
19:36:03 [INFO]   步骤 4：调用 replay_segment({'start_frame': 101, 'end_frame': 117})
19:36:03 [INFO]   工具结果：轨迹 412 帧 101-117，原始 2 帧，展示 2 帧（步长 1）
19:36:04 [INFO]   步骤 5：调用 check_nearby_tracks({'track_id': 412, 'frame_range': [101, 117]})
19:36:04 [INFO]   工具结果：帧 109 轨迹 412 附近（150px）：发现 11 个附近轨迹：ID 414（距离120.4px），ID 417（距离30.5px），ID 418（距离49.4px），ID 424（距离118.
19:36:05 [INFO]   步骤 6：调用 compare_appearances({'track_id': 412, 'frame_range': [101, 117]})
19:36:05 [INFO]   工具结果：轨迹 412：帧109 vs 帧117，外观基本一致，非 ID 切换
19:36:05 [WARNING] 轨迹 412 达到最大调查步数，使用初始判断
19:36:05 [INFO]   → 确认：调查步数耗尽，沿用阶段一结论：目标在第101帧至第117帧间中断，消失超过5帧。
19:36:05 [INFO] [2/31] 调查轨迹 413
19:36:05 [INFO] 开始调查轨迹 413（drift）
19:36:06 [INFO]   步骤 1：调用 replay_segment({'start_frame': 43, 'end_frame': 43})
19:36:06 [INFO]   工具结果：轨迹 413 帧 43-43，原始 1 帧，展示 1 帧（步长 1）
19:36:07 [INFO]   步骤 2：调用 check_nearby_tracks({'track_id': 413, 'frame_range': [42, 44]})
19:36:07 [INFO]   工具结果：帧 43 轨迹 413 附近（150px）：发现 6 个附近轨迹：ID 416（距离148.3px），ID 419（距离61.4px），ID 429（距离127.1px），ID 436（距离121.3
19:36:08 [INFO]   步骤 3：调用 compare_appearances({'frame': 43, 'track_id': 413, 'nearby_track_id': 416})
19:36:08 [INFO]   工具结果：轨迹 413：帧43 vs 帧44，外观基本一致，非 ID 切换
19:36:09 [INFO]   步骤 4：调用 compare_appearances({'frame': 43, 'track_id': 413, 'nearby_track_id': 419})
19:36:09 [INFO]   工具结果：轨迹 413：帧43 vs 帧44，外观基本一致，非 ID 切换
19:36:10 [INFO]   步骤 5：调用 compare_appearances({'frame': 43, 'track_id': 413, 'nearby_track_id': 429})
19:36:10 [INFO]   工具结果：轨迹 413：帧43 vs 帧44，外观基本一致，非 ID 切换
19:36:11 [INFO]   步骤 6：调用 compare_appearances({'frame': 43, 'track_id': 413, 'nearby_track_id': 436})
19:36:11 [INFO]   工具结果：轨迹 413：帧43 vs 帧44，外观基本一致，非 ID 切换
19:36:11 [WARNING] 轨迹 413 达到最大调查步数，使用初始判断
19:36:11 [INFO]   → 确认：调查步数耗尽，沿用阶段一结论：最大位移发生在第43帧，位置异常跳变。
19:36:11 [INFO] [3/31] 调查轨迹 415
19:36:11 [INFO] 开始调查轨迹 415（drift）
19:36:12 [INFO]   步骤 1：调用 replay_segment({'track_id': 415, 'start_frame': 1, 'end_frame': 403})
19:36:12 [INFO]   工具结果：轨迹 415 帧 1-403，原始 45 帧，展示 32 帧（步长 9）
19:36:13 [INFO]   步骤 2：调用 check_nearby_tracks({'track_id': 415, 'frame_ids': [1, 403]})
19:36:13 [INFO]   工具结果：帧 1 轨迹 415 附近（150px）：发现 7 个附近轨迹：ID 417（距离131.1px），ID 424（距离101.4px），ID 432（距离71.1px），ID 435（距离36.3px
19:36:14 [INFO]   步骤 3：调用 compare_appearances({'track_id': 415, 'frame_ids': [1, 403]})
19:36:14 [INFO]   工具结果：轨迹 415：帧1 vs 帧403，外观差异显著，高度怀疑 ID 切换
19:36:16 [INFO]   步骤 4：调用 zoom_region({'track_id': 415, 'frame_ids': [1, 403], 'region': [200, 100, 250, 150]})
19:36:16 [INFO]   工具结果：轨迹 415 第 1 帧放大 3.0x，已锐化
19:36:18 [INFO]   步骤 5：调用 zoom_region({'track_id': 415, 'frame_ids': [403], 'region': [200, 100, 250, 150]})
19:36:18 [INFO]   工具结果：轨迹 415 第 403 帧放大 3.0x，已锐化
19:36:21 [INFO]   步骤 6：调用 compare_appearances({'track_id': 415, 'frame_ids': [1, 403]})
19:36:21 [INFO]   工具结果：轨迹 415：帧1 vs 帧403，外观差异显著，高度怀疑 ID 切换
19:36:21 [WARNING] 轨迹 415 达到最大调查步数，使用初始判断
19:36:21 [INFO]   → 确认：调查步数耗尽，沿用阶段一结论：最大位移较大，存在异常跳变。
19:36:21 [INFO] [4/31] 调查轨迹 416
19:36:21 [INFO] 开始调查轨迹 416（miss）
19:36:22 [INFO]   步骤 1：调用 replay_segment({'start_frame': 38, 'end_frame': 49})
19:36:22 [INFO]   工具结果：轨迹 416 帧 38-49，原始 2 帧，展示 2 帧（步长 1）
19:36:29 [INFO]   步骤 2：调用 check_nearby_tracks({'track_id': 416, 'frame_ids': [38, 49]})
19:36:29 [INFO]   工具结果：帧 38 轨迹 416 附近（150px）：发现 9 个附近轨迹：ID 419（距离102.7px），ID 427（距离73.8px），ID 429（距离2.8px），ID 430（距离140.9px
19:36:30 [INFO]   步骤 3：调用 replay_segment({'start_frame': 38, 'end_frame': 49})
19:36:30 [INFO]   工具结果：轨迹 416 帧 38-49，原始 2 帧，展示 2 帧（步长 1）
19:36:31 [INFO]   步骤 4：调用 compare_appearances({'frame_ids': [38, 49]})
19:36:31 [INFO]   工具结果：轨迹 416：帧38 vs 帧49，外观基本一致，非 ID 切换
19:36:32 [INFO]   步骤 5：调用 replay_segment({'start_frame': 38, 'end_frame': 49})
19:36:32 [INFO]   工具结果：轨迹 416 帧 38-49，原始 2 帧，展示 2 帧（步长 1）
19:36:33 [INFO]   步骤 6：调用 check_nearby_tracks({'track_id': 416, 'frame_ids': [38, 49]})
19:36:33 [INFO]   工具结果：帧 38 轨迹 416 附近（150px）：发现 9 个附近轨迹：ID 419（距离102.7px），ID 427（距离73.8px），ID 429（距离2.8px），ID 430（距离140.9px
19:36:33 [WARNING] 轨迹 416 达到最大调查步数，使用初始判断
19:36:33 [INFO]   → 确认：调查步数耗尽，沿用阶段一结论：目标在第38帧至第49帧间中断，消失超过5帧。
19:36:33 [INFO] [5/31] 调查轨迹 417
19:36:33 [INFO] 开始调查轨迹 417（miss）
19:36:33 [INFO]   步骤 1：调用 replay_segment({'start_frame': 29, 'end_frame': 35})
19:36:33 [INFO]   工具结果：轨迹 417 帧 29-35，原始 2 帧，展示 2 帧（步长 1）
19:36:34 [INFO]   步骤 2：调用 check_nearby_tracks({'track_id': 417, 'frame_range': [29, 35]})
19:36:34 [INFO]   工具结果：帧 32 轨迹 417 附近（150px）：发现 11 个附近轨迹：ID 412（距离19.4px），ID 414（距离96.8px），ID 418（距离134.8px），ID 422（距离132.8
19:36:35 [INFO]   步骤 3：调用 compare_appearances({'track_id': 417, 'frame_range': [29, 35]})
19:36:35 [INFO]   工具结果：轨迹 417：帧32 vs 帧35，外观基本一致，非 ID 切换
19:36:36 [INFO]   步骤 4：调用 replay_segment({'start_frame': 29, 'end_frame': 35})
19:36:36 [INFO]   工具结果：轨迹 417 帧 29-35，原始 2 帧，展示 2 帧（步长 1）
19:36:37 [INFO]   步骤 5：调用 check_nearby_tracks({'track_id': 417, 'frame_range': [29, 35]})
19:36:37 [INFO]   工具结果：帧 32 轨迹 417 附近（150px）：发现 11 个附近轨迹：ID 412（距离19.4px），ID 414（距离96.8px），ID 418（距离134.8px），ID 422（距离132.8
19:36:38 [INFO]   步骤 6：调用 compare_appearances({'track_id': 417, 'frame_range': [29, 35]})
19:36:38 [INFO]   工具结果：轨迹 417：帧32 vs 帧35，外观基本一致，非 ID 切换
19:36:38 [WARNING] 轨迹 417 达到最大调查步数，使用初始判断
19:36:38 [INFO]   → 确认：调查步数耗尽，沿用阶段一结论：目标在第29帧至第35帧间中断，消失超过5帧。
19:36:38 [INFO] [6/31] 调查轨迹 418
19:36:38 [INFO] 开始调查轨迹 418（miss）
19:36:39 [INFO]   步骤 1：调用 replay_segment({'start_frame': 13, 'end_frame': 29})
19:36:39 [INFO]   工具结果：轨迹 418 帧 13-29，原始 2 帧，展示 2 帧（步长 1）
19:36:39 [INFO]   步骤 2：调用 check_nearby_tracks({'track_id': 418, 'frame_ids': [13, 29]})
19:36:39 [INFO]   工具结果：帧 13 轨迹 418 附近（150px）：发现 9 个附近轨迹：ID 412（距离58.8px），ID 421（距离131.3px），ID 425（距离30.9px），ID 433（距离26.0px
19:36:40 [INFO]   步骤 3：调用 replay_segment({'start_frame': 29, 'end_frame': 30})
19:36:40 [INFO]   工具结果：轨迹 418 帧 29-30，原始 2 帧，展示 2 帧（步长 1）
19:36:41 [INFO]   步骤 4：调用 check_nearby_tracks({'track_id': 418, 'frame_ids': [29, 30]})
19:36:41 [INFO]   工具结果：帧 29 轨迹 418 附近（150px）：发现 8 个附近轨迹：ID 412（距离132.0px），ID 415（距离120.9px），ID 425（距离27.4px），ID 433（距离95.6p
19:36:42 [INFO]   步骤 5：调用 replay_segment({'start_frame': 29, 'end_frame': 30})
19:36:42 [INFO]   工具结果：轨迹 418 帧 29-30，原始 2 帧，展示 2 帧（步长 1）
19:36:43 [INFO]   步骤 6：调用 check_nearby_tracks({'track_id': 418, 'frame_ids': [29, 30]})
19:36:43 [INFO]   工具结果：帧 29 轨迹 418 附近（150px）：发现 8 个附近轨迹：ID 412（距离132.0px），ID 415（距离120.9px），ID 425（距离27.4px），ID 433（距离95.6p
19:36:43 [WARNING] 轨迹 418 达到最大调查步数，使用初始判断
19:36:43 [INFO]   → 确认：调查步数耗尽，沿用阶段一结论：目标在第13帧至第29帧间中断，消失超过5帧。
19:36:43 [INFO] [7/31] 调查轨迹 419
19:36:43 [INFO] 开始调查轨迹 419（drift）
19:36:44 [INFO]   步骤 1：调用 replay_segment({'start_frame': 48, 'end_frame': 143})
19:36:44 [INFO]   工具结果：轨迹 419 帧 48-143，原始 48 帧，展示 32 帧（步长 2）
19:36:45 [INFO]   步骤 2：调用 check_nearby_tracks({'track_id': 419, 'frame_range': [48, 143]})
19:36:45 [INFO]   工具结果：帧 95 轨迹 419 附近（150px）：发现 5 个附近轨迹：ID 413（距离71.3px），ID 429（距离100.9px），ID 436（距离113.5px），ID 444（距离68.8p
19:36:46 [INFO]   步骤 3：调用 replay_segment({'start_frame': 95, 'end_frame': 95})
19:36:46 [INFO]   工具结果：轨迹 419 帧 95-95，原始 1 帧，展示 1 帧（步长 1）
19:36:47 [INFO]   步骤 4：调用 zoom_region({'frame_id': 95, 'region': [140, 60, 450, 200]})
19:36:48 [INFO]   工具结果：轨迹 419 第 95 帧放大 3.0x，已锐化
19:36:49 [INFO]   步骤 5：调用 compare_appearances({'frame_1': 95, 'frame_2': 143})
19:36:49 [INFO]   工具结果：轨迹 419：帧95 vs 帧143，外观有差异，可能存在遮挡或光照变化
19:36:51 [INFO]   步骤 6：调用 replay_segment({'start_frame': 95, 'end_frame': 143})
19:36:51 [INFO]   工具结果：轨迹 419 帧 95-143，原始 25 帧，展示 25 帧（步长 2）
19:36:51 [WARNING] 轨迹 419 达到最大调查步数，使用初始判断
19:36:51 [INFO]   → 确认：调查步数耗尽，沿用阶段一结论：最大位移较大，且在特定帧出现异常跳变
19:36:51 [INFO] [8/31] 调查轨迹 420
19:36:51 [INFO] 开始调查轨迹 420（drift）
19:36:52 [INFO]   步骤 1：调用 replay_segment({'start_frame': 1, 'end_frame': 360})
19:36:52 [INFO]   工具结果：轨迹 420 帧 1-360，原始 43 帧，展示 32 帧（步长 8）
19:36:53 [INFO]   步骤 2：调用 check_nearby_tracks({'track_id': 420, 'frame_range': [1, 360]})
19:36:53 [INFO]   工具结果：帧 180 轨迹 420 附近（150px）：发现 10 个附近轨迹：ID 412（距离94.3px），ID 414（距离14.3px），ID 417（距离132.7px），ID 418（距离147.
19:36:54 [INFO]   步骤 3：调用 replay_segment({'start_frame': 180, 'end_frame': 180})
19:36:54 [INFO]   工具结果：轨迹 420 帧 180-180，原始 1 帧，展示 1 帧（步长 1）
19:36:55 [INFO]   步骤 4：调用 zoom_region({'frame_id': 180, 'region': [100, 100, 200, 200]})
19:36:55 [INFO]   工具结果：轨迹 420 第 180 帧放大 3.0x，已锐化
19:36:57 [INFO]   步骤 5：调用 compare_appearances({'frame_id_1': 180, 'frame_id_2': 181})
19:36:57 [INFO]   工具结果：轨迹 420：帧180 vs 帧181，外观基本一致，非 ID 切换
19:36:58 [INFO]   步骤 6：调用 replay_segment({'start_frame': 180, 'end_frame': 181})
19:36:58 [INFO]   工具结果：轨迹 420 帧 180-181，原始 2 帧，展示 2 帧（步长 1）
19:36:58 [WARNING] 轨迹 420 达到最大调查步数，使用初始判断
19:36:58 [INFO]   → 确认：调查步数耗尽，沿用阶段一结论：最大位移46.23帧，表明存在显著位置跳变。
19:36:58 [INFO] [9/31] 调查轨迹 421
19:36:58 [INFO] 开始调查轨迹 421（miss）
19:36:59 [INFO]   步骤 1：调用 replay_segment({'start_frame': 381, 'end_frame': 391})
19:36:59 [INFO]   工具结果：轨迹 421 帧 381-391，原始 2 帧，展示 2 帧（步长 1）
19:37:00 [INFO]   步骤 2：调用 check_nearby_tracks({'track_id': 421, 'frame_range': [381, 391]})
19:37:00 [INFO]   工具结果：帧 386 轨迹 421 附近（150px）：发现 8 个附近轨迹：ID 422（距离134.7px），ID 425（距离94.8px），ID 427（距离78.5px），ID 433（距离67.6p
19:37:01 [INFO]   步骤 3：调用 compare_appearances({'frame_id': 381, 'target_id': 421, 'compare_id': 425})
19:37:01 [INFO]   工具结果：轨迹 421：帧381 vs 帧382，外观基本一致，非 ID 切换
19:37:02 [INFO]   步骤 4：调用 compare_appearances({'frame_id': 382, 'target_id': 421, 'compare_id': 425})
19:37:02 [INFO]   工具结果：轨迹 421：帧382 vs 帧383，外观基本一致，非 ID 切换
19:37:03 [INFO]   步骤 5：调用 compare_appearances({'frame_id': 383, 'target_id': 421, 'compare_id': 425})
19:37:03 [INFO]   工具结果：轨迹 421：帧383 vs 帧384，外观基本一致，非 ID 切换
19:37:04 [INFO]   步骤 6：调用 compare_appearances({'frame_id': 384, 'target_id': 421, 'compare_id': 425})
19:37:04 [INFO]   工具结果：轨迹 421：帧384 vs 帧385，外观基本一致，非 ID 切换
19:37:04 [WARNING] 轨迹 421 达到最大调查步数，使用初始判断
19:37:04 [INFO]   → 确认：调查步数耗尽，沿用阶段一结论：轨迹中断，目标消失超过5帧
19:37:04 [INFO] [10/31] 调查轨迹 422
19:37:04 [INFO] 开始调查轨迹 422（miss）
19:37:05 [INFO]   步骤 1：调用 replay_segment({'start_frame': 327, 'end_frame': 366})
19:37:05 [INFO]   工具结果：轨迹 422 帧 327-366，原始 13 帧，展示 13 帧（步长 1）
19:37:06 [INFO]   步骤 2：调用 check_nearby_tracks({'track_id': 422, 'frame_range': [327, 366]})
19:37:06 [INFO]   工具结果：帧 346 轨迹 422 附近（150px）：发现 8 个附近轨迹：ID 418（距离146.9px），ID 425（距离52.8px），ID 433（距离46.1px），ID 434（距离90.6p
19:37:07 [INFO]   步骤 3：调用 compare_appearances({'frame_id': 327, 'target_id': 422, 'compare_id': 422, 'frame_range': [327, 366]})
19:37:07 [INFO]   工具结果：轨迹 422：帧327 vs 帧366，外观有差异，可能存在遮挡或光照变化
19:37:08 [INFO]   步骤 4：调用 replay_segment({'start_frame': 327, 'end_frame': 366})
19:37:08 [INFO]   工具结果：轨迹 422 帧 327-366，原始 13 帧，展示 13 帧（步长 1）
19:37:09 [INFO]   步骤 5：调用 check_nearby_tracks({'track_id': 422, 'frame_range': [327, 366]})
19:37:09 [INFO]   工具结果：帧 346 轨迹 422 附近（150px）：发现 8 个附近轨迹：ID 418（距离146.9px），ID 425（距离52.8px），ID 433（距离46.1px），ID 434（距离90.6p
19:37:11 [INFO]   步骤 6：调用 compare_appearances({'frame_id': 327, 'target_id': 422, 'compare_id': 422, 'frame_range': [327, 366]})
19:37:11 [INFO]   工具结果：轨迹 422：帧327 vs 帧366，外观有差异，可能存在遮挡或光照变化
19:37:11 [WARNING] 轨迹 422 达到最大调查步数，使用初始判断
19:37:11 [INFO]   → 确认：调查步数耗尽，沿用阶段一结论：目标在327帧后消失，持续至366帧。
19:37:11 [INFO] [11/31] 调查轨迹 423
19:37:11 [INFO] 开始调查轨迹 423（drift）
19:37:12 [INFO]   步骤 1：调用 replay_segment({'start_frame': 83, 'end_frame': 83})
19:37:12 [INFO]   工具结果：轨迹 423 帧 83-83，原始 1 帧，展示 1 帧（步长 1）
19:37:13 [INFO]   步骤 2：调用 zoom_region({'frame_id': 83, 'region': [100, 100, 100, 100]})
19:37:13 [INFO]   工具结果：轨迹 423 第 83 帧放大 3.0x，已锐化
19:37:15 [INFO]   步骤 3：调用 check_nearby_tracks({'frame_id': 83, 'radius': 10})
19:37:15 [INFO]   工具结果：帧 83 轨迹 423 附近（10px）：附近无其他轨迹
19:37:17 [INFO]   步骤 4：调用 replay_segment({'start_frame': 82, 'end_frame': 84})
19:37:17 [INFO]   工具结果：轨迹 423 帧 82-84，原始 3 帧，展示 3 帧（步长 1）
19:37:19 [INFO]   步骤 5：调用 compare_appearances({'frame_id_1': 82, 'frame_id_2': 83, 'frame_id_3': 84})
19:37:19 [INFO]   工具结果：轨迹 423：帧82 vs 帧83，外观基本一致，非 ID 切换
19:37:21 [INFO]   步骤 6：调用 compare_appearances({'frame_id_1': 83, 'frame_id_2': 84})
19:37:21 [INFO]   工具结果：轨迹 423：帧83 vs 帧84，外观基本一致，非 ID 切换
19:37:21 [WARNING] 轨迹 423 达到最大调查步数，使用初始判断
19:37:21 [INFO]   → 确认：调查步数耗尽，沿用阶段一结论：最大位移帧为83，位置异常跳变。
19:37:21 [INFO] [12/31] 调查轨迹 425
19:37:21 [INFO] 开始调查轨迹 425（miss）
19:37:21 [INFO]   步骤 1：调用 replay_segment({'start_frame': 77, 'end_frame': 83})
19:37:21 [INFO]   工具结果：轨迹 425 帧 77-83，原始 2 帧，展示 2 帧（步长 1）
19:37:22 [INFO]   步骤 2：调用 check_nearby_tracks({'frame_id': 77, 'radius': 10})
19:37:22 [INFO]   工具结果：帧 77 轨迹 425 附近（10px）：发现 1 个附近轨迹：ID 433（距离8.5px）
19:37:23 [INFO]   步骤 3：调用 check_nearby_tracks({'frame_id': 83, 'radius': 10})
19:37:23 [INFO]   工具结果：帧 83 轨迹 425 附近（10px）：附近无其他轨迹
19:37:24 [INFO]   步骤 4：调用 replay_segment({'start_frame': 76, 'end_frame': 84})
19:37:24 [INFO]   工具结果：轨迹 425 帧 76-84，原始 4 帧，展示 4 帧（步长 1）
19:37:25 [INFO]   步骤 5：调用 compare_appearances({'frame_id_1': 77, 'frame_id_2': 83})
19:37:25 [INFO]   工具结果：轨迹 425：帧77 vs 帧83，外观基本一致，非 ID 切换
19:37:32 [INFO]   步骤 6：调用 replay_segment({'start_frame': 76, 'end_frame': 84})
19:37:32 [INFO]   工具结果：轨迹 425 帧 76-84，原始 4 帧，展示 4 帧（步长 1）
19:37:32 [WARNING] 轨迹 425 达到最大调查步数，使用初始判断
19:37:32 [INFO]   → 确认：调查步数耗尽，沿用阶段一结论：在第77帧到第83帧间，目标轨迹中断，未检测到目标。
19:37:32 [INFO] [13/31] 调查轨迹 426
19:37:32 [INFO] 开始调查轨迹 426（drift）
19:37:32 [INFO]   步骤 1：调用 replay_segment({'track_id': 426, 'start_frame': 1, 'end_frame': 373})
19:37:32 [INFO]   工具结果：轨迹 426 帧 1-373，原始 47 帧，展示 32 帧（步长 8）
19:37:34 [INFO]   步骤 2：调用 check_nearby_tracks({'track_id': 426, 'frame_ids': [1, 373]})
19:37:34 [INFO]   工具结果：帧 1 轨迹 426 附近（150px）：发现 1 个附近轨迹：ID 450（距离30.9px）
19:37:35 [INFO]   步骤 3：调用 zoom_region({'track_id': 426, 'frame_id': 1, 'region': [0.88, 590.1, 169.28, 325.22]})
19:37:35 [INFO]   工具结果：轨迹 426 第 1 帧放大 3.0x，已锐化
19:37:37 [INFO]   步骤 4：调用 compare_appearances({'track_id': 426, 'frame_ids': [1, 373]})
19:37:37 [INFO]   工具结果：轨迹 426：帧1 vs 帧373，外观差异显著，高度怀疑 ID 切换
19:37:39 [INFO]   步骤 5：调用 replay_segment({'track_id': 426, 'start_frame': 1, 'end_frame': 373})
19:37:39 [INFO]   工具结果：轨迹 426 帧 1-373，原始 47 帧，展示 32 帧（步长 8）
19:37:40 [INFO]   步骤 6：调用 check_nearby_tracks({'track_id': 426, 'frame_ids': [1, 373]})
19:37:40 [INFO]   工具结果：帧 1 轨迹 426 附近（150px）：发现 1 个附近轨迹：ID 450（距离30.9px）
19:37:40 [WARNING] 轨迹 426 达到最大调查步数，使用初始判断
19:37:40 [INFO]   → 确认：调查步数耗尽，沿用阶段一结论：最大位移较大，存在异常跳变。
19:37:40 [INFO] [14/31] 调查轨迹 427
19:37:40 [INFO] 开始调查轨迹 427（drift）
19:37:41 [INFO]   步骤 1：调用 replay_segment({'start_frame': 159, 'end_frame': 159})
19:37:41 [INFO]   工具结果：轨迹 427 帧 159-159，原始 1 帧，展示 1 帧（步长 1）
19:37:42 [INFO]   步骤 2：调用 zoom_region({'frame_id': 159, 'region': [100, 100, 100, 100]})
19:37:42 [INFO]   工具结果：轨迹 427 第 159 帧放大 3.0x，已锐化
19:37:43 [INFO]   步骤 3：调用 check_nearby_tracks({'frame_id': 159, 'radius': 10})
19:37:43 [INFO]   工具结果：帧 159 轨迹 427 附近（10px）：附近无其他轨迹
19:37:45 [INFO]   步骤 4：调用 replay_segment({'start_frame': 158, 'end_frame': 160})
19:37:45 [INFO]   工具结果：轨迹 427 帧 158-160，原始 2 帧，展示 2 帧（步长 1）
19:37:46 [INFO]   步骤 5：调用 compare_appearances({'frame_id_1': 158, 'frame_id_2': 159})
19:37:46 [INFO]   工具结果：轨迹 427：帧158 vs 帧159，外观基本一致，非 ID 切换
19:37:47 [INFO]   步骤 6：调用 replay_segment({'start_frame': 157, 'end_frame': 161})
19:37:47 [INFO]   工具结果：轨迹 427 帧 157-161，原始 2 帧，展示 2 帧（步长 1）
19:37:47 [WARNING] 轨迹 427 达到最大调查步数，使用初始判断
19:37:47 [INFO]   → 确认：调查步数耗尽，沿用阶段一结论：最大位移帧159处目标位置异常跳变
19:37:47 [INFO] [15/31] 调查轨迹 428
19:37:47 [INFO] 开始调查轨迹 428（miss）
19:37:48 [INFO]   步骤 1：调用 replay_segment({'start_frame': 143, 'end_frame': 151})
19:37:48 [INFO]   工具结果：轨迹 428 帧 143-151，原始 2 帧，展示 2 帧（步长 1）
19:37:49 [INFO]   步骤 2：调用 check_nearby_tracks({'frame_id': 143, 'radius': 10})
19:37:49 [INFO]   工具结果：帧 143 轨迹 428 附近（10px）：附近无其他轨迹
19:37:49 [INFO]   步骤 3：调用 replay_segment({'start_frame': 150, 'end_frame': 151})
19:37:49 [INFO]   工具结果：轨迹 428 帧 150-151，原始 1 帧，展示 1 帧（步长 1）
19:37:50 [INFO]   步骤 4：调用 check_nearby_tracks({'frame_id': 151, 'radius': 10})
19:37:50 [INFO]   工具结果：帧 151 轨迹 428 附近（10px）：附近无其他轨迹
19:37:51 [INFO]   步骤 5：调用 replay_segment({'start_frame': 149, 'end_frame': 151})
19:37:51 [INFO]   工具结果：轨迹 428 帧 149-151，原始 1 帧，展示 1 帧（步长 1）
19:37:52 [INFO]   步骤 6：调用 check_nearby_tracks({'frame_id': 151, 'radius': 10})
19:37:52 [INFO]   工具结果：帧 151 轨迹 428 附近（10px）：附近无其他轨迹
19:37:52 [WARNING] 轨迹 428 达到最大调查步数，使用初始判断
19:37:52 [INFO]   → 确认：调查步数耗尽，沿用阶段一结论：轨迹在第143帧至第151帧间中断
19:37:52 [INFO] [16/31] 调查轨迹 429
19:37:52 [INFO] 开始调查轨迹 429（miss）
19:37:53 [INFO]   步骤 1：调用 replay_segment({'start_frame': 28, 'end_frame': 36})
19:37:53 [INFO]   工具结果：轨迹 429 帧 28-36，原始 2 帧，展示 2 帧（步长 1）
19:37:54 [INFO]   步骤 2：调用 check_nearby_tracks({'track_id': 429, 'frame_range': [28, 36]})
19:37:54 [INFO]   工具结果：帧 32 轨迹 429 附近（150px）：发现 7 个附近轨迹：ID 413（距离140.8px），ID 416（距离45.3px），ID 419（距离52.3px），ID 436（距离4.7px）
19:37:54 [INFO]   步骤 3：调用 replay_segment({'start_frame': 32, 'end_frame': 32})
19:37:54 [INFO]   工具结果：轨迹 429 在帧 32-32 内无数据
19:37:55 [INFO]   步骤 4：调用 compare_appearances({'frame1': 31, 'frame2': 32})
19:37:55 [INFO]   工具结果：缺少 frame_id_a/frame_id_b
19:37:56 [INFO]   步骤 5：调用 replay_segment({'start_frame': 28, 'end_frame': 36})
19:37:56 [INFO]   工具结果：轨迹 429 帧 28-36，原始 2 帧，展示 2 帧（步长 1）
19:37:57 [INFO]   步骤 6：调用 check_nearby_tracks({'track_id': 429, 'frame_range': [28, 36]})
19:37:57 [INFO]   工具结果：帧 32 轨迹 429 附近（150px）：发现 7 个附近轨迹：ID 413（距离140.8px），ID 416（距离45.3px），ID 419（距离52.3px），ID 436（距离4.7px）
19:37:57 [WARNING] 轨迹 429 达到最大调查步数，使用初始判断
19:37:57 [INFO]   → 确认：调查步数耗尽，沿用阶段一结论：目标在第28帧至第36帧间中断，消失超过5帧。
19:37:57 [INFO] [17/31] 调查轨迹 431
19:37:57 [INFO] 开始调查轨迹 431（drift）
19:37:58 [INFO]   步骤 1：调用 replay_segment({'start_frame': 122, 'end_frame': 122})
19:37:58 [INFO]   工具结果：轨迹 431 帧 122-122，原始 1 帧，展示 1 帧（步长 1）
19:37:59 [INFO]   步骤 2：调用 zoom_region({'frame_id': 122, 'region': [100, 100, 100, 100]})
19:37:59 [INFO]   工具结果：轨迹 431 第 122 帧放大 3.0x，已锐化
19:38:00 [INFO]   步骤 3：调用 check_nearby_tracks({'frame_id': 122, 'radius': 10})
19:38:00 [INFO]   工具结果：帧 122 轨迹 431 附近（10px）：发现 1 个附近轨迹：ID 420（距离0.3px）
19:38:01 [INFO]   步骤 4：调用 compare_appearances({'frame_id': 122, 'track_id': 431, 'reference_frame_id': 121, 'reference_track_id': 431})
19:38:01 [INFO]   工具结果：轨迹 431：帧121 vs 帧122，外观基本一致，非 ID 切换
19:38:03 [INFO]   步骤 5：调用 replay_segment({'start_frame': 121, 'end_frame': 123})
19:38:03 [INFO]   工具结果：轨迹 431 帧 121-123，原始 3 帧，展示 3 帧（步长 1）
19:38:04 [INFO]   步骤 6：调用 check_nearby_tracks({'frame_id': 122, 'radius': 10})
19:38:04 [INFO]   工具结果：帧 122 轨迹 431 附近（10px）：发现 1 个附近轨迹：ID 420（距离0.3px）
19:38:04 [WARNING] 轨迹 431 达到最大调查步数，使用初始判断
19:38:04 [INFO]   → 确认：调查步数耗尽，沿用阶段一结论：最大位移70.66，表明目标位置有异常跳变。
19:38:04 [INFO] [18/31] 调查轨迹 434
19:38:04 [INFO] 开始调查轨迹 434（miss）
19:38:05 [INFO]   步骤 1：调用 replay_segment({'start_frame': 360, 'end_frame': 385})
19:38:05 [INFO]   工具结果：轨迹 434 帧 360-385，原始 6 帧，展示 6 帧（步长 1）
19:38:05 [INFO]   步骤 2：调用 check_nearby_tracks({'frame_id': 360, 'radius': 10})
19:38:05 [INFO]   工具结果：帧 360 轨迹 434 附近（10px）：附近无其他轨迹
19:38:06 [INFO]   步骤 3：调用 check_nearby_tracks({'frame_id': 366, 'radius': 10})
19:38:06 [INFO]   工具结果：帧 366 轨迹 434 附近（10px）：附近无其他轨迹
19:38:07 [INFO]   步骤 4：调用 check_nearby_tracks({'frame_id': 373, 'radius': 10})
19:38:07 [INFO]   工具结果：帧 373 轨迹 434 附近（10px）：附近无其他轨迹
19:38:08 [INFO]   步骤 5：调用 check_nearby_tracks({'frame_id': 374, 'radius': 10})
19:38:08 [INFO]   工具结果：帧 374 轨迹 434 附近（10px）：附近无其他轨迹
19:38:09 [INFO]   步骤 6：调用 check_nearby_tracks({'frame_id': 378, 'radius': 10})
19:38:09 [INFO]   工具结果：帧 378 轨迹 434 附近（10px）：发现 1 个附近轨迹：ID 425（距离7.6px）
19:38:09 [WARNING] 轨迹 434 达到最大调查步数，使用初始判断
19:38:09 [INFO]   → 确认：调查步数耗尽，沿用阶段一结论：轨迹在360帧后中断，持续7帧。
19:38:09 [INFO] [19/31] 调查轨迹 435
19:38:09 [INFO] 开始调查轨迹 435（drift）
19:38:10 [INFO]   步骤 1：调用 replay_segment({'start_frame': 127, 'end_frame': 403})
19:38:10 [INFO]   工具结果：轨迹 435 帧 127-403，原始 47 帧，展示 32 帧（步长 6）
19:38:11 [INFO]   步骤 2：调用 check_nearby_tracks({'track_id': 435, 'frame_range': [127, 403]})
19:38:11 [INFO]   工具结果：帧 265 轨迹 435 附近（150px）：发现 5 个附近轨迹：ID 430（距离149.9px），ID 439（距离120.4px），ID 442（距离100.2px），ID 443（距离81.
19:38:12 [INFO]   步骤 3：调用 compare_appearances({'frame_id': 265, 'track_id': 435, 'nearby_track_id': 430})
19:38:12 [INFO]   工具结果：轨迹 435：帧265 vs 帧266，外观基本一致，非 ID 切换
19:38:13 [INFO]   步骤 4：调用 compare_appearances({'frame_id': 265, 'track_id': 435, 'nearby_track_id': 439})
19:38:13 [INFO]   工具结果：轨迹 435：帧265 vs 帧266，外观基本一致，非 ID 切换
19:38:15 [INFO]   步骤 5：调用 compare_appearances({'frame_id': 265, 'track_id': 435, 'nearby_track_id': 442})
19:38:15 [INFO]   工具结果：轨迹 435：帧265 vs 帧266，外观基本一致，非 ID 切换
19:38:16 [INFO]   步骤 6：调用 compare_appearances({'frame_id': 265, 'track_id': 435, 'nearby_track_id': 443})
19:38:16 [INFO]   工具结果：轨迹 435：帧265 vs 帧266，外观基本一致，非 ID 切换
19:38:16 [WARNING] 轨迹 435 达到最大调查步数，使用初始判断
19:38:16 [INFO]   → 确认：调查步数耗尽，沿用阶段一结论：最大位移64.34帧内有显著跳变，不符合预期运动规律。
19:38:16 [INFO] [20/31] 调查轨迹 436
19:38:16 [INFO] 开始调查轨迹 436（drift）
19:38:17 [INFO]   步骤 1：调用 replay_segment({'start_frame': 129, 'end_frame': 166})
19:38:17 [INFO]   工具结果：轨迹 436 帧 129-166，原始 34 帧，展示 32 帧（步长 1）
19:38:18 [INFO]   步骤 2：调用 check_nearby_tracks({'track_id': 436, 'frame_range': [129, 166]})
19:38:18 [INFO]   工具结果：帧 147 轨迹 436 附近（150px）：发现 6 个附近轨迹：ID 413（距离55.9px），ID 416（距离138.2px），ID 419（距离1.5px），ID 429（距离92.6px
19:38:19 [INFO]   步骤 3：调用 compare_appearances({'frame_id': 144, 'track_id': 436})
19:38:19 [INFO]   工具结果：轨迹 436：帧144 vs 帧145，外观基本一致，非 ID 切换
19:38:20 [INFO]   步骤 4：调用 replay_segment({'start_frame': 144, 'end_frame': 145})
19:38:20 [INFO]   工具结果：轨迹 436 帧 144-145，原始 1 帧，展示 1 帧（步长 1）
19:38:21 [INFO]   步骤 5：调用 check_nearby_tracks({'track_id': 436, 'frame_range': [144, 145]})
19:38:21 [INFO]   工具结果：帧 144 轨迹 436 附近（150px）：发现 6 个附近轨迹：ID 413（距离17.0px），ID 416（距离83.7px），ID 419（距离4.5px），ID 429（距离59.7px）
19:38:22 [INFO]   步骤 6：调用 compare_appearances({'frame_id': 144, 'track_id': 436})
19:38:22 [INFO]   工具结果：轨迹 436：帧144 vs 帧145，外观基本一致，非 ID 切换
19:38:22 [WARNING] 轨迹 436 达到最大调查步数，使用初始判断
19:38:22 [INFO]   → 确认：调查步数耗尽，沿用阶段一结论：最大位移较大，且在第144帧出现异常跳变。
19:38:22 [INFO] [21/31] 调查轨迹 437
19:38:22 [INFO] 开始调查轨迹 437（miss）
19:38:23 [INFO]   步骤 1：调用 replay_segment({'start_frame': 299, 'end_frame': 318})
19:38:23 [INFO]   工具结果：轨迹 437 帧 299-318，原始 2 帧，展示 2 帧（步长 1）
19:38:24 [INFO]   步骤 2：调用 check_nearby_tracks({'track_id': 437, 'frame_range': [299, 318]})
19:38:24 [INFO]   工具结果：帧 308 轨迹 437 附近（150px）：发现 11 个附近轨迹：ID 412（距离42.2px），ID 414（距离70.4px），ID 417（距离79.6px），ID 418（距离90.7p
19:38:25 [INFO]   步骤 3：调用 replay_segment({'start_frame': 299, 'end_frame': 318})
19:38:25 [INFO]   工具结果：轨迹 437 帧 299-318，原始 2 帧，展示 2 帧（步长 1）
19:38:26 [INFO]   步骤 4：调用 check_nearby_tracks({'track_id': 437, 'frame_range': [299, 318]})
19:38:26 [INFO]   工具结果：帧 308 轨迹 437 附近（150px）：发现 11 个附近轨迹：ID 412（距离42.2px），ID 414（距离70.4px），ID 417（距离79.6px），ID 418（距离90.7p
19:38:27 [INFO]   步骤 5：调用 replay_segment({'start_frame': 299, 'end_frame': 318})
19:38:27 [INFO]   工具结果：轨迹 437 帧 299-318，原始 2 帧，展示 2 帧（步长 1）
19:38:28 [INFO]   步骤 6：调用 check_nearby_tracks({'track_id': 437, 'frame_range': [299, 318]})
19:38:28 [INFO]   工具结果：帧 308 轨迹 437 附近（150px）：发现 11 个附近轨迹：ID 412（距离42.2px），ID 414（距离70.4px），ID 417（距离79.6px），ID 418（距离90.7p
19:38:28 [WARNING] 轨迹 437 达到最大调查步数，使用初始判断
19:38:28 [INFO]   → 确认：调查步数耗尽，沿用阶段一结论：目标在第299帧至第318帧间中断，消失超过5帧。
19:38:28 [INFO] [22/31] 调查轨迹 438
19:38:28 [INFO] 开始调查轨迹 438（miss）
19:38:35 [INFO]   步骤 1：调用 replay_segment({'start_frame': 166, 'end_frame': 173})
19:38:35 [INFO]   工具结果：轨迹 438 帧 166-173，原始 2 帧，展示 2 帧（步长 1）
19:38:36 [INFO]   步骤 2：调用 check_nearby_tracks({'track_id': 438, 'frame_range': [166, 173]})
19:38:36 [INFO]   工具结果：帧 169 轨迹 438 附近（150px）：发现 8 个附近轨迹：ID 418（距离146.1px），ID 425（距离85.4px），ID 433（距离51.8px），ID 434（距离10.9p
19:38:37 [INFO]   步骤 3：调用 compare_appearances({'frame_id': 166, 'target_id': 438, 'reference_id': 438, 'frame_range': [166, 173]})
19:38:37 [INFO]   工具结果：轨迹 438：帧166 vs 帧173，外观基本一致，非 ID 切换
19:38:38 [INFO]   步骤 4：调用 replay_segment({'start_frame': 150, 'end_frame': 166})
19:38:38 [INFO]   工具结果：轨迹 438 帧 150-166，原始 16 帧，展示 16 帧（步长 1）
19:38:39 [INFO]   步骤 5：调用 replay_segment({'start_frame': 166, 'end_frame': 174})
19:38:39 [INFO]   工具结果：轨迹 438 帧 166-174，原始 3 帧，展示 3 帧（步长 1）
19:38:40 [INFO]   步骤 6：调用 check_nearby_tracks({'track_id': 438, 'frame_range': [166, 174]})
19:38:40 [INFO]   工具结果：帧 170 轨迹 438 附近（150px）：发现 9 个附近轨迹：ID 417（距离132.4px），ID 418（距离105.9px），ID 422（距离89.8px），ID 425（距离99.1
19:38:40 [WARNING] 轨迹 438 达到最大调查步数，使用初始判断
19:38:40 [INFO]   → 确认：调查步数耗尽，沿用阶段一结论：目标在166帧后消失，持续7帧。
19:38:40 [INFO] [23/31] 调查轨迹 439
19:38:40 [INFO] 开始调查轨迹 439（drift）
19:38:41 [INFO]   步骤 1：调用 replay_segment({'start_frame': 153, 'end_frame': 153})
19:38:41 [INFO]   工具结果：轨迹 439 帧 153-153，原始 1 帧，展示 1 帧（步长 1）
19:38:42 [INFO]   步骤 2：调用 check_nearby_tracks({'track_id': 439, 'frame_range': [152, 154]})
19:38:42 [INFO]   工具结果：帧 153 轨迹 439 附近（150px）：发现 6 个附近轨迹：ID 415（距离104.7px），ID 433（距离79.4px），ID 434（距离91.6px），ID 443（距离23.5p
19:38:43 [INFO]   步骤 3：调用 compare_appearances({'frame': 153, 'track_id': 439, 'nearby_track_id': 443})
19:38:43 [INFO]   工具结果：轨迹 439：帧153 vs 帧154，外观基本一致，非 ID 切换
19:38:43 [INFO]   步骤 4：调用 replay_segment({'start_frame': 152, 'end_frame': 154})
19:38:43 [INFO]   工具结果：轨迹 439 帧 152-154，原始 2 帧，展示 2 帧（步长 1）
19:38:44 [INFO]   步骤 5：调用 check_nearby_tracks({'track_id': 439, 'frame_range': [152, 154]})
19:38:44 [INFO]   工具结果：帧 153 轨迹 439 附近（150px）：发现 6 个附近轨迹：ID 415（距离104.7px），ID 433（距离79.4px），ID 434（距离91.6px），ID 443（距离23.5p
19:38:46 [INFO]   步骤 6：调用 compare_appearances({'frame': 153, 'track_id': 439, 'nearby_track_id': 443})
19:38:46 [INFO]   工具结果：轨迹 439：帧153 vs 帧154，外观基本一致，非 ID 切换
19:38:46 [WARNING] 轨迹 439 达到最大调查步数，使用初始判断
19:38:46 [INFO]   → 确认：调查步数耗尽，沿用阶段一结论：目标在第153帧位置异常跳变，不符合运动规律。
19:38:46 [INFO] [24/31] 调查轨迹 441
19:38:46 [INFO] 开始调查轨迹 441（miss）
19:38:46 [INFO]   步骤 1：调用 replay_segment({'start_frame': 277, 'end_frame': 296})
19:38:46 [INFO]   工具结果：轨迹 441 帧 277-296，原始 4 帧，展示 4 帧（步长 1）
19:38:47 [INFO]   步骤 2：调用 check_nearby_tracks({'frame_id': 284, 'radius': 10})
19:38:47 [INFO]   工具结果：帧 284 轨迹 441 附近（10px）：附近无其他轨迹
19:38:48 [INFO]   步骤 3：调用 replay_segment({'start_frame': 277, 'end_frame': 296})
19:38:48 [INFO]   工具结果：轨迹 441 帧 277-296，原始 4 帧，展示 4 帧（步长 1）
19:38:49 [INFO]   步骤 4：调用 check_nearby_tracks({'frame_id': 284, 'radius': 10})
19:38:49 [INFO]   工具结果：帧 284 轨迹 441 附近（10px）：附近无其他轨迹
19:38:50 [INFO]   步骤 5：调用 replay_segment({'start_frame': 277, 'end_frame': 296})
19:38:50 [INFO]   工具结果：轨迹 441 帧 277-296，原始 4 帧，展示 4 帧（步长 1）
19:38:51 [INFO]   步骤 6：调用 check_nearby_tracks({'frame_id': 284, 'radius': 10})
19:38:51 [INFO]   工具结果：帧 284 轨迹 441 附近（10px）：附近无其他轨迹
19:38:51 [WARNING] 轨迹 441 达到最大调查步数，使用初始判断
19:38:51 [INFO]   → 确认：调查步数耗尽，沿用阶段一结论：在第284帧时，目标消失，持续了6帧。
19:38:51 [INFO] [25/31] 调查轨迹 442
19:38:51 [INFO] 开始调查轨迹 442（drift）
19:38:51 [INFO]   步骤 1：调用 replay_segment({'start_frame': 370, 'end_frame': 395})
19:38:51 [INFO]   工具结果：轨迹 442 帧 370-395，原始 21 帧，展示 21 帧（步长 1）
19:38:52 [INFO]   步骤 2：调用 check_nearby_tracks({'track_id': 442, 'frame_range': [370, 395]})
19:38:52 [INFO]   工具结果：帧 382 轨迹 442 附近（150px）：发现 5 个附近轨迹：ID 427（距离79.0px），ID 428（距离112.7px），ID 430（距离87.3px），ID 449（距离114.4
19:38:53 [INFO]   步骤 3：调用 compare_appearances({'frame_id': 382, 'track_id': 442})
19:38:53 [INFO]   工具结果：轨迹 442：帧382 vs 帧383，外观基本一致，非 ID 切换
19:38:54 [INFO]   步骤 4：调用 replay_segment({'start_frame': 370, 'end_frame': 395})
19:38:54 [INFO]   工具结果：轨迹 442 帧 370-395，原始 21 帧，展示 21 帧（步长 1）
19:38:56 [INFO]   步骤 5：调用 zoom_region({'frame_id': 395, 'region': [480, 200, 620, 300]})
19:38:56 [INFO]   工具结果：轨迹 442 第 395 帧放大 3.0x，已锐化
19:38:57 [INFO]   步骤 6：调用 replay_segment({'start_frame': 370, 'end_frame': 395})
19:38:57 [INFO]   工具结果：轨迹 442 帧 370-395，原始 21 帧，展示 21 帧（步长 1）
19:38:57 [WARNING] 轨迹 442 达到最大调查步数，使用初始判断
19:38:57 [INFO]   → 确认：调查步数耗尽，沿用阶段一结论：最大位移91.06，且在395帧出现异常跳变。
19:38:57 [INFO] [26/31] 调查轨迹 443
19:38:57 [INFO] 开始调查轨迹 443（miss）
19:38:58 [INFO]   步骤 1：调用 replay_segment({'start_frame': 305, 'end_frame': 313})
19:38:58 [INFO]   工具结果：轨迹 443 帧 305-313，原始 2 帧，展示 2 帧（步长 1）
19:38:59 [INFO]   步骤 2：调用 check_nearby_tracks({'track_id': 443, 'frame_range': [305, 313]})
19:38:59 [INFO]   工具结果：帧 309 轨迹 443 附近（150px）：发现 6 个附近轨迹：ID 425（距离92.6px），ID 433（距离121.0px），ID 435（距离55.4px），ID 439（距离44.1p
19:39:00 [INFO]   步骤 3：调用 compare_appearances({'frame_id': 305, 'target_id': 443, 'compare_id': 435})
19:39:00 [INFO]   工具结果：轨迹 443：帧305 vs 帧306，外观基本一致，非 ID 切换
19:39:01 [INFO]   步骤 4：调用 compare_appearances({'frame_id': 312, 'target_id': 443, 'compare_id': 435})
19:39:01 [INFO]   工具结果：轨迹 443：帧312 vs 帧313，外观基本一致，非 ID 切换
19:39:02 [INFO]   步骤 5：调用 check_nearby_tracks({'track_id': 443, 'frame_range': [305, 313]})
19:39:02 [INFO]   工具结果：帧 309 轨迹 443 附近（150px）：发现 6 个附近轨迹：ID 425（距离92.6px），ID 433（距离121.0px），ID 435（距离55.4px），ID 439（距离44.1p
19:39:03 [INFO]   步骤 6：调用 replay_segment({'start_frame': 305, 'end_frame': 313})
19:39:03 [INFO]   工具结果：轨迹 443 帧 305-313，原始 2 帧，展示 2 帧（步长 1）
19:39:03 [WARNING] 轨迹 443 达到最大调查步数，使用初始判断
19:39:03 [INFO]   → 确认：调查步数耗尽，沿用阶段一结论：目标在第305帧至第313帧间中断，持续8帧。
19:39:03 [INFO] [27/31] 调查轨迹 445
19:39:03 [INFO] 开始调查轨迹 445（miss）
19:39:03 [INFO]   步骤 1：调用 replay_segment({'start_frame': 301, 'end_frame': 318})
19:39:03 [INFO]   工具结果：轨迹 445 帧 301-318，原始 2 帧，展示 2 帧（步长 1）
19:39:04 [INFO]   步骤 2：调用 check_nearby_tracks({'track_id': 445, 'frame_range': [301, 318]})
19:39:04 [INFO]   工具结果：帧 309 轨迹 445 附近（150px）：发现 6 个附近轨迹：ID 414（距离125.0px），ID 420（距离98.1px），ID 424（距离127.1px），ID 426（距离130.
19:39:05 [INFO]   步骤 3：调用 replay_segment({'start_frame': 301, 'end_frame': 318})
19:39:05 [INFO]   工具结果：轨迹 445 帧 301-318，原始 2 帧，展示 2 帧（步长 1）
19:39:06 [INFO]   步骤 4：调用 check_nearby_tracks({'track_id': 445, 'frame_range': [301, 318]})
19:39:06 [INFO]   工具结果：帧 309 轨迹 445 附近（150px）：发现 6 个附近轨迹：ID 414（距离125.0px），ID 420（距离98.1px），ID 424（距离127.1px），ID 426（距离130.
19:39:07 [INFO]   步骤 5：调用 replay_segment({'start_frame': 301, 'end_frame': 318})
19:39:07 [INFO]   工具结果：轨迹 445 帧 301-318，原始 2 帧，展示 2 帧（步长 1）
19:39:08 [INFO]   步骤 6：调用 check_nearby_tracks({'track_id': 445, 'frame_range': [301, 318]})
19:39:08 [INFO]   工具结果：帧 309 轨迹 445 附近（150px）：发现 6 个附近轨迹：ID 414（距离125.0px），ID 420（距离98.1px），ID 424（距离127.1px），ID 426（距离130.
19:39:08 [WARNING] 轨迹 445 达到最大调查步数，使用初始判断
19:39:08 [INFO]   → 确认：调查步数耗尽，沿用阶段一结论：目标在301帧至318帧间中断，消失超过5帧。
19:39:08 [INFO] [28/31] 调查轨迹 446
19:39:08 [INFO] 开始调查轨迹 446（miss）
19:39:09 [INFO]   步骤 1：调用 replay_segment({'start_frame': 331, 'end_frame': 337})
19:39:09 [INFO]   工具结果：轨迹 446 帧 331-337，原始 2 帧，展示 2 帧（步长 1）
19:39:10 [INFO]   步骤 2：调用 check_nearby_tracks({'track_id': 446, 'frame_range': [331, 337]})
19:39:10 [INFO]   工具结果：帧 334 轨迹 446 附近（150px）：发现 8 个附近轨迹：ID 418（距离147.8px），ID 422（距离20.5px），ID 425（距离70.9px），ID 433（距离47.9p
19:39:11 [INFO]   步骤 3：调用 replay_segment({'start_frame': 330, 'end_frame': 338})
19:39:11 [INFO]   工具结果：轨迹 446 帧 330-338，原始 4 帧，展示 4 帧（步长 1）
19:39:12 [INFO]   步骤 4：调用 check_nearby_tracks({'track_id': 446, 'frame_range': [330, 338]})
19:39:12 [INFO]   工具结果：帧 334 轨迹 446 附近（150px）：发现 8 个附近轨迹：ID 418（距离147.8px），ID 422（距离20.5px），ID 425（距离70.9px），ID 433（距离47.9p
19:39:13 [INFO]   步骤 5：调用 replay_segment({'start_frame': 330, 'end_frame': 338})
19:39:13 [INFO]   工具结果：轨迹 446 帧 330-338，原始 4 帧，展示 4 帧（步长 1）
19:39:14 [INFO]   步骤 6：调用 check_nearby_tracks({'track_id': 446, 'frame_range': [330, 338]})
19:39:14 [INFO]   工具结果：帧 334 轨迹 446 附近（150px）：发现 8 个附近轨迹：ID 418（距离147.8px），ID 422（距离20.5px），ID 425（距离70.9px），ID 433（距离47.9p
19:39:14 [WARNING] 轨迹 446 达到最大调查步数，使用初始判断
19:39:14 [INFO]   → 确认：调查步数耗尽，沿用阶段一结论：目标在第331帧至第337帧间中断，消失超过5帧。
19:39:14 [INFO] [29/31] 调查轨迹 447
19:39:14 [INFO] 开始调查轨迹 447（miss）
19:39:15 [INFO]   步骤 1：调用 replay_segment({'start_frame': 373, 'end_frame': 380})
19:39:15 [INFO]   工具结果：轨迹 447 帧 373-380，原始 2 帧，展示 2 帧（步长 1）
19:39:15 [INFO]   步骤 2：调用 check_nearby_tracks({'track_id': 447, 'frame_range': [373, 380]})
19:39:15 [INFO]   工具结果：帧 376 轨迹 447 附近（150px）：发现 6 个附近轨迹：ID 416（距离69.9px），ID 427（距离58.2px），ID 428（距离37.5px），ID 430（距离59.2px
19:39:16 [INFO]   步骤 3：调用 compare_appearances({'track_id': 447, 'frame_range': [373, 380]})
19:39:16 [INFO]   工具结果：轨迹 447：帧376 vs 帧380，外观基本一致，非 ID 切换
19:39:17 [INFO]   步骤 4：调用 replay_segment({'start_frame': 373, 'end_frame': 380})
19:39:17 [INFO]   工具结果：轨迹 447 帧 373-380，原始 2 帧，展示 2 帧（步长 1）
19:39:18 [INFO]   步骤 5：调用 check_nearby_tracks({'track_id': 447, 'frame_range': [373, 380]})
19:39:18 [INFO]   工具结果：帧 376 轨迹 447 附近（150px）：发现 6 个附近轨迹：ID 416（距离69.9px），ID 427（距离58.2px），ID 428（距离37.5px），ID 430（距离59.2px
19:39:19 [INFO]   步骤 6：调用 compare_appearances({'track_id': 447, 'frame_range': [373, 380]})
19:39:19 [INFO]   工具结果：轨迹 447：帧376 vs 帧380，外观基本一致，非 ID 切换
19:39:19 [WARNING] 轨迹 447 达到最大调查步数，使用初始判断
19:39:19 [INFO]   → 确认：调查步数耗尽，沿用阶段一结论：目标在373帧至380帧间中断，消失超过5帧。
19:39:19 [INFO] [30/31] 调查轨迹 448
19:39:19 [INFO] 开始调查轨迹 448（drift）
19:39:20 [INFO]   步骤 1：调用 replay_segment({'start_frame': 355, 'end_frame': 401})
19:39:20 [INFO]   工具结果：轨迹 448 帧 355-401，原始 43 帧，展示 32 帧（步长 1）
19:39:21 [INFO]   步骤 2：调用 check_nearby_tracks({'track_id': 448, 'frame_range': [355, 401]})
19:39:21 [INFO]   工具结果：帧 378 轨迹 448 附近（150px）：发现 3 个附近轨迹：ID 419（距离142.6px），ID 429（距离97.4px），ID 436（距离59.7px）
19:39:22 [INFO]   步骤 3：调用 compare_appearances({'frame_id': 355, 'track_id': 448, 'reference_frame_id': 360})
19:39:22 [INFO]   工具结果：轨迹 448：帧360 vs 帧361，外观基本一致，非 ID 切换
19:39:24 [INFO]   步骤 4：调用 compare_appearances({'frame_id': 360, 'track_id': 448, 'reference_frame_id': 365})
19:39:24 [INFO]   工具结果：轨迹 448：帧365 vs 帧366，外观基本一致，非 ID 切换
19:39:25 [INFO]   步骤 5：调用 compare_appearances({'frame_id': 365, 'track_id': 448, 'reference_frame_id': 370})
19:39:25 [INFO]   工具结果：轨迹 448：帧370 vs 帧371，外观基本一致，非 ID 切换
19:39:26 [INFO]   步骤 6：调用 compare_appearances({'frame_id': 370, 'track_id': 448, 'reference_frame_id': 375})
19:39:26 [INFO]   工具结果：轨迹 448：帧375 vs 帧376，外观基本一致，非 ID 切换
19:39:26 [WARNING] 轨迹 448 达到最大调查步数，使用初始判断
19:39:26 [INFO]   → 确认：调查步数耗尽，沿用阶段一结论：最大位移为129.71，且在第355帧和第401帧出现异常跳变。
19:39:26 [INFO] [31/31] 调查轨迹 449
19:39:26 [INFO] 开始调查轨迹 449（miss）
19:39:27 [INFO]   步骤 1：调用 replay_segment({'start_frame': 389, 'end_frame': 395})
19:39:27 [INFO]   工具结果：轨迹 449 帧 389-395，原始 2 帧，展示 2 帧（步长 1）
19:39:28 [INFO]   步骤 2：调用 check_nearby_tracks({'track_id': 449, 'frame_range': [389, 395]})
19:39:28 [INFO]   工具结果：帧 392 轨迹 449 附近（150px）：发现 4 个附近轨迹：ID 416（距离108.7px），ID 428（距离10.0px），ID 430（距离40.8px），ID 442（距离26.5p
19:39:28 [INFO]   步骤 3：调用 replay_segment({'start_frame': 392, 'end_frame': 395})
19:39:28 [INFO]   工具结果：轨迹 449 帧 392-395，原始 1 帧，展示 1 帧（步长 1）
19:39:29 [INFO]   步骤 4：调用 check_nearby_tracks({'track_id': 449, 'frame_range': [392, 395]})
19:39:29 [INFO]   工具结果：帧 393 轨迹 449 附近（150px）：发现 8 个附近轨迹：ID 413（距离100.4px），ID 416（距离23.3px），ID 423（距离128.4px），ID 428（距离90.4
19:39:30 [INFO]   步骤 5：调用 replay_segment({'start_frame': 393, 'end_frame': 395})
19:39:30 [INFO]   工具结果：轨迹 449 帧 393-395，原始 1 帧，展示 1 帧（步长 1）
19:39:38 [INFO]   步骤 6：调用 check_nearby_tracks({'track_id': 449, 'frame_range': [393, 395]})
19:39:38 [INFO]   工具结果：帧 394 轨迹 449 附近（150px）：发现 7 个附近轨迹：ID 413（距离100.4px），ID 416（距离23.3px），ID 423（距离128.4px），ID 428（距离90.4
19:39:38 [WARNING] 轨迹 449 达到最大调查步数，使用初始判断
19:39:38 [INFO]   → 确认：调查步数耗尽，沿用阶段一结论：目标在第389帧到第395帧间中断，消失超过5帧。
19:39:38 [INFO] ========================================
19:39:38 [INFO] [dancetrack0095] 阶段三：轨迹修正
19:39:38 [INFO] ========================================
19:39:38 [INFO] 正在分析轨迹 412（长度 127 帧）...
19:39:39 [INFO] 修正生效：track=412 type=miss frames=101-117
19:39:39 [INFO] 正在分析轨迹 413（长度 62 帧）...
19:39:41 [INFO] 修正生效：track=413 type=drift frames=43-43
19:39:41 [INFO] 正在分析轨迹 416（长度 58 帧）...
19:39:42 [INFO] 修正生效：track=416 type=miss frames=38-49
19:39:42 [INFO] 正在分析轨迹 421（长度 391 帧）...
19:39:44 [INFO] 修正生效：track=421 type=miss frames=381-391
19:39:44 [INFO] 修正跳过/失败：track=422 type=miss detail=缺少前后锚点，无法插值补全
19:39:44 [INFO] 正在分析轨迹 423（长度 243 帧）...
19:39:45 [INFO] 修正生效：track=423 type=drift frames=83-83
19:39:45 [INFO] 正在分析轨迹 427（长度 333 帧）...
19:39:47 [INFO] 修正生效：track=427 type=drift frames=159-159
19:39:47 [INFO] 正在分析轨迹 431（长度 375 帧）...
19:39:49 [INFO] 修正回滚：track=431 type=drift
19:39:49 [INFO] 正在分析轨迹 438（长度 24 帧）...
19:39:50 [INFO] 修正生效：track=438 type=miss frames=166-173
19:39:50 [INFO] 修正跳过/失败：track=439 type=drift detail=缺少前后锚点，无法插值平滑
19:39:50 [INFO] 修正跳过/失败：track=441 type=miss detail=可疑区间内无缺失帧可补全
19:39:50 [INFO] 修正跳过/失败：track=445 type=miss detail=缺少前后锚点，无法插值补全
19:39:50 [INFO] 正在分析轨迹 447（长度 75 帧）...
19:39:52 [INFO] 修正生效：track=447 type=miss frames=373-380
19:39:52 [INFO] 修正跳过/失败：track=449 type=miss detail=缺少前后锚点，无法插值补全
19:39:52 [INFO] [dancetrack0095] 修正后 MOT 已保存至 /public/home/lyh_npu/code/PostMOT/corrected_mot/dancetrack0095.txt
19:39:52 [INFO] [dancetrack0095] 报告已保存至 /public/home/lyh_npu/code/PostMOT/pipeline_report_batch_seq_reports/dancetrack0095.json
19:39:52 [INFO] [35/35] 处理序列 dancetrack0100
19:40:16 [INFO] 加载轨迹 12 条
19:40:16 [INFO] ========================================
19:40:16 [INFO] [dancetrack0100] 阶段一：VLM 轨迹巡检
19:40:16 [INFO] ========================================
19:40:16 [INFO] 正在分析轨迹 242（长度 78 帧）...
19:40:18 [INFO] 正在分析轨迹 243（长度 888 帧）...
19:40:20 [INFO] [可疑] 轨迹 243 — drift 置信度 0.80：目标在第86帧到第98帧间位置异常跳变，不符合运动规律。
19:40:20 [INFO] 正在分析轨迹 244（长度 29 帧）...
19:40:21 [INFO] 正在分析轨迹 245（长度 376 帧）...
19:40:23 [INFO] [可疑] 轨迹 245 — miss 置信度 0.90：目标在第371帧至第383帧间中断，消失超过5帧。
19:40:23 [INFO] 正在分析轨迹 246（长度 895 帧）...
19:40:25 [INFO] [可疑] 轨迹 246 — miss 置信度 0.90：目标在第375帧至第384帧间中断，消失超过5帧。
19:40:25 [INFO] 正在分析轨迹 247（长度 607 帧）...
19:40:26 [INFO] [可疑] 轨迹 247 — drift 置信度 0.90：最大位移帧为246，位置异常跳变。
19:40:26 [INFO] 正在分析轨迹 248（长度 802 帧）...
19:40:28 [INFO] [可疑] 轨迹 248 — drift 置信度 0.90：最大位移帧为629，位置异常跳变。
19:40:28 [INFO] 正在分析轨迹 249（长度 133 帧）...
19:40:29 [INFO] [可疑] 轨迹 249 — drift 置信度 0.80：最大位移较大且在特定帧出现异常跳变
19:40:29 [INFO] 正在分析轨迹 250（长度 511 帧）...
19:40:30 [INFO] [可疑] 轨迹 250 — drift 置信度 0.80：最大位移较大，且存在多次跳跃帧
19:40:30 [INFO] 正在分析轨迹 251（长度 166 帧）...
19:40:32 [INFO] [可疑] 轨迹 251 — drift 置信度 0.90：最大位移帧491处目标位置异常跳变
19:40:32 [INFO] 正在分析轨迹 252（长度 111 帧）...
19:40:33 [INFO] [可疑] 轨迹 252 — miss 置信度 0.90：目标在第788帧到第795帧间中断，消失超过5帧。
19:40:33 [INFO] 正在分析轨迹 253（长度 90 帧）...
19:40:41 [INFO] [可疑] 轨迹 253 — drift 置信度 0.90：最大位移为77.62，在第858帧出现异常跳变。
19:40:41 [INFO] [dancetrack0100] 阶段一完成：10 条可疑轨迹，已保存至 /public/home/lyh_npu/code/PostMOT/pipeline_report_batch_seq_reports/dancetrack0100_stage1.json
19:40:41 [INFO] ========================================
19:40:41 [INFO] [dancetrack0100] 阶段二：LLM 工具调用调查
19:40:41 [INFO] ========================================
19:40:41 [INFO] [1/10] 调查轨迹 243
19:40:41 [INFO] 开始调查轨迹 243（drift）
19:40:42 [INFO]   步骤 1：调用 replay_segment({'start_frame': 86, 'end_frame': 98})
19:40:42 [INFO]   工具结果：轨迹 243 帧 86-98，原始 2 帧，展示 2 帧（步长 1）
19:40:44 [WARNING]   步骤 2：LLM 输出解析失败，终止调查
19:40:44 [WARNING] 轨迹 243 达到最大调查步数，使用初始判断
19:40:44 [INFO]   → 确认：调查步数耗尽，沿用阶段一结论：目标在第86帧到第98帧间位置异常跳变，不符合运动规律。
19:40:44 [INFO] [2/10] 调查轨迹 245
19:40:44 [INFO] 开始调查轨迹 245（miss）
19:40:44 [INFO]   步骤 1：调用 replay_segment({'start_frame': 371, 'end_frame': 383})
19:40:44 [INFO]   工具结果：轨迹 245 帧 371-383，原始 2 帧，展示 2 帧（步长 1）
19:40:45 [INFO]   步骤 2：调用 check_nearby_tracks({'track_id': 245, 'frame_range': [371, 383]})
19:40:45 [INFO]   工具结果：帧 377 轨迹 245 附近（150px）：发现 3 个附近轨迹：ID 248（距离32.6px），ID 251（距离44.3px），ID 252（距离94.6px）
19:40:46 [INFO]   步骤 3：调用 compare_appearances({'frame_id': 371, 'target_id': 245, 'compare_id': 248})
19:40:46 [INFO]   工具结果：轨迹 245：帧371 vs 帧372，外观基本一致，非 ID 切换
19:40:47 [INFO]   步骤 4：调用 compare_appearances({'frame_id': 372, 'target_id': 245, 'compare_id': 248})
19:40:47 [INFO]   工具结果：轨迹 245：帧372 vs 帧373，外观基本一致，非 ID 切换
19:40:49 [INFO]   步骤 5：调用 compare_appearances({'frame_id': 373, 'target_id': 245, 'compare_id': 248})
19:40:49 [INFO]   工具结果：轨迹 245：帧373 vs 帧374，外观基本一致，非 ID 切换
19:40:50 [INFO]   步骤 6：调用 compare_appearances({'frame_id': 374, 'target_id': 245, 'compare_id': 248})
19:40:50 [INFO]   工具结果：轨迹 245：帧374 vs 帧375，外观基本一致，非 ID 切换
19:40:50 [WARNING] 轨迹 245 达到最大调查步数，使用初始判断
19:40:50 [INFO]   → 确认：调查步数耗尽，沿用阶段一结论：目标在第371帧至第383帧间中断，消失超过5帧。
19:40:50 [INFO] [3/10] 调查轨迹 246
19:40:50 [INFO] 开始调查轨迹 246（miss）
19:40:50 [INFO]   步骤 1：调用 replay_segment({'start_frame': 375, 'end_frame': 384})
19:40:50 [INFO]   工具结果：轨迹 246 帧 375-384，原始 2 帧，展示 2 帧（步长 1）
19:40:51 [INFO]   步骤 2：调用 check_nearby_tracks({'track_id': 246, 'frame_ids': [375, 384]})
19:40:51 [INFO]   工具结果：帧 375 轨迹 246 附近（150px）：发现 1 个附近轨迹：ID 247（距离38.3px）
19:40:52 [INFO]   步骤 3：调用 compare_appearances({'frame_id': 375, 'track_id': 246, 'nearby_track_id': 247})
19:40:52 [INFO]   工具结果：轨迹 246：帧375 vs 帧376，外观基本一致，非 ID 切换
19:40:53 [INFO]   步骤 4：调用 replay_segment({'start_frame': 375, 'end_frame': 384})
19:40:53 [INFO]   工具结果：轨迹 246 帧 375-384，原始 2 帧，展示 2 帧（步长 1）
19:40:54 [INFO]   步骤 5：调用 check_nearby_tracks({'track_id': 246, 'frame_ids': [375, 384]})
19:40:54 [INFO]   工具结果：帧 375 轨迹 246 附近（150px）：发现 1 个附近轨迹：ID 247（距离38.3px）
19:40:55 [INFO]   步骤 6：调用 compare_appearances({'frame_id': 375, 'track_id': 246, 'nearby_track_id': 247})
19:40:55 [INFO]   工具结果：轨迹 246：帧375 vs 帧376，外观基本一致，非 ID 切换
19:40:55 [WARNING] 轨迹 246 达到最大调查步数，使用初始判断
19:40:55 [INFO]   → 确认：调查步数耗尽，沿用阶段一结论：目标在第375帧至第384帧间中断，消失超过5帧。
19:40:55 [INFO] [4/10] 调查轨迹 247
19:40:55 [INFO] 开始调查轨迹 247（drift）
19:40:56 [INFO]   步骤 1：调用 replay_segment({'start_frame': 246, 'end_frame': 246})
19:40:56 [INFO]   工具结果：轨迹 247 帧 246-246，原始 1 帧，展示 1 帧（步长 1）
19:40:57 [INFO]   步骤 2：调用 check_nearby_tracks({'frame_id': 246})
19:40:57 [INFO]   工具结果：帧 246 轨迹 247 附近（150px）：发现 4 个附近轨迹：ID 242（距离131.1px），ID 246（距离119.0px），ID 249（距离128.2px），ID 253（距离148
19:40:58 [INFO]   步骤 3：调用 compare_appearances({'frame_id': 246, 'track_id': 247, 'reference_track_id': 246})
19:40:58 [INFO]   工具结果：轨迹 247：帧246 vs 帧247，外观基本一致，非 ID 切换
19:40:58 [INFO]   步骤 4：调用 replay_segment({'start_frame': 245, 'end_frame': 247})
19:40:58 [INFO]   工具结果：轨迹 247 帧 245-247，原始 2 帧，展示 2 帧（步长 1）
19:40:59 [INFO]   步骤 5：调用 check_nearby_tracks({'frame_id': 245})
19:40:59 [INFO]   工具结果：帧 245 轨迹 247 附近（150px）：发现 3 个附近轨迹：ID 242（距离127.5px），ID 246（距离129.7px），ID 253（距离145.2px）
19:41:00 [INFO]   步骤 6：调用 compare_appearances({'frame_id': 245, 'track_id': 247, 'reference_track_id': 246})
19:41:00 [INFO]   工具结果：轨迹 247：帧245 vs 帧246，外观基本一致，非 ID 切换
19:41:00 [WARNING] 轨迹 247 达到最大调查步数，使用初始判断
19:41:00 [INFO]   → 确认：调查步数耗尽，沿用阶段一结论：最大位移帧为246，位置异常跳变。
19:41:00 [INFO] [5/10] 调查轨迹 248
19:41:00 [INFO] 开始调查轨迹 248（drift）
19:41:01 [INFO]   步骤 1：调用 replay_segment({'start_frame': 629, 'end_frame': 629})
19:41:01 [INFO]   工具结果：轨迹 248 帧 629-629，原始 1 帧，展示 1 帧（步长 1）
19:41:02 [INFO]   步骤 2：调用 zoom_region({'frame_id': 629, 'region': [100, 100, 100, 100]})
19:41:02 [INFO]   工具结果：轨迹 248 第 629 帧放大 3.0x，已锐化
19:41:03 [INFO]   步骤 3：调用 check_nearby_tracks({'frame_id': 629, 'radius': 10})
19:41:03 [INFO]   工具结果：帧 629 轨迹 248 附近（10px）：附近无其他轨迹
19:41:04 [INFO]   步骤 4：调用 replay_segment({'start_frame': 628, 'end_frame': 630})
19:41:04 [INFO]   工具结果：轨迹 248 帧 628-630，原始 2 帧，展示 2 帧（步长 1）
19:41:06 [INFO]   步骤 5：调用 compare_appearances({'frame_id_1': 628, 'frame_id_2': 629})
19:41:06 [INFO]   工具结果：轨迹 248：帧628 vs 帧629，外观基本一致，非 ID 切换
19:41:07 [INFO]   步骤 6：调用 replay_segment({'start_frame': 627, 'end_frame': 630})
19:41:07 [INFO]   工具结果：轨迹 248 帧 627-630，原始 3 帧，展示 3 帧（步长 1）
19:41:07 [WARNING] 轨迹 248 达到最大调查步数，使用初始判断
19:41:07 [INFO]   → 确认：调查步数耗尽，沿用阶段一结论：最大位移帧为629，位置异常跳变。
19:41:07 [INFO] [6/10] 调查轨迹 249
19:41:07 [INFO] 开始调查轨迹 249（drift）
19:41:08 [INFO]   步骤 1：调用 replay_segment({'start_frame': 206, 'end_frame': 247})
19:41:08 [INFO]   工具结果：轨迹 249 帧 206-247，原始 42 帧，展示 32 帧（步长 1）
19:41:09 [INFO]   步骤 2：调用 check_nearby_tracks({'frame_ids': [206, 247]})
19:41:09 [INFO]   工具结果：帧 206 轨迹 249 附近（150px）：发现 4 个附近轨迹：ID 242（距离120.0px），ID 246（距离129.4px），ID 247（距离15.3px），ID 253（距离136.
19:41:10 [INFO]   步骤 3：调用 compare_appearances({'frame_id': 206, 'target_track_id': 249, 'nearby_track_ids': [242, 246, 247, 253]})
19:41:10 [INFO]   工具结果：轨迹 249：帧206 vs 帧207，外观基本一致，非 ID 切换
19:41:12 [INFO]   步骤 4：调用 compare_appearances({'frame_id': 247, 'target_track_id': 249, 'nearby_track_ids': [242, 246, 247, 253]})
19:41:12 [INFO]   工具结果：轨迹 249：帧247 vs 帧248，外观基本一致，非 ID 切换
19:41:13 [INFO]   步骤 5：调用 replay_segment({'start_frame': 247, 'end_frame': 253})
19:41:13 [INFO]   工具结果：轨迹 249 帧 247-253，原始 2 帧，展示 2 帧（步长 1）
19:41:14 [INFO]   步骤 6：调用 check_nearby_tracks({'frame_ids': [247, 253]})
19:41:14 [INFO]   工具结果：帧 247 轨迹 249 附近（150px）：发现 1 个附近轨迹：ID 247（距离119.6px）
19:41:14 [WARNING] 轨迹 249 达到最大调查步数，使用初始判断
19:41:14 [INFO]   → 确认：调查步数耗尽，沿用阶段一结论：最大位移较大且在特定帧出现异常跳变
19:41:14 [INFO] [7/10] 调查轨迹 250
19:41:14 [INFO] 开始调查轨迹 250（drift）
19:41:15 [INFO]   步骤 1：调用 replay_segment({'start_frame': 367, 'end_frame': 903})
19:41:15 [INFO]   工具结果：轨迹 250 帧 367-903，原始 43 帧，展示 32 帧（步长 12）
19:41:16 [INFO]   步骤 2：调用 check_nearby_tracks({'start_frame': 367, 'end_frame': 903})
19:41:16 [INFO]   工具结果：缺少 frame_id/track_id
19:41:17 [INFO]   步骤 3：调用 compare_appearances({'frame_id': 367, 'end_frame_id': 903})
19:41:17 [INFO]   工具结果：轨迹 250：帧367 vs 帧368，外观基本一致，非 ID 切换
19:41:18 [INFO]   步骤 4：调用 zoom_region({'frame_id': 367, 'region': [120, 20, 200, 100]})
19:41:18 [INFO]   工具结果：轨迹 250 第 367 帧放大 3.0x，已锐化
19:41:19 [INFO]   步骤 5：调用 replay_segment({'start_frame': 367, 'end_frame': 903})
19:41:19 [INFO]   工具结果：轨迹 250 帧 367-903，原始 43 帧，展示 32 帧（步长 12）
19:41:21 [INFO]   步骤 6：调用 check_nearby_tracks({'start_frame': 367, 'end_frame': 903})
19:41:21 [INFO]   工具结果：缺少 frame_id/track_id
19:41:21 [WARNING] 轨迹 250 达到最大调查步数，使用初始判断
19:41:21 [INFO]   → 确认：调查步数耗尽，沿用阶段一结论：最大位移较大，且存在多次跳跃帧
19:41:21 [INFO] [8/10] 调查轨迹 251
19:41:21 [INFO] 开始调查轨迹 251（drift）
19:41:22 [INFO]   步骤 1：调用 replay_segment({'start_frame': 491, 'end_frame': 491})
19:41:22 [INFO]   工具结果：轨迹 251 帧 491-491，原始 1 帧，展示 1 帧（步长 1）
19:41:23 [INFO]   步骤 2：调用 check_nearby_tracks({'frame_id': 491})
19:41:23 [INFO]   工具结果：帧 491 轨迹 251 附近（150px）：发现 3 个附近轨迹：ID 245（距离130.0px），ID 248（距离125.4px），ID 252（距离47.8px）
19:41:23 [INFO]   步骤 3：调用 compare_appearances({'frame_id': 491, 'track_id': 251})
19:41:23 [INFO]   工具结果：轨迹 251：帧491 vs 帧492，外观基本一致，非 ID 切换
19:41:24 [INFO]   步骤 4：调用 replay_segment({'start_frame': 491, 'end_frame': 492})
19:41:24 [INFO]   工具结果：轨迹 251 帧 491-492，原始 2 帧，展示 2 帧（步长 1）
19:41:25 [INFO]   步骤 5：调用 check_nearby_tracks({'frame_id': 492})
19:41:25 [INFO]   工具结果：帧 492 轨迹 251 附近（150px）：发现 3 个附近轨迹：ID 245（距离63.8px），ID 248（距离15.0px），ID 252（距离139.5px）
19:41:26 [INFO]   步骤 6：调用 compare_appearances({'frame_id': 492, 'track_id': 251})
19:41:26 [INFO]   工具结果：轨迹 251：帧492 vs 帧493，外观基本一致，非 ID 切换
19:41:26 [WARNING] 轨迹 251 达到最大调查步数，使用初始判断
19:41:26 [INFO]   → 确认：调查步数耗尽，沿用阶段一结论：最大位移帧491处目标位置异常跳变
19:41:26 [INFO] [9/10] 调查轨迹 252
19:41:26 [INFO] 开始调查轨迹 252（miss）
19:41:27 [INFO]   步骤 1：调用 replay_segment({'start_frame': 788, 'end_frame': 795})
19:41:27 [INFO]   工具结果：轨迹 252 帧 788-795，原始 2 帧，展示 2 帧（步长 1）
19:41:28 [INFO]   步骤 2：调用 check_nearby_tracks({'track_id': 252, 'frame_range': [788, 795]})
19:41:28 [INFO]   工具结果：帧 791 轨迹 252 附近（150px）：发现 3 个附近轨迹：ID 243（距离73.3px），ID 245（距离140.3px），ID 248（距离13.4px）
19:41:29 [INFO]   步骤 3：调用 compare_appearances({'frame_id': 788, 'track_id': 252, 'frame_id_2': 795, 'track_id_2': 252})
19:41:29 [INFO]   工具结果：轨迹 252：帧788 vs 帧795，外观基本一致，非 ID 切换
19:41:30 [INFO]   步骤 4：调用 replay_segment({'start_frame': 779, 'end_frame': 788})
19:41:30 [INFO]   工具结果：轨迹 252 帧 779-788，原始 9 帧，展示 9 帧（步长 1）
19:41:31 [INFO]   步骤 5：调用 check_nearby_tracks({'track_id': 252, 'frame_range': [779, 788]})
19:41:31 [INFO]   工具结果：帧 783 轨迹 252 附近（150px）：发现 2 个附近轨迹：ID 243（距离23.0px），ID 248（距离52.5px）
19:41:32 [INFO]   步骤 6：调用 compare_appearances({'frame_id': 783, 'track_id': 252, 'frame_id_2': 784, 'track_id_2': 252})
19:41:32 [INFO]   工具结果：轨迹 252：帧783 vs 帧784，外观基本一致，非 ID 切换
19:41:32 [WARNING] 轨迹 252 达到最大调查步数，使用初始判断
19:41:32 [INFO]   → 确认：调查步数耗尽，沿用阶段一结论：目标在第788帧到第795帧间中断，消失超过5帧。
19:41:32 [INFO] [10/10] 调查轨迹 253
19:41:32 [INFO] 开始调查轨迹 253（drift）
19:41:33 [INFO]   步骤 1：调用 replay_segment({'start_frame': 858, 'end_frame': 867})
19:41:33 [INFO]   工具结果：轨迹 253 帧 858-867，原始 10 帧，展示 10 帧（步长 1）
19:41:34 [INFO]   步骤 2：调用 check_nearby_tracks({'track_id': 253, 'frame_range': [858, 867]})
19:41:34 [INFO]   工具结果：帧 862 轨迹 253 附近（150px）：发现 3 个附近轨迹：ID 242（距离141.0px），ID 247（距离26.5px），ID 249（距离86.4px）
19:41:35 [INFO]   步骤 3：调用 compare_appearances({'frame_id': 858, 'track_id': 253, 'reference_frame_id': 867})
19:41:35 [INFO]   工具结果：轨迹 253：帧867 vs 帧868，外观基本一致，非 ID 切换
19:41:36 [INFO]   步骤 4：调用 replay_segment({'start_frame': 858, 'end_frame': 867})
19:41:36 [INFO]   工具结果：轨迹 253 帧 858-867，原始 10 帧，展示 10 帧（步长 1）
19:41:37 [INFO]   步骤 5：调用 check_nearby_tracks({'track_id': 253, 'frame_range': [858, 867]})
19:41:37 [INFO]   工具结果：帧 862 轨迹 253 附近（150px）：发现 3 个附近轨迹：ID 242（距离141.0px），ID 247（距离26.5px），ID 249（距离86.4px）
19:41:44 [INFO]   步骤 6：调用 compare_appearances({'frame_id': 858, 'track_id': 253, 'reference_frame_id': 867})
19:41:44 [INFO]   工具结果：轨迹 253：帧867 vs 帧868，外观基本一致，非 ID 切换
19:41:44 [WARNING] 轨迹 253 达到最大调查步数，使用初始判断
19:41:44 [INFO]   → 确认：调查步数耗尽，沿用阶段一结论：最大位移为77.62，在第858帧出现异常跳变。
19:41:44 [INFO] ========================================
19:41:44 [INFO] [dancetrack0100] 阶段三：轨迹修正
19:41:44 [INFO] ========================================
19:41:44 [INFO] 正在分析轨迹 245（长度 387 帧）...
19:41:46 [INFO] 修正生效：track=245 type=miss frames=371-383
19:41:46 [INFO] 正在分析轨迹 246（长度 903 帧）...
19:41:47 [INFO] 修正生效：track=246 type=miss frames=375-384
19:41:47 [INFO] 正在分析轨迹 247（长度 607 帧）...
19:41:48 [INFO] 修正回滚：track=247 type=drift
19:41:49 [INFO] 正在分析轨迹 248（长度 802 帧）...
19:41:50 [INFO] 修正回滚：track=248 type=drift
19:41:50 [INFO] 正在分析轨迹 251（长度 166 帧）...
19:41:52 [INFO] 修正回滚：track=251 type=drift
19:41:52 [INFO] 正在分析轨迹 252（长度 117 帧）...
19:41:53 [INFO] 修正生效：track=252 type=miss frames=788-795
19:41:53 [INFO] 正在分析轨迹 253（长度 90 帧）...
19:41:54 [INFO] 修正回滚：track=253 type=drift
19:41:54 [INFO] [dancetrack0100] 修正后 MOT 已保存至 /public/home/lyh_npu/code/PostMOT/corrected_mot/dancetrack0100.txt
19:41:54 [INFO] [dancetrack0100] 报告已保存至 /public/home/lyh_npu/code/PostMOT/pipeline_report_batch_seq_reports/dancetrack0100.json
19:41:54 [INFO] 多序列汇总报告已保存至 /public/home/lyh_npu/code/PostMOT/pipeline_report_batch.json
